148.81.190.226 - - [25/Apr/2016:10:55:38 +0100] "GET /webServices/step2/step2RunController.php?permissions=255&messageType=storeStep2reply&exptId=332&jType=0&content%5B0%5D=6&content%5B1%5D=My%25C5%259Ble%2520ze%2520ju%25C5%25BC%2520jeste%25C5%259Bmy%2520przepisywani%2520do%2520jednej%2520grupy.Grupy%2520homoseksualistow&content%5B2%5D=1&content%5B3%5D=10385&content%5B4%5D=0&content%5B5%5D=-1&content%5B6%5D= HTTP/1.1" 200 245 "http://imgame1.cf.ac.uk/s2_332_0" "Mozilla/5.0 (Windows NT 5.1) AppleWebKit/537.36 (KHTML, like Gecko) Chrome/43.0.2357.124 Safari/537.36"
148.81.190.226 - - [25/Apr/2016:10:55:48 +0100] "GET /webServices/step2/step2RunController.php?permissions=255&messageType=storeStep2reply&exptId=332&jType=0&content%5B0%5D=4&content%5B1%5D=1700%2520kcal%2520%252C%2520~35%2520gram%2520t%25C5%2582uszczu%2520%252C%2520~2g%2520sodu.&content%5B2%5D=1&content%5B3%5D=10406&content%5B4%5D=0&content%5B5%5D=-1&content%5B6%5D= HTTP/1.1" 200 143 "http://imgame1.cf.ac.uk/s2_332_0" "Mozilla/5.0 (Windows NT 5.1) AppleWebKit/537.36 (KHTML, like Gecko) Chrome/49.0.2623.112 Safari/537.36"
148.81.190.226 - - [25/Apr/2016:10:55:49 +0100] "GET /webServices/step2/step2RunController.php?permissions=255&messageType=storeStep2reply&exptId=332&jType=0&content%5B0%5D=4&content%5B1%5D=1700%2520kcal%2520%252C%2520~35%2520gram%2520t%25C5%2582uszczu%2520%252C%2520~2g%2520sodu.&content%5B2%5D=1&content%5B3%5D=10406&content%5B4%5D=0&content%5B5%5D=-1&content%5B6%5D= HTTP/1.1" 200 143 "http://imgame1.cf.ac.uk/s2_332_0" "Mozilla/5.0 (Windows NT 5.1) AppleWebKit/537.36 (KHTML, like Gecko) Chrome/49.0.2623.112 Safari/537.36"
148.81.190.226 - - [25/Apr/2016:10:56:01 +0100] "GET /webServices/step2/step2RunController.php?permissions=255&messageType=storeStep2reply&exptId=332&jType=0&content%5B0%5D=7&content%5B1%5D=Wydaje%2520mi%2520si%25C4%2599%252C%2520%25C5%25BCe%2520pomaga%2520mi%2520si%25C4%2599%2520to%2520spe%25C5%2582nia%25C4%2587%2520w%2520zawodzie%2520jaki%2520wykonuj%25C4%2599%2520%252C%2520jestem%2520projektantem%2520mody&content%5B2%5D=1&content%5B3%5D=10400&content%5B4%5D=0&content%5B5%5D=-1&content%5B6%5D= HTTP/1.1" 200 75 "http://imgame1.cf.ac.uk/s2_332_0" "Mozilla/5.0 (Windows NT 5.1) AppleWebKit/537.36 (KHTML, like Gecko) Chrome/43.0.2357.124 Safari/537.36"
148.81.190.226 - - [25/Apr/2016:10:56:03 +0100] "GET /webServices/step2/step2RunController.php?permissions=255&messageType=storeStep2reply&exptId=332&jType=0&content%5B0%5D=5&content%5B1%5D=Nie%2520%252C%2520jestem%2520zadowolony%2520ze%2520swojej%2520p%25C5%2582ci%2520!&content%5B2%5D=1&content%5B3%5D=10406&content%5B4%5D=0&content%5B5%5D=-1&content%5B6%5D= HTTP/1.1" 200 119 "http://imgame1.cf.ac.uk/s2_332_0" "Mozilla/5.0 (Windows NT 5.1) AppleWebKit/537.36 (KHTML, like Gecko) Chrome/49.0.2623.112 Safari/537.36"
148.81.190.226 - - [25/Apr/2016:10:56:07 +0100] "GET /webServices/step2/step2RunController.php?permissions=255&messageType=storeStep2reply&exptId=332&jType=0&content%5B0%5D=4&content%5B1%5D=Jest%2520mi%2520za%2520nich%2520%25C5%25BCal%252C%2520za%2520ich%2520kr%25C3%25B3tkowzroczno%25C5%259B%25C4%2587%2520i%2520za%2520ich%2520ograniczenie%2520umys%25C5%2582owe.%2520Wszyscy%2520jeste%25C5%259Bmy%2520przecie%25C5%25BC%2520lud%25C5%25BAmi%252C%2520a%2520preferencje%2520seksualne%2520to%2520indywidualna%2520sprawa%2520ka%25C5%25BCdego%2520z%2520nas.&content%5B2%5D=1&content%5B3%5D=10405&content%5B4%5D=0&content%5B5%5D=-1&content%5B6%5D= HTTP/1.1" 200 182 "http://imgame1.cf.ac.uk/s2_332_0" "Mozilla/5.0 (Windows NT 5.1) AppleWebKit/537.36 (KHTML, like Gecko) Chrome/49.0.2623.112 Safari/537.36"
148.81.190.226 - - [25/Apr/2016:10:56:18 +0100] "GET /webServices/step2/step2RunController.php?permissions=255&messageType=storeStep2reply&exptId=332&jType=0&content%5B0%5D=6&content%5B1%5D=Niestety%2520ten%2520aspekt%2520mnie%2520obrzydza.&content%5B2%5D=1&content%5B3%5D=10406&content%5B4%5D=0&content%5B5%5D=-1&content%5B6%5D= HTTP/1.1" 200 217 "http://imgame1.cf.ac.uk/s2_332_0" "Mozilla/5.0 (Windows NT 5.1) AppleWebKit/537.36 (KHTML, like Gecko) Chrome/49.0.2623.112 Safari/537.36"
148.81.190.226 - - [25/Apr/2016:10:56:46 +0100] "GET /webServices/step2/step2RunController.php?permissions=255&messageType=storeStep2reply&exptId=332&jType=0&content%5B0%5D=5&content%5B1%5D=wi%25C4%2599cej%2520dziewczyn%252C%2520hetero%2520seksualnych.%2520&content%5B2%5D=1&content%5B3%5D=10405&content%5B4%5D=0&content%5B5%5D=-1&content%5B6%5D= HTTP/1.1" 200 170 "http://imgame1.cf.ac.uk/s2_332_0" "Mozilla/5.0 (Windows NT 5.1) AppleWebKit/537.36 (KHTML, like Gecko) Chrome/49.0.2623.112 Safari/537.36"
148.81.190.226 - - [25/Apr/2016:10:56:47 +0100] "GET /webServices/step2/step2RunController.php?permissions=255&messageType=storeStep2reply&exptId=332&jType=0&content%5B0%5D=7&content%5B1%5D=My%25C5%259Ble%2520ze%2520nigdy%2520nie%2520mialem%2520problemu%2520ze%2520swoja%2520orientacja%2520kazdy%2520m%25C3%25B3j%2520znajomy%2520to%2520akceptowa%25C5%2582%2520wiec%2520raczej%2520moje%2520zycie%2520wyglada%2520spokojnie%2520i%2520normalnie&content%5B2%5D=1&content%5B3%5D=10385&content%5B4%5D=0&content%5B5%5D=-1&content%5B6%5D= HTTP/1.1" 200 75 "http://imgame1.cf.ac.uk/s2_332_0" "Mozilla/5.0 (Windows NT 5.1) AppleWebKit/537.36 (KHTML, like Gecko) Chrome/43.0.2357.124 Safari/537.36"
148.81.190.226 - - [25/Apr/2016:10:56:55 +0100] "GET /webServices/step2/step2RunController.php?permissions=255&messageType=storeStep2reply&exptId=332&jType=0&content%5B0%5D=7&content%5B1%5D=Nie%2520%252C%2520moje%2520%25C5%25BCycie%2520jest%2520pi%25C4%2599kne%2520takie%2520jakie%2520jest.%2520Bardzo%2520dobrze%2520mi%2520ze%2520swoj%25C4%2585%2520orientacj%25C4%2585%2520i%2520nic%2520i%2520nikt%2520tego%2520nie%2520zmieni%2520!&content%5B2%5D=1&content%5B3%5D=10406&content%5B4%5D=0&content%5B5%5D=-1&content%5B6%5D= HTTP/1.1" 200 124 "http://imgame1.cf.ac.uk/s2_332_0" "Mozilla/5.0 (Windows NT 5.1) AppleWebKit/537.36 (KHTML, like Gecko) Chrome/49.0.2623.112 Safari/537.36"
148.81.190.226 - - [25/Apr/2016:10:57:09 +0100] "GET /webServices/step2/step2RunController.php?permissions=255&messageType=storeStep2reply&exptId=332&jType=0&content%5B0%5D=6&content%5B1%5D=Obrzezane%252C%2520aczkolwiek%2520nigdy%2520nie%2520spotka%25C5%2582em%2520si%25C4%2599%2520z%2520penisem%2520obrzezanym.&content%5B2%5D=1&content%5B3%5D=10405&content%5B4%5D=0&content%5B5%5D=-1&content%5B6%5D= HTTP/1.1" 200 168 "http://imgame1.cf.ac.uk/s2_332_0" "Mozilla/5.0 (Windows NT 5.1) AppleWebKit/537.36 (KHTML, like Gecko) Chrome/49.0.2623.112 Safari/537.36"
148.81.190.226 - - [25/Apr/2016:10:57:12 +0100] "GET /webServices/step2/step2RunController.php?permissions=255&messageType=storeStep2reply&exptId=332&jType=0&content%5B0%5D=8&content%5B1%5D=Je%25C5%259Bli%2520stosujesz%2520si%25C4%2599%2520do%2520pewnych%2520technik%2520%252C%2520nie.%250A&content%5B2%5D=1&content%5B3%5D=10406&content%5B4%5D=0&content%5B5%5D=-1&content%5B6%5D= HTTP/1.1" 200 75 "http://imgame1.cf.ac.uk/s2_332_0" "Mozilla/5.0 (Windows NT 5.1) AppleWebKit/537.36 (KHTML, like Gecko) Chrome/49.0.2623.112 Safari/537.36"
148.81.190.226 - - [25/Apr/2016:10:57:38 +0100] "GET /s2_332_0 HTTP/1.1" 200 2127 "-" "Mozilla/5.0 (Windows NT 5.1) AppleWebKit/537.36 (KHTML, like Gecko) Chrome/43.0.2357.124 Safari/537.36"
148.81.190.226 - - [25/Apr/2016:10:57:39 +0100] "GET /webServices/step2/step2RunController.php?permissions=255&messageType=step2Settings&exptId=332&jType=0&content%5B0%5D=-1 HTTP/1.1" 200 168 "http://imgame1.cf.ac.uk/s2_332_0" "Mozilla/5.0 (Windows NT 5.1) AppleWebKit/537.36 (KHTML, like Gecko) Chrome/43.0.2357.124 Safari/537.36"
148.81.190.226 - - [25/Apr/2016:10:57:39 +0100] "GET /webServices/step2/step2RunController.php?permissions=255&messageType=start&exptId=332&jType=0&content%5B0%5D=-1 HTTP/1.1" 200 154 "http://imgame1.cf.ac.uk/s2_332_0" "Mozilla/5.0 (Windows NT 5.1) AppleWebKit/537.36 (KHTML, like Gecko) Chrome/43.0.2357.124 Safari/537.36"
148.81.190.226 - - [25/Apr/2016:10:57:40 +0100] "GET /webServices/step2/step2RunController.php?permissions=255&messageType=getStep2Status&exptId=332&jType=0&content%5B0%5D=1&content%5B1%5D=10408&content%5B2%5D=3&content%5B3%5D=0 HTTP/1.1" 200 221 "http://imgame1.cf.ac.uk/s2_332_0" "Mozilla/5.0 (Windows NT 5.1) AppleWebKit/537.36 (KHTML, like Gecko) Chrome/43.0.2357.124 Safari/537.36"
148.81.190.226 - - [25/Apr/2016:10:57:49 +0100] "GET /webServices/step2/step2RunController.php?permissions=255&messageType=storeStep2reply&exptId=332&jType=0&content%5B0%5D=7&content%5B1%5D=Lubi%25C4%2599%2520by%25C4%2587%2520dominowany%252C%2520wi%25C4%2599c%2520wydaje%2520mi%2520si%25C4%2599%252C%2520%25C5%25BCe%2520bardziej%2520kobiecy&content%5B2%5D=1&content%5B3%5D=10405&content%5B4%5D=0&content%5B5%5D=-1&content%5B6%5D= HTTP/1.1" 200 124 "http://imgame1.cf.ac.uk/s2_332_0" "Mozilla/5.0 (Windows NT 5.1) AppleWebKit/537.36 (KHTML, like Gecko) Chrome/49.0.2623.112 Safari/537.36"
148.81.190.226 - - [25/Apr/2016:10:58:06 +0100] "GET /webServices/step2/step2RunController.php?permissions=255&messageType=storeStep2reply&exptId=332&jType=0&content%5B0%5D=8&content%5B1%5D=Schronienia%2520i%2520zrozumienia&content%5B2%5D=1&content%5B3%5D=10405&content%5B4%5D=0&content%5B5%5D=-1&content%5B6%5D= HTTP/1.1" 200 75 "http://imgame1.cf.ac.uk/s2_332_0" "Mozilla/5.0 (Windows NT 5.1) AppleWebKit/537.36 (KHTML, like Gecko) Chrome/49.0.2623.112 Safari/537.36"
148.81.190.226 - - [25/Apr/2016:10:59:21 +0100] "GET /s2_332_0 HTTP/1.1" 200 2127 "-" "Mozilla/5.0 (Windows NT 5.1) AppleWebKit/537.36 (KHTML, like Gecko) Chrome/49.0.2623.112 Safari/537.36"
148.81.190.226 - - [25/Apr/2016:10:59:32 +0100] "GET /s2_332_0 HTTP/1.1" 200 2127 "-" "Mozilla/5.0 (Windows NT 5.1) AppleWebKit/537.36 (KHTML, like Gecko) Chrome/43.0.2357.124 Safari/537.36"
148.81.190.226 - - [25/Apr/2016:10:59:32 +0100] "GET /jquery-themes/imgame.min.css HTTP/1.1" 304 - "http://imgame1.cf.ac.uk/s2_332_0" "Mozilla/5.0 (Windows NT 5.1) AppleWebKit/537.36 (KHTML, like Gecko) Chrome/43.0.2357.124 Safari/537.36"
148.81.190.226 - - [25/Apr/2016:10:59:32 +0100] "GET /jquery-themes/jquery.mobile.icons.min.css HTTP/1.1" 304 - "http://imgame1.cf.ac.uk/s2_332_0" "Mozilla/5.0 (Windows NT 5.1) AppleWebKit/537.36 (KHTML, like Gecko) Chrome/43.0.2357.124 Safari/537.36"
148.81.190.226 - - [25/Apr/2016:10:59:32 +0100] "GET /jquery-mobile/jquery.mobile.structure-1.4.5.min.css HTTP/1.1" 304 - "http://imgame1.cf.ac.uk/s2_332_0" "Mozilla/5.0 (Windows NT 5.1) AppleWebKit/537.36 (KHTML, like Gecko) Chrome/43.0.2357.124 Safari/537.36"
148.81.190.226 - - [25/Apr/2016:10:59:32 +0100] "GET /jquery-mobile/jqmOverrides.css HTTP/1.1" 304 - "http://imgame1.cf.ac.uk/s2_332_0" "Mozilla/5.0 (Windows NT 5.1) AppleWebKit/537.36 (KHTML, like Gecko) Chrome/43.0.2357.124 Safari/537.36"
148.81.190.226 - - [25/Apr/2016:10:59:32 +0100] "GET /jquery/jquery-2.1.3.min.js HTTP/1.1" 304 - "http://imgame1.cf.ac.uk/s2_332_0" "Mozilla/5.0 (Windows NT 5.1) AppleWebKit/537.36 (KHTML, like Gecko) Chrome/43.0.2357.124 Safari/537.36"
148.81.190.226 - - [25/Apr/2016:10:59:32 +0100] "GET /mobile-css/1024.css HTTP/1.1" 304 - "http://imgame1.cf.ac.uk/s2_332_0" "Mozilla/5.0 (Windows NT 5.1) AppleWebKit/537.36 (KHTML, like Gecko) Chrome/43.0.2357.124 Safari/537.36"
148.81.190.226 - - [25/Apr/2016:10:59:32 +0100] "GET /jquery-mobile/jquery.mobile.overrides.js HTTP/1.1" 304 - "http://imgame1.cf.ac.uk/s2_332_0" "Mozilla/5.0 (Windows NT 5.1) AppleWebKit/537.36 (KHTML, like Gecko) Chrome/43.0.2357.124 Safari/537.36"
148.81.190.226 - - [25/Apr/2016:10:59:32 +0100] "GET /jquery-mobile/page.modifiers.js HTTP/1.1" 304 - "http://imgame1.cf.ac.uk/s2_332_0" "Mozilla/5.0 (Windows NT 5.1) AppleWebKit/537.36 (KHTML, like Gecko) Chrome/43.0.2357.124 Safari/537.36"
148.81.190.226 - - [25/Apr/2016:10:59:32 +0100] "GET /jquery-mobile/jquery.mobile-1.4.5.min.js HTTP/1.1" 304 - "http://imgame1.cf.ac.uk/s2_332_0" "Mozilla/5.0 (Windows NT 5.1) AppleWebKit/537.36 (KHTML, like Gecko) Chrome/43.0.2357.124 Safari/537.36"
148.81.190.226 - - [25/Apr/2016:10:59:32 +0100] "GET /js/mobile/adminNavigate.js HTTP/1.1" 304 - "http://imgame1.cf.ac.uk/s2_332_0" "Mozilla/5.0 (Windows NT 5.1) AppleWebKit/537.36 (KHTML, like Gecko) Chrome/43.0.2357.124 Safari/537.36"
148.81.190.226 - - [25/Apr/2016:10:59:32 +0100] "GET /js/step2/step2RunController.js HTTP/1.1" 304 - "http://imgame1.cf.ac.uk/s2_332_0" "Mozilla/5.0 (Windows NT 5.1) AppleWebKit/537.36 (KHTML, like Gecko) Chrome/43.0.2357.124 Safari/537.36"
148.81.190.226 - - [25/Apr/2016:10:59:32 +0100] "GET /jquery-themes/images/ajax-loader.gif HTTP/1.1" 304 - "http://imgame1.cf.ac.uk/jquery-themes/imgame.min.css" "Mozilla/5.0 (Windows NT 5.1) AppleWebKit/537.36 (KHTML, like Gecko) Chrome/43.0.2357.124 Safari/537.36"
148.81.190.226 - - [25/Apr/2016:10:59:32 +0100] "GET /favicon.ico HTTP/1.1" 200 1150 "http://imgame1.cf.ac.uk/s2_332_0" "Mozilla/5.0 (Windows NT 5.1) AppleWebKit/537.36 (KHTML, like Gecko) Chrome/43.0.2357.124 Safari/537.36"
148.81.190.226 - - [25/Apr/2016:10:59:32 +0100] "GET /webServices/step2/step2RunController.php?permissions=255&messageType=step2Settings&exptId=332&jType=0&content%5B0%5D=-1 HTTP/1.1" 200 168 "http://imgame1.cf.ac.uk/s2_332_0" "Mozilla/5.0 (Windows NT 5.1) AppleWebKit/537.36 (KHTML, like Gecko) Chrome/43.0.2357.124 Safari/537.36"
148.81.190.226 - - [25/Apr/2016:10:59:32 +0100] "GET /webServices/step2/step2RunController.php?permissions=255&messageType=start&exptId=332&jType=0&content%5B0%5D=-1 HTTP/1.1" 200 154 "http://imgame1.cf.ac.uk/s2_332_0" "Mozilla/5.0 (Windows NT 5.1) AppleWebKit/537.36 (KHTML, like Gecko) Chrome/43.0.2357.124 Safari/537.36"
148.81.190.226 - - [25/Apr/2016:10:59:34 +0100] "GET /webServices/step2/step2RunController.php?permissions=255&messageType=getStep2Status&exptId=332&jType=0&content%5B0%5D=1&content%5B1%5D=10409&content%5B2%5D=4&content%5B3%5D=0 HTTP/1.1" 200 198 "http://imgame1.cf.ac.uk/s2_332_0" "Mozilla/5.0 (Windows NT 5.1) AppleWebKit/537.36 (KHTML, like Gecko) Chrome/43.0.2357.124 Safari/537.36"
148.81.190.226 - - [25/Apr/2016:11:00:11 +0100] "GET /s2_332_0 HTTP/1.1" 200 2127 "-" "Mozilla/5.0 (Windows NT 5.1) AppleWebKit/537.36 (KHTML, like Gecko) Chrome/49.0.2623.112 Safari/537.36"
148.81.190.226 - - [25/Apr/2016:11:00:12 +0100] "GET /webServices/step2/step2RunController.php?permissions=255&messageType=step2Settings&exptId=332&jType=0&content%5B0%5D=-1 HTTP/1.1" 200 168 "http://imgame1.cf.ac.uk/s2_332_0" "Mozilla/5.0 (Windows NT 5.1) AppleWebKit/537.36 (KHTML, like Gecko) Chrome/49.0.2623.112 Safari/537.36"
148.81.190.226 - - [25/Apr/2016:11:00:12 +0100] "GET /webServices/step2/step2RunController.php?permissions=255&messageType=start&exptId=332&jType=0&content%5B0%5D=-1 HTTP/1.1" 200 154 "http://imgame1.cf.ac.uk/s2_332_0" "Mozilla/5.0 (Windows NT 5.1) AppleWebKit/537.36 (KHTML, like Gecko) Chrome/49.0.2623.112 Safari/537.36"
148.81.190.226 - - [25/Apr/2016:11:00:13 +0100] "GET /webServices/step2/step2RunController.php?permissions=255&messageType=getStep2Status&exptId=332&jType=0&content%5B0%5D=1&content%5B1%5D=10410&content%5B2%5D=5&content%5B3%5D=0 HTTP/1.1" 200 148 "http://imgame1.cf.ac.uk/s2_332_0" "Mozilla/5.0 (Windows NT 5.1) AppleWebKit/537.36 (KHTML, like Gecko) Chrome/49.0.2623.112 Safari/537.36"
148.81.190.226 - - [25/Apr/2016:11:02:23 +0100] "GET /s2_332_0 HTTP/1.1" 200 2127 "-" "Mozilla/5.0 (Windows NT 5.1) AppleWebKit/537.36 (KHTML, like Gecko) Chrome/49.0.2623.112 Safari/537.36"
148.81.190.226 - - [25/Apr/2016:11:02:24 +0100] "GET /webServices/step2/step2RunController.php?permissions=255&messageType=step2Settings&exptId=332&jType=0&content%5B0%5D=-1 HTTP/1.1" 200 168 "http://imgame1.cf.ac.uk/s2_332_0" "Mozilla/5.0 (Windows NT 5.1) AppleWebKit/537.36 (KHTML, like Gecko) Chrome/49.0.2623.112 Safari/537.36"
148.81.190.226 - - [25/Apr/2016:11:02:24 +0100] "GET /webServices/step2/step2RunController.php?permissions=255&messageType=start&exptId=332&jType=0&content%5B0%5D=-1 HTTP/1.1" 200 154 "http://imgame1.cf.ac.uk/s2_332_0" "Mozilla/5.0 (Windows NT 5.1) AppleWebKit/537.36 (KHTML, like Gecko) Chrome/49.0.2623.112 Safari/537.36"
148.81.190.226 - - [25/Apr/2016:11:02:25 +0100] "GET /webServices/step2/step2RunController.php?permissions=255&messageType=getStep2Status&exptId=332&jType=0&content%5B0%5D=1&content%5B1%5D=10411&content%5B2%5D=6&content%5B3%5D=0 HTTP/1.1" 200 168 "http://imgame1.cf.ac.uk/s2_332_0" "Mozilla/5.0 (Windows NT 5.1) AppleWebKit/537.36 (KHTML, like Gecko) Chrome/49.0.2623.112 Safari/537.36"
148.81.190.226 - - [25/Apr/2016:11:02:54 +0100] "GET / HTTP/1.1" 200 4027 "-" "Mozilla/5.0 (Windows NT 5.1) AppleWebKit/537.36 (KHTML, like Gecko) Chrome/43.0.2357.130 Safari/537.36"
148.81.190.226 - - [25/Apr/2016:11:02:54 +0100] "GET /js/global/loginRegister.js HTTP/1.1" 200 328 "http://imgame1.cf.ac.uk/" "Mozilla/5.0 (Windows NT 5.1) AppleWebKit/537.36 (KHTML, like Gecko) Chrome/43.0.2357.130 Safari/537.36"
148.81.190.226 - - [25/Apr/2016:11:02:54 +0100] "GET /jquery-validation/additional-methods.min.js HTTP/1.1" 200 16415 "http://imgame1.cf.ac.uk/" "Mozilla/5.0 (Windows NT 5.1) AppleWebKit/537.36 (KHTML, like Gecko) Chrome/43.0.2357.130 Safari/537.36"
148.81.190.226 - - [25/Apr/2016:11:02:54 +0100] "GET /jquery-validation/jquery.validate.min.js HTTP/1.1" 200 21584 "http://imgame1.cf.ac.uk/" "Mozilla/5.0 (Windows NT 5.1) AppleWebKit/537.36 (KHTML, like Gecko) Chrome/43.0.2357.130 Safari/537.36"
148.81.190.226 - - [25/Apr/2016:11:02:54 +0100] "GET /jquery-mobile/jquery.mobile.icons-1.4.5.min.css HTTP/1.1" 200 127053 "http://imgame1.cf.ac.uk/" "Mozilla/5.0 (Windows NT 5.1) AppleWebKit/537.36 (KHTML, like Gecko) Chrome/43.0.2357.130 Safari/537.36"
148.81.190.226 - - [25/Apr/2016:11:02:59 +0100] "GET /s2_332_0 HTTP/1.1" 200 2127 "-" "Mozilla/5.0 (Windows NT 5.1) AppleWebKit/537.36 (KHTML, like Gecko) Chrome/43.0.2357.130 Safari/537.36"
148.81.190.226 - - [25/Apr/2016:11:02:59 +0100] "GET /webServices/step2/step2RunController.php?permissions=255&messageType=step2Settings&exptId=332&jType=0&content%5B0%5D=-1 HTTP/1.1" 200 168 "http://imgame1.cf.ac.uk/s2_332_0" "Mozilla/5.0 (Windows NT 5.1) AppleWebKit/537.36 (KHTML, like Gecko) Chrome/43.0.2357.130 Safari/537.36"
148.81.190.226 - - [25/Apr/2016:11:02:59 +0100] "GET /webServices/step2/step2RunController.php?permissions=255&messageType=start&exptId=332&jType=0&content%5B0%5D=-1 HTTP/1.1" 200 154 "http://imgame1.cf.ac.uk/s2_332_0" "Mozilla/5.0 (Windows NT 5.1) AppleWebKit/537.36 (KHTML, like Gecko) Chrome/43.0.2357.130 Safari/537.36"
148.81.190.226 - - [25/Apr/2016:11:03:01 +0100] "GET /webServices/step2/step2RunController.php?permissions=255&messageType=getStep2Status&exptId=332&jType=0&content%5B0%5D=1&content%5B1%5D=10412&content%5B2%5D=7&content%5B3%5D=0 HTTP/1.1" 200 151 "http://imgame1.cf.ac.uk/s2_332_0" "Mozilla/5.0 (Windows NT 5.1) AppleWebKit/537.36 (KHTML, like Gecko) Chrome/43.0.2357.130 Safari/537.36"
176.63.2.99 - - [25/Apr/2016:11:05:05 +0100] "GET /webServices/step4/step4RunController.php?permissions=255&exptId=260&jType=1&s4jNo=54&messageType=step4storeRating&content%5B0%5D=&content%5B1%5D=haveResponse&content%5B2%5D=0&content%5B3%5D=interval3&content%5B4%5D=Az+erekci%C3%B3s+v%C3%A1laszn%C3%A1l+t%C3%BAlmagyar%C3%A1zza+a+dolgot+az+illet%C5%91%2C+ami+gyan%C3%BAs.+%C3%89rtelmes+f%C3%A9rfi+nem+b%C3%BCszk%C3%A9lkedik+azzal%2C+hogy+hazavitt+egy+hullar%C3%A9szeg+l%C3%A1nyt%2C+amikor+pedig+haverok+k%C3%B6z%C3%B6tt+besz%C3%A9l%C3%BCnk+err%C5%91l%2C+akkor+r%C3%A9szletesebben+kibesz%C3%A9lj%C3%BCk+a+dolgokat%2C+sz%C3%B3val+itt+az%C3%A9rt+gyan%C3%BAs+a+v%C3%A1lasz%2C+mert+nem+el%C3%A9g+r%C3%A9szletes.+J%C3%A1t%C3%A9kokn%C3%A1l+vagy+t%C3%BAlz%C3%A1s%2C+vagy+mell%C3%A9besz%C3%A9l%C3%A9s+a+napi+5-6+%C3%B3ra.+Az+edz%C3%A9ses+k%C3%A9rd%C3%A9sn%C3%A9l+is+gyan%C3%BAs%2C+mert+egy+f%C3%A9rfi+nem+felt%C3%A9tlen+b%C3%BCszk%C3%A9lkedik+egy+mind%C3%B6ssze+6+kil%C3%B3s+s%C3%BAllyal.+Mivel+szerintem+ez+a+v%C3%A1laszad%C3%B3+a+n%C5%91%2C+%C3%ADgy+kicsi+az+es%C3%A9lye%2C+hogy+villamosm%C3%A9rn%C3%B6kire+j%C3%A1rjon%2C+viszont+a+villamosm%C3%A9rn%C3%B6kin+a+legkisebb+a+n%C5%91k+ar%C3%A1nya%2C+ez%C3%A9rt+gyan%C3%BAs%2C+hogy+ezzel+akarja+elhitetni+hogy+f%C3%A9rfi+lenne.+Aut%C3%B3s+v%C3%A1lasz%3A+tipikus+csaj%2C+le%C3%ADrja+milyen+aut%C3%B3ja+legyen+a+leend%C5%91+bar%C3%A1tj%C3%A1nak.&content%5B5%5D=1&content%5B6%5D=2&content%5B7%5D=2&content%5B8%5D=12&content%5B9%5D=-1&content%5B11%5D=&content%5B12%5D=&content%5B13%5D=&content%5B14%5D=8 HTTP/1.1" 200 5246 "http://imgame1.cf.ac.uk/s4_260_1_54" "Mozilla/5.0 (X11; Ubuntu; Linux x86_64; rv:42.0) Gecko/20100101 Firefox/42.0"
176.63.2.99 - - [25/Apr/2016:11:07:00 +0100] "GET /webServices/step4/step4RunController.php?permissions=255&exptId=260&jType=1&s4jNo=54&messageType=step4storeRating&content%5B0%5D=&content%5B1%5D=haveResponse&content%5B2%5D=0&content%5B3%5D=interval3&content%5B4%5D=A+sz%C3%ADnlel%C5%91+minden+v%C3%A1lasz%C3%A1r%C3%B3l+sug%C3%A1rzik%2C+hogy+nem+vette+komolyan+a+v%C3%A1laszad%C3%A1st+%C3%A9s+mindenf%C3%A9le+h%C3%BClyes%C3%A9get+be%C3%ADrogatott%2C+ami+%C3%A9pp+esz%C3%A9be+jutott+%C3%A9s+%C3%BAgy+gondolta%2C+hogy+vicces.&content%5B5%5D=1&content%5B6%5D=1&content%5B7%5D=3&content%5B8%5D=20&content%5B9%5D=-1&content%5B11%5D=&content%5B12%5D=&content%5B13%5D=&content%5B14%5D=12 HTTP/1.1" 200 4412 "http://imgame1.cf.ac.uk/s4_260_1_54" "Mozilla/5.0 (X11; Ubuntu; Linux x86_64; rv:42.0) Gecko/20100101 Firefox/42.0"
176.63.2.99 - - [25/Apr/2016:11:11:35 +0100] "GET /webServices/step4/step4RunController.php?permissions=255&exptId=260&jType=1&s4jNo=54&messageType=step4storeRating&content%5B0%5D=&content%5B1%5D=haveResponse&content%5B2%5D=0&content%5B3%5D=interval2&content%5B4%5D=A+n%C5%91+vonz%C3%B3s+k%C3%A9rd%C3%A9sn%C3%A9l+a+saj%C3%A1t+v%C3%A9lem%C3%A9ny%C3%A9t+%C3%ADrja+le%2C+hogy+neki+milyen+f%C3%A9rfiak+j%C3%B6nnek+be.+Feltehet%C5%91en+a+sz%C3%ADnlel%C5%91+h%C3%B6lgy+tud+f%C5%91zni%2C+t%C3%BAl+gyan%C3%BAsan+%C3%ADrja+k%C3%B6r%C3%BCl%2C+hogy+nem+%C3%A9rt+hozz%C3%A1+t%C3%BAls%C3%A1gosan.+A+feminista+k%C3%A9rd%C3%A9sn%C3%A9l+a+saj%C3%A1t+feminista+v%C3%A9lem%C3%A9ny%C3%A9vel+kezd%2C+majd+le%C3%ADrja+napjainkban+milyennek+l%C3%A1tja+a+t%C3%B6bbi+n%C5%91t%2C+majd+egy+olyan+mondatot+%C3%ADr%2C+amit+f%C3%A9rfi+sosem+%C3%ADrna+le%2C+hogy+kihalt+a+lovagiass%C3%A1g.&content%5B5%5D=1&content%5B6%5D=2&content%5B7%5D=7&content%5B8%5D=6&content%5B9%5D=-1&content%5B11%5D=&content%5B12%5D=&content%5B13%5D=&content%5B14%5D=12 HTTP/1.1" 200 3911 "http://imgame1.cf.ac.uk/s4_260_1_54" "Mozilla/5.0 (X11; Ubuntu; Linux x86_64; rv:42.0) Gecko/20100101 Firefox/42.0"
148.81.190.226 - - [25/Apr/2016:11:13:16 +0100] "GET /webServices/step2/step2RunController.php?permissions=255&messageType=storeStep2reply&exptId=332&jType=0&content%5B0%5D=0&content%5B1%5D=Mam%2520tatua%25C5%25BC%2520na%2520lewej%2520%25C5%2582opatce%2520przedstawiaj%25C4%2585cy%2520smoka.%2520W%2520gimnazjum%2520mia%25C5%2582em%2520tunele%252C%2520teraz%2520mam%2520tylko%2520jeden%2520ma%25C5%2582y%2520kolczyk%2520w%2520g%25C3%25B3rnej%2520cz%25C4%2599%25C5%259Bci%2520ucha.&content%5B2%5D=1&content%5B3%5D=10408&content%5B4%5D=0&content%5B5%5D=-1&content%5B6%5D= HTTP/1.1" 200 156 "http://imgame1.cf.ac.uk/s2_332_0" "Mozilla/5.0 (Windows NT 5.1) AppleWebKit/537.36 (KHTML, like Gecko) Chrome/43.0.2357.124 Safari/537.36"
176.63.2.99 - - [25/Apr/2016:11:14:21 +0100] "GET /webServices/step4/step4RunController.php?permissions=255&exptId=260&jType=1&s4jNo=54&messageType=step4storeRating&content%5B0%5D=&content%5B1%5D=haveResponse&content%5B2%5D=0&content%5B3%5D=interval2&content%5B4%5D=A+nemsz%C3%ADnlel%C5%91nek+olyan+%C3%A9rtelmetlen+v%C3%A1laszai+vannak%2C+amir%C5%91l+feltehet%C5%91%2C+hogy+sosem+volt+m%C3%A9g+semmilyen+kapcsolata%2C+ez%C3%A9rt+gondolom+a+m%C3%A1sikat+sz%C3%ADnlel%C5%91nek+kiz%C3%A1r%C3%A1sos+alapon.&content%5B5%5D=0&content%5B6%5D=1&content%5B7%5D=8&content%5B8%5D=19&content%5B9%5D=-1&content%5B11%5D=&content%5B12%5D=&content%5B13%5D=&content%5B14%5D=8 HTTP/1.1" 200 4001 "http://imgame1.cf.ac.uk/s4_260_1_54" "Mozilla/5.0 (X11; Ubuntu; Linux x86_64; rv:42.0) Gecko/20100101 Firefox/42.0"
148.81.190.226 - - [25/Apr/2016:11:15:25 +0100] "GET /webServices/step2/step2RunController.php?permissions=255&messageType=storeStep2reply&exptId=332&jType=0&content%5B0%5D=1&content%5B1%5D=Matk%25C4%2599%2520cz%25C4%2599sto%2520ignoruj%25C4%2599%2520bo%2520du%25C5%25BCo%2520narzeka%252C%2520z%2520ojcem%2520praktycznie%2520nie%2520mam%2520kontaktu%2520bo%2520albo%2520jest%2520w%2520pracy%2520albo%2520pije.%2520Mam%2520brata%2520z%2520kt%25C3%25B3rym%2520w%2520dzieci%25C5%2584stwie%2520sp%25C4%2599dza%25C5%2582em%2520sporo%2520czasu%2520ale%2520odk%25C4%2585d%2520jestem%2520na%2520studiach%2520nasza%2520relacja%2520si%25C4%2599%2520pogorszy%25C5%2582a&content%5B2%5D=1&content%5B3%5D=10408&content%5B4%5D=0&content%5B5%5D=-1&content%5B6%5D= HTTP/1.1" 200 160 "http://imgame1.cf.ac.uk/s2_332_0" "Mozilla/5.0 (Windows NT 5.1) AppleWebKit/537.36 (KHTML, like Gecko) Chrome/43.0.2357.124 Safari/537.36"
176.63.2.99 - - [25/Apr/2016:11:15:52 +0100] "GET /webServices/step4/step4RunController.php?permissions=255&exptId=260&jType=1&s4jNo=54&messageType=step4storeRating&content%5B0%5D=&content%5B1%5D=haveResponse&content%5B2%5D=0&content%5B3%5D=interval3&content%5B4%5D=A+nemsz%C3%ADnlel%C5%91+nem+vette+komolyan+a+v%C3%A1laszad%C3%A1st+%C3%A9s+sug%C3%A1rzik+r%C3%B3la%2C+hogy+%C5%91+f%C3%A9rfi.+A+sz%C3%ADnlel%C5%91+h%C3%B6lgy+pedig+t%C3%BAlbonyol%C3%ADtotta+a+v%C3%A1laszokat%2C+ez%C3%A9rt+gyan%C3%BAs%2C+hogy+sz%C3%ADnlel&content%5B5%5D=0&content%5B6%5D=2&content%5B7%5D=12&content%5B8%5D=7&content%5B9%5D=-1&content%5B11%5D=&content%5B12%5D=&content%5B13%5D=&content%5B14%5D=18 HTTP/1.1" 200 2680 "http://imgame1.cf.ac.uk/s4_260_1_54" "Mozilla/5.0 (X11; Ubuntu; Linux x86_64; rv:42.0) Gecko/20100101 Firefox/42.0"
148.81.190.226 - - [25/Apr/2016:11:16:37 +0100] "GET /webServices/step2/step2RunController.php?permissions=255&messageType=storeStep2reply&exptId=332&jType=0&content%5B0%5D=0&content%5B1%5D=Ten%2520du%25C5%25BCy%2520czarny%2520cz%25C5%2582owiek%2520z%2520Brazzers.%2520On%2520mi%2520bardzo%2520podoba%2520swoim%2520charakterem%252C%2520jak%2520on%2520gra%252C%2520jaka%2520u%2520niego%2520postawa%252C%2520jego%2520j%25C4%2599zyk%2520cia%25C5%2582a%252C%2520mocny%2520r%25C4%2599ki%2520i%2520t.d%2520&content%5B2%5D=1&content%5B3%5D=10411&content%5B4%5D=0&content%5B5%5D=-1&content%5B6%5D= HTTP/1.1" 200 135 "http://imgame1.cf.ac.uk/s2_332_0" "Mozilla/5.0 (Windows NT 5.1) AppleWebKit/537.36 (KHTML, like Gecko) Chrome/49.0.2623.112 Safari/537.36"
148.81.190.226 - - [25/Apr/2016:11:16:37 +0100] "GET /webServices/step2/step2RunController.php?permissions=255&messageType=storeStep2reply&exptId=332&jType=0&content%5B0%5D=0&content%5B1%5D=Ten%2520du%25C5%25BCy%2520czarny%2520cz%25C5%2582owiek%2520z%2520Brazzers.%2520On%2520mi%2520bardzo%2520podoba%2520swoim%2520charakterem%252C%2520jak%2520on%2520gra%252C%2520jaka%2520u%2520niego%2520postawa%252C%2520jego%2520j%25C4%2599zyk%2520cia%25C5%2582a%252C%2520mocny%2520r%25C4%2599ki%2520i%2520t.d%2520&content%5B2%5D=1&content%5B3%5D=10411&content%5B4%5D=0&content%5B5%5D=-1&content%5B6%5D= HTTP/1.1" 200 135 "http://imgame1.cf.ac.uk/s2_332_0" "Mozilla/5.0 (Windows NT 5.1) AppleWebKit/537.36 (KHTML, like Gecko) Chrome/49.0.2623.112 Safari/537.36"
148.81.190.226 - - [25/Apr/2016:11:16:52 +0100] "GET /webServices/step2/step2RunController.php?permissions=255&messageType=storeStep2reply&exptId=332&jType=0&content%5B0%5D=0&content%5B1%5D=Sylwetka%252C%2520ubranie%252C%2520czysto%25C5%259B%25C4%2587%252C%2520pewno%25C5%259B%25C4%2587%2520u%25C5%259Bcisku%2520d%25C5%2582oni&content%5B2%5D=1&content%5B3%5D=10407&content%5B4%5D=0&content%5B5%5D=-1&content%5B6%5D= HTTP/1.1" 200 159 "http://imgame1.cf.ac.uk/s2_332_0" "Mozilla/5.0 (Windows NT 5.1) AppleWebKit/537.36 (KHTML, like Gecko) Chrome/43.0.2357.130 Safari/537.36"
148.81.190.226 - - [25/Apr/2016:11:17:38 +0100] "GET /webServices/step2/step2RunController.php?permissions=255&messageType=storeStep2reply&exptId=332&jType=0&content%5B0%5D=1&content%5B1%5D=Na%2520prze%25C5%2582omie%2520szko%25C5%2582y%2520podstawowej%2520oraz%2520gimnazjum%2520(13%252F14%2520rok%2520%25C5%25BCycia)&content%5B2%5D=1&content%5B3%5D=10407&content%5B4%5D=0&content%5B5%5D=-1&content%5B6%5D= HTTP/1.1" 200 129 "http://imgame1.cf.ac.uk/s2_332_0" "Mozilla/5.0 (Windows NT 5.1) AppleWebKit/537.36 (KHTML, like Gecko) Chrome/43.0.2357.130 Safari/537.36"
148.81.190.226 - - [25/Apr/2016:11:17:39 +0100] "GET /webServices/step2/step2RunController.php?permissions=255&messageType=storeStep2reply&exptId=332&jType=0&content%5B0%5D=2&content%5B1%5D=Zorientowa%25C5%2582em%2520si%25C4%2599%2520%25C5%25BCe%2520jestem%2520gejem%2520po%2520tym%2520jak%2520zacz%25C4%2585%25C5%2582em%2520rozmy%25C5%259Bla%25C4%2587%2520nad%2520sytuacj%25C4%2585%2520kiedy%2520m%25C3%25B3j%2520kolega%2520z%2520klasy%2520w%2520podstaw%25C3%25B3wce%2520zaczepi%25C5%2582%2520mnie%2520po%2520lekcjach%2520z%2520ty%25C5%2582u%2520szko%25C5%2582y%2520i%2520nalega%25C5%2582%2520abym%2520pokaza%25C5%2582%2520mu%2520penisa%2520-%2520zastanawia%25C5%2582em%2520si%25C4%2599%2520co%2520by%2520si%25C4%2599%2520sta%25C5%2582o%2520jakbym%2520to%2520zrobi%25C5%2582&content%5B2%5D=1&content%5B3%5D=10408&content%5B4%5D=0&content%5B5%5D=-1&content%5B6%5D= HTTP/1.1" 200 270 "http://imgame1.cf.ac.uk/s2_332_0" "Mozilla/5.0 (Windows NT 5.1) AppleWebKit/537.36 (KHTML, like Gecko) Chrome/43.0.2357.124 Safari/537.36"
176.63.2.99 - - [25/Apr/2016:11:17:45 +0100] "GET /webServices/step4/step4RunController.php?permissions=255&exptId=260&jType=1&s4jNo=54&messageType=step4storeRating&content%5B0%5D=&content%5B1%5D=haveResponse&content%5B2%5D=1&content%5B3%5D=interval1&content%5B4%5D=Ilyen+k%C3%A9rd%C3%A9sek+%C3%A9s+v%C3%A1laszok+mellett+csak+tippelni+tudok.&content%5B5%5D=1&content%5B6%5D=1&content%5B7%5D=13&content%5B8%5D=18&content%5B9%5D=-1&content%5B11%5D=&content%5B12%5D=&content%5B13%5D=&content%5B14%5D=2 HTTP/1.1" 200 2504 "http://imgame1.cf.ac.uk/s4_260_1_54" "Mozilla/5.0 (X11; Ubuntu; Linux x86_64; rv:42.0) Gecko/20100101 Firefox/42.0"
148.81.190.226 - - [25/Apr/2016:11:18:29 +0100] "GET /webServices/step2/step2RunController.php?permissions=255&messageType=storeStep2reply&exptId=332&jType=0&content%5B0%5D=2&content%5B1%5D=Hair%2520oraz%2520Rat%2520Pack&content%5B2%5D=1&content%5B3%5D=10407&content%5B4%5D=0&content%5B5%5D=-1&content%5B6%5D= HTTP/1.1" 200 147 "http://imgame1.cf.ac.uk/s2_332_0" "Mozilla/5.0 (Windows NT 5.1) AppleWebKit/537.36 (KHTML, like Gecko) Chrome/43.0.2357.130 Safari/537.36"
148.81.190.226 - - [25/Apr/2016:11:18:44 +0100] "GET /webServices/step2/step2RunController.php?permissions=255&messageType=storeStep2reply&exptId=332&jType=0&content%5B0%5D=3&content%5B1%5D=Nie%2520korzysta%25C5%2582em%2520ani%2520nie%2520s%25C5%2582ysza%25C5%2582em%2520o%2520takich%2520portalach%252C%2520ale%2520nawet%2520je%25C5%259Bli%2520bym%2520s%25C5%2582ysza%25C5%2582%2520to%2520i%2520tak%2520bym%2520nie%2520skorzysta%25C5%2582%2520poniewa%25C5%25BC%2520ba%25C5%2582bym%2520si%25C4%2599%2520%25C5%25BCe%2520kt%25C3%25B3ry%25C5%259B%2520z%2520moich%2520znajomych%2520mo%25C5%25BCe%2520mnie%2520tam%2520zobaczy%25C4%2587&content%5B2%5D=1&content%5B3%5D=10408&content%5B4%5D=0&content%5B5%5D=-1&content%5B6%5D= HTTP/1.1" 200 146 "http://imgame1.cf.ac.uk/s2_332_0" "Mozilla/5.0 (Windows NT 5.1) AppleWebKit/537.36 (KHTML, like Gecko) Chrome/43.0.2357.124 Safari/537.36"
176.63.2.99 - - [25/Apr/2016:11:18:59 +0100] "GET /webServices/step4/step4RunController.php?permissions=255&exptId=260&jType=1&s4jNo=54&messageType=step4storeRating&content%5B0%5D=&content%5B1%5D=haveResponse&content%5B2%5D=1&content%5B3%5D=interval2&content%5B4%5D=Szerintem+a+sz%C3%ADnlel%C5%91+tudja+majdnem+minden+k%C3%A9rd%C3%A9sre+a+v%C3%A1laszt%2C+%C3%BAgy+%C3%A9rzem%2C+hogy+sz%C3%A1nd%C3%A9kosan+%C3%ADrt+rossz+v%C3%A1laszokat&content%5B5%5D=1&content%5B6%5D=2&content%5B7%5D=16&content%5B8%5D=14&content%5B9%5D=-1&content%5B11%5D=&content%5B12%5D=&content%5B13%5D=&content%5B14%5D=3 HTTP/1.1" 200 3722 "http://imgame1.cf.ac.uk/s4_260_1_54" "Mozilla/5.0 (X11; Ubuntu; Linux x86_64; rv:42.0) Gecko/20100101 Firefox/42.0"
148.81.190.226 - - [25/Apr/2016:11:19:04 +0100] "GET /webServices/step2/step2RunController.php?permissions=255&messageType=storeStep2reply&exptId=332&jType=0&content%5B0%5D=3&content%5B1%5D=Zazwyczaj%2520raz%252C%2520dwa%2520razy%2520w%2520miesi%25C4%2585cu%252C%2520%25C5%259Brednio%2520co%2520drug%25C4%2585%2520imprez%25C4%2599%2520&content%5B2%5D=1&content%5B3%5D=10407&content%5B4%5D=0&content%5B5%5D=-1&content%5B6%5D= HTTP/1.1" 200 118 "http://imgame1.cf.ac.uk/s2_332_0" "Mozilla/5.0 (Windows NT 5.1) AppleWebKit/537.36 (KHTML, like Gecko) Chrome/43.0.2357.130 Safari/537.36"
148.81.190.226 - - [25/Apr/2016:11:19:10 +0100] "GET /webServices/step2/step2RunController.php?permissions=255&messageType=storeStep2reply&exptId=332&jType=0&content%5B0%5D=1&content%5B1%5D=To%2520jest%2520Pop%252C%2520ale%2520czasem%2520podoba%2520mi%2520Rap.%2520Jeszcze%2520czasami%2520s%25C5%2582ucham%2520Adelle%252C%2520bo%2520ona%2520ma%2520taki%2520sami%2520pogl%25C4%2585dy%2520na%2520%25C5%25BCycie%2520jak%2520i%2520ja.&content%5B2%5D=1&content%5B3%5D=10411&content%5B4%5D=0&content%5B5%5D=-1&content%5B6%5D= HTTP/1.1" 200 161 "http://imgame1.cf.ac.uk/s2_332_0" "Mozilla/5.0 (Windows NT 5.1) AppleWebKit/537.36 (KHTML, like Gecko) Chrome/49.0.2623.112 Safari/537.36"
148.81.190.226 - - [25/Apr/2016:11:19:21 +0100] "GET /webServices/step2/step2RunController.php?permissions=255&messageType=storeStep2reply&exptId=332&jType=0&content%5B0%5D=4&content%5B1%5D=Oczywi%25C5%259Bcie%2520Gaga&content%5B2%5D=1&content%5B3%5D=10407&content%5B4%5D=0&content%5B5%5D=-1&content%5B6%5D= HTTP/1.1" 200 119 "http://imgame1.cf.ac.uk/s2_332_0" "Mozilla/5.0 (Windows NT 5.1) AppleWebKit/537.36 (KHTML, like Gecko) Chrome/43.0.2357.130 Safari/537.36"
148.81.190.226 - - [25/Apr/2016:11:19:56 +0100] "GET /webServices/step2/step2RunController.php?permissions=255&messageType=storeStep2reply&exptId=332&jType=0&content%5B0%5D=5&content%5B1%5D=wysoki%252C%2520%25C5%259Bniady%252C%2520dobrze%2520zbudowany%2520brunet%2520z%2520ciemnymi%2520oczami&content%5B2%5D=1&content%5B3%5D=10407&content%5B4%5D=0&content%5B5%5D=-1&content%5B6%5D= HTTP/1.1" 200 146 "http://imgame1.cf.ac.uk/s2_332_0" "Mozilla/5.0 (Windows NT 5.1) AppleWebKit/537.36 (KHTML, like Gecko) Chrome/43.0.2357.130 Safari/537.36"
148.81.190.226 - - [25/Apr/2016:11:20:20 +0100] "GET /webServices/step2/step2RunController.php?permissions=255&messageType=storeStep2reply&exptId=332&jType=0&content%5B0%5D=4&content%5B1%5D=Zakazany%2520owoc%2520-%2520niby%2520wiesz%2520%25C5%25BCe%2520to%2520jest%2520nie%2520w%2520porz%25C4%2585dku%2520ale%2520jakby%25C5%259B%2520bardzo%2520tego%2520pragn%25C4%2585%25C5%2582%2520to%2520to%2520dostaniesz%252C%2520ka%25C5%25BCdy%2520ma%2520co%25C5%259B%2520w%2520sobie%2520z%2520geja%2520nawet%2520je%25C5%259Bli%2520bardzo%2520si%25C4%2599%2520przed%2520tym%2520broni&content%5B2%5D=1&content%5B3%5D=10408&content%5B4%5D=0&content%5B5%5D=-1&content%5B6%5D= HTTP/1.1" 200 179 "http://imgame1.cf.ac.uk/s2_332_0" "Mozilla/5.0 (Windows NT 5.1) AppleWebKit/537.36 (KHTML, like Gecko) Chrome/43.0.2357.124 Safari/537.36"
148.81.190.226 - - [25/Apr/2016:11:20:50 +0100] "GET /webServices/step2/step2RunController.php?permissions=255&messageType=storeStep2reply&exptId=332&jType=0&content%5B0%5D=6&content%5B1%5D=Przez%2520presj%25C4%2599%2520rodzic%25C3%25B3w%2520spr%25C3%25B3bowa%25C5%2582em%2520w%2520klasie%2520maturalnej%2520ale%2520do%2520niczego%2520koniec%2520ko%25C5%2584c%25C3%25B3w%2520nie%2520dosz%25C5%2582o.%2520By%25C5%2582o%2520okropnie.&content%5B2%5D=1&content%5B3%5D=10407&content%5B4%5D=0&content%5B5%5D=-1&content%5B6%5D= HTTP/1.1" 200 158 "http://imgame1.cf.ac.uk/s2_332_0" "Mozilla/5.0 (Windows NT 5.1) AppleWebKit/537.36 (KHTML, like Gecko) Chrome/43.0.2357.130 Safari/537.36"
148.81.190.226 - - [25/Apr/2016:11:21:59 +0100] "GET /webServices/step2/step2RunController.php?permissions=255&messageType=storeStep2reply&exptId=332&jType=0&content%5B0%5D=0&content%5B1%5D=Mi%2520by%25C5%2582y%252017%2520lat%2520kiedy%2520zrozumia%25C5%2582em%2520%25C5%25BCe%2520pi%25C4%2599kni%2520ch%25C5%2582opacy%2520s%25C4%2585%2520lepsze%2520za%2520dziewczyny.%2520wtedy%2520i%2520zrozumia%25C5%2582em%2520%25C5%25BCe%2520jestem%2520gejem.%2520Mnie%2520absolutnie%2520nie%2520przyci%25C4%2585ga%25C5%2582y%2520dziewczyny.&content%5B2%5D=1&content%5B3%5D=10409&content%5B4%5D=0&content%5B5%5D=-1&content%5B6%5D= HTTP/1.1" 200 132 "http://imgame1.cf.ac.uk/s2_332_0" "Mozilla/5.0 (Windows NT 5.1) AppleWebKit/537.36 (KHTML, like Gecko) Chrome/43.0.2357.124 Safari/537.36"
148.81.190.226 - - [25/Apr/2016:11:22:00 +0100] "GET /webServices/step2/step2RunController.php?permissions=255&messageType=storeStep2reply&exptId=332&jType=0&content%5B0%5D=5&content%5B1%5D=Ciemne%2520w%25C5%2582osy%252C%2520modna%2520fryzura%252C%2520zarost%252C%2520dobra%2520budowa%2520cia%25C5%2582a%252C%2520wszechstronno%25C5%259B%25C4%2587%252C%2520taki%2520przy%2520kt%25C3%25B3rym%2520czu%25C5%2582bym%2520si%25C4%2599%2520bezpiecznie%252C%2520taki%2520kt%25C3%25B3ry%2520nie%2520przejmuje%2520si%25C4%2599%2520opini%25C4%2585%2520innych%2520i%2520potrafi%2520wszystko%2520za%25C5%2582atwi%25C4%2587&content%5B2%5D=1&content%5B3%5D=10408&content%5B4%5D=0&content%5B5%5D=-1&content%5B6%5D= HTTP/1.1" 200 298 "http://imgame1.cf.ac.uk/s2_332_0" "Mozilla/5.0 (Windows NT 5.1) AppleWebKit/537.36 (KHTML, like Gecko) Chrome/43.0.2357.124 Safari/537.36"
148.81.190.226 - - [25/Apr/2016:11:22:34 +0100] "GET /webServices/step2/step2RunController.php?permissions=255&messageType=storeStep2reply&exptId=332&jType=0&content%5B0%5D=7&content%5B1%5D=Momentalny%2520wytrysk%2520dwa%2520razy%2520podczas%2520jednego%2520stosunku%252C%2520straszny%2520wstyd.&content%5B2%5D=1&content%5B3%5D=10407&content%5B4%5D=0&content%5B5%5D=-1&content%5B6%5D= HTTP/1.1" 200 75 "http://imgame1.cf.ac.uk/s2_332_0" "Mozilla/5.0 (Windows NT 5.1) AppleWebKit/537.36 (KHTML, like Gecko) Chrome/43.0.2357.130 Safari/537.36"
176.63.2.99 - - [25/Apr/2016:11:22:35 +0100] "GET /webServices/step4/step4RunController.php?permissions=255&exptId=260&jType=1&s4jNo=54&messageType=step4storeRating&content%5B0%5D=&content%5B1%5D=haveResponse&content%5B2%5D=0&content%5B3%5D=interval2&content%5B4%5D=Mell%C3%A9besz%C3%A9l%C5%91s+a+telefonos+v%C3%A1lasza%2C+%C3%ADgy+gondolom%2C+hogy+%C5%91+egy+n%C5%91%2C+mivel+%C5%91k+kev%C3%A9sb%C3%A9+%C3%A9rtenek+a+telefonokhoz.+A+sportos+v%C3%A1lasz+viszont+meglep%C5%91%2C+mert+mindk%C3%A9t+v%C3%A1lasz+r%C3%A9szletes+%C3%A9s+egy+n%C5%91+nem+tudhat+sokmindent+a+t%C3%A9m%C3%A1r%C3%B3l.&content%5B5%5D=1&content%5B6%5D=1&content%5B7%5D=17&content%5B8%5D=10&content%5B9%5D=-1&content%5B11%5D=&content%5B12%5D=&content%5B13%5D=&content%5B14%5D=17 HTTP/1.1" 200 82 "http://imgame1.cf.ac.uk/s4_260_1_54" "Mozilla/5.0 (X11; Ubuntu; Linux x86_64; rv:42.0) Gecko/20100101 Firefox/42.0"
176.63.2.99 - - [25/Apr/2016:11:22:35 +0100] "POST /sf_260_11_1_54 HTTP/1.1" 200 13414 "http://imgame1.cf.ac.uk/s4_260_1_54" "Mozilla/5.0 (X11; Ubuntu; Linux x86_64; rv:42.0) Gecko/20100101 Firefox/42.0"
176.63.2.99 - - [25/Apr/2016:11:22:36 +0100] "GET /jquery-themes/imgame.min.css HTTP/1.1" 200 30735 "http://imgame1.cf.ac.uk/sf_260_11_1_54" "Mozilla/5.0 (X11; Ubuntu; Linux x86_64; rv:42.0) Gecko/20100101 Firefox/42.0"
176.63.2.99 - - [25/Apr/2016:11:22:36 +0100] "GET /jquery-mobile/jquery.mobile.structure-1.4.5.min.css HTTP/1.1" 200 68712 "http://imgame1.cf.ac.uk/sf_260_11_1_54" "Mozilla/5.0 (X11; Ubuntu; Linux x86_64; rv:42.0) Gecko/20100101 Firefox/42.0"
176.63.2.99 - - [25/Apr/2016:11:22:36 +0100] "GET /jquery-themes/jquery.mobile.icons.min.css HTTP/1.1" 200 127053 "http://imgame1.cf.ac.uk/sf_260_11_1_54" "Mozilla/5.0 (X11; Ubuntu; Linux x86_64; rv:42.0) Gecko/20100101 Firefox/42.0"
176.63.2.99 - - [25/Apr/2016:11:22:36 +0100] "GET /jquery-mobile/page.modifiers.js HTTP/1.1" 200 527 "http://imgame1.cf.ac.uk/sf_260_11_1_54" "Mozilla/5.0 (X11; Ubuntu; Linux x86_64; rv:42.0) Gecko/20100101 Firefox/42.0"
176.63.2.99 - - [25/Apr/2016:11:22:36 +0100] "GET /mobile-css/1024.css HTTP/1.1" 200 346 "http://imgame1.cf.ac.uk/sf_260_11_1_54" "Mozilla/5.0 (X11; Ubuntu; Linux x86_64; rv:42.0) Gecko/20100101 Firefox/42.0"
176.63.2.99 - - [25/Apr/2016:11:22:36 +0100] "GET /jquery-mobile/jquery.mobile.overrides.js HTTP/1.1" 200 355 "http://imgame1.cf.ac.uk/sf_260_11_1_54" "Mozilla/5.0 (X11; Ubuntu; Linux x86_64; rv:42.0) Gecko/20100101 Firefox/42.0"
176.63.2.99 - - [25/Apr/2016:11:22:36 +0100] "GET /jquery-mobile/jqmOverrides.css HTTP/1.1" 200 685 "http://imgame1.cf.ac.uk/sf_260_11_1_54" "Mozilla/5.0 (X11; Ubuntu; Linux x86_64; rv:42.0) Gecko/20100101 Firefox/42.0"
176.63.2.99 - - [25/Apr/2016:11:22:36 +0100] "GET /js/ko/ko-mapping.js HTTP/1.1" 200 11106 "http://imgame1.cf.ac.uk/sf_260_11_1_54" "Mozilla/5.0 (X11; Ubuntu; Linux x86_64; rv:42.0) Gecko/20100101 Firefox/42.0"
176.63.2.99 - - [25/Apr/2016:11:22:36 +0100] "GET /js/ko/knockout-3.3.0.js HTTP/1.1" 200 55956 "http://imgame1.cf.ac.uk/sf_260_11_1_54" "Mozilla/5.0 (X11; Ubuntu; Linux x86_64; rv:42.0) Gecko/20100101 Firefox/42.0"
176.63.2.99 - - [25/Apr/2016:11:22:36 +0100] "GET /js/forms/stepFormRuntime.js HTTP/1.1" 200 21132 "http://imgame1.cf.ac.uk/sf_260_11_1_54" "Mozilla/5.0 (X11; Ubuntu; Linux x86_64; rv:42.0) Gecko/20100101 Firefox/42.0"
176.63.2.99 - - [25/Apr/2016:11:22:36 +0100] "GET /jquery-mobile/jquery.mobile-1.4.5.min.js HTTP/1.1" 200 200143 "http://imgame1.cf.ac.uk/sf_260_11_1_54" "Mozilla/5.0 (X11; Ubuntu; Linux x86_64; rv:42.0) Gecko/20100101 Firefox/42.0"
176.63.2.99 - - [25/Apr/2016:11:22:37 +0100] "GET /jquery-themes/images/ajax-loader.gif HTTP/1.1" 200 6242 "http://imgame1.cf.ac.uk/jquery-themes/imgame.min.css" "Mozilla/5.0 (X11; Ubuntu; Linux x86_64; rv:42.0) Gecko/20100101 Firefox/42.0"
176.63.2.99 - - [25/Apr/2016:11:22:37 +0100] "GET /webServices/forms/stepFormRuntimeController.php?permissions=255&messageType=formSettings&exptId=260&formType=11&jType=1 HTTP/1.1" 200 388 "http://imgame1.cf.ac.uk/sf_260_11_1_54" "Mozilla/5.0 (X11; Ubuntu; Linux x86_64; rv:42.0) Gecko/20100101 Firefox/42.0"
176.63.2.99 - - [25/Apr/2016:11:22:37 +0100] "GET /webServices/admin/getStepFormAsJSON.php?permissions=255&exptId=260&formType=11&jType=1 HTTP/1.1" 200 45919 "http://imgame1.cf.ac.uk/sf_260_11_1_54" "Mozilla/5.0 (X11; Ubuntu; Linux x86_64; rv:42.0) Gecko/20100101 Firefox/42.0"
152.66.148.150 - - [25/Apr/2016:11:22:45 +0100] "GET /s4_260_0_51 HTTP/1.1" 200 2465 "-" "Mozilla/5.0 (Linux; Android 4.1.2; GT-I8190 Build/JZO54K) AppleWebKit/537.36 (KHTML, like Gecko) Chrome/49.0.2623.105 Mobile Safari/537.36"
152.66.148.150 - - [25/Apr/2016:11:22:47 +0100] "GET /css/481-1023.css HTTP/1.1" 200 1716 "http://imgame1.cf.ac.uk/s4_260_0_51" "Mozilla/5.0 (Linux; Android 4.1.2; GT-I8190 Build/JZO54K) AppleWebKit/537.36 (KHTML, like Gecko) Chrome/49.0.2623.105 Mobile Safari/537.36"
152.66.148.150 - - [25/Apr/2016:11:22:47 +0100] "GET /css/0-479.css HTTP/1.1" 200 1290 "http://imgame1.cf.ac.uk/s4_260_0_51" "Mozilla/5.0 (Linux; Android 4.1.2; GT-I8190 Build/JZO54K) AppleWebKit/537.36 (KHTML, like Gecko) Chrome/49.0.2623.105 Mobile Safari/537.36"
152.66.148.150 - - [25/Apr/2016:11:22:47 +0100] "GET /js/step4/step4RunController.js HTTP/1.1" 200 23185 "http://imgame1.cf.ac.uk/s4_260_0_51" "Mozilla/5.0 (Linux; Android 4.1.2; GT-I8190 Build/JZO54K) AppleWebKit/537.36 (KHTML, like Gecko) Chrome/49.0.2623.105 Mobile Safari/537.36"
152.66.148.150 - - [25/Apr/2016:11:22:47 +0100] "GET /css/480.css HTTP/1.1" 200 1750 "http://imgame1.cf.ac.uk/s4_260_0_51" "Mozilla/5.0 (Linux; Android 4.1.2; GT-I8190 Build/JZO54K) AppleWebKit/537.36 (KHTML, like Gecko) Chrome/49.0.2623.105 Mobile Safari/537.36"
152.66.148.150 - - [25/Apr/2016:11:22:47 +0100] "GET /css/basic.css HTTP/1.1" 200 56434 "http://imgame1.cf.ac.uk/s4_260_0_51" "Mozilla/5.0 (Linux; Android 4.1.2; GT-I8190 Build/JZO54K) AppleWebKit/537.36 (KHTML, like Gecko) Chrome/49.0.2623.105 Mobile Safari/537.36"
152.66.148.150 - - [25/Apr/2016:11:22:47 +0100] "GET /jquery/jquery-2.1.3.min.js HTTP/1.1" 200 84320 "http://imgame1.cf.ac.uk/s4_260_0_51" "Mozilla/5.0 (Linux; Android 4.1.2; GT-I8190 Build/JZO54K) AppleWebKit/537.36 (KHTML, like Gecko) Chrome/49.0.2623.105 Mobile Safari/537.36"
152.66.148.150 - - [25/Apr/2016:11:22:47 +0100] "GET /css/1024.css HTTP/1.1" 200 1308 "http://imgame1.cf.ac.uk/s4_260_0_51" "Mozilla/5.0 (Linux; Android 4.1.2; GT-I8190 Build/JZO54K) AppleWebKit/537.36 (KHTML, like Gecko) Chrome/49.0.2623.105 Mobile Safari/537.36"
152.66.148.150 - - [25/Apr/2016:11:22:47 +0100] "GET /jquery-ui-1.11.1/jquery-ui.min.js HTTP/1.1" 200 238314 "http://imgame1.cf.ac.uk/s4_260_0_51" "Mozilla/5.0 (Linux; Android 4.1.2; GT-I8190 Build/JZO54K) AppleWebKit/537.36 (KHTML, like Gecko) Chrome/49.0.2623.105 Mobile Safari/537.36"
152.66.148.150 - - [25/Apr/2016:11:22:47 +0100] "GET /images/tabNumberOne.gif HTTP/1.1" 200 402 "http://imgame1.cf.ac.uk/css/basic.css" "Mozilla/5.0 (Linux; Android 4.1.2; GT-I8190 Build/JZO54K) AppleWebKit/537.36 (KHTML, like Gecko) Chrome/49.0.2623.105 Mobile Safari/537.36"
152.66.148.150 - - [25/Apr/2016:11:22:53 +0100] "GET /webServices/step4/step4RunController.php?permissions=255&exptId=260&jType=0&s4jNo=51&messageType=step4RunConnect&content%5B0%5D= HTTP/1.1" 200 2139 "http://imgame1.cf.ac.uk/s4_260_0_51" "Mozilla/5.0 (Linux; Android 4.1.2; GT-I8190 Build/JZO54K) AppleWebKit/537.36 (KHTML, like Gecko) Chrome/49.0.2623.105 Mobile Safari/537.36"
152.66.148.150 - - [25/Apr/2016:11:22:55 +0100] "GET /webServices/step4/step4RunController.php?permissions=255&exptId=260&jType=0&s4jNo=51&messageType=ratingParams&content%5B0%5D= HTTP/1.1" 200 460 "http://imgame1.cf.ac.uk/s4_260_0_51" "Mozilla/5.0 (Linux; Android 4.1.2; GT-I8190 Build/JZO54K) AppleWebKit/537.36 (KHTML, like Gecko) Chrome/49.0.2623.105 Mobile Safari/537.36"
152.66.148.150 - - [25/Apr/2016:11:22:57 +0100] "GET /webServices/step4/step4RunController.php?permissions=255&exptId=260&jType=0&s4jNo=51&messageType=startPage&content%5B0%5D= HTTP/1.1" 200 60 "http://imgame1.cf.ac.uk/s4_260_0_51" "Mozilla/5.0 (Linux; Android 4.1.2; GT-I8190 Build/JZO54K) AppleWebKit/537.36 (KHTML, like Gecko) Chrome/49.0.2623.105 Mobile Safari/537.36"
152.66.148.150 - - [25/Apr/2016:11:23:01 +0100] "GET /favicon.ico HTTP/1.1" 200 1150 "http://imgame1.cf.ac.uk/s4_260_0_51" "Mozilla/5.0 (Linux; Android 4.1.2; GT-I8190 Build/JZO54K) AppleWebKit/537.36 (KHTML, like Gecko) Chrome/49.0.2623.105 Mobile Safari/537.36"
152.66.148.150 - - [25/Apr/2016:11:23:02 +0100] "GET /webServices/step4/step4RunController.php?permissions=255&exptId=260&jType=0&s4jNo=51&messageType=nextPage&content%5B0%5D= HTTP/1.1" 200 4516 "http://imgame1.cf.ac.uk/s4_260_0_51" "Mozilla/5.0 (Linux; Android 4.1.2; GT-I8190 Build/JZO54K) AppleWebKit/537.36 (KHTML, like Gecko) Chrome/49.0.2623.105 Mobile Safari/537.36"
152.66.148.150 - - [25/Apr/2016:11:23:03 +0100] "GET /images/slideBar.gif HTTP/1.1" 200 428 "http://imgame1.cf.ac.uk/css/basic.css" "Mozilla/5.0 (Linux; Android 4.1.2; GT-I8190 Build/JZO54K) AppleWebKit/537.36 (KHTML, like Gecko) Chrome/49.0.2623.105 Mobile Safari/537.36"
152.66.148.150 - - [25/Apr/2016:11:23:03 +0100] "GET /images/slidePointer.png HTTP/1.1" 200 1032 "http://imgame1.cf.ac.uk/css/basic.css" "Mozilla/5.0 (Linux; Android 4.1.2; GT-I8190 Build/JZO54K) AppleWebKit/537.36 (KHTML, like Gecko) Chrome/49.0.2623.105 Mobile Safari/537.36"
152.66.148.150 - - [25/Apr/2016:11:23:04 +0100] "GET /images/tabStatusYourTurn.png HTTP/1.1" 200 324 "http://imgame1.cf.ac.uk/css/basic.css" "Mozilla/5.0 (Linux; Android 4.1.2; GT-I8190 Build/JZO54K) AppleWebKit/537.36 (KHTML, like Gecko) Chrome/49.0.2623.105 Mobile Safari/537.36"
152.66.148.150 - - [25/Apr/2016:11:23:04 +0100] "GET /images/judgementBubbleTip.gif HTTP/1.1" 200 3229 "http://imgame1.cf.ac.uk/css/basic.css" "Mozilla/5.0 (Linux; Android 4.1.2; GT-I8190 Build/JZO54K) AppleWebKit/537.36 (KHTML, like Gecko) Chrome/49.0.2623.105 Mobile Safari/537.36"
152.66.148.150 - - [25/Apr/2016:11:23:04 +0100] "GET /images/judgementBubble.gif HTTP/1.1" 200 14504 "http://imgame1.cf.ac.uk/css/basic.css" "Mozilla/5.0 (Linux; Android 4.1.2; GT-I8190 Build/JZO54K) AppleWebKit/537.36 (KHTML, like Gecko) Chrome/49.0.2623.105 Mobile Safari/537.36"
152.66.148.150 - - [25/Apr/2016:11:23:04 +0100] "GET /images/slideInterval.gif HTTP/1.1" 200 308 "http://imgame1.cf.ac.uk/css/basic.css" "Mozilla/5.0 (Linux; Android 4.1.2; GT-I8190 Build/JZO54K) AppleWebKit/537.36 (KHTML, like Gecko) Chrome/49.0.2623.105 Mobile Safari/537.36"
148.81.190.226 - - [25/Apr/2016:11:23:20 +0100] "GET /webServices/step2/step2RunController.php?permissions=255&messageType=storeStep2reply&exptId=332&jType=0&content%5B0%5D=0&content%5B1%5D=Tom%2520Hefners&content%5B2%5D=1&content%5B3%5D=10396&content%5B4%5D=0&content%5B5%5D=-1&content%5B6%5D= HTTP/1.1" 200 135 "http://imgame1.cf.ac.uk/s2_332_0" "Mozilla/5.0 (Windows NT 5.1) AppleWebKit/537.36 (KHTML, like Gecko) Chrome/43.0.2357.130 Safari/537.36"
176.63.2.99 - - [25/Apr/2016:11:23:39 +0100] "POST /webServices/forms/storeStepFormResponses.php HTTP/1.1" 200 92 "http://imgame1.cf.ac.uk/sf_260_11_1_54" "Mozilla/5.0 (X11; Ubuntu; Linux x86_64; rv:42.0) Gecko/20100101 Firefox/42.0"
148.81.190.226 - - [25/Apr/2016:11:23:49 +0100] "GET /webServices/step2/step2RunController.php?permissions=255&messageType=storeStep2reply&exptId=332&jType=0&content%5B0%5D=1&content%5B1%5D=House%2520%2520%2520%2520%2520%2520%2520&content%5B2%5D=1&content%5B3%5D=10396&content%5B4%5D=0&content%5B5%5D=-1&content%5B6%5D= HTTP/1.1" 200 161 "http://imgame1.cf.ac.uk/s2_332_0" "Mozilla/5.0 (Windows NT 5.1) AppleWebKit/537.36 (KHTML, like Gecko) Chrome/43.0.2357.130 Safari/537.36"
