223.204.246.53 - - [23/Apr/2016:08:10:36 +0100] "GET /webServices/step2/step2RunController.php?permissions=255&messageType=storeStep2reply&exptId=332&jType=0&content%5B0%5D=5&content%5B1%5D=Gdzie%2520i%252Falbo%2520kiedy%2520czujesz%2520si%25C4%2599%2520najbardziej%2520wyeksponowany%2520i%2520bezbronny%2520jako%2520gej%253FGdzie%2520i%252Falbo%2520kiedy%2520czujesz%2520si%25C4%2599%2520najbardziej%2520wyeksponowany%2520i%2520bezbronny%2520jako%2520gej%253F&content%5B2%5D=1&content%5B3%5D=10264&content%5B4%5D=0&content%5B5%5D=-1&content%5B6%5D= HTTP/1.1" 200 200 "http://imgame1.cf.ac.uk/s2_332_0" "Mozilla/5.0 (Windows NT 10.0; WOW64) AppleWebKit/537.36 (KHTML, like Gecko) Chrome/49.0.2623.112 Safari/537.36"
223.204.246.53 - - [23/Apr/2016:08:10:50 +0100] "POST /index.php HTTP/1.1" 200 12406 "http://imgame1.cf.ac.uk/index.php" "Mozilla/5.0 (Windows NT 10.0; WOW64) AppleWebKit/537.36 (KHTML, like Gecko) Chrome/49.0.2623.112 Safari/537.36"
223.204.246.53 - - [23/Apr/2016:08:10:57 +0100] "GET /index.php HTTP/1.1" 200 4109 "http://imgame1.cf.ac.uk/index.php" "Mozilla/5.0 (Windows NT 10.0; WOW64) AppleWebKit/537.36 (KHTML, like Gecko) Chrome/49.0.2623.112 Safari/537.36"
223.204.246.53 - - [23/Apr/2016:08:10:57 +0100] "GET /jquery-themes/imgame.min.css HTTP/1.1" 304 - "http://imgame1.cf.ac.uk/index.php" "Mozilla/5.0 (Windows NT 10.0; WOW64) AppleWebKit/537.36 (KHTML, like Gecko) Chrome/49.0.2623.112 Safari/537.36"
223.204.246.53 - - [23/Apr/2016:08:10:57 +0100] "GET /jquery/jquery-2.1.3.min.js HTTP/1.1" 304 - "http://imgame1.cf.ac.uk/index.php" "Mozilla/5.0 (Windows NT 10.0; WOW64) AppleWebKit/537.36 (KHTML, like Gecko) Chrome/49.0.2623.112 Safari/537.36"
223.204.246.53 - - [23/Apr/2016:08:10:57 +0100] "GET /jquery-mobile/jquery.mobile.icons-1.4.5.min.css HTTP/1.1" 304 - "http://imgame1.cf.ac.uk/index.php" "Mozilla/5.0 (Windows NT 10.0; WOW64) AppleWebKit/537.36 (KHTML, like Gecko) Chrome/49.0.2623.112 Safari/537.36"
223.204.246.53 - - [23/Apr/2016:08:10:58 +0100] "GET /jquery-mobile/jquery.mobile-1.4.5.min.js HTTP/1.1" 304 - "http://imgame1.cf.ac.uk/index.php" "Mozilla/5.0 (Windows NT 10.0; WOW64) AppleWebKit/537.36 (KHTML, like Gecko) Chrome/49.0.2623.112 Safari/537.36"
223.204.246.53 - - [23/Apr/2016:08:10:58 +0100] "GET /jquery-mobile/jquery.mobile.overrides.js HTTP/1.1" 304 - "http://imgame1.cf.ac.uk/index.php" "Mozilla/5.0 (Windows NT 10.0; WOW64) AppleWebKit/537.36 (KHTML, like Gecko) Chrome/49.0.2623.112 Safari/537.36"
223.204.246.53 - - [23/Apr/2016:08:10:58 +0100] "GET /jquery-mobile/page.modifiers.js HTTP/1.1" 304 - "http://imgame1.cf.ac.uk/index.php" "Mozilla/5.0 (Windows NT 10.0; WOW64) AppleWebKit/537.36 (KHTML, like Gecko) Chrome/49.0.2623.112 Safari/537.36"
223.204.246.53 - - [23/Apr/2016:08:10:58 +0100] "GET /jquery-validation/jquery.validate.min.js HTTP/1.1" 304 - "http://imgame1.cf.ac.uk/index.php" "Mozilla/5.0 (Windows NT 10.0; WOW64) AppleWebKit/537.36 (KHTML, like Gecko) Chrome/49.0.2623.112 Safari/537.36"
223.204.246.53 - - [23/Apr/2016:08:10:58 +0100] "GET /jquery-validation/additional-methods.min.js HTTP/1.1" 304 - "http://imgame1.cf.ac.uk/index.php" "Mozilla/5.0 (Windows NT 10.0; WOW64) AppleWebKit/537.36 (KHTML, like Gecko) Chrome/49.0.2623.112 Safari/537.36"
223.204.246.53 - - [23/Apr/2016:08:10:58 +0100] "GET /js/global/loginRegister.js HTTP/1.1" 304 - "http://imgame1.cf.ac.uk/index.php" "Mozilla/5.0 (Windows NT 10.0; WOW64) AppleWebKit/537.36 (KHTML, like Gecko) Chrome/49.0.2623.112 Safari/537.36"
223.204.246.53 - - [23/Apr/2016:08:11:07 +0100] "GET /jquery-mobile/jquery.mobile.structure-1.4.5.min.css HTTP/1.1" 304 - "http://imgame1.cf.ac.uk/index.php" "Mozilla/5.0 (Windows NT 10.0; WOW64) AppleWebKit/537.36 (KHTML, like Gecko) Chrome/49.0.2623.112 Safari/537.36"
223.204.246.53 - - [23/Apr/2016:08:11:07 +0100] "GET /mobile-css/1024.css HTTP/1.1" 304 - "http://imgame1.cf.ac.uk/index.php" "Mozilla/5.0 (Windows NT 10.0; WOW64) AppleWebKit/537.36 (KHTML, like Gecko) Chrome/49.0.2623.112 Safari/537.36"
223.204.246.53 - - [23/Apr/2016:08:11:07 +0100] "GET /favicon.ico HTTP/1.1" 200 1150 "http://imgame1.cf.ac.uk/index.php" "Mozilla/5.0 (Windows NT 10.0; WOW64) AppleWebKit/537.36 (KHTML, like Gecko) Chrome/49.0.2623.112 Safari/537.36"
223.204.246.53 - - [23/Apr/2016:08:11:09 +0100] "POST /index.php HTTP/1.1" 200 2611 "http://imgame1.cf.ac.uk/index.php" "Mozilla/5.0 (Windows NT 10.0; WOW64) AppleWebKit/537.36 (KHTML, like Gecko) Chrome/49.0.2623.112 Safari/537.36"
10.239.32.89 - - [23/Apr/2016:08:11:10 +0100] "POST /index.php HTTP/1.1" 200 2610 "-" "-"
223.204.246.53 - - [23/Apr/2016:08:11:10 +0100] "GET /webServices/admin/experimentConfiguration.php?uid=28&permissions=255&messageType=adminHubItems&content=controls+and+items+for+admin+hub HTTP/1.1" 200 680002 "http://imgame1.cf.ac.uk/index.php" "Mozilla/5.0 (Windows NT 10.0; WOW64) AppleWebKit/537.36 (KHTML, like Gecko) Chrome/49.0.2623.112 Safari/537.36"
223.204.246.53 - - [23/Apr/2016:08:11:20 +0100] "POST /index.php HTTP/1.1" 200 5816 "http://imgame1.cf.ac.uk/index.php" "Mozilla/5.0 (Windows NT 10.0; WOW64) AppleWebKit/537.36 (KHTML, like Gecko) Chrome/49.0.2623.112 Safari/537.36"
223.204.246.53 - - [23/Apr/2016:08:11:21 +0100] "GET /webServices/admin/experimentConfiguration.php?uid=28&exptId=332&permissions=255&messageType=exptControls&content=top+level+experiment+controls HTTP/1.1" 200 8472 "http://imgame1.cf.ac.uk/index.php" "Mozilla/5.0 (Windows NT 10.0; WOW64) AppleWebKit/537.36 (KHTML, like Gecko) Chrome/49.0.2623.112 Safari/537.36"
223.204.246.53 - - [23/Apr/2016:08:11:29 +0100] "POST /index.php HTTP/1.1" 200 3946 "http://imgame1.cf.ac.uk/index.php" "Mozilla/5.0 (Windows NT 10.0; WOW64) AppleWebKit/537.36 (KHTML, like Gecko) Chrome/49.0.2623.112 Safari/537.36"
223.204.246.53 - - [23/Apr/2016:08:11:30 +0100] "GET /webServices/admin/experimentConfiguration.php?uid=28&permissions=255&messageType=exptSection&exptId=332&content=15 HTTP/1.1" 200 15060 "http://imgame1.cf.ac.uk/index.php" "Mozilla/5.0 (Windows NT 10.0; WOW64) AppleWebKit/537.36 (KHTML, like Gecko) Chrome/49.0.2623.112 Safari/537.36"
223.204.246.53 - - [23/Apr/2016:08:11:40 +0100] "POST /webServices/admin/storeExperimentSection.php HTTP/1.1" 200 - "http://imgame1.cf.ac.uk/index.php" "Mozilla/5.0 (Windows NT 10.0; WOW64) AppleWebKit/537.36 (KHTML, like Gecko) Chrome/49.0.2623.112 Safari/537.36"
223.204.246.53 - - [23/Apr/2016:08:12:01 +0100] "GET /webServices/step2/step2RunController.php?permissions=255&messageType=storeStep2reply&exptId=332&jType=0&content%5B0%5D=6&content%5B1%5D=Gdzie%2520i%252Falbo%2520kiedy%2520czujesz%2520si%25C4%2599%2520najbardziej%2520wyeksponowany%2520i%2520bezbronny%2520jako%2520gej%253FGdzie%2520i%252Falbo%2520kiedy%2520czujesz%2520si%25C4%2599%2520najbardziej%2520wyeksponowany%2520i%2520bezbronny%2520jako%2520gej%253F&content%5B2%5D=1&content%5B3%5D=10264&content%5B4%5D=0&content%5B5%5D=-1&content%5B6%5D= HTTP/1.1" 200 204 "http://imgame1.cf.ac.uk/s2_332_0" "Mozilla/5.0 (Windows NT 10.0; WOW64) AppleWebKit/537.36 (KHTML, like Gecko) Chrome/49.0.2623.112 Safari/537.36"
223.204.246.53 - - [23/Apr/2016:08:12:05 +0100] "GET /webServices/step2/step2RunController.php?permissions=255&messageType=storeStep2reply&exptId=332&jType=0&content%5B0%5D=7&content%5B1%5D=Gdzie%2520i%252Falbo%2520kiedy%2520czujesz%2520si%25C4%2599%2520najbardziej%2520wyeksponowany%2520i%2520bezbronny%2520jako%2520gej%253FGdzie%2520i%252Falbo%2520kiedy%2520czujesz%2520si%25C4%2599%2520najbardziej%2520wyeksponowany%2520i%2520bezbronny%2520jako%2520gej%253F&content%5B2%5D=1&content%5B3%5D=10264&content%5B4%5D=0&content%5B5%5D=-1&content%5B6%5D= HTTP/1.1" 200 75 "http://imgame1.cf.ac.uk/s2_332_0" "Mozilla/5.0 (Windows NT 10.0; WOW64) AppleWebKit/537.36 (KHTML, like Gecko) Chrome/49.0.2623.112 Safari/537.36"
223.204.246.53 - - [23/Apr/2016:08:12:06 +0100] "POST /sf_332_7_0_-1 HTTP/1.1" 200 16511 "http://imgame1.cf.ac.uk/s2_332_0" "Mozilla/5.0 (Windows NT 10.0; WOW64) AppleWebKit/537.36 (KHTML, like Gecko) Chrome/49.0.2623.112 Safari/537.36"
223.204.246.53 - - [23/Apr/2016:08:12:07 +0100] "GET /webServices/forms/stepFormRuntimeController.php?permissions=255&messageType=formSettings&exptId=332&formType=7&jType=0 HTTP/1.1" 200 388 "http://imgame1.cf.ac.uk/sf_332_7_0_-1" "Mozilla/5.0 (Windows NT 10.0; WOW64) AppleWebKit/537.36 (KHTML, like Gecko) Chrome/49.0.2623.112 Safari/537.36"
223.204.246.53 - - [23/Apr/2016:08:12:08 +0100] "GET /webServices/admin/getStepFormAsJSON.php?permissions=255&exptId=332&formType=7&jType=0 HTTP/1.1" 200 35651 "http://imgame1.cf.ac.uk/sf_332_7_0_-1" "Mozilla/5.0 (Windows NT 10.0; WOW64) AppleWebKit/537.36 (KHTML, like Gecko) Chrome/49.0.2623.112 Safari/537.36"
223.204.246.53 - - [23/Apr/2016:08:12:52 +0100] "GET /jquery-themes/imgame.min.css HTTP/1.1" 304 - "http://imgame1.cf.ac.uk/s2_332_0" "Mozilla/5.0 (Windows NT 10.0; WOW64) AppleWebKit/537.36 (KHTML, like Gecko) Chrome/49.0.2623.112 Safari/537.36"
223.204.246.53 - - [23/Apr/2016:08:12:52 +0100] "GET /jquery-mobile/jquery.mobile.overrides.js HTTP/1.1" 304 - "http://imgame1.cf.ac.uk/s2_332_0" "Mozilla/5.0 (Windows NT 10.0; WOW64) AppleWebKit/537.36 (KHTML, like Gecko) Chrome/49.0.2623.112 Safari/537.36"
223.204.246.53 - - [23/Apr/2016:08:12:52 +0100] "GET /jquery-mobile/jqmOverrides.css HTTP/1.1" 200 685 "http://imgame1.cf.ac.uk/s2_332_0" "Mozilla/5.0 (Windows NT 10.0; WOW64) AppleWebKit/537.36 (KHTML, like Gecko) Chrome/49.0.2623.112 Safari/537.36"
223.204.246.53 - - [23/Apr/2016:08:12:52 +0100] "GET /jquery-themes/jquery.mobile.icons.min.css HTTP/1.1" 304 - "http://imgame1.cf.ac.uk/s2_332_0" "Mozilla/5.0 (Windows NT 10.0; WOW64) AppleWebKit/537.36 (KHTML, like Gecko) Chrome/49.0.2623.112 Safari/537.36"
223.204.246.53 - - [23/Apr/2016:08:12:52 +0100] "GET /jquery-mobile/page.modifiers.js HTTP/1.1" 304 - "http://imgame1.cf.ac.uk/s2_332_0" "Mozilla/5.0 (Windows NT 10.0; WOW64) AppleWebKit/537.36 (KHTML, like Gecko) Chrome/49.0.2623.112 Safari/537.36"
223.204.246.53 - - [23/Apr/2016:08:12:52 +0100] "GET /js/mobile/adminNavigate.js HTTP/1.1" 200 4547 "http://imgame1.cf.ac.uk/s2_332_0" "Mozilla/5.0 (Windows NT 10.0; WOW64) AppleWebKit/537.36 (KHTML, like Gecko) Chrome/49.0.2623.112 Safari/537.36"
223.204.246.53 - - [23/Apr/2016:08:12:53 +0100] "GET /js/step2/step2RunController.js HTTP/1.1" 200 9893 "http://imgame1.cf.ac.uk/s2_332_0" "Mozilla/5.0 (Windows NT 10.0; WOW64) AppleWebKit/537.36 (KHTML, like Gecko) Chrome/49.0.2623.112 Safari/537.36"
223.204.246.53 - - [23/Apr/2016:08:12:52 +0100] "GET /jquery/jquery-2.1.3.min.js HTTP/1.1" 200 84320 "http://imgame1.cf.ac.uk/s2_332_0" "Mozilla/5.0 (Windows NT 10.0; WOW64) AppleWebKit/537.36 (KHTML, like Gecko) Chrome/49.0.2623.112 Safari/537.36"
223.204.246.53 - - [23/Apr/2016:08:12:52 +0100] "GET /jquery-mobile/jquery.mobile-1.4.5.min.js HTTP/1.1" 200 200143 "http://imgame1.cf.ac.uk/s2_332_0" "Mozilla/5.0 (Windows NT 10.0; WOW64) AppleWebKit/537.36 (KHTML, like Gecko) Chrome/49.0.2623.112 Safari/537.36"
223.204.246.53 - - [23/Apr/2016:08:12:55 +0100] "GET /jquery-mobile/jquery.mobile-1.4.5.min.map HTTP/1.1" 200 235912 "-" "Mozilla/5.0 (Windows NT 10.0; WOW64) AppleWebKit/537.36 (KHTML, like Gecko) Chrome/49.0.2623.112 Safari/537.36"
223.204.246.53 - - [23/Apr/2016:08:12:57 +0100] "GET /jquery-themes/images/ajax-loader.gif HTTP/1.1" 200 6242 "http://imgame1.cf.ac.uk/jquery-themes/imgame.min.css" "Mozilla/5.0 (Windows NT 10.0; WOW64) AppleWebKit/537.36 (KHTML, like Gecko) Chrome/49.0.2623.112 Safari/537.36"
223.204.246.53 - - [23/Apr/2016:08:12:57 +0100] "GET /webServices/step2/step2RunController.php?permissions=255&messageType=step2Settings&exptId=332&jType=0&content%5B0%5D=-1 HTTP/1.1" 200 168 "http://imgame1.cf.ac.uk/s2_332_0" "Mozilla/5.0 (Windows NT 10.0; WOW64) AppleWebKit/537.36 (KHTML, like Gecko) Chrome/49.0.2623.112 Safari/537.36"
223.204.246.53 - - [23/Apr/2016:08:12:57 +0100] "GET /webServices/step2/step2RunController.php?permissions=255&messageType=start&exptId=332&jType=0&content%5B0%5D=-1 HTTP/1.1" 200 155 "http://imgame1.cf.ac.uk/s2_332_0" "Mozilla/5.0 (Windows NT 10.0; WOW64) AppleWebKit/537.36 (KHTML, like Gecko) Chrome/49.0.2623.112 Safari/537.36"
223.204.246.53 - - [23/Apr/2016:08:12:59 +0100] "GET /webServices/step2/step2RunController.php?permissions=255&messageType=getStep2Status&exptId=332&jType=0&content%5B0%5D=1&content%5B1%5D=10265&content%5B2%5D=10&content%5B3%5D=0 HTTP/1.1" 200 242 "http://imgame1.cf.ac.uk/s2_332_0" "Mozilla/5.0 (Windows NT 10.0; WOW64) AppleWebKit/537.36 (KHTML, like Gecko) Chrome/49.0.2623.112 Safari/537.36"
223.204.246.53 - - [23/Apr/2016:08:13:05 +0100] "GET /webServices/step2/step2RunController.php?permissions=255&messageType=storeStep2reply&exptId=332&jType=0&content%5B0%5D=0&content%5B1%5D=Gdzie%2520i%252Falbo%2520kiedy%2520czujesz%2520si%25C4%2599%2520najbardziej%2520wyeksponowany%2520i%2520bezbronny%2520jako%2520gej%253FGdzie%2520i%252Falbo%2520kiedy%2520czujesz%2520si%25C4%2599%2520najbardziej%2520wyeksponowany%2520i%2520bezbronny%2520jako%2520gej%253F&content%5B2%5D=1&content%5B3%5D=10265&content%5B4%5D=0&content%5B5%5D=-1&content%5B6%5D= HTTP/1.1" 200 154 "http://imgame1.cf.ac.uk/s2_332_0" "Mozilla/5.0 (Windows NT 10.0; WOW64) AppleWebKit/537.36 (KHTML, like Gecko) Chrome/49.0.2623.112 Safari/537.36"
148.81.190.226 - - [23/Apr/2016:08:13:06 +0100] "GET /webServices/step2/step2RunController.php?permissions=255&messageType=storeStep2reply&exptId=332&jType=0&content%5B0%5D=0&content%5B1%5D=xxxxxxxxxxxxxxxxxxxxxxxxxxx%2520xxxxxxxxxxxxxxxxxxxxxxxxxxx%2520xxxxxxxxxxxxxxxxxxxxxxxxxxx%2520xxxxxxxxxxxxxxxxxxxxxxxxxxx%2520xxxxxxxxxxxxxxxxxxxxxxxxxxx%2520&content%5B2%5D=1&content%5B3%5D=10243&content%5B4%5D=0&content%5B5%5D=-1&content%5B6%5D= HTTP/1.1" 200 156 "http://imgame1.cf.ac.uk/s2_332_0" "Mozilla/5.0 (Windows NT 6.1; Win64; x64) AppleWebKit/537.36 (KHTML, like Gecko) Chrome/49.0.2623.112 Safari/537.36"
223.204.246.53 - - [23/Apr/2016:08:13:08 +0100] "GET /webServices/step2/step2RunController.php?permissions=255&messageType=storeStep2reply&exptId=332&jType=0&content%5B0%5D=1&content%5B1%5D=Gdzie%2520i%252Falbo%2520kiedy%2520czujesz%2520si%25C4%2599%2520najbardziej%2520wyeksponowany%2520i%2520bezbronny%2520jako%2520gej%253FGdzie%2520i%252Falbo%2520kiedy%2520czujesz%2520si%25C4%2599%2520najbardziej%2520wyeksponowany%2520i%2520bezbronny%2520jako%2520gej%253F&content%5B2%5D=1&content%5B3%5D=10265&content%5B4%5D=0&content%5B5%5D=-1&content%5B6%5D= HTTP/1.1" 200 166 "http://imgame1.cf.ac.uk/s2_332_0" "Mozilla/5.0 (Windows NT 10.0; WOW64) AppleWebKit/537.36 (KHTML, like Gecko) Chrome/49.0.2623.112 Safari/537.36"
148.81.190.226 - - [23/Apr/2016:08:13:10 +0100] "GET /webServices/step2/step2RunController.php?permissions=255&messageType=storeStep2reply&exptId=332&jType=0&content%5B0%5D=1&content%5B1%5D=xxxxxxxxxxxxxxxxxxxxxxxxxxx%2520xxxxxxxxxxxxxxxxxxxxxxxxxxx%2520xxxxxxxxxxxxxxxxxxxxxxxxxxx%2520xxxxxxxxxxxxxxxxxxxxxxxxxxx%2520xxxxxxxxxxxxxxxxxxxxxxxxxxx%2520&content%5B2%5D=1&content%5B3%5D=10243&content%5B4%5D=0&content%5B5%5D=-1&content%5B6%5D= HTTP/1.1" 200 160 "http://imgame1.cf.ac.uk/s2_332_0" "Mozilla/5.0 (Windows NT 6.1; Win64; x64) AppleWebKit/537.36 (KHTML, like Gecko) Chrome/49.0.2623.112 Safari/537.36"
223.204.246.53 - - [23/Apr/2016:08:13:11 +0100] "GET /webServices/step2/step2RunController.php?permissions=255&messageType=storeStep2reply&exptId=332&jType=0&content%5B0%5D=2&content%5B1%5D=Gdzie%2520i%252Falbo%2520kiedy%2520czujesz%2520si%25C4%2599%2520najbardziej%2520wyeksponowany%2520i%2520bezbronny%2520jako%2520gej%253FGdzie%2520i%252Falbo%2520kiedy%2520czujesz%2520si%25C4%2599%2520najbardziej%2520wyeksponowany%2520i%2520bezbronny%2520jako%2520gej%253F&content%5B2%5D=1&content%5B3%5D=10265&content%5B4%5D=0&content%5B5%5D=-1&content%5B6%5D= HTTP/1.1" 200 242 "http://imgame1.cf.ac.uk/s2_332_0" "Mozilla/5.0 (Windows NT 10.0; WOW64) AppleWebKit/537.36 (KHTML, like Gecko) Chrome/49.0.2623.112 Safari/537.36"
148.81.190.226 - - [23/Apr/2016:08:13:14 +0100] "GET /webServices/step2/step2RunController.php?permissions=255&messageType=storeStep2reply&exptId=332&jType=0&content%5B0%5D=2&content%5B1%5D=xxxxxxxxxxxxxxxxxxxxxxxxxxx%2520xxxxxxxxxxxxxxxxxxxxxxxxxxx%2520xxxxxxxxxxxxxxxxxxxxxxxxxxx%2520xxxxxxxxxxxxxxxxxxxxxxxxxxx%2520xxxxxxxxxxxxxxxxxxxxxxxxxxx%2520%255C&content%5B2%5D=1&content%5B3%5D=10243&content%5B4%5D=0&content%5B5%5D=-1&content%5B6%5D= HTTP/1.1" 200 270 "http://imgame1.cf.ac.uk/s2_332_0" "Mozilla/5.0 (Windows NT 6.1; Win64; x64) AppleWebKit/537.36 (KHTML, like Gecko) Chrome/49.0.2623.112 Safari/537.36"
223.204.246.53 - - [23/Apr/2016:08:13:16 +0100] "GET /webServices/step2/step2RunController.php?permissions=255&messageType=storeStep2reply&exptId=332&jType=0&content%5B0%5D=3&content%5B1%5D=Gdzie%2520i%252Falbo%2520kiedy%2520czujesz%2520si%25C4%2599%2520najbardziej%2520wyeksponowany%2520i%2520bezbronny%2520jako%2520gej%253FGdzie%2520i%252Falbo%2520kiedy%2520czujesz%2520si%25C4%2599%2520najbardziej%2520wyeksponowany%2520i%2520bezbronny%2520jako%2520gej%253F&content%5B2%5D=1&content%5B3%5D=10265&content%5B4%5D=0&content%5B5%5D=-1&content%5B6%5D= HTTP/1.1" 200 138 "http://imgame1.cf.ac.uk/s2_332_0" "Mozilla/5.0 (Windows NT 10.0; WOW64) AppleWebKit/537.36 (KHTML, like Gecko) Chrome/49.0.2623.112 Safari/537.36"
148.81.190.226 - - [23/Apr/2016:08:13:17 +0100] "GET /webServices/step2/step2RunController.php?permissions=255&messageType=storeStep2reply&exptId=332&jType=0&content%5B0%5D=3&content%5B1%5D=xxxxxxxxxxxxxxxxxxxxxxxxxxx%2520xxxxxxxxxxxxxxxxxxxxxxxxxxx%2520xxxxxxxxxxxxxxxxxxxxxxxxxxx%2520xxxxxxxxxxxxxxxxxxxxxxxxxxx%2520xxxxxxxxxxxxxxxxxxxxxxxxxxx%2520&content%5B2%5D=1&content%5B3%5D=10243&content%5B4%5D=0&content%5B5%5D=-1&content%5B6%5D= HTTP/1.1" 200 146 "http://imgame1.cf.ac.uk/s2_332_0" "Mozilla/5.0 (Windows NT 6.1; Win64; x64) AppleWebKit/537.36 (KHTML, like Gecko) Chrome/49.0.2623.112 Safari/537.36"
223.204.246.53 - - [23/Apr/2016:08:13:20 +0100] "GET /webServices/step2/step2RunController.php?permissions=255&messageType=storeStep2reply&exptId=332&jType=0&content%5B0%5D=4&content%5B1%5D=Gdzie%2520i%252Falbo%2520kiedy%2520czujesz%2520si%25C4%2599%2520najbardziej%2520wyeksponowany%2520i%2520bezbronny%2520jako%2520gej%253FGdzie%2520i%252Falbo%2520kiedy%2520czujesz%2520si%25C4%2599%2520najbardziej%2520wyeksponowany%2520i%2520bezbronny%2520jako%2520gej%253F&content%5B2%5D=1&content%5B3%5D=10265&content%5B4%5D=0&content%5B5%5D=-1&content%5B6%5D= HTTP/1.1" 200 190 "http://imgame1.cf.ac.uk/s2_332_0" "Mozilla/5.0 (Windows NT 10.0; WOW64) AppleWebKit/537.36 (KHTML, like Gecko) Chrome/49.0.2623.112 Safari/537.36"
148.81.190.226 - - [23/Apr/2016:08:13:20 +0100] "GET /webServices/step2/step2RunController.php?permissions=255&messageType=storeStep2reply&exptId=332&jType=0&content%5B0%5D=4&content%5B1%5D=xxxxxxxxxxxxxxxxxxxxxxxxxxx%2520xxxxxxxxxxxxxxxxxxxxxxxxxxx%2520xxxxxxxxxxxxxxxxxxxxxxxxxxx%2520xxxxxxxxxxxxxxxxxxxxxxxxxxx%2520xxxxxxxxxxxxxxxxxxxxxxxxxxx%2520&content%5B2%5D=1&content%5B3%5D=10243&content%5B4%5D=0&content%5B5%5D=-1&content%5B6%5D= HTTP/1.1" 200 179 "http://imgame1.cf.ac.uk/s2_332_0" "Mozilla/5.0 (Windows NT 6.1; Win64; x64) AppleWebKit/537.36 (KHTML, like Gecko) Chrome/49.0.2623.112 Safari/537.36"
148.81.190.226 - - [23/Apr/2016:08:13:24 +0100] "GET /webServices/step2/step2RunController.php?permissions=255&messageType=storeStep2reply&exptId=332&jType=0&content%5B0%5D=5&content%5B1%5D=xxxxxxxxxxxxxxxxxxxxxxxxxxx%2520xxxxxxxxxxxxxxxxxxxxxxxxxxx%2520xxxxxxxxxxxxxxxxxxxxxxxxxxx%2520xxxxxxxxxxxxxxxxxxxxxxxxxxx%2520xxxxxxxxxxxxxxxxxxxxxxxxxxx%2520&content%5B2%5D=1&content%5B3%5D=10243&content%5B4%5D=0&content%5B5%5D=-1&content%5B6%5D= HTTP/1.1" 200 298 "http://imgame1.cf.ac.uk/s2_332_0" "Mozilla/5.0 (Windows NT 6.1; Win64; x64) AppleWebKit/537.36 (KHTML, like Gecko) Chrome/49.0.2623.112 Safari/537.36"
223.204.246.53 - - [23/Apr/2016:08:13:24 +0100] "GET /webServices/step2/step2RunController.php?permissions=255&messageType=storeStep2reply&exptId=332&jType=0&content%5B0%5D=5&content%5B1%5D=Gdzie%2520i%252Falbo%2520kiedy%2520czujesz%2520si%25C4%2599%2520najbardziej%2520wyeksponowany%2520i%2520bezbronny%2520jako%2520gej%253FGdzie%2520i%252Falbo%2520kiedy%2520czujesz%2520si%25C4%2599%2520najbardziej%2520wyeksponowany%2520i%2520bezbronny%2520jako%2520gej%253F&content%5B2%5D=1&content%5B3%5D=10265&content%5B4%5D=0&content%5B5%5D=-1&content%5B6%5D= HTTP/1.1" 200 344 "http://imgame1.cf.ac.uk/s2_332_0" "Mozilla/5.0 (Windows NT 10.0; WOW64) AppleWebKit/537.36 (KHTML, like Gecko) Chrome/49.0.2623.112 Safari/537.36"
148.81.190.226 - - [23/Apr/2016:08:13:27 +0100] "GET /webServices/step2/step2RunController.php?permissions=255&messageType=storeStep2reply&exptId=332&jType=0&content%5B0%5D=6&content%5B1%5D=xxxxxxxxxxxxxxxxxxxxxxxxxxx%2520xxxxxxxxxxxxxxxxxxxxxxxxxxx%2520xxxxxxxxxxxxxxxxxxxxxxxxxxx%2520xxxxxxxxxxxxxxxxxxxxxxxxxxx%2520xxxxxxxxxxxxxxxxxxxxxxxxxxx%2520&content%5B2%5D=1&content%5B3%5D=10243&content%5B4%5D=0&content%5B5%5D=-1&content%5B6%5D= HTTP/1.1" 200 222 "http://imgame1.cf.ac.uk/s2_332_0" "Mozilla/5.0 (Windows NT 6.1; Win64; x64) AppleWebKit/537.36 (KHTML, like Gecko) Chrome/49.0.2623.112 Safari/537.36"
223.204.246.53 - - [23/Apr/2016:08:13:28 +0100] "GET /webServices/step2/step2RunController.php?permissions=255&messageType=storeStep2reply&exptId=332&jType=0&content%5B0%5D=6&content%5B1%5D=Gdzie%2520i%252Falbo%2520kiedy%2520czujesz%2520si%25C4%2599%2520najbardziej%2520wyeksponowany%2520i%2520bezbronny%2520jako%2520gej%253FGdzie%2520i%252Falbo%2520kiedy%2520czujesz%2520si%25C4%2599%2520najbardziej%2520wyeksponowany%2520i%2520bezbronny%2520jako%2520gej%253F&content%5B2%5D=1&content%5B3%5D=10265&content%5B4%5D=0&content%5B5%5D=-1&content%5B6%5D= HTTP/1.1" 200 245 "http://imgame1.cf.ac.uk/s2_332_0" "Mozilla/5.0 (Windows NT 10.0; WOW64) AppleWebKit/537.36 (KHTML, like Gecko) Chrome/49.0.2623.112 Safari/537.36"
148.81.190.226 - - [23/Apr/2016:08:13:30 +0100] "GET /webServices/step2/step2RunController.php?permissions=255&messageType=storeStep2reply&exptId=332&jType=0&content%5B0%5D=7&content%5B1%5D=xxxxxxxxxxxxxxxxxxxxxxxxxxx%2520xxxxxxxxxxxxxxxxxxxxxxxxxxx%2520xxxxxxxxxxxxxxxxxxxxxxxxxxx%2520xxxxxxxxxxxxxxxxxxxxxxxxxxx%2520xxxxxxxxxxxxxxxxxxxxxxxxxxx%2520&content%5B2%5D=1&content%5B3%5D=10243&content%5B4%5D=0&content%5B5%5D=-1&content%5B6%5D= HTTP/1.1" 200 331 "http://imgame1.cf.ac.uk/s2_332_0" "Mozilla/5.0 (Windows NT 6.1; Win64; x64) AppleWebKit/537.36 (KHTML, like Gecko) Chrome/49.0.2623.112 Safari/537.36"
223.204.246.53 - - [23/Apr/2016:08:13:32 +0100] "GET /webServices/step2/step2RunController.php?permissions=255&messageType=storeStep2reply&exptId=332&jType=0&content%5B0%5D=7&content%5B1%5D=Gdzie%2520i%252Falbo%2520kiedy%2520czujesz%2520si%25C4%2599%2520najbardziej%2520wyeksponowany%2520i%2520bezbronny%2520jako%2520gej%253FGdzie%2520i%252Falbo%2520kiedy%2520czujesz%2520si%25C4%2599%2520najbardziej%2520wyeksponowany%2520i%2520bezbronny%2520jako%2520gej%253F&content%5B2%5D=1&content%5B3%5D=10265&content%5B4%5D=0&content%5B5%5D=-1&content%5B6%5D= HTTP/1.1" 200 75 "http://imgame1.cf.ac.uk/s2_332_0" "Mozilla/5.0 (Windows NT 10.0; WOW64) AppleWebKit/537.36 (KHTML, like Gecko) Chrome/49.0.2623.112 Safari/537.36"
223.204.246.53 - - [23/Apr/2016:08:13:32 +0100] "POST /sf_332_7_0_10265 HTTP/1.1" 200 16514 "http://imgame1.cf.ac.uk/s2_332_0" "Mozilla/5.0 (Windows NT 10.0; WOW64) AppleWebKit/537.36 (KHTML, like Gecko) Chrome/49.0.2623.112 Safari/537.36"
223.204.246.53 - - [23/Apr/2016:08:13:33 +0100] "GET /js/ko/knockout-3.3.0.js HTTP/1.1" 200 55956 "http://imgame1.cf.ac.uk/sf_332_7_0_10265" "Mozilla/5.0 (Windows NT 10.0; WOW64) AppleWebKit/537.36 (KHTML, like Gecko) Chrome/49.0.2623.112 Safari/537.36"
223.204.246.53 - - [23/Apr/2016:08:13:33 +0100] "GET /js/ko/ko-mapping.js HTTP/1.1" 200 11106 "http://imgame1.cf.ac.uk/sf_332_7_0_10265" "Mozilla/5.0 (Windows NT 10.0; WOW64) AppleWebKit/537.36 (KHTML, like Gecko) Chrome/49.0.2623.112 Safari/537.36"
148.81.190.226 - - [23/Apr/2016:08:13:34 +0100] "GET /webServices/step2/step2RunController.php?permissions=255&messageType=storeStep2reply&exptId=332&jType=0&content%5B0%5D=8&content%5B1%5D=xxxxxxxxxxxxxxxxxxxxxxxxxxx%2520xxxxxxxxxxxxxxxxxxxxxxxxxxx%2520xxxxxxxxxxxxxxxxxxxxxxxxxxx%2520xxxxxxxxxxxxxxxxxxxxxxxxxxx%2520xxxxxxxxxxxxxxxxxxxxxxxxxxx%2520&content%5B2%5D=1&content%5B3%5D=10243&content%5B4%5D=0&content%5B5%5D=-1&content%5B6%5D= HTTP/1.1" 200 75 "http://imgame1.cf.ac.uk/s2_332_0" "Mozilla/5.0 (Windows NT 6.1; Win64; x64) AppleWebKit/537.36 (KHTML, like Gecko) Chrome/49.0.2623.112 Safari/537.36"
148.81.190.226 - - [23/Apr/2016:08:13:34 +0100] "POST /sf_332_7_0_10243 HTTP/1.1" 200 16514 "http://imgame1.cf.ac.uk/s2_332_0" "Mozilla/5.0 (Windows NT 6.1; Win64; x64) AppleWebKit/537.36 (KHTML, like Gecko) Chrome/49.0.2623.112 Safari/537.36"
148.81.190.226 - - [23/Apr/2016:08:13:34 +0100] "GET /js/ko/ko-mapping.js HTTP/1.1" 200 11106 "http://imgame1.cf.ac.uk/sf_332_7_0_10243" "Mozilla/5.0 (Windows NT 6.1; Win64; x64) AppleWebKit/537.36 (KHTML, like Gecko) Chrome/49.0.2623.112 Safari/537.36"
148.81.190.226 - - [23/Apr/2016:08:13:34 +0100] "GET /js/ko/knockout-3.3.0.js HTTP/1.1" 200 55956 "http://imgame1.cf.ac.uk/sf_332_7_0_10243" "Mozilla/5.0 (Windows NT 6.1; Win64; x64) AppleWebKit/537.36 (KHTML, like Gecko) Chrome/49.0.2623.112 Safari/537.36"
148.81.190.226 - - [23/Apr/2016:08:13:34 +0100] "GET /js/forms/stepFormRuntime.js HTTP/1.1" 200 21132 "http://imgame1.cf.ac.uk/sf_332_7_0_10243" "Mozilla/5.0 (Windows NT 6.1; Win64; x64) AppleWebKit/537.36 (KHTML, like Gecko) Chrome/49.0.2623.112 Safari/537.36"
148.81.190.226 - - [23/Apr/2016:08:13:34 +0100] "GET /webServices/forms/stepFormRuntimeController.php?permissions=255&messageType=formSettings&exptId=332&formType=7&jType=0 HTTP/1.1" 200 388 "http://imgame1.cf.ac.uk/sf_332_7_0_10243" "Mozilla/5.0 (Windows NT 6.1; Win64; x64) AppleWebKit/537.36 (KHTML, like Gecko) Chrome/49.0.2623.112 Safari/537.36"
148.81.190.226 - - [23/Apr/2016:08:13:35 +0100] "GET /webServices/admin/getStepFormAsJSON.php?permissions=255&exptId=332&formType=7&jType=0 HTTP/1.1" 200 35651 "http://imgame1.cf.ac.uk/sf_332_7_0_10243" "Mozilla/5.0 (Windows NT 6.1; Win64; x64) AppleWebKit/537.36 (KHTML, like Gecko) Chrome/49.0.2623.112 Safari/537.36"
223.204.246.53 - - [23/Apr/2016:08:13:39 +0100] "GET /js/forms/stepFormRuntime.js HTTP/1.1" 200 21132 "http://imgame1.cf.ac.uk/sf_332_7_0_10265" "Mozilla/5.0 (Windows NT 10.0; WOW64) AppleWebKit/537.36 (KHTML, like Gecko) Chrome/49.0.2623.112 Safari/537.36"
223.204.246.53 - - [23/Apr/2016:08:13:40 +0100] "GET /webServices/forms/stepFormRuntimeController.php?permissions=255&messageType=formSettings&exptId=332&formType=7&jType=0 HTTP/1.1" 200 388 "http://imgame1.cf.ac.uk/sf_332_7_0_10265" "Mozilla/5.0 (Windows NT 10.0; WOW64) AppleWebKit/537.36 (KHTML, like Gecko) Chrome/49.0.2623.112 Safari/537.36"
223.204.246.53 - - [23/Apr/2016:08:13:41 +0100] "GET /webServices/admin/getStepFormAsJSON.php?permissions=255&exptId=332&formType=7&jType=0 HTTP/1.1" 200 35651 "http://imgame1.cf.ac.uk/sf_332_7_0_10265" "Mozilla/5.0 (Windows NT 10.0; WOW64) AppleWebKit/537.36 (KHTML, like Gecko) Chrome/49.0.2623.112 Safari/537.36"
148.81.190.226 - - [23/Apr/2016:08:14:11 +0100] "GET /sf_332_0 HTTP/1.1" 200 3110 "-" "Mozilla/5.0 (Windows NT 6.1; Win64; x64) AppleWebKit/537.36 (KHTML, like Gecko) Chrome/49.0.2623.112 Safari/537.36"
148.81.190.226 - - [23/Apr/2016:08:14:11 +0100] "GET /webServices/forms/stepFormRuntimeController.php?permissions=255&messageType=formSettings&exptId=332&formType=0&jType=-1 HTTP/1.1" 200 388 "http://imgame1.cf.ac.uk/sf_332_0" "Mozilla/5.0 (Windows NT 6.1; Win64; x64) AppleWebKit/537.36 (KHTML, like Gecko) Chrome/49.0.2623.112 Safari/537.36"
148.81.190.226 - - [23/Apr/2016:08:14:11 +0100] "GET /webServices/admin/getStepFormAsJSON.php?permissions=255&exptId=332&formType=0&jType=-1 HTTP/1.1" 200 3112 "http://imgame1.cf.ac.uk/sf_332_0" "Mozilla/5.0 (Windows NT 6.1; Win64; x64) AppleWebKit/537.36 (KHTML, like Gecko) Chrome/49.0.2623.112 Safari/537.36"
148.81.190.226 - - [23/Apr/2016:08:14:37 +0100] "GET /s2_332_0 HTTP/1.1" 200 2129 "-" "Mozilla/5.0 (Windows NT 6.1; Win64; x64) AppleWebKit/537.36 (KHTML, like Gecko) Chrome/49.0.2623.112 Safari/537.36"
148.81.190.226 - - [23/Apr/2016:08:14:37 +0100] "GET /js/step2/step2RunController.js HTTP/1.1" 200 9893 "http://imgame1.cf.ac.uk/s2_332_0" "Mozilla/5.0 (Windows NT 6.1; Win64; x64) AppleWebKit/537.36 (KHTML, like Gecko) Chrome/49.0.2623.112 Safari/537.36"
148.81.190.226 - - [23/Apr/2016:08:14:37 +0100] "GET /webServices/step2/step2RunController.php?permissions=255&messageType=step2Settings&exptId=332&jType=0&content%5B0%5D=-1 HTTP/1.1" 200 168 "http://imgame1.cf.ac.uk/s2_332_0" "Mozilla/5.0 (Windows NT 6.1; Win64; x64) AppleWebKit/537.36 (KHTML, like Gecko) Chrome/49.0.2623.112 Safari/537.36"
148.81.190.226 - - [23/Apr/2016:08:14:37 +0100] "GET /webServices/step2/step2RunController.php?permissions=255&messageType=start&exptId=332&jType=0&content%5B0%5D=-1 HTTP/1.1" 200 155 "http://imgame1.cf.ac.uk/s2_332_0" "Mozilla/5.0 (Windows NT 6.1; Win64; x64) AppleWebKit/537.36 (KHTML, like Gecko) Chrome/49.0.2623.112 Safari/537.36"
148.81.190.226 - - [23/Apr/2016:08:14:38 +0100] "GET /webServices/step2/step2RunController.php?permissions=255&messageType=getStep2Status&exptId=332&jType=0&content%5B0%5D=1&content%5B1%5D=10266&content%5B2%5D=11&content%5B3%5D=0 HTTP/1.1" 200 236 "http://imgame1.cf.ac.uk/s2_332_0" "Mozilla/5.0 (Windows NT 6.1; Win64; x64) AppleWebKit/537.36 (KHTML, like Gecko) Chrome/49.0.2623.112 Safari/537.36"
148.81.190.226 - - [23/Apr/2016:08:14:43 +0100] "GET /webServices/step2/step2RunController.php?permissions=255&messageType=storeStep2reply&exptId=332&jType=0&content%5B0%5D=0&content%5B1%5D=xxxxxxxxxxxxxxxxxxxxxxxxxxx%2520xxxxxxxxxxxxxxxxxxxxxxxxxxx%2520xxxxxxxxxxxxxxxxxxxxxxxxxxx%2520xxxxxxxxxxxxxxxxxxxxxxxxxxx%2520xxxxxxxxxxxxxxxxxxxxxxxxxxx%2520&content%5B2%5D=1&content%5B3%5D=10266&content%5B4%5D=0&content%5B5%5D=-1&content%5B6%5D= HTTP/1.1" 200 173 "http://imgame1.cf.ac.uk/s2_332_0" "Mozilla/5.0 (Windows NT 6.1; Win64; x64) AppleWebKit/537.36 (KHTML, like Gecko) Chrome/49.0.2623.112 Safari/537.36"
148.81.190.226 - - [23/Apr/2016:08:14:48 +0100] "GET /webServices/step2/step2RunController.php?permissions=255&messageType=storeStep2reply&exptId=332&jType=0&content%5B0%5D=1&content%5B1%5D=xxxxxxxxxxxxxxxxxxxxxxxxxxx%2520xxxxxxxxxxxxxxxxxxxxxxxxxxx%2520xxxxxxxxxxxxxxxxxxxxxxxxxxx%2520xxxxxxxxxxxxxxxxxxxxxxxxxxx%2520xxxxxxxxxxxxxxxxxxxxxxxxxxx%2520&content%5B2%5D=1&content%5B3%5D=10266&content%5B4%5D=0&content%5B5%5D=-1&content%5B6%5D= HTTP/1.1" 200 193 "http://imgame1.cf.ac.uk/s2_332_0" "Mozilla/5.0 (Windows NT 6.1; Win64; x64) AppleWebKit/537.36 (KHTML, like Gecko) Chrome/49.0.2623.112 Safari/537.36"
148.81.190.226 - - [23/Apr/2016:08:14:52 +0100] "GET /webServices/step2/step2RunController.php?permissions=255&messageType=storeStep2reply&exptId=332&jType=0&content%5B0%5D=2&content%5B1%5D=xxxxxxxxxxxxxxxxxxxxxxxxxxx%2520xxxxxxxxxxxxxxxxxxxxxxxxxxx%2520xxxxxxxxxxxxxxxxxxxxxxxxxxx%2520xxxxxxxxxxxxxxxxxxxxxxxxxxx%2520xxxxxxxxxxxxxxxxxxxxxxxxxxx%2520&content%5B2%5D=1&content%5B3%5D=10266&content%5B4%5D=0&content%5B5%5D=-1&content%5B6%5D= HTTP/1.1" 200 224 "http://imgame1.cf.ac.uk/s2_332_0" "Mozilla/5.0 (Windows NT 6.1; Win64; x64) AppleWebKit/537.36 (KHTML, like Gecko) Chrome/49.0.2623.112 Safari/537.36"
148.81.190.226 - - [23/Apr/2016:08:14:55 +0100] "GET /webServices/step2/step2RunController.php?permissions=255&messageType=storeStep2reply&exptId=332&jType=0&content%5B0%5D=3&content%5B1%5D=xxxxxxxxxxxxxxxxxxxxxxxxxxx%2520xxxxxxxxxxxxxxxxxxxxxxxxxxx%2520xxxxxxxxxxxxxxxxxxxxxxxxxxx%2520xxxxxxxxxxxxxxxxxxxxxxxxxxx%2520xxxxxxxxxxxxxxxxxxxxxxxxxxx%2520&content%5B2%5D=1&content%5B3%5D=10266&content%5B4%5D=0&content%5B5%5D=-1&content%5B6%5D= HTTP/1.1" 200 206 "http://imgame1.cf.ac.uk/s2_332_0" "Mozilla/5.0 (Windows NT 6.1; Win64; x64) AppleWebKit/537.36 (KHTML, like Gecko) Chrome/49.0.2623.112 Safari/537.36"
148.81.190.226 - - [23/Apr/2016:08:14:58 +0100] "GET /webServices/step2/step2RunController.php?permissions=255&messageType=storeStep2reply&exptId=332&jType=0&content%5B0%5D=4&content%5B1%5D=xxxxxxxxxxxxxxxxxxxxxxxxxxx%2520xxxxxxxxxxxxxxxxxxxxxxxxxxx%2520xxxxxxxxxxxxxxxxxxxxxxxxxxx%2520xxxxxxxxxxxxxxxxxxxxxxxxxxx%2520xxxxxxxxxxxxxxxxxxxxxxxxxxx%2520&content%5B2%5D=1&content%5B3%5D=10266&content%5B4%5D=0&content%5B5%5D=-1&content%5B6%5D= HTTP/1.1" 200 75 "http://imgame1.cf.ac.uk/s2_332_0" "Mozilla/5.0 (Windows NT 6.1; Win64; x64) AppleWebKit/537.36 (KHTML, like Gecko) Chrome/49.0.2623.112 Safari/537.36"
148.81.190.226 - - [23/Apr/2016:08:14:58 +0100] "POST /sf_332_7_0_10266 HTTP/1.1" 200 16514 "http://imgame1.cf.ac.uk/s2_332_0" "Mozilla/5.0 (Windows NT 6.1; Win64; x64) AppleWebKit/537.36 (KHTML, like Gecko) Chrome/49.0.2623.112 Safari/537.36"
148.81.190.226 - - [23/Apr/2016:08:14:59 +0100] "GET /webServices/forms/stepFormRuntimeController.php?permissions=255&messageType=formSettings&exptId=332&formType=7&jType=0 HTTP/1.1" 200 388 "http://imgame1.cf.ac.uk/sf_332_7_0_10266" "Mozilla/5.0 (Windows NT 6.1; Win64; x64) AppleWebKit/537.36 (KHTML, like Gecko) Chrome/49.0.2623.112 Safari/537.36"
148.81.190.226 - - [23/Apr/2016:08:14:59 +0100] "GET /webServices/admin/getStepFormAsJSON.php?permissions=255&exptId=332&formType=7&jType=0 HTTP/1.1" 200 35651 "http://imgame1.cf.ac.uk/sf_332_7_0_10266" "Mozilla/5.0 (Windows NT 6.1; Win64; x64) AppleWebKit/537.36 (KHTML, like Gecko) Chrome/49.0.2623.112 Safari/537.36"
223.204.246.53 - - [23/Apr/2016:08:15:12 +0100] "GET /s2_332_0 HTTP/1.1" 200 2129 "-" "Mozilla/5.0 (Windows NT 10.0; WOW64) AppleWebKit/537.36 (KHTML, like Gecko) Chrome/49.0.2623.112 Safari/537.36"
223.204.246.53 - - [23/Apr/2016:08:15:13 +0100] "GET /jquery-mobile/jquery.mobile.overrides.js HTTP/1.1" 200 355 "http://imgame1.cf.ac.uk/s2_332_0" "Mozilla/5.0 (Windows NT 10.0; WOW64) AppleWebKit/537.36 (KHTML, like Gecko) Chrome/49.0.2623.112 Safari/537.36"
223.204.246.53 - - [23/Apr/2016:08:15:13 +0100] "GET /jquery-mobile/jqmOverrides.css HTTP/1.1" 200 685 "http://imgame1.cf.ac.uk/s2_332_0" "Mozilla/5.0 (Windows NT 10.0; WOW64) AppleWebKit/537.36 (KHTML, like Gecko) Chrome/49.0.2623.112 Safari/537.36"
223.204.246.53 - - [23/Apr/2016:08:15:14 +0100] "GET /jquery-mobile/page.modifiers.js HTTP/1.1" 200 527 "http://imgame1.cf.ac.uk/s2_332_0" "Mozilla/5.0 (Windows NT 10.0; WOW64) AppleWebKit/537.36 (KHTML, like Gecko) Chrome/49.0.2623.112 Safari/537.36"
223.204.246.53 - - [23/Apr/2016:08:15:14 +0100] "GET /js/mobile/adminNavigate.js HTTP/1.1" 200 4547 "http://imgame1.cf.ac.uk/s2_332_0" "Mozilla/5.0 (Windows NT 10.0; WOW64) AppleWebKit/537.36 (KHTML, like Gecko) Chrome/49.0.2623.112 Safari/537.36"
223.204.246.53 - - [23/Apr/2016:08:15:13 +0100] "GET /jquery/jquery-2.1.3.min.js HTTP/1.1" 200 84320 "http://imgame1.cf.ac.uk/s2_332_0" "Mozilla/5.0 (Windows NT 10.0; WOW64) AppleWebKit/537.36 (KHTML, like Gecko) Chrome/49.0.2623.112 Safari/537.36"
223.204.246.53 - - [23/Apr/2016:08:15:15 +0100] "GET /js/step2/step2RunController.js HTTP/1.1" 200 10296 "http://imgame1.cf.ac.uk/s2_332_0" "Mozilla/5.0 (Windows NT 10.0; WOW64) AppleWebKit/537.36 (KHTML, like Gecko) Chrome/49.0.2623.112 Safari/537.36"
223.204.246.53 - - [23/Apr/2016:08:15:13 +0100] "GET /jquery-mobile/jquery.mobile-1.4.5.min.js HTTP/1.1" 200 200143 "http://imgame1.cf.ac.uk/s2_332_0" "Mozilla/5.0 (Windows NT 10.0; WOW64) AppleWebKit/537.36 (KHTML, like Gecko) Chrome/49.0.2623.112 Safari/537.36"
223.204.246.53 - - [23/Apr/2016:08:15:18 +0100] "GET /webServices/step2/step2RunController.php?permissions=255&messageType=step2Settings&exptId=332&jType=0&content%5B0%5D=-1 HTTP/1.1" 200 168 "http://imgame1.cf.ac.uk/s2_332_0" "Mozilla/5.0 (Windows NT 10.0; WOW64) AppleWebKit/537.36 (KHTML, like Gecko) Chrome/49.0.2623.112 Safari/537.36"
223.204.246.53 - - [23/Apr/2016:08:15:18 +0100] "GET /webServices/step2/step2RunController.php?permissions=255&messageType=start&exptId=332&jType=0&content%5B0%5D=-1 HTTP/1.1" 200 155 "http://imgame1.cf.ac.uk/s2_332_0" "Mozilla/5.0 (Windows NT 10.0; WOW64) AppleWebKit/537.36 (KHTML, like Gecko) Chrome/49.0.2623.112 Safari/537.36"
223.204.246.53 - - [23/Apr/2016:08:15:18 +0100] "GET /jquery-themes/images/ajax-loader.gif HTTP/1.1" 200 6242 "http://imgame1.cf.ac.uk/jquery-themes/imgame.min.css" "Mozilla/5.0 (Windows NT 10.0; WOW64) AppleWebKit/537.36 (KHTML, like Gecko) Chrome/49.0.2623.112 Safari/537.36"
223.204.246.53 - - [23/Apr/2016:08:15:19 +0100] "GET /webServices/step2/step2RunController.php?permissions=255&messageType=getStep2Status&exptId=332&jType=0&content%5B0%5D=1&content%5B1%5D=10267&content%5B2%5D=12&content%5B3%5D=0 HTTP/1.1" 200 219 "http://imgame1.cf.ac.uk/s2_332_0" "Mozilla/5.0 (Windows NT 10.0; WOW64) AppleWebKit/537.36 (KHTML, like Gecko) Chrome/49.0.2623.112 Safari/537.36"
223.204.246.53 - - [23/Apr/2016:08:15:24 +0100] "GET /webServices/step2/step2RunController.php?permissions=255&messageType=storeStep2reply&exptId=332&jType=0&content%5B0%5D=0&content%5B1%5D=%2520%2520%2520%2520%2520%2520%2520%2520%2524(%27%2523qaSection%27).hide()%253B%250A%2520%2520%2520%2520%2520%2520%2520%2520%2524(%27%2523alignmentSection%27).hide()%253B%250A%2520%2520%2520%2520%2520%2520%2520%2520var%2520finalMsgTxt%2520%253D%2520%2524(%27%2523finalMsg%27).html()%253B%250A%2520%2520%2520%2520%2520%2520%2520%2520finalMsgTxt%2520%253D%2520finalMsgTxt%2520%252B%2520%27kodu%253A%2520%27%252BrestartUID%253B%250A%2520%2520%2520%2520%2520%2520%2520%2520%2524(%27%2523finalMsg%27).html(finalMsgTxt)%253B%250A%2520%2520%2520%2520%2520%2520%2520%2520%2524(%27%2523finalMsg%27).show()%253B%250A%2520%2520%2520%2520%2520%2520%2520%2520%2524(%27%2523closedMsg%27).hide()%253B%250A&content%5B2%5D=1&content%5B3%5D=10267&content%5B4%5D=0&content%5B5%5D=-1&content%5B6%5D= HTTP/1.1" 200 319 "http://imgame1.cf.ac.uk/s2_332_0" "Mozilla/5.0 (Windows NT 10.0; WOW64) AppleWebKit/537.36 (KHTML, like Gecko) Chrome/49.0.2623.112 Safari/537.36"
223.204.246.53 - - [23/Apr/2016:08:15:28 +0100] "GET /webServices/step2/step2RunController.php?permissions=255&messageType=storeStep2reply&exptId=332&jType=0&content%5B0%5D=1&content%5B1%5D=%2520%2520%2520%2520%2520%2520%2520%2520%2524(%27%2523qaSection%27).hide()%253B%250A%2520%2520%2520%2520%2520%2520%2520%2520%2524(%27%2523alignmentSection%27).hide()%253B%250A%2520%2520%2520%2520%2520%2520%2520%2520var%2520finalMsgTxt%2520%253D%2520%2524(%27%2523finalMsg%27).html()%253B%250A%2520%2520%2520%2520%2520%2520%2520%2520finalMsgTxt%2520%253D%2520finalMsgTxt%2520%252B%2520%27kodu%253A%2520%27%252BrestartUID%253B%250A%2520%2520%2520%2520%2520%2520%2520%2520%2524(%27%2523finalMsg%27).html(finalMsgTxt)%253B%250A%2520%2520%2520%2520%2520%2520%2520%2520%2524(%27%2523finalMsg%27).show()%253B%250A%2520%2520%2520%2520%2520%2520%2520%2520%2524(%27%2523closedMsg%27).hide()%253B%250A&content%5B2%5D=1&content%5B3%5D=10267&content%5B4%5D=0&content%5B5%5D=-1&content%5B6%5D= HTTP/1.1" 200 215 "http://imgame1.cf.ac.uk/s2_332_0" "Mozilla/5.0 (Windows NT 10.0; WOW64) AppleWebKit/537.36 (KHTML, like Gecko) Chrome/49.0.2623.112 Safari/537.36"
223.204.246.53 - - [23/Apr/2016:08:15:30 +0100] "GET /webServices/step2/step2RunController.php?permissions=255&messageType=storeStep2reply&exptId=332&jType=0&content%5B0%5D=2&content%5B1%5D=%2520%2520%2520%2520%2520%2520%2520%2520%2524(%27%2523qaSection%27).hide()%253B%250A%2520%2520%2520%2520%2520%2520%2520%2520%2524(%27%2523alignmentSection%27).hide()%253B%250A%2520%2520%2520%2520%2520%2520%2520%2520var%2520finalMsgTxt%2520%253D%2520%2524(%27%2523finalMsg%27).html()%253B%250A%2520%2520%2520%2520%2520%2520%2520%2520finalMsgTxt%2520%253D%2520finalMsgTxt%2520%252B%2520%27kodu%253A%2520%27%252BrestartUID%253B%250A%2520%2520%2520%2520%2520%2520%2520%2520%2524(%27%2523finalMsg%27).html(finalMsgTxt)%253B%250A%2520%2520%2520%2520%2520%2520%2520%2520%2524(%27%2523finalMsg%27).show()%253B%250A%2520%2520%2520%2520%2520%2520%2520%2520%2524(%27%2523closedMsg%27).hide()%253B%250A&content%5B2%5D=1&content%5B3%5D=10267&content%5B4%5D=0&content%5B5%5D=-1&content%5B6%5D= HTTP/1.1" 200 315 "http://imgame1.cf.ac.uk/s2_332_0" "Mozilla/5.0 (Windows NT 10.0; WOW64) AppleWebKit/537.36 (KHTML, like Gecko) Chrome/49.0.2623.112 Safari/537.36"
223.204.246.53 - - [23/Apr/2016:08:15:33 +0100] "GET /webServices/step2/step2RunController.php?permissions=255&messageType=storeStep2reply&exptId=332&jType=0&content%5B0%5D=3&content%5B1%5D=%2520%2520%2520%2520%2520%2520%2520%2520%2524(%27%2523qaSection%27).hide()%253B%250A%2520%2520%2520%2520%2520%2520%2520%2520%2524(%27%2523alignmentSection%27).hide()%253B%250A%2520%2520%2520%2520%2520%2520%2520%2520var%2520finalMsgTxt%2520%253D%2520%2524(%27%2523finalMsg%27).html()%253B%250A%2520%2520%2520%2520%2520%2520%2520%2520finalMsgTxt%2520%253D%2520finalMsgTxt%2520%252B%2520%27kodu%253A%2520%27%252BrestartUID%253B%250A%2520%2520%2520%2520%2520%2520%2520%2520%2524(%27%2523finalMsg%27).html(finalMsgTxt)%253B%250A%2520%2520%2520%2520%2520%2520%2520%2520%2524(%27%2523finalMsg%27).show()%253B%250A%2520%2520%2520%2520%2520%2520%2520%2520%2524(%27%2523closedMsg%27).hide()%253B%250A&content%5B2%5D=1&content%5B3%5D=10267&content%5B4%5D=0&content%5B5%5D=-1&content%5B6%5D= HTTP/1.1" 200 246 "http://imgame1.cf.ac.uk/s2_332_0" "Mozilla/5.0 (Windows NT 10.0; WOW64) AppleWebKit/537.36 (KHTML, like Gecko) Chrome/49.0.2623.112 Safari/537.36"
223.204.246.53 - - [23/Apr/2016:08:15:36 +0100] "GET /webServices/step2/step2RunController.php?permissions=255&messageType=storeStep2reply&exptId=332&jType=0&content%5B0%5D=4&content%5B1%5D=%2520%2520%2520%2520%2520%2520%2520%2520%2524(%27%2523qaSection%27).hide()%253B%250A%2520%2520%2520%2520%2520%2520%2520%2520%2524(%27%2523alignmentSection%27).hide()%253B%250A%2520%2520%2520%2520%2520%2520%2520%2520var%2520finalMsgTxt%2520%253D%2520%2524(%27%2523finalMsg%27).html()%253B%250A%2520%2520%2520%2520%2520%2520%2520%2520finalMsgTxt%2520%253D%2520finalMsgTxt%2520%252B%2520%27kodu%253A%2520%27%252BrestartUID%253B%250A%2520%2520%2520%2520%2520%2520%2520%2520%2524(%27%2523finalMsg%27).html(finalMsgTxt)%253B%250A%2520%2520%2520%2520%2520%2520%2520%2520%2524(%27%2523finalMsg%27).show()%253B%250A%2520%2520%2520%2520%2520%2520%2520%2520%2524(%27%2523closedMsg%27).hide()%253B%250A&content%5B2%5D=1&content%5B3%5D=10267&content%5B4%5D=0&content%5B5%5D=-1&content%5B6%5D= HTTP/1.1" 200 225 "http://imgame1.cf.ac.uk/s2_332_0" "Mozilla/5.0 (Windows NT 10.0; WOW64) AppleWebKit/537.36 (KHTML, like Gecko) Chrome/49.0.2623.112 Safari/537.36"
223.204.246.53 - - [23/Apr/2016:08:15:39 +0100] "GET /webServices/step2/step2RunController.php?permissions=255&messageType=storeStep2reply&exptId=332&jType=0&content%5B0%5D=5&content%5B1%5D=%2520%2520%2520%2520%2520%2520%2520%2520%2524(%27%2523qaSection%27).hide()%253B%250A%2520%2520%2520%2520%2520%2520%2520%2520%2524(%27%2523alignmentSection%27).hide()%253B%250A%2520%2520%2520%2520%2520%2520%2520%2520var%2520finalMsgTxt%2520%253D%2520%2524(%27%2523finalMsg%27).html()%253B%250A%2520%2520%2520%2520%2520%2520%2520%2520finalMsgTxt%2520%253D%2520finalMsgTxt%2520%252B%2520%27kodu%253A%2520%27%252BrestartUID%253B%250A%2520%2520%2520%2520%2520%2520%2520%2520%2524(%27%2523finalMsg%27).html(finalMsgTxt)%253B%250A%2520%2520%2520%2520%2520%2520%2520%2520%2524(%27%2523finalMsg%27).show()%253B%250A%2520%2520%2520%2520%2520%2520%2520%2520%2524(%27%2523closedMsg%27).hide()%253B%250A&content%5B2%5D=1&content%5B3%5D=10267&content%5B4%5D=0&content%5B5%5D=-1&content%5B6%5D= HTTP/1.1" 200 75 "http://imgame1.cf.ac.uk/s2_332_0" "Mozilla/5.0 (Windows NT 10.0; WOW64) AppleWebKit/537.36 (KHTML, like Gecko) Chrome/49.0.2623.112 Safari/537.36"
223.204.246.53 - - [23/Apr/2016:08:15:47 +0100] "POST /index.php HTTP/1.1" 200 5816 "http://imgame1.cf.ac.uk/index.php" "Mozilla/5.0 (Windows NT 10.0; WOW64) AppleWebKit/537.36 (KHTML, like Gecko) Chrome/49.0.2623.112 Safari/537.36"
223.204.246.53 - - [23/Apr/2016:08:15:48 +0100] "GET /js/ko/ko-mapping.js HTTP/1.1" 200 11106 "http://imgame1.cf.ac.uk/index.php" "Mozilla/5.0 (Windows NT 10.0; WOW64) AppleWebKit/537.36 (KHTML, like Gecko) Chrome/49.0.2623.112 Safari/537.36"
223.204.246.53 - - [23/Apr/2016:08:15:48 +0100] "GET /js/ko/knockout-3.2.0.js HTTP/1.1" 200 54129 "http://imgame1.cf.ac.uk/index.php" "Mozilla/5.0 (Windows NT 10.0; WOW64) AppleWebKit/537.36 (KHTML, like Gecko) Chrome/49.0.2623.112 Safari/537.36"
223.204.246.53 - - [23/Apr/2016:08:15:49 +0100] "GET /js/admin/experimentSummary.js HTTP/1.1" 200 8609 "http://imgame1.cf.ac.uk/index.php" "Mozilla/5.0 (Windows NT 10.0; WOW64) AppleWebKit/537.36 (KHTML, like Gecko) Chrome/49.0.2623.112 Safari/537.36"
223.204.246.53 - - [23/Apr/2016:08:15:49 +0100] "GET /webServices/admin/experimentConfiguration.php?uid=28&exptId=332&permissions=255&messageType=exptControls&content=top+level+experiment+controls HTTP/1.1" 200 8472 "http://imgame1.cf.ac.uk/index.php" "Mozilla/5.0 (Windows NT 10.0; WOW64) AppleWebKit/537.36 (KHTML, like Gecko) Chrome/49.0.2623.112 Safari/537.36"
223.204.246.53 - - [23/Apr/2016:08:15:56 +0100] "POST /index.php HTTP/1.1" 200 3945 "http://imgame1.cf.ac.uk/index.php" "Mozilla/5.0 (Windows NT 10.0; WOW64) AppleWebKit/537.36 (KHTML, like Gecko) Chrome/49.0.2623.112 Safari/537.36"
223.204.246.53 - - [23/Apr/2016:08:15:57 +0100] "GET /js/admin/experimentSection.js HTTP/1.1" 200 4841 "http://imgame1.cf.ac.uk/index.php" "Mozilla/5.0 (Windows NT 10.0; WOW64) AppleWebKit/537.36 (KHTML, like Gecko) Chrome/49.0.2623.112 Safari/537.36"
223.204.246.53 - - [23/Apr/2016:08:15:57 +0100] "GET /webServices/admin/experimentConfiguration.php?uid=28&permissions=255&messageType=exptSection&exptId=332&content=8 HTTP/1.1" 200 5501 "http://imgame1.cf.ac.uk/index.php" "Mozilla/5.0 (Windows NT 10.0; WOW64) AppleWebKit/537.36 (KHTML, like Gecko) Chrome/49.0.2623.112 Safari/537.36"
223.204.246.53 - - [23/Apr/2016:08:17:03 +0100] "POST /webServices/admin/storeExperimentSection.php HTTP/1.1" 200 - "http://imgame1.cf.ac.uk/index.php" "Mozilla/5.0 (Windows NT 10.0; WOW64) AppleWebKit/537.36 (KHTML, like Gecko) Chrome/49.0.2623.112 Safari/537.36"
223.204.246.53 - - [23/Apr/2016:08:17:07 +0100] "POST /webServices/admin/storeExperimentSection.php HTTP/1.1" 200 - "http://imgame1.cf.ac.uk/index.php" "Mozilla/5.0 (Windows NT 10.0; WOW64) AppleWebKit/537.36 (KHTML, like Gecko) Chrome/49.0.2623.112 Safari/537.36"
223.204.246.53 - - [23/Apr/2016:08:17:12 +0100] "POST /index.php HTTP/1.1" 200 5816 "http://imgame1.cf.ac.uk/index.php" "Mozilla/5.0 (Windows NT 10.0; WOW64) AppleWebKit/537.36 (KHTML, like Gecko) Chrome/49.0.2623.112 Safari/537.36"
223.204.246.53 - - [23/Apr/2016:08:17:13 +0100] "GET /webServices/admin/experimentConfiguration.php?uid=28&exptId=332&permissions=255&messageType=exptControls&content=top+level+experiment+controls HTTP/1.1" 200 8472 "http://imgame1.cf.ac.uk/index.php" "Mozilla/5.0 (Windows NT 10.0; WOW64) AppleWebKit/537.36 (KHTML, like Gecko) Chrome/49.0.2623.112 Safari/537.36"
223.204.246.53 - - [23/Apr/2016:08:17:17 +0100] "POST /index.php HTTP/1.1" 200 3945 "http://imgame1.cf.ac.uk/index.php" "Mozilla/5.0 (Windows NT 10.0; WOW64) AppleWebKit/537.36 (KHTML, like Gecko) Chrome/49.0.2623.112 Safari/537.36"
223.204.246.53 - - [23/Apr/2016:08:17:18 +0100] "GET /webServices/admin/experimentConfiguration.php?uid=28&permissions=255&messageType=exptSection&exptId=332&content=7 HTTP/1.1" 200 3357 "http://imgame1.cf.ac.uk/index.php" "Mozilla/5.0 (Windows NT 10.0; WOW64) AppleWebKit/537.36 (KHTML, like Gecko) Chrome/49.0.2623.112 Safari/537.36"
223.204.246.53 - - [23/Apr/2016:08:17:31 +0100] "POST /webServices/admin/storeExperimentSection.php HTTP/1.1" 200 - "http://imgame1.cf.ac.uk/index.php" "Mozilla/5.0 (Windows NT 10.0; WOW64) AppleWebKit/537.36 (KHTML, like Gecko) Chrome/49.0.2623.112 Safari/537.36"
223.204.246.53 - - [23/Apr/2016:08:17:32 +0100] "POST /index.php HTTP/1.1" 200 3945 "http://imgame1.cf.ac.uk/index.php" "Mozilla/5.0 (Windows NT 10.0; WOW64) AppleWebKit/537.36 (KHTML, like Gecko) Chrome/49.0.2623.112 Safari/537.36"
223.204.246.53 - - [23/Apr/2016:08:17:33 +0100] "GET /webServices/admin/experimentConfiguration.php?uid=28&permissions=255&messageType=exptSection&exptId=332&content=7 HTTP/1.1" 200 3354 "http://imgame1.cf.ac.uk/index.php" "Mozilla/5.0 (Windows NT 10.0; WOW64) AppleWebKit/537.36 (KHTML, like Gecko) Chrome/49.0.2623.112 Safari/537.36"
148.81.190.226 - - [23/Apr/2016:08:20:08 +0100] "GET /sf_332_0 HTTP/1.1" 200 3110 "-" "Mozilla/5.0 (Windows NT 6.1; Win64; x64) AppleWebKit/537.36 (KHTML, like Gecko) Chrome/49.0.2623.112 Safari/537.36"
148.81.190.226 - - [23/Apr/2016:08:20:08 +0100] "GET /jquery-mobile/jqmOverrides.css HTTP/1.1" 200 685 "http://imgame1.cf.ac.uk/sf_332_0" "Mozilla/5.0 (Windows NT 6.1; Win64; x64) AppleWebKit/537.36 (KHTML, like Gecko) Chrome/49.0.2623.112 Safari/537.36"
148.81.190.226 - - [23/Apr/2016:08:20:08 +0100] "GET /mobile-css/1024.css HTTP/1.1" 200 346 "http://imgame1.cf.ac.uk/sf_332_0" "Mozilla/5.0 (Windows NT 6.1; Win64; x64) AppleWebKit/537.36 (KHTML, like Gecko) Chrome/49.0.2623.112 Safari/537.36"
148.81.190.226 - - [23/Apr/2016:08:20:08 +0100] "GET /jquery-themes/imgame.min.css HTTP/1.1" 200 30735 "http://imgame1.cf.ac.uk/sf_332_0" "Mozilla/5.0 (Windows NT 6.1; Win64; x64) AppleWebKit/537.36 (KHTML, like Gecko) Chrome/49.0.2623.112 Safari/537.36"
148.81.190.226 - - [23/Apr/2016:08:20:08 +0100] "GET /jquery-mobile/jquery.mobile.overrides.js HTTP/1.1" 200 355 "http://imgame1.cf.ac.uk/sf_332_0" "Mozilla/5.0 (Windows NT 6.1; Win64; x64) AppleWebKit/537.36 (KHTML, like Gecko) Chrome/49.0.2623.112 Safari/537.36"
148.81.190.226 - - [23/Apr/2016:08:20:08 +0100] "GET /jquery-mobile/page.modifiers.js HTTP/1.1" 200 527 "http://imgame1.cf.ac.uk/sf_332_0" "Mozilla/5.0 (Windows NT 6.1; Win64; x64) AppleWebKit/537.36 (KHTML, like Gecko) Chrome/49.0.2623.112 Safari/537.36"
