176.63.1.123 - - [24/Apr/2016:13:07:44 +0100] "GET /webServices/step4/step4RunController.php?permissions=255&exptId=260&jType=1&s4jNo=41&messageType=ratingParams&content%5B0%5D= HTTP/1.1" 200 460 "http://imgame1.cf.ac.uk/s4_260_1_41" "Mozilla/5.0 (Windows NT 10.0; WOW64) AppleWebKit/537.36 (KHTML, like Gecko) Chrome/49.0.2623.112 Safari/537.36"
176.63.1.123 - - [24/Apr/2016:13:07:44 +0100] "GET /webServices/step4/step4RunController.php?permissions=255&exptId=260&jType=1&s4jNo=41&messageType=startPage&content%5B0%5D= HTTP/1.1" 200 60 "http://imgame1.cf.ac.uk/s4_260_1_41" "Mozilla/5.0 (Windows NT 10.0; WOW64) AppleWebKit/537.36 (KHTML, like Gecko) Chrome/49.0.2623.112 Safari/537.36"
78.131.116.120 - - [24/Apr/2016:13:09:02 +0100] "GET /webServices/step4/step4RunController.php?permissions=255&exptId=260&jType=1&s4jNo=62&messageType=step4storeRating&content%5B0%5D=&content%5B1%5D=haveResponse&content%5B2%5D=1&content%5B3%5D=interval4&content%5B4%5D=A+f%C3%A9rfi+%C3%A9s+n%C5%91i+szerepek+el%C3%A9g+sztereot%C3%ADpak+szerintem%2C+pont+olyan+mint+ahogy+a+l%C3%A1nyok+gondolj%C3%A1k%2C+hogy+mit+gondolnak+a+fi%C3%BAk.+Az+ideges%C3%ADt%C5%91+tulajdons%C3%A1gos+k%C3%A9rd%C3%A9sre+egy+korrekt+v%C3%A1laszt+kaptunk+a+bal+oldali+j%C3%A1t%C3%A9kost%C3%B3l%2C+szerintem+ez+%C5%91szinte+volt.+A+jobb+oldali+megint+sztereot%C3%ADp.%22Lusta+vagyok+%C3%A9s+hajlamos+vagyok+gyerekes+id%C5%91t%C3%B6lt%C3%A9sekkel+pazarolni+az+%C3%A9letemet.+Ezeken+s%C3%BCrg%C5%91sen+v%C3%A1ltoztatni+szeretn%C3%A9k.%22+ez+is+el%C3%A9g+%C5%91szinte%2C+szerintem+sim%C3%A9%C3%A1n+hangozhat+el+fi%C3%BA+sz%C3%A1j%C3%A1b%C3%B3l.+Illetve+a+szexre+adott+v%C3%A1lasz+is%2C+%C3%A1rulkod%C3%B3%2C+nem+tudom%2C+hogy+a+l%C3%A1nyok+mennyit+besz%C3%A9lnek+r%C3%B3la%2C+de+a+fi%C3%BAk+a+dicsekv%C3%A9sen+k%C3%ADv%C3%BCl+nem+mennek+bele+a+r%C3%A9szletekbe.+&content%5B5%5D=1&content%5B6%5D=1&content%5B7%5D=8&content%5B8%5D=16&content%5B9%5D=-1&content%5B11%5D=&content%5B12%5D=&content%5B13%5D=&content%5B14%5D=16 HTTP/1.1" 200 3452 "http://imgame1.cf.ac.uk/s4_260_1_62" "Mozilla/5.0 (Windows NT 6.1; WOW64) AppleWebKit/537.36 (KHTML, like Gecko) Chrome/49.0.2623.112 Safari/537.36"
80.98.84.13 - - [24/Apr/2016:13:09:25 +0100] "GET /webServices/step4/step4RunController.php?permissions=255&exptId=260&jType=0&s4jNo=62&messageType=step4storeRating&content%5B0%5D=&content%5B1%5D=haveResponse&content%5B2%5D=1&content%5B3%5D=interval4&content%5B4%5D=Az+els%C5%91+v%C3%A1laszt+t%C3%BAlz%C3%A1snak+tekintem%2C+a+sminkcuccn%C3%A1l+k%C3%B6d%C3%B6s%C3%ADt%2C+ahogy+a+menstru%C3%A1ci%C3%B3s+g%C3%B6rcs%C3%B6s+k%C3%A9rd%C3%A9sn%C3%A9l+is%2C+a+t%C3%B6bbin%C3%A9l+t%C3%BAls%C3%A1gosan+pr%C3%B3b%C3%A1lja+er%C5%91ltetni%2C+hogy+%C5%91+l%C3%A1ny+(+a+b%C3%A1tor+apa%2C+valamint+a+k%C3%A9k+sz%C3%ADn%C5%B1+ruh%C3%A1k+eset%C3%A9ben+is).&content%5B5%5D=1&content%5B6%5D=1&content%5B7%5D=3&content%5B8%5D=10&content%5B9%5D=-1&content%5B11%5D=&content%5B12%5D=&content%5B13%5D=&content%5B14%5D=18 HTTP/1.1" 200 4907 "http://imgame1.cf.ac.uk/s4_260_0_62" "Mozilla/5.0 (Windows NT 10.0; WOW64) AppleWebKit/537.36 (KHTML, like Gecko) Chrome/49.0.2623.112 Safari/537.36"
195.228.152.74 - - [24/Apr/2016:13:10:09 +0100] "GET /webServices/step4/step4RunController.php?permissions=255&exptId=260&jType=1&s4jNo=50&messageType=step4storeRating&content%5B0%5D=&content%5B1%5D=haveResponse&content%5B2%5D=1&content%5B3%5D=interval3&content%5B4%5D=mert+%C5%91+sokkal+kev%C3%A9sb%C3%A9+n%C3%A9zi+azt+hogy+milyen+dr%C3%A1g%C3%A1n+v%C3%A1s%C3%A1rolok-+tipikus+csaj&content%5B5%5D=1&content%5B6%5D=1&content%5B7%5D=17&content%5B8%5D=4&content%5B9%5D=-1&content%5B11%5D=&content%5B12%5D=&content%5B13%5D=&content%5B14%5D=13 HTTP/1.1" 200 82 "http://imgame1.cf.ac.uk/s4_260_1_50" "Mozilla/5.0 (Windows NT 10.0; Win64; x64) AppleWebKit/537.36 (KHTML, like Gecko) Chrome/49.0.2623.112 Safari/537.36"
195.228.152.74 - - [24/Apr/2016:13:10:10 +0100] "POST /sf_260_11_1_50 HTTP/1.1" 200 13414 "http://imgame1.cf.ac.uk/s4_260_1_50" "Mozilla/5.0 (Windows NT 10.0; Win64; x64) AppleWebKit/537.36 (KHTML, like Gecko) Chrome/49.0.2623.112 Safari/537.36"
195.228.152.74 - - [24/Apr/2016:13:10:10 +0100] "GET /jquery-themes/imgame.min.css HTTP/1.1" 200 30735 "http://imgame1.cf.ac.uk/sf_260_11_1_50" "Mozilla/5.0 (Windows NT 10.0; Win64; x64) AppleWebKit/537.36 (KHTML, like Gecko) Chrome/49.0.2623.112 Safari/537.36"
195.228.152.74 - - [24/Apr/2016:13:10:10 +0100] "GET /jquery-mobile/jqmOverrides.css HTTP/1.1" 200 685 "http://imgame1.cf.ac.uk/sf_260_11_1_50" "Mozilla/5.0 (Windows NT 10.0; Win64; x64) AppleWebKit/537.36 (KHTML, like Gecko) Chrome/49.0.2623.112 Safari/537.36"
195.228.152.74 - - [24/Apr/2016:13:10:10 +0100] "GET /mobile-css/1024.css HTTP/1.1" 200 346 "http://imgame1.cf.ac.uk/sf_260_11_1_50" "Mozilla/5.0 (Windows NT 10.0; Win64; x64) AppleWebKit/537.36 (KHTML, like Gecko) Chrome/49.0.2623.112 Safari/537.36"
195.228.152.74 - - [24/Apr/2016:13:10:10 +0100] "GET /jquery-mobile/jquery.mobile.structure-1.4.5.min.css HTTP/1.1" 200 68712 "http://imgame1.cf.ac.uk/sf_260_11_1_50" "Mozilla/5.0 (Windows NT 10.0; Win64; x64) AppleWebKit/537.36 (KHTML, like Gecko) Chrome/49.0.2623.112 Safari/537.36"
195.228.152.74 - - [24/Apr/2016:13:10:10 +0100] "GET /jquery-mobile/jquery.mobile.overrides.js HTTP/1.1" 200 355 "http://imgame1.cf.ac.uk/sf_260_11_1_50" "Mozilla/5.0 (Windows NT 10.0; Win64; x64) AppleWebKit/537.36 (KHTML, like Gecko) Chrome/49.0.2623.112 Safari/537.36"
195.228.152.74 - - [24/Apr/2016:13:10:10 +0100] "GET /jquery-themes/jquery.mobile.icons.min.css HTTP/1.1" 200 127053 "http://imgame1.cf.ac.uk/sf_260_11_1_50" "Mozilla/5.0 (Windows NT 10.0; Win64; x64) AppleWebKit/537.36 (KHTML, like Gecko) Chrome/49.0.2623.112 Safari/537.36"
195.228.152.74 - - [24/Apr/2016:13:10:10 +0100] "GET /jquery-mobile/page.modifiers.js HTTP/1.1" 200 527 "http://imgame1.cf.ac.uk/sf_260_11_1_50" "Mozilla/5.0 (Windows NT 10.0; Win64; x64) AppleWebKit/537.36 (KHTML, like Gecko) Chrome/49.0.2623.112 Safari/537.36"
195.228.152.74 - - [24/Apr/2016:13:10:11 +0100] "GET /js/ko/knockout-3.3.0.js HTTP/1.1" 200 55956 "http://imgame1.cf.ac.uk/sf_260_11_1_50" "Mozilla/5.0 (Windows NT 10.0; Win64; x64) AppleWebKit/537.36 (KHTML, like Gecko) Chrome/49.0.2623.112 Safari/537.36"
195.228.152.74 - - [24/Apr/2016:13:10:11 +0100] "GET /js/ko/ko-mapping.js HTTP/1.1" 200 11106 "http://imgame1.cf.ac.uk/sf_260_11_1_50" "Mozilla/5.0 (Windows NT 10.0; Win64; x64) AppleWebKit/537.36 (KHTML, like Gecko) Chrome/49.0.2623.112 Safari/537.36"
195.228.152.74 - - [24/Apr/2016:13:10:12 +0100] "GET /js/forms/stepFormRuntime.js HTTP/1.1" 200 21132 "http://imgame1.cf.ac.uk/sf_260_11_1_50" "Mozilla/5.0 (Windows NT 10.0; Win64; x64) AppleWebKit/537.36 (KHTML, like Gecko) Chrome/49.0.2623.112 Safari/537.36"
195.228.152.74 - - [24/Apr/2016:13:10:10 +0100] "GET /jquery-mobile/jquery.mobile-1.4.5.min.js HTTP/1.1" 200 200143 "http://imgame1.cf.ac.uk/sf_260_11_1_50" "Mozilla/5.0 (Windows NT 10.0; Win64; x64) AppleWebKit/537.36 (KHTML, like Gecko) Chrome/49.0.2623.112 Safari/537.36"
195.228.152.74 - - [24/Apr/2016:13:10:16 +0100] "GET /jquery-themes/images/ajax-loader.gif HTTP/1.1" 200 6242 "http://imgame1.cf.ac.uk/jquery-themes/imgame.min.css" "Mozilla/5.0 (Windows NT 10.0; Win64; x64) AppleWebKit/537.36 (KHTML, like Gecko) Chrome/49.0.2623.112 Safari/537.36"
195.228.152.74 - - [24/Apr/2016:13:10:16 +0100] "GET /webServices/forms/stepFormRuntimeController.php?permissions=255&messageType=formSettings&exptId=260&formType=11&jType=1 HTTP/1.1" 200 388 "http://imgame1.cf.ac.uk/sf_260_11_1_50" "Mozilla/5.0 (Windows NT 10.0; Win64; x64) AppleWebKit/537.36 (KHTML, like Gecko) Chrome/49.0.2623.112 Safari/537.36"
195.228.152.74 - - [24/Apr/2016:13:10:17 +0100] "GET /webServices/admin/getStepFormAsJSON.php?permissions=255&exptId=260&formType=11&jType=1 HTTP/1.1" 200 45919 "http://imgame1.cf.ac.uk/sf_260_11_1_50" "Mozilla/5.0 (Windows NT 10.0; Win64; x64) AppleWebKit/537.36 (KHTML, like Gecko) Chrome/49.0.2623.112 Safari/537.36"
152.66.233.146 - - [24/Apr/2016:13:11:08 +0100] "GET /webServices/step4/step4RunController.php?permissions=255&exptId=260&jType=0&s4jNo=73&messageType=step4storeRating&content%5B0%5D=&content%5B1%5D=haveResponse&content%5B2%5D=1&content%5B3%5D=interval2&content%5B4%5D=%C3%96sszess%C3%A9g%C3%A9ben+tal%C3%A1n+az+els%C5%91+v%C3%A1laszad%C3%B3+le%C3%ADr%C3%A1sai+jobban+hasonl%C3%ADtanak+tal%C3%A1n+a+n%C5%91i+v%C3%A1laszokra%2C+b%C3%A1r+a+GYES-r%C5%91l+%C3%A9rdekl%C5%91d%C5%91+k%C3%A9rd%C3%A9sn%C3%A9l+pont+a+m%C3%A1sik+v%C3%A1laszad%C3%B3%C3%A9+a+hitelesebb%2C+valamint+az+utols%C3%B3n%C3%A1l+az+els%C5%91+v%C3%A1laszad%C3%B3+t%C3%BAl+magyar%C3%A1zza%2C+hogy+%C5%91+nem+tudja%2C+hogy+mi+az.&content%5B5%5D=0&content%5B6%5D=1&content%5B7%5D=15&content%5B8%5D=19&content%5B9%5D=-1&content%5B11%5D=&content%5B12%5D=&content%5B13%5D=&content%5B14%5D=5 HTTP/1.1" 200 3289 "http://imgame1.cf.ac.uk/s4_260_0_73" "Mozilla/5.0 (Windows NT 6.3; WOW64) AppleWebKit/537.36 (KHTML, like Gecko) Chrome/49.0.2623.112 Safari/537.36"
89.134.193.233 - - [24/Apr/2016:13:11:14 +0100] "GET /webServices/step4/step4RunController.php?permissions=255&exptId=260&jType=1&s4jNo=37&messageType=step4storeRating&content%5B0%5D=&content%5B1%5D=haveResponse&content%5B2%5D=1&content%5B3%5D=interval4&content%5B4%5D=K%C3%B6ld%C3%B6ksz%C5%91r+mindig+k%C3%A9k%2C+ha+ismeri+akkor+tudnia+k%C3%A9ne.+F%C3%A9rfiakra+jellemz%C5%91+a+sz%C5%91r%C3%B6s+has+miatt.+Mivel+azt+%C3%ADrta+ismeri%2C+de+t%C3%A9vesen+%C3%ADgy+nem+lehet+fi%C3%BA%2C+sz%C3%ADnlelte+a+v%C3%A1laszt.+Mit+tal%C3%A1l+vonz%C3%B3nak+k%C3%A9rd%C3%A9sn%C3%A9l+a+rosszfi%C3%BA+megeml%C3%ADt%C3%A9se+ink%C3%A1bb+egy+l%C3%A1nyra+vall+aki+fi%C3%BAnak+sz%C3%ADnleli+mag%C3%A1t.&content%5B5%5D=0&content%5B6%5D=1&content%5B7%5D=7&content%5B8%5D=7&content%5B9%5D=-1&content%5B11%5D=&content%5B12%5D=&content%5B13%5D=&content%5B14%5D=11 HTTP/1.1" 200 3188 "http://imgame1.cf.ac.uk/s4_260_1_37" "Mozilla/5.0 (Windows NT 10.0; Win64; x64) AppleWebKit/537.36 (KHTML, like Gecko) Chrome/50.0.2661.87 Safari/537.36"
195.228.152.74 - - [24/Apr/2016:13:11:20 +0100] "POST /webServices/forms/storeStepFormResponses.php HTTP/1.1" 200 92 "http://imgame1.cf.ac.uk/sf_260_11_1_50" "Mozilla/5.0 (Windows NT 10.0; Win64; x64) AppleWebKit/537.36 (KHTML, like Gecko) Chrome/49.0.2623.112 Safari/537.36"
195.228.152.74 - - [24/Apr/2016:13:11:27 +0100] "GET /sf_260_11_1_50 HTTP/1.1" 200 13414 "http://imgame1.cf.ac.uk/s4_260_1_50" "Mozilla/5.0 (Windows NT 10.0; Win64; x64) AppleWebKit/537.36 (KHTML, like Gecko) Chrome/49.0.2623.112 Safari/537.36"
195.228.152.74 - - [24/Apr/2016:13:11:28 +0100] "GET /jquery-themes/imgame.min.css HTTP/1.1" 304 - "http://imgame1.cf.ac.uk/sf_260_11_1_50" "Mozilla/5.0 (Windows NT 10.0; Win64; x64) AppleWebKit/537.36 (KHTML, like Gecko) Chrome/49.0.2623.112 Safari/537.36"
195.228.152.74 - - [24/Apr/2016:13:11:28 +0100] "GET /jquery-themes/jquery.mobile.icons.min.css HTTP/1.1" 304 - "http://imgame1.cf.ac.uk/sf_260_11_1_50" "Mozilla/5.0 (Windows NT 10.0; Win64; x64) AppleWebKit/537.36 (KHTML, like Gecko) Chrome/49.0.2623.112 Safari/537.36"
195.228.152.74 - - [24/Apr/2016:13:11:28 +0100] "GET /jquery-mobile/jquery.mobile.structure-1.4.5.min.css HTTP/1.1" 304 - "http://imgame1.cf.ac.uk/sf_260_11_1_50" "Mozilla/5.0 (Windows NT 10.0; Win64; x64) AppleWebKit/537.36 (KHTML, like Gecko) Chrome/49.0.2623.112 Safari/537.36"
195.228.152.74 - - [24/Apr/2016:13:11:28 +0100] "GET /jquery-mobile/jqmOverrides.css HTTP/1.1" 304 - "http://imgame1.cf.ac.uk/sf_260_11_1_50" "Mozilla/5.0 (Windows NT 10.0; Win64; x64) AppleWebKit/537.36 (KHTML, like Gecko) Chrome/49.0.2623.112 Safari/537.36"
195.228.152.74 - - [24/Apr/2016:13:11:28 +0100] "GET /mobile-css/1024.css HTTP/1.1" 304 - "http://imgame1.cf.ac.uk/sf_260_11_1_50" "Mozilla/5.0 (Windows NT 10.0; Win64; x64) AppleWebKit/537.36 (KHTML, like Gecko) Chrome/49.0.2623.112 Safari/537.36"
195.228.152.74 - - [24/Apr/2016:13:11:32 +0100] "GET /jquery/jquery-2.1.3.min.js HTTP/1.1" 304 - "http://imgame1.cf.ac.uk/sf_260_11_1_50" "Mozilla/5.0 (Windows NT 10.0; Win64; x64) AppleWebKit/537.36 (KHTML, like Gecko) Chrome/49.0.2623.112 Safari/537.36"
195.228.152.74 - - [24/Apr/2016:13:11:32 +0100] "GET /jquery-mobile/jquery.mobile.overrides.js HTTP/1.1" 304 - "http://imgame1.cf.ac.uk/sf_260_11_1_50" "Mozilla/5.0 (Windows NT 10.0; Win64; x64) AppleWebKit/537.36 (KHTML, like Gecko) Chrome/49.0.2623.112 Safari/537.36"
195.228.152.74 - - [24/Apr/2016:13:11:32 +0100] "GET /jquery-mobile/jquery.mobile-1.4.5.min.js HTTP/1.1" 304 - "http://imgame1.cf.ac.uk/sf_260_11_1_50" "Mozilla/5.0 (Windows NT 10.0; Win64; x64) AppleWebKit/537.36 (KHTML, like Gecko) Chrome/49.0.2623.112 Safari/537.36"
195.228.152.74 - - [24/Apr/2016:13:11:32 +0100] "GET /jquery-mobile/page.modifiers.js HTTP/1.1" 304 - "http://imgame1.cf.ac.uk/sf_260_11_1_50" "Mozilla/5.0 (Windows NT 10.0; Win64; x64) AppleWebKit/537.36 (KHTML, like Gecko) Chrome/49.0.2623.112 Safari/537.36"
195.228.152.74 - - [24/Apr/2016:13:11:32 +0100] "GET /js/ko/knockout-3.3.0.js HTTP/1.1" 304 - "http://imgame1.cf.ac.uk/sf_260_11_1_50" "Mozilla/5.0 (Windows NT 10.0; Win64; x64) AppleWebKit/537.36 (KHTML, like Gecko) Chrome/49.0.2623.112 Safari/537.36"
195.228.152.74 - - [24/Apr/2016:13:11:33 +0100] "GET /js/ko/ko-mapping.js HTTP/1.1" 304 - "http://imgame1.cf.ac.uk/sf_260_11_1_50" "Mozilla/5.0 (Windows NT 10.0; Win64; x64) AppleWebKit/537.36 (KHTML, like Gecko) Chrome/49.0.2623.112 Safari/537.36"
195.228.152.74 - - [24/Apr/2016:13:11:35 +0100] "GET /js/forms/stepFormRuntime.js HTTP/1.1" 304 - "http://imgame1.cf.ac.uk/sf_260_11_1_50" "Mozilla/5.0 (Windows NT 10.0; Win64; x64) AppleWebKit/537.36 (KHTML, like Gecko) Chrome/49.0.2623.112 Safari/537.36"
195.228.152.74 - - [24/Apr/2016:13:11:39 +0100] "GET /webServices/forms/stepFormRuntimeController.php?permissions=255&messageType=formSettings&exptId=260&formType=11&jType=1 HTTP/1.1" 200 388 "http://imgame1.cf.ac.uk/sf_260_11_1_50" "Mozilla/5.0 (Windows NT 10.0; Win64; x64) AppleWebKit/537.36 (KHTML, like Gecko) Chrome/49.0.2623.112 Safari/537.36"
195.228.152.74 - - [24/Apr/2016:13:11:40 +0100] "GET /favicon.ico HTTP/1.1" 200 1150 "http://imgame1.cf.ac.uk/sf_260_11_1_50" "Mozilla/5.0 (Windows NT 10.0; Win64; x64) AppleWebKit/537.36 (KHTML, like Gecko) Chrome/49.0.2623.112 Safari/537.36"
152.66.233.146 - - [24/Apr/2016:13:13:16 +0100] "GET /webServices/step4/step4RunController.php?permissions=255&exptId=260&jType=0&s4jNo=73&messageType=step4storeRating&content%5B0%5D=&content%5B1%5D=haveResponse&content%5B2%5D=1&content%5B3%5D=interval2&content%5B4%5D=Az+els%C5%91+k%C3%A9rd%C3%A9sekn%C3%A9l+pontosabb+v%C3%A1laszt+adott+az+els%C5%91+v%C3%A1laszad%C3%B3.+A+Mi+ideges%C3%ADt+egy+p%C3%A1rkapcsolatban%3F-+k%C3%A9rd%C3%A9sre+amit+a+2.v%C3%A1laszad%C3%B3+%C3%ADrt%2C+az+ink%C3%A1bb+az+amit+a+pasik+gondolnak+a+l%C3%A1nyokr%C3%B3l.&content%5B5%5D=1&content%5B6%5D=2&content%5B7%5D=18&content%5B8%5D=6&content%5B9%5D=-1&content%5B11%5D=&content%5B12%5D=&content%5B13%5D=&content%5B14%5D=5 HTTP/1.1" 200 3029 "http://imgame1.cf.ac.uk/s4_260_0_73" "Mozilla/5.0 (Windows NT 6.3; WOW64) AppleWebKit/537.36 (KHTML, like Gecko) Chrome/49.0.2623.112 Safari/537.36"
89.134.193.233 - - [24/Apr/2016:13:14:44 +0100] "GET /webServices/step4/step4RunController.php?permissions=255&exptId=260&jType=1&s4jNo=37&messageType=step4storeRating&content%5B0%5D=&content%5B1%5D=haveResponse&content%5B2%5D=0&content%5B3%5D=interval3&content%5B4%5D=F%C3%A9l+%C3%A9ves+ruhav%C3%A1s%C3%A1rl%C3%A1s+az%C3%A9rt+f%C3%A9rfik%C3%A9nt+is+t%C3%BAlz%C3%B3.+Szerintem+ez+egy+sz%C3%ADnlel%C5%91+v%C3%A1lasza.+Az+els%C5%91+k%C3%A9rd%C3%A9sre+adott+v%C3%A1laszban+a+2.+v%C3%A1laszol%C3%B3+megeml%C3%ADti+a+l%C3%B3gatni+sz%C3%B3t%2C+ink%C3%A1bb+egy+fi%C3%BA+v%C3%A1lasz%C3%A1ra+sugall.&content%5B5%5D=1&content%5B6%5D=2&content%5B7%5D=11&content%5B8%5D=14&content%5B9%5D=-1&content%5B11%5D=&content%5B12%5D=&content%5B13%5D=&content%5B14%5D=15 HTTP/1.1" 200 3226 "http://imgame1.cf.ac.uk/s4_260_1_37" "Mozilla/5.0 (Windows NT 10.0; Win64; x64) AppleWebKit/537.36 (KHTML, like Gecko) Chrome/50.0.2661.87 Safari/537.36"
148.81.190.226 - - [24/Apr/2016:13:14:47 +0100] "GET /s2_332_0 HTTP/1.1" 200 2127 "-" "Mozilla/5.0 (Windows NT 5.1) AppleWebKit/537.36 (KHTML, like Gecko) Chrome/43.0.2357.124 Safari/537.36"
148.81.190.226 - - [24/Apr/2016:13:14:47 +0100] "GET /jquery-mobile/jqmOverrides.css HTTP/1.1" 200 685 "http://imgame1.cf.ac.uk/s2_332_0" "Mozilla/5.0 (Windows NT 5.1) AppleWebKit/537.36 (KHTML, like Gecko) Chrome/43.0.2357.124 Safari/537.36"
148.81.190.226 - - [24/Apr/2016:13:14:47 +0100] "GET /jquery-themes/imgame.min.css HTTP/1.1" 200 30735 "http://imgame1.cf.ac.uk/s2_332_0" "Mozilla/5.0 (Windows NT 5.1) AppleWebKit/537.36 (KHTML, like Gecko) Chrome/43.0.2357.124 Safari/537.36"
148.81.190.226 - - [24/Apr/2016:13:14:47 +0100] "GET /mobile-css/1024.css HTTP/1.1" 200 346 "http://imgame1.cf.ac.uk/s2_332_0" "Mozilla/5.0 (Windows NT 5.1) AppleWebKit/537.36 (KHTML, like Gecko) Chrome/43.0.2357.124 Safari/537.36"
148.81.190.226 - - [24/Apr/2016:13:14:47 +0100] "GET /jquery-mobile/jquery.mobile.overrides.js HTTP/1.1" 200 355 "http://imgame1.cf.ac.uk/s2_332_0" "Mozilla/5.0 (Windows NT 5.1) AppleWebKit/537.36 (KHTML, like Gecko) Chrome/43.0.2357.124 Safari/537.36"
148.81.190.226 - - [24/Apr/2016:13:14:47 +0100] "GET /jquery-mobile/jquery.mobile.structure-1.4.5.min.css HTTP/1.1" 200 68712 "http://imgame1.cf.ac.uk/s2_332_0" "Mozilla/5.0 (Windows NT 5.1) AppleWebKit/537.36 (KHTML, like Gecko) Chrome/43.0.2357.124 Safari/537.36"
148.81.190.226 - - [24/Apr/2016:13:14:47 +0100] "GET /jquery/jquery-2.1.3.min.js HTTP/1.1" 200 84320 "http://imgame1.cf.ac.uk/s2_332_0" "Mozilla/5.0 (Windows NT 5.1) AppleWebKit/537.36 (KHTML, like Gecko) Chrome/43.0.2357.124 Safari/537.36"
148.81.190.226 - - [24/Apr/2016:13:14:47 +0100] "GET /jquery-mobile/page.modifiers.js HTTP/1.1" 200 527 "http://imgame1.cf.ac.uk/s2_332_0" "Mozilla/5.0 (Windows NT 5.1) AppleWebKit/537.36 (KHTML, like Gecko) Chrome/43.0.2357.124 Safari/537.36"
148.81.190.226 - - [24/Apr/2016:13:14:47 +0100] "GET /js/mobile/adminNavigate.js HTTP/1.1" 200 4547 "http://imgame1.cf.ac.uk/s2_332_0" "Mozilla/5.0 (Windows NT 5.1) AppleWebKit/537.36 (KHTML, like Gecko) Chrome/43.0.2357.124 Safari/537.36"
148.81.190.226 - - [24/Apr/2016:13:14:47 +0100] "GET /jquery-themes/jquery.mobile.icons.min.css HTTP/1.1" 200 127053 "http://imgame1.cf.ac.uk/s2_332_0" "Mozilla/5.0 (Windows NT 5.1) AppleWebKit/537.36 (KHTML, like Gecko) Chrome/43.0.2357.124 Safari/537.36"
148.81.190.226 - - [24/Apr/2016:13:14:47 +0100] "GET /js/step2/step2RunController.js HTTP/1.1" 200 10296 "http://imgame1.cf.ac.uk/s2_332_0" "Mozilla/5.0 (Windows NT 5.1) AppleWebKit/537.36 (KHTML, like Gecko) Chrome/43.0.2357.124 Safari/537.36"
148.81.190.226 - - [24/Apr/2016:13:14:47 +0100] "GET /jquery-mobile/jquery.mobile-1.4.5.min.js HTTP/1.1" 200 200143 "http://imgame1.cf.ac.uk/s2_332_0" "Mozilla/5.0 (Windows NT 5.1) AppleWebKit/537.36 (KHTML, like Gecko) Chrome/43.0.2357.124 Safari/537.36"
148.81.190.226 - - [24/Apr/2016:13:14:48 +0100] "GET /jquery-themes/images/ajax-loader.gif HTTP/1.1" 200 6242 "http://imgame1.cf.ac.uk/jquery-themes/imgame.min.css" "Mozilla/5.0 (Windows NT 5.1) AppleWebKit/537.36 (KHTML, like Gecko) Chrome/43.0.2357.124 Safari/537.36"
148.81.190.226 - - [24/Apr/2016:13:14:48 +0100] "GET /favicon.ico HTTP/1.1" 200 1150 "http://imgame1.cf.ac.uk/s2_332_0" "Mozilla/5.0 (Windows NT 5.1) AppleWebKit/537.36 (KHTML, like Gecko) Chrome/43.0.2357.124 Safari/537.36"
148.81.190.226 - - [24/Apr/2016:13:14:48 +0100] "GET /webServices/step2/step2RunController.php?permissions=255&messageType=step2Settings&exptId=332&jType=0&content%5B0%5D=-1 HTTP/1.1" 200 168 "http://imgame1.cf.ac.uk/s2_332_0" "Mozilla/5.0 (Windows NT 5.1) AppleWebKit/537.36 (KHTML, like Gecko) Chrome/43.0.2357.124 Safari/537.36"
148.81.190.226 - - [24/Apr/2016:13:14:48 +0100] "GET /webServices/step2/step2RunController.php?permissions=255&messageType=start&exptId=332&jType=0&content%5B0%5D=-1 HTTP/1.1" 200 154 "http://imgame1.cf.ac.uk/s2_332_0" "Mozilla/5.0 (Windows NT 5.1) AppleWebKit/537.36 (KHTML, like Gecko) Chrome/43.0.2357.124 Safari/537.36"
148.81.190.226 - - [24/Apr/2016:13:14:49 +0100] "GET /webServices/step2/step2RunController.php?permissions=255&messageType=getStep2Status&exptId=332&jType=0&content%5B0%5D=1&content%5B1%5D=10349&content%5B2%5D=4&content%5B3%5D=0 HTTP/1.1" 200 198 "http://imgame1.cf.ac.uk/s2_332_0" "Mozilla/5.0 (Windows NT 5.1) AppleWebKit/537.36 (KHTML, like Gecko) Chrome/43.0.2357.124 Safari/537.36"
78.131.116.120 - - [24/Apr/2016:13:14:52 +0100] "GET /webServices/step4/step4RunController.php?permissions=255&exptId=260&jType=1&s4jNo=62&messageType=step4storeRating&content%5B0%5D=&content%5B1%5D=haveResponse&content%5B2%5D=1&content%5B3%5D=interval3&content%5B4%5D=Megint+a+b%C5%91vebb+v%C3%A1laszok+voltak+az+%C3%A1rulkod%C3%B3ak.+A+menstru%C3%A1ci%C3%B3s+k%C3%A9rd%C3%A9s+volt+a+d%C3%B6nt%C5%91.+%22Nem+k%C3%A9pzelem+el%22-+ez+annyira+jellemz%C5%91+v%C3%A1lasz%2C+hogy+szerintem+hihet%C5%91.+Illetve+az+els%C5%91+k%C3%A9rd%C3%A9sre+adott+v%C3%A1lasz%3A%0AK%C3%ADv%C3%BClr%C5%91l+megnyer%C5%91%2C+mivel+ez+fogja+meg+az+embert+el%C5%91sz%C3%B6r%2C+de+ha+hossz%C3%BAt%C3%A1v%C3%BA+kapcsolatot+szeretn%C3%A9k+nem+ez+a+legfontosabb%2C+hanem+hogy+k%C3%B6nnyen+meg%C3%A9rts%C3%BCk+egym%C3%A1st%2C+%C3%A9s+%C3%BAgy+l%C3%A1ssa+a+dolgokat%2C+ahogy+%C3%A9n.%0AA+l%C3%A1nyok+szeretn%C3%A9k%2C+hogy+a+fi%C3%BAk+az+%C5%91+szem%C3%BCkkel+l%C3%A1ss%C3%A1k+a+dolgokat%2C+a+fi%C3%BAk+nem.+Ez+a+k%C3%A9t+mark%C3%A1ns+pont+volt%2C+ami+felfedte+sz%C3%A1momra+a+sz%C3%ADnlel%C5%91t.+&content%5B5%5D=1&content%5B6%5D=2&content%5B7%5D=12&content%5B8%5D=10&content%5B9%5D=-1&content%5B11%5D=&content%5B12%5D=&content%5B13%5D=&content%5B14%5D=10 HTTP/1.1" 200 2838 "http://imgame1.cf.ac.uk/s4_260_1_62" "Mozilla/5.0 (Windows NT 6.1; WOW64) AppleWebKit/537.36 (KHTML, like Gecko) Chrome/49.0.2623.112 Safari/537.36"
80.98.84.13 - - [24/Apr/2016:13:15:13 +0100] "GET /webServices/step4/step4RunController.php?permissions=255&exptId=260&jType=0&s4jNo=62&messageType=step4storeRating&content%5B0%5D=&content%5B1%5D=haveResponse&content%5B2%5D=0&content%5B3%5D=interval3&content%5B4%5D=Kicsit+er%C5%91ltetettnek+tal%C3%A1lom+a+nem-sz%C3%ADnlel%C5%91+v%C3%A1laszaival+szemben%2C+b%C3%A1r+a+joy-cosmo-n%C5%91k+lapja+v%C3%A1laszok+kiss%C3%A9+elbizonytalan%C3%ADtanak.&content%5B5%5D=1&content%5B6%5D=2&content%5B7%5D=7&content%5B8%5D=18&content%5B9%5D=-1&content%5B11%5D=&content%5B12%5D=&content%5B13%5D=&content%5B14%5D=10 HTTP/1.1" 200 5544 "http://imgame1.cf.ac.uk/s4_260_0_62" "Mozilla/5.0 (Windows NT 10.0; WOW64) AppleWebKit/537.36 (KHTML, like Gecko) Chrome/49.0.2623.112 Safari/537.36"
152.66.233.146 - - [24/Apr/2016:13:16:13 +0100] "GET /webServices/step4/step4RunController.php?permissions=255&exptId=260&jType=0&s4jNo=73&messageType=step4storeRating&content%5B0%5D=&content%5B1%5D=haveResponse&content%5B2%5D=0&content%5B3%5D=interval3&content%5B4%5D=Az+utols%C3%B3+k%C3%A9rd%C3%A9sig+biztos+voltam+benne.+A+m%C3%A1sodik+v%C3%A1laszad%C3%B3+pontosabb+v%C3%A1laszokat+adott+%C3%A9s+olyanokat+amik+ink%C3%A1bb+helyt%C3%A1ll%C3%B3ak+szerintem+(+pl.+%C3%A1tlagos+menstru%C3%A1ci%C3%B3s+id%C5%91).+Az+utols%C3%B3+k%C3%A9rd%C3%A9sre+adott+v%C3%A1laszokn%C3%A1l+mindkett%C5%91re+azt+mondan%C3%A1m+els%C5%91re%2C+hogy+sz%C3%ADnlel%C5%91+%3A)++&content%5B5%5D=1&content%5B6%5D=1&content%5B7%5D=19&content%5B8%5D=6&content%5B9%5D=-1&content%5B11%5D=&content%5B12%5D=&content%5B13%5D=&content%5B14%5D=16 HTTP/1.1" 200 82 "http://imgame1.cf.ac.uk/s4_260_0_73" "Mozilla/5.0 (Windows NT 6.3; WOW64) AppleWebKit/537.36 (KHTML, like Gecko) Chrome/49.0.2623.112 Safari/537.36"
152.66.233.146 - - [24/Apr/2016:13:16:13 +0100] "POST /sf_260_11_0_73 HTTP/1.1" 200 13429 "http://imgame1.cf.ac.uk/s4_260_0_73" "Mozilla/5.0 (Windows NT 6.3; WOW64) AppleWebKit/537.36 (KHTML, like Gecko) Chrome/49.0.2623.112 Safari/537.36"
152.66.233.146 - - [24/Apr/2016:13:16:14 +0100] "GET /jquery-themes/imgame.min.css HTTP/1.1" 200 30735 "http://imgame1.cf.ac.uk/sf_260_11_0_73" "Mozilla/5.0 (Windows NT 6.3; WOW64) AppleWebKit/537.36 (KHTML, like Gecko) Chrome/49.0.2623.112 Safari/537.36"
152.66.233.146 - - [24/Apr/2016:13:16:14 +0100] "GET /jquery-mobile/jqmOverrides.css HTTP/1.1" 200 685 "http://imgame1.cf.ac.uk/sf_260_11_0_73" "Mozilla/5.0 (Windows NT 6.3; WOW64) AppleWebKit/537.36 (KHTML, like Gecko) Chrome/49.0.2623.112 Safari/537.36"
152.66.233.146 - - [24/Apr/2016:13:16:14 +0100] "GET /mobile-css/1024.css HTTP/1.1" 200 346 "http://imgame1.cf.ac.uk/sf_260_11_0_73" "Mozilla/5.0 (Windows NT 6.3; WOW64) AppleWebKit/537.36 (KHTML, like Gecko) Chrome/49.0.2623.112 Safari/537.36"
152.66.233.146 - - [24/Apr/2016:13:16:14 +0100] "GET /jquery-mobile/jquery.mobile.overrides.js HTTP/1.1" 200 355 "http://imgame1.cf.ac.uk/sf_260_11_0_73" "Mozilla/5.0 (Windows NT 6.3; WOW64) AppleWebKit/537.36 (KHTML, like Gecko) Chrome/49.0.2623.112 Safari/537.36"
152.66.233.146 - - [24/Apr/2016:13:16:14 +0100] "GET /jquery-mobile/page.modifiers.js HTTP/1.1" 200 527 "http://imgame1.cf.ac.uk/sf_260_11_0_73" "Mozilla/5.0 (Windows NT 6.3; WOW64) AppleWebKit/537.36 (KHTML, like Gecko) Chrome/49.0.2623.112 Safari/537.36"
152.66.233.146 - - [24/Apr/2016:13:16:14 +0100] "GET /js/ko/ko-mapping.js HTTP/1.1" 200 11106 "http://imgame1.cf.ac.uk/sf_260_11_0_73" "Mozilla/5.0 (Windows NT 6.3; WOW64) AppleWebKit/537.36 (KHTML, like Gecko) Chrome/49.0.2623.112 Safari/537.36"
152.66.233.146 - - [24/Apr/2016:13:16:14 +0100] "GET /jquery-mobile/jquery.mobile.structure-1.4.5.min.css HTTP/1.1" 200 68712 "http://imgame1.cf.ac.uk/sf_260_11_0_73" "Mozilla/5.0 (Windows NT 6.3; WOW64) AppleWebKit/537.36 (KHTML, like Gecko) Chrome/49.0.2623.112 Safari/537.36"
152.66.233.146 - - [24/Apr/2016:13:16:14 +0100] "GET /js/ko/knockout-3.3.0.js HTTP/1.1" 200 55956 "http://imgame1.cf.ac.uk/sf_260_11_0_73" "Mozilla/5.0 (Windows NT 6.3; WOW64) AppleWebKit/537.36 (KHTML, like Gecko) Chrome/49.0.2623.112 Safari/537.36"
152.66.233.146 - - [24/Apr/2016:13:16:14 +0100] "GET /js/forms/stepFormRuntime.js HTTP/1.1" 200 21132 "http://imgame1.cf.ac.uk/sf_260_11_0_73" "Mozilla/5.0 (Windows NT 6.3; WOW64) AppleWebKit/537.36 (KHTML, like Gecko) Chrome/49.0.2623.112 Safari/537.36"
152.66.233.146 - - [24/Apr/2016:13:16:14 +0100] "GET /jquery-themes/jquery.mobile.icons.min.css HTTP/1.1" 200 127053 "http://imgame1.cf.ac.uk/sf_260_11_0_73" "Mozilla/5.0 (Windows NT 6.3; WOW64) AppleWebKit/537.36 (KHTML, like Gecko) Chrome/49.0.2623.112 Safari/537.36"
152.66.233.146 - - [24/Apr/2016:13:16:14 +0100] "GET /jquery-mobile/jquery.mobile-1.4.5.min.js HTTP/1.1" 200 200143 "http://imgame1.cf.ac.uk/sf_260_11_0_73" "Mozilla/5.0 (Windows NT 6.3; WOW64) AppleWebKit/537.36 (KHTML, like Gecko) Chrome/49.0.2623.112 Safari/537.36"
152.66.233.146 - - [24/Apr/2016:13:16:15 +0100] "GET /jquery-themes/images/ajax-loader.gif HTTP/1.1" 200 6242 "http://imgame1.cf.ac.uk/jquery-themes/imgame.min.css" "Mozilla/5.0 (Windows NT 6.3; WOW64) AppleWebKit/537.36 (KHTML, like Gecko) Chrome/49.0.2623.112 Safari/537.36"
152.66.233.146 - - [24/Apr/2016:13:16:16 +0100] "GET /webServices/forms/stepFormRuntimeController.php?permissions=255&messageType=formSettings&exptId=260&formType=11&jType=0 HTTP/1.1" 200 388 "http://imgame1.cf.ac.uk/sf_260_11_0_73" "Mozilla/5.0 (Windows NT 6.3; WOW64) AppleWebKit/537.36 (KHTML, like Gecko) Chrome/49.0.2623.112 Safari/537.36"
152.66.233.146 - - [24/Apr/2016:13:16:16 +0100] "GET /webServices/admin/getStepFormAsJSON.php?permissions=255&exptId=260&formType=11&jType=0 HTTP/1.1" 200 45919 "http://imgame1.cf.ac.uk/sf_260_11_0_73" "Mozilla/5.0 (Windows NT 6.3; WOW64) AppleWebKit/537.36 (KHTML, like Gecko) Chrome/49.0.2623.112 Safari/537.36"
148.81.190.226 - - [24/Apr/2016:13:17:22 +0100] "GET / HTTP/1.1" 200 4027 "-" "Mozilla/5.0 (Windows NT 5.1) AppleWebKit/537.36 (KHTML, like Gecko) Chrome/49.0.2623.112 Safari/537.36"
148.81.190.226 - - [24/Apr/2016:13:17:29 +0100] "GET /s2_332_0 HTTP/1.1" 200 2127 "-" "Mozilla/5.0 (Windows NT 5.1) AppleWebKit/537.36 (KHTML, like Gecko) Chrome/49.0.2623.112 Safari/537.36"
148.81.190.226 - - [24/Apr/2016:13:17:30 +0100] "GET /js/step2/step2RunController.js HTTP/1.1" 200 10296 "http://imgame1.cf.ac.uk/s2_332_0" "Mozilla/5.0 (Windows NT 5.1) AppleWebKit/537.36 (KHTML, like Gecko) Chrome/49.0.2623.112 Safari/537.36"
148.81.190.226 - - [24/Apr/2016:13:17:30 +0100] "GET /webServices/step2/step2RunController.php?permissions=255&messageType=step2Settings&exptId=332&jType=0&content%5B0%5D=-1 HTTP/1.1" 200 168 "http://imgame1.cf.ac.uk/s2_332_0" "Mozilla/5.0 (Windows NT 5.1) AppleWebKit/537.36 (KHTML, like Gecko) Chrome/49.0.2623.112 Safari/537.36"
148.81.190.226 - - [24/Apr/2016:13:17:30 +0100] "GET /webServices/step2/step2RunController.php?permissions=255&messageType=start&exptId=332&jType=0&content%5B0%5D=-1 HTTP/1.1" 200 154 "http://imgame1.cf.ac.uk/s2_332_0" "Mozilla/5.0 (Windows NT 5.1) AppleWebKit/537.36 (KHTML, like Gecko) Chrome/49.0.2623.112 Safari/537.36"
148.81.190.226 - - [24/Apr/2016:13:17:31 +0100] "GET /webServices/step2/step2RunController.php?permissions=255&messageType=getStep2Status&exptId=332&jType=0&content%5B0%5D=1&content%5B1%5D=10350&content%5B2%5D=5&content%5B3%5D=0 HTTP/1.1" 200 148 "http://imgame1.cf.ac.uk/s2_332_0" "Mozilla/5.0 (Windows NT 5.1) AppleWebKit/537.36 (KHTML, like Gecko) Chrome/49.0.2623.112 Safari/537.36"
148.81.190.226 - - [24/Apr/2016:13:17:35 +0100] "GET /s2_332_0 HTTP/1.1" 200 2127 "-" "Mozilla/5.0 (Windows NT 5.1) AppleWebKit/537.36 (KHTML, like Gecko) Chrome/49.0.2623.112 Safari/537.36"
148.81.190.226 - - [24/Apr/2016:13:17:35 +0100] "GET /jquery-themes/imgame.min.css HTTP/1.1" 304 - "http://imgame1.cf.ac.uk/s2_332_0" "Mozilla/5.0 (Windows NT 5.1) AppleWebKit/537.36 (KHTML, like Gecko) Chrome/49.0.2623.112 Safari/537.36"
148.81.190.226 - - [24/Apr/2016:13:17:35 +0100] "GET /jquery-themes/jquery.mobile.icons.min.css HTTP/1.1" 304 - "http://imgame1.cf.ac.uk/s2_332_0" "Mozilla/5.0 (Windows NT 5.1) AppleWebKit/537.36 (KHTML, like Gecko) Chrome/49.0.2623.112 Safari/537.36"
148.81.190.226 - - [24/Apr/2016:13:17:35 +0100] "GET /jquery-mobile/jquery.mobile.structure-1.4.5.min.css HTTP/1.1" 304 - "http://imgame1.cf.ac.uk/s2_332_0" "Mozilla/5.0 (Windows NT 5.1) AppleWebKit/537.36 (KHTML, like Gecko) Chrome/49.0.2623.112 Safari/537.36"
148.81.190.226 - - [24/Apr/2016:13:17:35 +0100] "GET /jquery-mobile/jqmOverrides.css HTTP/1.1" 304 - "http://imgame1.cf.ac.uk/s2_332_0" "Mozilla/5.0 (Windows NT 5.1) AppleWebKit/537.36 (KHTML, like Gecko) Chrome/49.0.2623.112 Safari/537.36"
148.81.190.226 - - [24/Apr/2016:13:17:35 +0100] "GET /mobile-css/1024.css HTTP/1.1" 304 - "http://imgame1.cf.ac.uk/s2_332_0" "Mozilla/5.0 (Windows NT 5.1) AppleWebKit/537.36 (KHTML, like Gecko) Chrome/49.0.2623.112 Safari/537.36"
148.81.190.226 - - [24/Apr/2016:13:17:35 +0100] "GET /jquery/jquery-2.1.3.min.js HTTP/1.1" 304 - "http://imgame1.cf.ac.uk/s2_332_0" "Mozilla/5.0 (Windows NT 5.1) AppleWebKit/537.36 (KHTML, like Gecko) Chrome/49.0.2623.112 Safari/537.36"
148.81.190.226 - - [24/Apr/2016:13:17:35 +0100] "GET /jquery-mobile/jquery.mobile.overrides.js HTTP/1.1" 304 - "http://imgame1.cf.ac.uk/s2_332_0" "Mozilla/5.0 (Windows NT 5.1) AppleWebKit/537.36 (KHTML, like Gecko) Chrome/49.0.2623.112 Safari/537.36"
148.81.190.226 - - [24/Apr/2016:13:17:35 +0100] "GET /jquery-mobile/jquery.mobile-1.4.5.min.js HTTP/1.1" 304 - "http://imgame1.cf.ac.uk/s2_332_0" "Mozilla/5.0 (Windows NT 5.1) AppleWebKit/537.36 (KHTML, like Gecko) Chrome/49.0.2623.112 Safari/537.36"
148.81.190.226 - - [24/Apr/2016:13:17:35 +0100] "GET /jquery-mobile/page.modifiers.js HTTP/1.1" 304 - "http://imgame1.cf.ac.uk/s2_332_0" "Mozilla/5.0 (Windows NT 5.1) AppleWebKit/537.36 (KHTML, like Gecko) Chrome/49.0.2623.112 Safari/537.36"
148.81.190.226 - - [24/Apr/2016:13:17:35 +0100] "GET /js/mobile/adminNavigate.js HTTP/1.1" 304 - "http://imgame1.cf.ac.uk/s2_332_0" "Mozilla/5.0 (Windows NT 5.1) AppleWebKit/537.36 (KHTML, like Gecko) Chrome/49.0.2623.112 Safari/537.36"
148.81.190.226 - - [24/Apr/2016:13:17:35 +0100] "GET /js/step2/step2RunController.js HTTP/1.1" 304 - "http://imgame1.cf.ac.uk/s2_332_0" "Mozilla/5.0 (Windows NT 5.1) AppleWebKit/537.36 (KHTML, like Gecko) Chrome/49.0.2623.112 Safari/537.36"
148.81.190.226 - - [24/Apr/2016:13:17:35 +0100] "GET /favicon.ico HTTP/1.1" 200 1150 "http://imgame1.cf.ac.uk/s2_332_0" "Mozilla/5.0 (Windows NT 5.1) AppleWebKit/537.36 (KHTML, like Gecko) Chrome/49.0.2623.112 Safari/537.36"
148.81.190.226 - - [24/Apr/2016:13:17:35 +0100] "GET /webServices/step2/step2RunController.php?permissions=255&messageType=step2Settings&exptId=332&jType=0&content%5B0%5D=-1 HTTP/1.1" 200 168 "http://imgame1.cf.ac.uk/s2_332_0" "Mozilla/5.0 (Windows NT 5.1) AppleWebKit/537.36 (KHTML, like Gecko) Chrome/49.0.2623.112 Safari/537.36"
148.81.190.226 - - [24/Apr/2016:13:17:35 +0100] "GET /webServices/step2/step2RunController.php?permissions=255&messageType=start&exptId=332&jType=0&content%5B0%5D=-1 HTTP/1.1" 200 154 "http://imgame1.cf.ac.uk/s2_332_0" "Mozilla/5.0 (Windows NT 5.1) AppleWebKit/537.36 (KHTML, like Gecko) Chrome/49.0.2623.112 Safari/537.36"
148.81.190.226 - - [24/Apr/2016:13:17:36 +0100] "GET /webServices/step2/step2RunController.php?permissions=255&messageType=getStep2Status&exptId=332&jType=0&content%5B0%5D=1&content%5B1%5D=10351&content%5B2%5D=6&content%5B3%5D=0 HTTP/1.1" 200 168 "http://imgame1.cf.ac.uk/s2_332_0" "Mozilla/5.0 (Windows NT 5.1) AppleWebKit/537.36 (KHTML, like Gecko) Chrome/49.0.2623.112 Safari/537.36"
152.66.233.146 - - [24/Apr/2016:13:18:20 +0100] "POST /webServices/forms/storeStepFormResponses.php HTTP/1.1" 200 92 "http://imgame1.cf.ac.uk/sf_260_11_0_73" "Mozilla/5.0 (Windows NT 6.3; WOW64) AppleWebKit/537.36 (KHTML, like Gecko) Chrome/49.0.2623.112 Safari/537.36"
78.131.116.120 - - [24/Apr/2016:13:18:42 +0100] "GET /webServices/step4/step4RunController.php?permissions=255&exptId=260&jType=1&s4jNo=62&messageType=step4storeRating&content%5B0%5D=&content%5B1%5D=haveResponse&content%5B2%5D=1&content%5B3%5D=interval4&content%5B4%5D=A+m%C3%A1sodik+k%C3%A9rd%C3%A9sre+adott+%22bek%C3%A9pzelt%22+v%C3%A1lasz%2C+ut%C3%A1n+egyre+jobban+%C3%BAgy+%C3%A9reztem%2C+hogy+a+bal+oldali+az+igazat+mond%C3%B3.+Tudta+a+for+ciklust+is+%3AD%0AAz+ide%C3%A1lis+f%C3%A9rfitulajdons%C3%A1gok+is+el%C3%A1rult%C3%A1k%2C+ezeket+f%C5%91k%C3%A9nt+a+n%C5%91k+keresik+a+f%C3%A9rfiban.+%0AIlletve+az+utols%C3%B3+k%C3%A9rd%C3%A9s+is+%C3%A1rulkod%C3%B3+volt.+&content%5B5%5D=1&content%5B6%5D=1&content%5B7%5D=13&content%5B8%5D=2&content%5B9%5D=-1&content%5B11%5D=&content%5B12%5D=&content%5B13%5D=&content%5B14%5D=10 HTTP/1.1" 200 3537 "http://imgame1.cf.ac.uk/s4_260_1_62" "Mozilla/5.0 (Windows NT 6.1; WOW64) AppleWebKit/537.36 (KHTML, like Gecko) Chrome/49.0.2623.112 Safari/537.36"
80.98.84.13 - - [24/Apr/2016:13:19:32 +0100] "GET /webServices/step4/step4RunController.php?permissions=255&exptId=260&jType=0&s4jNo=62&messageType=step4storeRating&content%5B0%5D=&content%5B1%5D=haveResponse&content%5B2%5D=0&content%5B3%5D=interval4&content%5B4%5D=Komolytalan+v%C3%A1laszok+(%22h%C3%A1%C3%A1t%22%2C+%22h%C3%BA%22+kezdettel)%2C+%22olyaan%22+-+er%C5%91ltetett+nyafog%C3%A1s%2C+egy%C3%A1ltal%C3%A1n+nem+%C3%A9rdekelnek+a+kocsik+-+szerintem+egy+l%C3%A1ny+az%C3%A9rt+ilyet+sem+jelent+ki.+Helyes%C3%ADr%C3%A1si+hib%C3%A1k.&content%5B5%5D=1&content%5B6%5D=1&content%5B7%5D=8&content%5B8%5D=4&content%5B9%5D=-1&content%5B11%5D=&content%5B12%5D=&content%5B13%5D=&content%5B14%5D=11 HTTP/1.1" 200 4124 "http://imgame1.cf.ac.uk/s4_260_0_62" "Mozilla/5.0 (Windows NT 10.0; WOW64) AppleWebKit/537.36 (KHTML, like Gecko) Chrome/49.0.2623.112 Safari/537.36"
148.81.190.226 - - [24/Apr/2016:13:19:33 +0100] "GET /s2_332_0 HTTP/1.1" 200 2127 "-" "Mozilla/5.0 (Windows NT 5.1) AppleWebKit/537.36 (KHTML, like Gecko) Chrome/43.0.2357.124 Safari/537.36"
148.81.190.226 - - [24/Apr/2016:13:19:34 +0100] "GET /jquery-mobile/jqmOverrides.css HTTP/1.1" 200 685 "http://imgame1.cf.ac.uk/s2_332_0" "Mozilla/5.0 (Windows NT 5.1) AppleWebKit/537.36 (KHTML, like Gecko) Chrome/43.0.2357.124 Safari/537.36"
148.81.190.226 - - [24/Apr/2016:13:19:34 +0100] "GET /mobile-css/1024.css HTTP/1.1" 200 346 "http://imgame1.cf.ac.uk/s2_332_0" "Mozilla/5.0 (Windows NT 5.1) AppleWebKit/537.36 (KHTML, like Gecko) Chrome/43.0.2357.124 Safari/537.36"
148.81.190.226 - - [24/Apr/2016:13:19:33 +0100] "GET /jquery-themes/imgame.min.css HTTP/1.1" 200 30735 "http://imgame1.cf.ac.uk/s2_332_0" "Mozilla/5.0 (Windows NT 5.1) AppleWebKit/537.36 (KHTML, like Gecko) Chrome/43.0.2357.124 Safari/537.36"
148.81.190.226 - - [24/Apr/2016:13:19:34 +0100] "GET /jquery-mobile/jquery.mobile.overrides.js HTTP/1.1" 200 355 "http://imgame1.cf.ac.uk/s2_332_0" "Mozilla/5.0 (Windows NT 5.1) AppleWebKit/537.36 (KHTML, like Gecko) Chrome/43.0.2357.124 Safari/537.36"
148.81.190.226 - - [24/Apr/2016:13:19:34 +0100] "GET /jquery-mobile/jquery.mobile.structure-1.4.5.min.css HTTP/1.1" 200 68712 "http://imgame1.cf.ac.uk/s2_332_0" "Mozilla/5.0 (Windows NT 5.1) AppleWebKit/537.36 (KHTML, like Gecko) Chrome/43.0.2357.124 Safari/537.36"
148.81.190.226 - - [24/Apr/2016:13:19:34 +0100] "GET /jquery-mobile/page.modifiers.js HTTP/1.1" 200 527 "http://imgame1.cf.ac.uk/s2_332_0" "Mozilla/5.0 (Windows NT 5.1) AppleWebKit/537.36 (KHTML, like Gecko) Chrome/43.0.2357.124 Safari/537.36"
148.81.190.226 - - [24/Apr/2016:13:19:34 +0100] "GET /jquery/jquery-2.1.3.min.js HTTP/1.1" 200 84320 "http://imgame1.cf.ac.uk/s2_332_0" "Mozilla/5.0 (Windows NT 5.1) AppleWebKit/537.36 (KHTML, like Gecko) Chrome/43.0.2357.124 Safari/537.36"
148.81.190.226 - - [24/Apr/2016:13:19:34 +0100] "GET /js/mobile/adminNavigate.js HTTP/1.1" 200 4547 "http://imgame1.cf.ac.uk/s2_332_0" "Mozilla/5.0 (Windows NT 5.1) AppleWebKit/537.36 (KHTML, like Gecko) Chrome/43.0.2357.124 Safari/537.36"
148.81.190.226 - - [24/Apr/2016:13:19:33 +0100] "GET /jquery-themes/jquery.mobile.icons.min.css HTTP/1.1" 200 127053 "http://imgame1.cf.ac.uk/s2_332_0" "Mozilla/5.0 (Windows NT 5.1) AppleWebKit/537.36 (KHTML, like Gecko) Chrome/43.0.2357.124 Safari/537.36"
148.81.190.226 - - [24/Apr/2016:13:19:34 +0100] "GET /js/step2/step2RunController.js HTTP/1.1" 200 10296 "http://imgame1.cf.ac.uk/s2_332_0" "Mozilla/5.0 (Windows NT 5.1) AppleWebKit/537.36 (KHTML, like Gecko) Chrome/43.0.2357.124 Safari/537.36"
148.81.190.226 - - [24/Apr/2016:13:19:34 +0100] "GET /jquery-mobile/jquery.mobile-1.4.5.min.js HTTP/1.1" 200 200143 "http://imgame1.cf.ac.uk/s2_332_0" "Mozilla/5.0 (Windows NT 5.1) AppleWebKit/537.36 (KHTML, like Gecko) Chrome/43.0.2357.124 Safari/537.36"
148.81.190.226 - - [24/Apr/2016:13:19:34 +0100] "GET /jquery-themes/images/ajax-loader.gif HTTP/1.1" 200 6242 "http://imgame1.cf.ac.uk/jquery-themes/imgame.min.css" "Mozilla/5.0 (Windows NT 5.1) AppleWebKit/537.36 (KHTML, like Gecko) Chrome/43.0.2357.124 Safari/537.36"
148.81.190.226 - - [24/Apr/2016:13:19:34 +0100] "GET /favicon.ico HTTP/1.1" 200 1150 "http://imgame1.cf.ac.uk/s2_332_0" "Mozilla/5.0 (Windows NT 5.1) AppleWebKit/537.36 (KHTML, like Gecko) Chrome/43.0.2357.124 Safari/537.36"
148.81.190.226 - - [24/Apr/2016:13:19:34 +0100] "GET /webServices/step2/step2RunController.php?permissions=255&messageType=step2Settings&exptId=332&jType=0&content%5B0%5D=-1 HTTP/1.1" 200 168 "http://imgame1.cf.ac.uk/s2_332_0" "Mozilla/5.0 (Windows NT 5.1) AppleWebKit/537.36 (KHTML, like Gecko) Chrome/43.0.2357.124 Safari/537.36"
148.81.190.226 - - [24/Apr/2016:13:19:34 +0100] "GET /webServices/step2/step2RunController.php?permissions=255&messageType=start&exptId=332&jType=0&content%5B0%5D=-1 HTTP/1.1" 200 154 "http://imgame1.cf.ac.uk/s2_332_0" "Mozilla/5.0 (Windows NT 5.1) AppleWebKit/537.36 (KHTML, like Gecko) Chrome/43.0.2357.124 Safari/537.36"
148.81.190.226 - - [24/Apr/2016:13:19:36 +0100] "GET /webServices/step2/step2RunController.php?permissions=255&messageType=getStep2Status&exptId=332&jType=0&content%5B0%5D=1&content%5B1%5D=10352&content%5B2%5D=7&content%5B3%5D=0 HTTP/1.1" 200 151 "http://imgame1.cf.ac.uk/s2_332_0" "Mozilla/5.0 (Windows NT 5.1) AppleWebKit/537.36 (KHTML, like Gecko) Chrome/43.0.2357.124 Safari/537.36"
80.98.84.13 - - [24/Apr/2016:13:21:39 +0100] "GET /webServices/step4/step4RunController.php?permissions=255&exptId=260&jType=0&s4jNo=62&messageType=step4storeRating&content%5B0%5D=&content%5B1%5D=haveResponse&content%5B2%5D=1&content%5B3%5D=interval4&content%5B4%5D=Egy%C3%A9rtelm%C5%B1en+kider%C3%BClt+minden+a+Szerelm%C3%BCnk+lapjai+k%C3%A9rd%C3%A9sb%C5%91l%2C+a+sok+k%C3%A9sz%C3%BCl%C5%91d%C3%A9s+is+t%C3%BAlz%C3%A1s+a+sz%C3%ADnlel%C5%91n%C3%A9l.&content%5B5%5D=1&content%5B6%5D=2&content%5B7%5D=13&content%5B8%5D=20&content%5B9%5D=-1&content%5B11%5D=&content%5B12%5D=&content%5B13%5D=&content%5B14%5D=6 HTTP/1.1" 200 4127 "http://imgame1.cf.ac.uk/s4_260_0_62" "Mozilla/5.0 (Windows NT 10.0; WOW64) AppleWebKit/537.36 (KHTML, like Gecko) Chrome/49.0.2623.112 Safari/537.36"
148.81.190.226 - - [24/Apr/2016:13:21:40 +0100] "GET /s2_332_0 HTTP/1.1" 200 2127 "-" "Mozilla/5.0 (Windows NT 5.1) AppleWebKit/537.36 (KHTML, like Gecko) Chrome/43.0.2357.130 Safari/537.36"
148.81.190.226 - - [24/Apr/2016:13:21:41 +0100] "GET /jquery-mobile/jqmOverrides.css HTTP/1.1" 200 685 "http://imgame1.cf.ac.uk/s2_332_0" "Mozilla/5.0 (Windows NT 5.1) AppleWebKit/537.36 (KHTML, like Gecko) Chrome/43.0.2357.130 Safari/537.36"
148.81.190.226 - - [24/Apr/2016:13:21:41 +0100] "GET /mobile-css/1024.css HTTP/1.1" 200 346 "http://imgame1.cf.ac.uk/s2_332_0" "Mozilla/5.0 (Windows NT 5.1) AppleWebKit/537.36 (KHTML, like Gecko) Chrome/43.0.2357.130 Safari/537.36"
148.81.190.226 - - [24/Apr/2016:13:21:41 +0100] "GET /jquery-themes/imgame.min.css HTTP/1.1" 200 30735 "http://imgame1.cf.ac.uk/s2_332_0" "Mozilla/5.0 (Windows NT 5.1) AppleWebKit/537.36 (KHTML, like Gecko) Chrome/43.0.2357.130 Safari/537.36"
148.81.190.226 - - [24/Apr/2016:13:21:41 +0100] "GET /jquery-mobile/jquery.mobile.overrides.js HTTP/1.1" 200 355 "http://imgame1.cf.ac.uk/s2_332_0" "Mozilla/5.0 (Windows NT 5.1) AppleWebKit/537.36 (KHTML, like Gecko) Chrome/43.0.2357.130 Safari/537.36"
148.81.190.226 - - [24/Apr/2016:13:21:41 +0100] "GET /jquery-mobile/page.modifiers.js HTTP/1.1" 200 527 "http://imgame1.cf.ac.uk/s2_332_0" "Mozilla/5.0 (Windows NT 5.1) AppleWebKit/537.36 (KHTML, like Gecko) Chrome/43.0.2357.130 Safari/537.36"
148.81.190.226 - - [24/Apr/2016:13:21:41 +0100] "GET /jquery/jquery-2.1.3.min.js HTTP/1.1" 200 84320 "http://imgame1.cf.ac.uk/s2_332_0" "Mozilla/5.0 (Windows NT 5.1) AppleWebKit/537.36 (KHTML, like Gecko) Chrome/43.0.2357.130 Safari/537.36"
148.81.190.226 - - [24/Apr/2016:13:21:41 +0100] "GET /js/mobile/adminNavigate.js HTTP/1.1" 200 4547 "http://imgame1.cf.ac.uk/s2_332_0" "Mozilla/5.0 (Windows NT 5.1) AppleWebKit/537.36 (KHTML, like Gecko) Chrome/43.0.2357.130 Safari/537.36"
148.81.190.226 - - [24/Apr/2016:13:21:41 +0100] "GET /jquery-mobile/jquery.mobile.structure-1.4.5.min.css HTTP/1.1" 200 68712 "http://imgame1.cf.ac.uk/s2_332_0" "Mozilla/5.0 (Windows NT 5.1) AppleWebKit/537.36 (KHTML, like Gecko) Chrome/43.0.2357.130 Safari/537.36"
148.81.190.226 - - [24/Apr/2016:13:21:41 +0100] "GET /jquery-themes/jquery.mobile.icons.min.css HTTP/1.1" 200 127053 "http://imgame1.cf.ac.uk/s2_332_0" "Mozilla/5.0 (Windows NT 5.1) AppleWebKit/537.36 (KHTML, like Gecko) Chrome/43.0.2357.130 Safari/537.36"
148.81.190.226 - - [24/Apr/2016:13:21:41 +0100] "GET /js/step2/step2RunController.js HTTP/1.1" 200 10296 "http://imgame1.cf.ac.uk/s2_332_0" "Mozilla/5.0 (Windows NT 5.1) AppleWebKit/537.36 (KHTML, like Gecko) Chrome/43.0.2357.130 Safari/537.36"
148.81.190.226 - - [24/Apr/2016:13:21:41 +0100] "GET /jquery-mobile/jquery.mobile-1.4.5.min.js HTTP/1.1" 200 200143 "http://imgame1.cf.ac.uk/s2_332_0" "Mozilla/5.0 (Windows NT 5.1) AppleWebKit/537.36 (KHTML, like Gecko) Chrome/43.0.2357.130 Safari/537.36"
148.81.190.226 - - [24/Apr/2016:13:21:41 +0100] "GET /jquery-themes/images/ajax-loader.gif HTTP/1.1" 200 6242 "http://imgame1.cf.ac.uk/jquery-themes/imgame.min.css" "Mozilla/5.0 (Windows NT 5.1) AppleWebKit/537.36 (KHTML, like Gecko) Chrome/43.0.2357.130 Safari/537.36"
148.81.190.226 - - [24/Apr/2016:13:21:42 +0100] "GET /favicon.ico HTTP/1.1" 200 1150 "http://imgame1.cf.ac.uk/s2_332_0" "Mozilla/5.0 (Windows NT 5.1) AppleWebKit/537.36 (KHTML, like Gecko) Chrome/43.0.2357.130 Safari/537.36"
148.81.190.226 - - [24/Apr/2016:13:21:42 +0100] "GET /webServices/step2/step2RunController.php?permissions=255&messageType=step2Settings&exptId=332&jType=0&content%5B0%5D=-1 HTTP/1.1" 200 168 "http://imgame1.cf.ac.uk/s2_332_0" "Mozilla/5.0 (Windows NT 5.1) AppleWebKit/537.36 (KHTML, like Gecko) Chrome/43.0.2357.130 Safari/537.36"
148.81.190.226 - - [24/Apr/2016:13:21:42 +0100] "GET /webServices/step2/step2RunController.php?permissions=255&messageType=start&exptId=332&jType=0&content%5B0%5D=-1 HTTP/1.1" 200 154 "http://imgame1.cf.ac.uk/s2_332_0" "Mozilla/5.0 (Windows NT 5.1) AppleWebKit/537.36 (KHTML, like Gecko) Chrome/43.0.2357.130 Safari/537.36"
148.81.190.226 - - [24/Apr/2016:13:21:43 +0100] "GET /webServices/step2/step2RunController.php?permissions=255&messageType=getStep2Status&exptId=332&jType=0&content%5B0%5D=1&content%5B1%5D=10353&content%5B2%5D=8&content%5B3%5D=0 HTTP/1.1" 200 138 "http://imgame1.cf.ac.uk/s2_332_0" "Mozilla/5.0 (Windows NT 5.1) AppleWebKit/537.36 (KHTML, like Gecko) Chrome/43.0.2357.130 Safari/537.36"
89.134.193.233 - - [24/Apr/2016:13:22:17 +0100] "GET /webServices/step4/step4RunController.php?permissions=255&exptId=260&jType=1&s4jNo=37&messageType=step4storeRating&content%5B0%5D=&content%5B1%5D=haveResponse&content%5B2%5D=1&content%5B3%5D=interval2&content%5B4%5D=Nem+annyira+jellemz%C5%91%2C+egy+fi%C3%BAra+hogy+ennyi+fajta+f%C3%A9le+dezodort+haszn%C3%A1l+%C3%A9s+ismer+mint+az+a+2.+v%C3%A1laszol%C3%B3+le%C3%ADrta.+%C5%90szinte+bar%C3%A1ts%C3%A1g+fi%C3%BA-l%C3%A1ny+k%C3%B6z%C3%B6tt%3A+Az+els%C5%91+v%C3%A1laszol%C3%B3+lehet+ink%C3%A1bb+a+fi%C3%BA+mert+ink%C3%A1bb+jellemz%C5%91+a+f%C3%A9rfiakra+hogy+sz%C3%A1mukra+vonz%C3%B3+n%C5%91kkel+bar%C3%A1tkoznak%2C+m%C3%ADg+a+n%C5%91k+nem+csak+a+vonz%C3%B3+f%C3%A9rfiakkal.+Teh%C3%A1t+egy+f%C3%A9rfit+sz%C3%ADnlel%C5%91+n%C5%91+nem+%C3%ADrn%C3%A1+ezt+le+mert+sz%C3%A1m%C3%A1ra+ez+nem+olyan+ny%C3%ADlv%C3%A1nval%C3%B3.&content%5B5%5D=0&content%5B6%5D=1&content%5B7%5D=12&content%5B8%5D=9&content%5B9%5D=-1&content%5B11%5D=&content%5B12%5D=&content%5B13%5D=&content%5B14%5D=5 HTTP/1.1" 200 2720 "http://imgame1.cf.ac.uk/s4_260_1_37" "Mozilla/5.0 (Windows NT 10.0; Win64; x64) AppleWebKit/537.36 (KHTML, like Gecko) Chrome/50.0.2661.87 Safari/537.36"
78.131.116.120 - - [24/Apr/2016:13:23:10 +0100] "GET /webServices/step4/step4RunController.php?permissions=255&exptId=260&jType=1&s4jNo=62&messageType=step4storeRating&content%5B0%5D=&content%5B1%5D=haveResponse&content%5B2%5D=0&content%5B3%5D=interval2&content%5B4%5D=H%C3%A1t+ez+egy+nehezebb+k%C3%A9rd%C3%A9s.+A+v%C3%A1s%C3%A1rl%C3%B3s+k%C3%A9rd%C3%A9s+miatt+d%C3%B6nt%C3%B6ttem+%C3%ADgy.+A+l%C3%A1nyok+azt+hiszik+a+fi%C3%BAk+nem+j%C3%A1rnak+v%C3%A1s%C3%A1rolni%2C+a+buzis+st%C3%ADlust%2C+meg+szerintem+egy+anya+sem+er%C5%91ltetn%C3%A9.+&content%5B5%5D=0&content%5B6%5D=2&content%5B7%5D=17&content%5B8%5D=9&content%5B9%5D=-1&content%5B11%5D=&content%5B12%5D=&content%5B13%5D=&content%5B14%5D=14 HTTP/1.1" 200 2637 "http://imgame1.cf.ac.uk/s4_260_1_62" "Mozilla/5.0 (Windows NT 6.1; WOW64) AppleWebKit/537.36 (KHTML, like Gecko) Chrome/49.0.2623.112 Safari/537.36"
80.98.84.13 - - [24/Apr/2016:13:23:42 +0100] "GET /webServices/step4/step4RunController.php?permissions=255&exptId=260&jType=0&s4jNo=62&messageType=step4storeRating&content%5B0%5D=&content%5B1%5D=haveResponse&content%5B2%5D=1&content%5B3%5D=interval4&content%5B4%5D=Szitn%C3%A9n+kicsit+er%C5%91ltetett%2C+f%C5%91leg+a+legutols%C3%B3+v%C3%A1lasz+-+senki+nem+k%C3%A9sz%C3%BCl+ennyit+reggel.&content%5B5%5D=1&content%5B6%5D=1&content%5B7%5D=14&content%5B8%5D=20&content%5B9%5D=-1&content%5B11%5D=&content%5B12%5D=&content%5B13%5D=&content%5B14%5D=15 HTTP/1.1" 200 3734 "http://imgame1.cf.ac.uk/s4_260_0_62" "Mozilla/5.0 (Windows NT 10.0; WOW64) AppleWebKit/537.36 (KHTML, like Gecko) Chrome/49.0.2623.112 Safari/537.36"
89.134.193.233 - - [24/Apr/2016:13:24:19 +0100] "GET /webServices/step4/step4RunController.php?permissions=255&exptId=260&jType=1&s4jNo=37&messageType=step4storeRating&content%5B0%5D=&content%5B1%5D=haveResponse&content%5B2%5D=1&content%5B3%5D=interval4&content%5B4%5D=Les+szab%C3%A1ly+nem+ismerete%3F+UGYANM%C3%81R+kiz%C3%A1rt+hogy+f%C3%A9rfi+%C3%ADrta+a+2.+k%C3%A9rd%C3%A9ssort.+%3D)+&content%5B5%5D=1&content%5B6%5D=2&content%5B7%5D=15&content%5B8%5D=8&content%5B9%5D=-1&content%5B11%5D=&content%5B12%5D=&content%5B13%5D=&content%5B14%5D=0 HTTP/1.1" 200 3068 "http://imgame1.cf.ac.uk/s4_260_1_37" "Mozilla/5.0 (Windows NT 10.0; Win64; x64) AppleWebKit/537.36 (KHTML, like Gecko) Chrome/50.0.2661.87 Safari/537.36"
148.81.190.226 - - [24/Apr/2016:13:25:31 +0100] "GET /s2_332_0 HTTP/1.1" 200 2127 "-" "Mozilla/5.0 (Windows NT 5.1) AppleWebKit/537.36 (KHTML, like Gecko) Chrome/43.0.2357.124 Safari/537.36"
148.81.190.226 - - [24/Apr/2016:13:25:31 +0100] "GET /jquery-themes/imgame.min.css HTTP/1.1" 200 30735 "http://imgame1.cf.ac.uk/s2_332_0" "Mozilla/5.0 (Windows NT 5.1) AppleWebKit/537.36 (KHTML, like Gecko) Chrome/43.0.2357.124 Safari/537.36"
148.81.190.226 - - [24/Apr/2016:13:25:31 +0100] "GET /jquery-mobile/jqmOverrides.css HTTP/1.1" 200 685 "http://imgame1.cf.ac.uk/s2_332_0" "Mozilla/5.0 (Windows NT 5.1) AppleWebKit/537.36 (KHTML, like Gecko) Chrome/43.0.2357.124 Safari/537.36"
148.81.190.226 - - [24/Apr/2016:13:25:31 +0100] "GET /mobile-css/1024.css HTTP/1.1" 200 346 "http://imgame1.cf.ac.uk/s2_332_0" "Mozilla/5.0 (Windows NT 5.1) AppleWebKit/537.36 (KHTML, like Gecko) Chrome/43.0.2357.124 Safari/537.36"
148.81.190.226 - - [24/Apr/2016:13:25:31 +0100] "GET /jquery-mobile/jquery.mobile.overrides.js HTTP/1.1" 200 355 "http://imgame1.cf.ac.uk/s2_332_0" "Mozilla/5.0 (Windows NT 5.1) AppleWebKit/537.36 (KHTML, like Gecko) Chrome/43.0.2357.124 Safari/537.36"
