78.131.85.174 - - [26/Apr/2016:20:05:37 +0100] "GET /css/ko-css/1024-ko.css HTTP/1.1" 304 - "http://imgame1.cf.ac.uk/index.php" "Mozilla/5.0 (Windows NT 6.1; WOW64) AppleWebKit/537.36 (KHTML, like Gecko) Chrome/49.0.2623.112 Safari/537.36"
78.131.85.174 - - [26/Apr/2016:20:05:37 +0100] "GET /css/480.css HTTP/1.1" 304 - "http://imgame1.cf.ac.uk/index.php" "Mozilla/5.0 (Windows NT 6.1; WOW64) AppleWebKit/537.36 (KHTML, like Gecko) Chrome/49.0.2623.112 Safari/537.36"
78.131.85.174 - - [26/Apr/2016:20:05:37 +0100] "GET /jquery/jquery-2.1.3.min.js HTTP/1.1" 304 - "http://imgame1.cf.ac.uk/index.php" "Mozilla/5.0 (Windows NT 6.1; WOW64) AppleWebKit/537.36 (KHTML, like Gecko) Chrome/49.0.2623.112 Safari/537.36"
78.131.85.174 - - [26/Apr/2016:20:05:37 +0100] "GET /js/ko/knockout-3.2.0.js HTTP/1.1" 304 - "http://imgame1.cf.ac.uk/index.php" "Mozilla/5.0 (Windows NT 6.1; WOW64) AppleWebKit/537.36 (KHTML, like Gecko) Chrome/49.0.2623.112 Safari/537.36"
78.131.85.174 - - [26/Apr/2016:20:05:37 +0100] "GET /js/ko/ko-mapping.js HTTP/1.1" 304 - "http://imgame1.cf.ac.uk/index.php" "Mozilla/5.0 (Windows NT 6.1; WOW64) AppleWebKit/537.36 (KHTML, like Gecko) Chrome/49.0.2623.112 Safari/537.36"
78.131.85.174 - - [26/Apr/2016:20:05:37 +0100] "GET /js/step4/step4Monitor.js HTTP/1.1" 304 - "http://imgame1.cf.ac.uk/index.php" "Mozilla/5.0 (Windows NT 6.1; WOW64) AppleWebKit/537.36 (KHTML, like Gecko) Chrome/49.0.2623.112 Safari/537.36"
78.131.85.174 - - [26/Apr/2016:20:05:37 +0100] "GET /css/481-1023.css HTTP/1.1" 304 - "http://imgame1.cf.ac.uk/index.php" "Mozilla/5.0 (Windows NT 6.1; WOW64) AppleWebKit/537.36 (KHTML, like Gecko) Chrome/49.0.2623.112 Safari/537.36"
78.131.85.174 - - [26/Apr/2016:20:05:37 +0100] "GET /images/loading.gif HTTP/1.1" 304 - "http://imgame1.cf.ac.uk/index.php" "Mozilla/5.0 (Windows NT 6.1; WOW64) AppleWebKit/537.36 (KHTML, like Gecko) Chrome/49.0.2623.112 Safari/537.36"
78.131.85.174 - - [26/Apr/2016:20:05:37 +0100] "GET /favicon.ico HTTP/1.1" 200 1150 "http://imgame1.cf.ac.uk/index.php" "Mozilla/5.0 (Windows NT 6.1; WOW64) AppleWebKit/537.36 (KHTML, like Gecko) Chrome/49.0.2623.112 Safari/537.36"
78.131.85.174 - - [26/Apr/2016:20:05:37 +0100] "GET /webServices/step4/getStep4MonitorDetail.php?uid=30382&permissions=255&exptId=260&jType=1 HTTP/1.1" 200 1993830 "http://imgame1.cf.ac.uk/index.php" "Mozilla/5.0 (Windows NT 6.1; WOW64) AppleWebKit/537.36 (KHTML, like Gecko) Chrome/49.0.2623.112 Safari/537.36"
78.131.85.174 - - [26/Apr/2016:20:05:36 +0100] "GET /webServices/step4/getStep4MonitorDetail.php?uid=30382&permissions=255&exptId=260&jType=0 HTTP/1.1" 200 1557088 "http://imgame1.cf.ac.uk/index.php" "Mozilla/5.0 (Windows NT 6.1; WOW64) AppleWebKit/537.36 (KHTML, like Gecko) Chrome/49.0.2623.112 Safari/537.36"
89.132.136.111 - - [26/Apr/2016:21:02:19 +0100] "GET /s4_260_1_69 HTTP/1.1" 200 2465 "-" "Mozilla/5.0 (Windows NT 6.1; WOW64) AppleWebKit/537.36 (KHTML, like Gecko) Chrome/49.0.2623.112 Safari/537.36"
89.132.136.111 - - [26/Apr/2016:21:02:19 +0100] "GET /css/1024.css HTTP/1.1" 200 1308 "http://imgame1.cf.ac.uk/s4_260_1_69" "Mozilla/5.0 (Windows NT 6.1; WOW64) AppleWebKit/537.36 (KHTML, like Gecko) Chrome/49.0.2623.112 Safari/537.36"
89.132.136.111 - - [26/Apr/2016:21:02:19 +0100] "GET /css/0-479.css HTTP/1.1" 200 1290 "http://imgame1.cf.ac.uk/s4_260_1_69" "Mozilla/5.0 (Windows NT 6.1; WOW64) AppleWebKit/537.36 (KHTML, like Gecko) Chrome/49.0.2623.112 Safari/537.36"
89.132.136.111 - - [26/Apr/2016:21:02:19 +0100] "GET /css/basic.css HTTP/1.1" 200 56434 "http://imgame1.cf.ac.uk/s4_260_1_69" "Mozilla/5.0 (Windows NT 6.1; WOW64) AppleWebKit/537.36 (KHTML, like Gecko) Chrome/49.0.2623.112 Safari/537.36"
89.132.136.111 - - [26/Apr/2016:21:02:19 +0100] "GET /js/step4/step4RunController.js HTTP/1.1" 200 23185 "http://imgame1.cf.ac.uk/s4_260_1_69" "Mozilla/5.0 (Windows NT 6.1; WOW64) AppleWebKit/537.36 (KHTML, like Gecko) Chrome/49.0.2623.112 Safari/537.36"
89.132.136.111 - - [26/Apr/2016:21:02:19 +0100] "GET /jquery/jquery-2.1.3.min.js HTTP/1.1" 200 84320 "http://imgame1.cf.ac.uk/s4_260_1_69" "Mozilla/5.0 (Windows NT 6.1; WOW64) AppleWebKit/537.36 (KHTML, like Gecko) Chrome/49.0.2623.112 Safari/537.36"
89.132.136.111 - - [26/Apr/2016:21:02:19 +0100] "GET /jquery-ui-1.11.1/jquery-ui.min.js HTTP/1.1" 200 238314 "http://imgame1.cf.ac.uk/s4_260_1_69" "Mozilla/5.0 (Windows NT 6.1; WOW64) AppleWebKit/537.36 (KHTML, like Gecko) Chrome/49.0.2623.112 Safari/537.36"
89.132.136.111 - - [26/Apr/2016:21:02:21 +0100] "GET /css/480.css HTTP/1.1" 200 1750 "http://imgame1.cf.ac.uk/s4_260_1_69" "Mozilla/5.0 (Windows NT 6.1; WOW64) AppleWebKit/537.36 (KHTML, like Gecko) Chrome/49.0.2623.112 Safari/537.36"
89.132.136.111 - - [26/Apr/2016:21:02:21 +0100] "GET /css/481-1023.css HTTP/1.1" 200 1716 "http://imgame1.cf.ac.uk/s4_260_1_69" "Mozilla/5.0 (Windows NT 6.1; WOW64) AppleWebKit/537.36 (KHTML, like Gecko) Chrome/49.0.2623.112 Safari/537.36"
89.132.136.111 - - [26/Apr/2016:21:02:21 +0100] "GET /images/tabNumberOne.gif HTTP/1.1" 200 402 "http://imgame1.cf.ac.uk/css/basic.css" "Mozilla/5.0 (Windows NT 6.1; WOW64) AppleWebKit/537.36 (KHTML, like Gecko) Chrome/49.0.2623.112 Safari/537.36"
89.132.136.111 - - [26/Apr/2016:21:02:21 +0100] "GET /favicon.ico HTTP/1.1" 200 1150 "http://imgame1.cf.ac.uk/s4_260_1_69" "Mozilla/5.0 (Windows NT 6.1; WOW64) AppleWebKit/537.36 (KHTML, like Gecko) Chrome/49.0.2623.112 Safari/537.36"
89.132.136.111 - - [26/Apr/2016:21:02:21 +0100] "GET /webServices/step4/step4RunController.php?permissions=255&exptId=260&jType=1&s4jNo=69&messageType=step4RunConnect&content%5B0%5D= HTTP/1.1" 200 2139 "http://imgame1.cf.ac.uk/s4_260_1_69" "Mozilla/5.0 (Windows NT 6.1; WOW64) AppleWebKit/537.36 (KHTML, like Gecko) Chrome/49.0.2623.112 Safari/537.36"
89.132.136.111 - - [26/Apr/2016:21:02:22 +0100] "GET /webServices/step4/step4RunController.php?permissions=255&exptId=260&jType=1&s4jNo=69&messageType=ratingParams&content%5B0%5D= HTTP/1.1" 200 460 "http://imgame1.cf.ac.uk/s4_260_1_69" "Mozilla/5.0 (Windows NT 6.1; WOW64) AppleWebKit/537.36 (KHTML, like Gecko) Chrome/49.0.2623.112 Safari/537.36"
89.132.136.111 - - [26/Apr/2016:21:02:22 +0100] "GET /webServices/step4/step4RunController.php?permissions=255&exptId=260&jType=1&s4jNo=69&messageType=startPage&content%5B0%5D= HTTP/1.1" 200 60 "http://imgame1.cf.ac.uk/s4_260_1_69" "Mozilla/5.0 (Windows NT 6.1; WOW64) AppleWebKit/537.36 (KHTML, like Gecko) Chrome/49.0.2623.112 Safari/537.36"
89.132.136.111 - - [26/Apr/2016:21:04:54 +0100] "GET /webServices/step4/step4RunController.php?permissions=255&exptId=260&jType=1&s4jNo=69&messageType=nextPage&content%5B0%5D= HTTP/1.1" 200 5401 "http://imgame1.cf.ac.uk/s4_260_1_69" "Mozilla/5.0 (Windows NT 6.1; WOW64) AppleWebKit/537.36 (KHTML, like Gecko) Chrome/49.0.2623.112 Safari/537.36"
89.132.136.111 - - [26/Apr/2016:21:04:54 +0100] "GET /images/slideBar.gif HTTP/1.1" 200 428 "http://imgame1.cf.ac.uk/css/basic.css" "Mozilla/5.0 (Windows NT 6.1; WOW64) AppleWebKit/537.36 (KHTML, like Gecko) Chrome/49.0.2623.112 Safari/537.36"
89.132.136.111 - - [26/Apr/2016:21:04:54 +0100] "GET /images/slidePointer.png HTTP/1.1" 200 1032 "http://imgame1.cf.ac.uk/css/basic.css" "Mozilla/5.0 (Windows NT 6.1; WOW64) AppleWebKit/537.36 (KHTML, like Gecko) Chrome/49.0.2623.112 Safari/537.36"
89.132.136.111 - - [26/Apr/2016:21:04:54 +0100] "GET /images/tabStatusYourTurn.png HTTP/1.1" 200 324 "http://imgame1.cf.ac.uk/css/basic.css" "Mozilla/5.0 (Windows NT 6.1; WOW64) AppleWebKit/537.36 (KHTML, like Gecko) Chrome/49.0.2623.112 Safari/537.36"
89.132.136.111 - - [26/Apr/2016:21:04:54 +0100] "GET /images/judgementBubble.gif HTTP/1.1" 200 14504 "http://imgame1.cf.ac.uk/css/basic.css" "Mozilla/5.0 (Windows NT 6.1; WOW64) AppleWebKit/537.36 (KHTML, like Gecko) Chrome/49.0.2623.112 Safari/537.36"
89.132.136.111 - - [26/Apr/2016:21:04:54 +0100] "GET /images/judgementBubbleTip.gif HTTP/1.1" 200 3229 "http://imgame1.cf.ac.uk/css/basic.css" "Mozilla/5.0 (Windows NT 6.1; WOW64) AppleWebKit/537.36 (KHTML, like Gecko) Chrome/49.0.2623.112 Safari/537.36"
89.132.136.111 - - [26/Apr/2016:21:04:54 +0100] "GET /images/slideInterval.gif HTTP/1.1" 200 308 "http://imgame1.cf.ac.uk/css/basic.css" "Mozilla/5.0 (Windows NT 6.1; WOW64) AppleWebKit/537.36 (KHTML, like Gecko) Chrome/49.0.2623.112 Safari/537.36"
176.63.244.67 - - [26/Apr/2016:21:05:34 +0100] "GET /s4_260_1_67 HTTP/1.1" 200 2465 "-" "Mozilla/5.0 (Windows NT 10.0; WOW64) AppleWebKit/537.36 (KHTML, like Gecko) Chrome/50.0.2661.75 Safari/537.36"
176.63.244.67 - - [26/Apr/2016:21:05:34 +0100] "GET /css/1024.css HTTP/1.1" 200 1308 "http://imgame1.cf.ac.uk/s4_260_1_67" "Mozilla/5.0 (Windows NT 10.0; WOW64) AppleWebKit/537.36 (KHTML, like Gecko) Chrome/50.0.2661.75 Safari/537.36"
176.63.244.67 - - [26/Apr/2016:21:05:34 +0100] "GET /css/0-479.css HTTP/1.1" 200 1290 "http://imgame1.cf.ac.uk/s4_260_1_67" "Mozilla/5.0 (Windows NT 10.0; WOW64) AppleWebKit/537.36 (KHTML, like Gecko) Chrome/50.0.2661.75 Safari/537.36"
176.63.244.67 - - [26/Apr/2016:21:05:34 +0100] "GET /css/basic.css HTTP/1.1" 200 56434 "http://imgame1.cf.ac.uk/s4_260_1_67" "Mozilla/5.0 (Windows NT 10.0; WOW64) AppleWebKit/537.36 (KHTML, like Gecko) Chrome/50.0.2661.75 Safari/537.36"
176.63.244.67 - - [26/Apr/2016:21:05:34 +0100] "GET /js/step4/step4RunController.js HTTP/1.1" 200 23185 "http://imgame1.cf.ac.uk/s4_260_1_67" "Mozilla/5.0 (Windows NT 10.0; WOW64) AppleWebKit/537.36 (KHTML, like Gecko) Chrome/50.0.2661.75 Safari/537.36"
176.63.244.67 - - [26/Apr/2016:21:05:34 +0100] "GET /css/480.css HTTP/1.1" 200 1750 "http://imgame1.cf.ac.uk/s4_260_1_67" "Mozilla/5.0 (Windows NT 10.0; WOW64) AppleWebKit/537.36 (KHTML, like Gecko) Chrome/50.0.2661.75 Safari/537.36"
176.63.244.67 - - [26/Apr/2016:21:05:34 +0100] "GET /css/481-1023.css HTTP/1.1" 200 1716 "http://imgame1.cf.ac.uk/s4_260_1_67" "Mozilla/5.0 (Windows NT 10.0; WOW64) AppleWebKit/537.36 (KHTML, like Gecko) Chrome/50.0.2661.75 Safari/537.36"
176.63.244.67 - - [26/Apr/2016:21:05:34 +0100] "GET /jquery/jquery-2.1.3.min.js HTTP/1.1" 200 84320 "http://imgame1.cf.ac.uk/s4_260_1_67" "Mozilla/5.0 (Windows NT 10.0; WOW64) AppleWebKit/537.36 (KHTML, like Gecko) Chrome/50.0.2661.75 Safari/537.36"
176.63.244.67 - - [26/Apr/2016:21:05:34 +0100] "GET /images/tabNumberOne.gif HTTP/1.1" 200 402 "http://imgame1.cf.ac.uk/css/basic.css" "Mozilla/5.0 (Windows NT 10.0; WOW64) AppleWebKit/537.36 (KHTML, like Gecko) Chrome/50.0.2661.75 Safari/537.36"
176.63.244.67 - - [26/Apr/2016:21:05:34 +0100] "GET /jquery-ui-1.11.1/jquery-ui.min.js HTTP/1.1" 200 238314 "http://imgame1.cf.ac.uk/s4_260_1_67" "Mozilla/5.0 (Windows NT 10.0; WOW64) AppleWebKit/537.36 (KHTML, like Gecko) Chrome/50.0.2661.75 Safari/537.36"
176.63.244.67 - - [26/Apr/2016:21:05:35 +0100] "GET /webServices/step4/step4RunController.php?permissions=255&exptId=260&jType=1&s4jNo=67&messageType=step4RunConnect&content%5B0%5D= HTTP/1.1" 200 2139 "http://imgame1.cf.ac.uk/s4_260_1_67" "Mozilla/5.0 (Windows NT 10.0; WOW64) AppleWebKit/537.36 (KHTML, like Gecko) Chrome/50.0.2661.75 Safari/537.36"
176.63.244.67 - - [26/Apr/2016:21:05:35 +0100] "GET /favicon.ico HTTP/1.1" 200 1150 "http://imgame1.cf.ac.uk/s4_260_1_67" "Mozilla/5.0 (Windows NT 10.0; WOW64) AppleWebKit/537.36 (KHTML, like Gecko) Chrome/50.0.2661.75 Safari/537.36"
176.63.244.67 - - [26/Apr/2016:21:05:35 +0100] "GET /webServices/step4/step4RunController.php?permissions=255&exptId=260&jType=1&s4jNo=67&messageType=ratingParams&content%5B0%5D= HTTP/1.1" 200 460 "http://imgame1.cf.ac.uk/s4_260_1_67" "Mozilla/5.0 (Windows NT 10.0; WOW64) AppleWebKit/537.36 (KHTML, like Gecko) Chrome/50.0.2661.75 Safari/537.36"
176.63.244.67 - - [26/Apr/2016:21:05:35 +0100] "GET /webServices/step4/step4RunController.php?permissions=255&exptId=260&jType=1&s4jNo=67&messageType=startPage&content%5B0%5D= HTTP/1.1" 200 60 "http://imgame1.cf.ac.uk/s4_260_1_67" "Mozilla/5.0 (Windows NT 10.0; WOW64) AppleWebKit/537.36 (KHTML, like Gecko) Chrome/50.0.2661.75 Safari/537.36"
176.63.244.67 - - [26/Apr/2016:21:06:29 +0100] "GET /webServices/step4/step4RunController.php?permissions=255&exptId=260&jType=1&s4jNo=67&messageType=nextPage&content%5B0%5D= HTTP/1.1" 200 5615 "http://imgame1.cf.ac.uk/s4_260_1_67" "Mozilla/5.0 (Windows NT 10.0; WOW64) AppleWebKit/537.36 (KHTML, like Gecko) Chrome/50.0.2661.75 Safari/537.36"
176.63.244.67 - - [26/Apr/2016:21:06:29 +0100] "GET /images/slideBar.gif HTTP/1.1" 200 428 "http://imgame1.cf.ac.uk/css/basic.css" "Mozilla/5.0 (Windows NT 10.0; WOW64) AppleWebKit/537.36 (KHTML, like Gecko) Chrome/50.0.2661.75 Safari/537.36"
176.63.244.67 - - [26/Apr/2016:21:06:29 +0100] "GET /images/slidePointer.png HTTP/1.1" 200 1032 "http://imgame1.cf.ac.uk/css/basic.css" "Mozilla/5.0 (Windows NT 10.0; WOW64) AppleWebKit/537.36 (KHTML, like Gecko) Chrome/50.0.2661.75 Safari/537.36"
176.63.244.67 - - [26/Apr/2016:21:06:29 +0100] "GET /images/tabStatusYourTurn.png HTTP/1.1" 200 324 "http://imgame1.cf.ac.uk/css/basic.css" "Mozilla/5.0 (Windows NT 10.0; WOW64) AppleWebKit/537.36 (KHTML, like Gecko) Chrome/50.0.2661.75 Safari/537.36"
176.63.244.67 - - [26/Apr/2016:21:06:29 +0100] "GET /images/judgementBubbleTip.gif HTTP/1.1" 200 3229 "http://imgame1.cf.ac.uk/css/basic.css" "Mozilla/5.0 (Windows NT 10.0; WOW64) AppleWebKit/537.36 (KHTML, like Gecko) Chrome/50.0.2661.75 Safari/537.36"
176.63.244.67 - - [26/Apr/2016:21:06:29 +0100] "GET /images/judgementBubble.gif HTTP/1.1" 200 14504 "http://imgame1.cf.ac.uk/css/basic.css" "Mozilla/5.0 (Windows NT 10.0; WOW64) AppleWebKit/537.36 (KHTML, like Gecko) Chrome/50.0.2661.75 Safari/537.36"
176.63.244.67 - - [26/Apr/2016:21:06:29 +0100] "GET /images/slideInterval.gif HTTP/1.1" 200 308 "http://imgame1.cf.ac.uk/css/basic.css" "Mozilla/5.0 (Windows NT 10.0; WOW64) AppleWebKit/537.36 (KHTML, like Gecko) Chrome/50.0.2661.75 Safari/537.36"
89.132.136.111 - - [26/Apr/2016:21:08:37 +0100] "GET /webServices/step4/step4RunController.php?permissions=255&exptId=260&jType=1&s4jNo=69&messageType=step4storeRating&content%5B0%5D=&content%5B1%5D=haveResponse&content%5B2%5D=0&content%5B3%5D=interval3&content%5B4%5D=Ellentmond%C3%A1sos+v%C3%A1laszok+vannak(pl.1+%C3%A9s+2.)%2Cm%C3%ADg+a+m%C3%A1sik+j%C3%A1t%C3%A9kos+v%C3%A1laszai+ink%C3%A1bb+egy+vonalon+mozognak.+&content%5B5%5D=1&content%5B6%5D=2&content%5B7%5D=3&content%5B8%5D=18&content%5B9%5D=-1&content%5B11%5D=&content%5B12%5D=&content%5B13%5D=&content%5B14%5D=13 HTTP/1.1" 200 5361 "http://imgame1.cf.ac.uk/s4_260_1_69" "Mozilla/5.0 (Windows NT 6.1; WOW64) AppleWebKit/537.36 (KHTML, like Gecko) Chrome/49.0.2623.112 Safari/537.36"
176.63.244.67 - - [26/Apr/2016:21:09:36 +0100] "GET /webServices/step4/step4RunController.php?permissions=255&exptId=260&jType=1&s4jNo=67&messageType=step4storeRating&content%5B0%5D=&content%5B1%5D=haveResponse&content%5B2%5D=0&content%5B3%5D=interval3&content%5B4%5D=T%C3%BAls%C3%A1gosan+sztereot%C3%ADp+v%C3%A1laszokat+adott+a+sz%C3%ADnlel%C5%91+a+v%C3%A9lem%C3%A9nyem+szerint%2C+a+m%C3%A1sik+v%C3%A1laszol%C3%B3+%C5%91szint%C3%A9bbnek+t%C5%B1nt.&content%5B5%5D=0&content%5B6%5D=2&content%5B7%5D=3&content%5B8%5D=15&content%5B9%5D=-1&content%5B11%5D=&content%5B12%5D=&content%5B13%5D=&content%5B14%5D=15 HTTP/1.1" 200 5352 "http://imgame1.cf.ac.uk/s4_260_1_67" "Mozilla/5.0 (Windows NT 10.0; WOW64) AppleWebKit/537.36 (KHTML, like Gecko) Chrome/50.0.2661.75 Safari/537.36"
89.132.136.111 - - [26/Apr/2016:21:13:03 +0100] "GET /webServices/step4/step4RunController.php?permissions=255&exptId=260&jType=1&s4jNo=69&messageType=step4storeRating&content%5B0%5D=&content%5B1%5D=haveResponse&content%5B2%5D=0&content%5B3%5D=interval2&content%5B4%5D=Neh%C3%A9z+d%C3%B6nt%C3%A9s%2Cde+feltehet%C5%91leg+focizna+szabad+idej%C3%A9ben%2Cha+a+BL+ennyire+%C3%A9rdekli.A+t%C3%B6bbi+v%C3%A1lasz+teljesen+%C3%A9letszer%C5%B1+%C3%A9s+egy+vonalon+mozog.&content%5B5%5D=0&content%5B6%5D=1&content%5B7%5D=4&content%5B8%5D=5&content%5B9%5D=-1&content%5B11%5D=&content%5B12%5D=&content%5B13%5D=&content%5B14%5D=7 HTTP/1.1" 200 4503 "http://imgame1.cf.ac.uk/s4_260_1_69" "Mozilla/5.0 (Windows NT 6.1; WOW64) AppleWebKit/537.36 (KHTML, like Gecko) Chrome/49.0.2623.112 Safari/537.36"
176.63.244.67 - - [26/Apr/2016:21:13:38 +0100] "GET /webServices/step4/step4RunController.php?permissions=255&exptId=260&jType=1&s4jNo=67&messageType=step4storeRating&content%5B0%5D=&content%5B1%5D=haveResponse&content%5B2%5D=1&content%5B3%5D=interval4&content%5B4%5D=Voltak+olyan+v%C3%A1laszai+a+nem+sz%C3%ADnlel%C5%91nek%2C+amit+v%C3%A9lem%C3%A9nyem+szerint+csak+egy+f%C3%A9rfi+tud+megv%C3%A1laszolni.&content%5B5%5D=1&content%5B6%5D=1&content%5B7%5D=4&content%5B8%5D=16&content%5B9%5D=-1&content%5B11%5D=&content%5B12%5D=&content%5B13%5D=&content%5B14%5D=5 HTTP/1.1" 200 4974 "http://imgame1.cf.ac.uk/s4_260_1_67" "Mozilla/5.0 (Windows NT 10.0; WOW64) AppleWebKit/537.36 (KHTML, like Gecko) Chrome/50.0.2661.75 Safari/537.36"
176.63.244.67 - - [26/Apr/2016:21:17:07 +0100] "GET /webServices/step4/step4RunController.php?permissions=255&exptId=260&jType=1&s4jNo=67&messageType=step4storeRating&content%5B0%5D=&content%5B1%5D=haveResponse&content%5B2%5D=1&content%5B3%5D=interval2&content%5B4%5D=A+Sz%C3%ADnlel%C5%91+kicsit+t%C3%BAlfogalmazta+a+v%C3%A1laszait+egy+f%C3%A9rfihoz+k%C3%A9pest+szerintem.+De+ezek+olyan+k%C3%A9rd%C3%A9sek%2C+ami+alapj%C3%A1n+neh%C3%A9z+d%C3%B6nteni.&content%5B5%5D=1&content%5B6%5D=2&content%5B7%5D=8&content%5B8%5D=18&content%5B9%5D=-1&content%5B11%5D=&content%5B12%5D=&content%5B13%5D=&content%5B14%5D=20 HTTP/1.1" 200 2911 "http://imgame1.cf.ac.uk/s4_260_1_67" "Mozilla/5.0 (Windows NT 10.0; WOW64) AppleWebKit/537.36 (KHTML, like Gecko) Chrome/50.0.2661.75 Safari/537.36"
89.132.136.111 - - [26/Apr/2016:21:18:06 +0100] "GET /webServices/step4/step4RunController.php?permissions=255&exptId=260&jType=1&s4jNo=69&messageType=step4storeRating&content%5B0%5D=&content%5B1%5D=haveResponse&content%5B2%5D=1&content%5B3%5D=interval3&content%5B4%5D=Az+utols%C3%B3+k%C3%A9rd%C3%A9sre+adott+v%C3%A1lasz%2Caki+3+%C3%A9ve+%C3%A9l+egy%C3%BCtt+a+p%C3%A1rj%C3%A1val+azok+ritk%C3%A1n+szexelnek.+&content%5B5%5D=1&content%5B6%5D=2&content%5B7%5D=8&content%5B8%5D=20&content%5B9%5D=-1&content%5B11%5D=&content%5B12%5D=&content%5B13%5D=&content%5B14%5D=18 HTTP/1.1" 200 3238 "http://imgame1.cf.ac.uk/s4_260_1_69" "Mozilla/5.0 (Windows NT 6.1; WOW64) AppleWebKit/537.36 (KHTML, like Gecko) Chrome/49.0.2623.112 Safari/537.36"
176.63.244.67 - - [26/Apr/2016:21:18:36 +0100] "GET /webServices/step4/step4RunController.php?permissions=255&exptId=260&jType=1&s4jNo=67&messageType=step4storeRating&content%5B0%5D=&content%5B1%5D=haveResponse&content%5B2%5D=0&content%5B3%5D=interval2&content%5B4%5D=A+sportokra+adott+v%C3%A1lasza+%C5%91szint%C3%A9bbnek+t%C5%B1nik%2C+egy%C3%A9bk%C3%A9nt+ezek+olyan+k%C3%A9rd%C3%A9sek%2C+amik+alapj%C3%A1n+neh%C3%A9z+meg%C3%A1llap%C3%ADtani.&content%5B5%5D=0&content%5B6%5D=1&content%5B7%5D=9&content%5B8%5D=5&content%5B9%5D=-1&content%5B11%5D=&content%5B12%5D=&content%5B13%5D=&content%5B14%5D=0 HTTP/1.1" 200 3226 "http://imgame1.cf.ac.uk/s4_260_1_67" "Mozilla/5.0 (Windows NT 10.0; WOW64) AppleWebKit/537.36 (KHTML, like Gecko) Chrome/50.0.2661.75 Safari/537.36"
89.132.136.111 - - [26/Apr/2016:21:19:52 +0100] "GET /webServices/step4/step4RunController.php?permissions=255&exptId=260&jType=1&s4jNo=69&messageType=step4storeRating&content%5B0%5D=&content%5B1%5D=haveResponse&content%5B2%5D=0&content%5B3%5D=interval3&content%5B4%5D=A+cs-ben+nincsenek+ilyen+fegyverek.+&content%5B5%5D=0&content%5B6%5D=1&content%5B7%5D=9&content%5B8%5D=7&content%5B9%5D=-1&content%5B11%5D=&content%5B12%5D=&content%5B13%5D=&content%5B14%5D=2 HTTP/1.1" 200 3111 "http://imgame1.cf.ac.uk/s4_260_1_69" "Mozilla/5.0 (Windows NT 6.1; WOW64) AppleWebKit/537.36 (KHTML, like Gecko) Chrome/49.0.2623.112 Safari/537.36"
176.63.244.67 - - [26/Apr/2016:21:20:23 +0100] "GET /webServices/step4/step4RunController.php?permissions=255&exptId=260&jType=1&s4jNo=67&messageType=step4storeRating&content%5B0%5D=&content%5B1%5D=haveResponse&content%5B2%5D=1&content%5B3%5D=interval3&content%5B4%5D=Az+els%C5%91+k%C3%A9rd%C3%A9sre+adott+v%C3%A1lasza+sokkal+re%C3%A1lisabnak+t%C5%B1nik+sz%C3%A1momra%2C+mint+a+sz%C3%ADnlel%C5%91nek.&content%5B5%5D=0&content%5B6%5D=2&content%5B7%5D=12&content%5B8%5D=9&content%5B9%5D=-1&content%5B11%5D=&content%5B12%5D=&content%5B13%5D=&content%5B14%5D=5 HTTP/1.1" 200 2974 "http://imgame1.cf.ac.uk/s4_260_1_67" "Mozilla/5.0 (Windows NT 10.0; WOW64) AppleWebKit/537.36 (KHTML, like Gecko) Chrome/50.0.2661.75 Safari/537.36"
176.63.244.67 - - [26/Apr/2016:21:21:17 +0100] "GET /webServices/step4/step4RunController.php?permissions=255&exptId=260&jType=1&s4jNo=67&messageType=step4storeRating&content%5B0%5D=&content%5B1%5D=haveResponse&content%5B2%5D=1&content%5B3%5D=interval3&content%5B4%5D=A+programoz%C3%A1s+miatt+j%C3%B3+es%C3%A9llyel+a+m%C3%A1sik+a+f%C3%A9rfi.&content%5B5%5D=1&content%5B6%5D=1&content%5B7%5D=13&content%5B8%5D=4&content%5B9%5D=-1&content%5B11%5D=&content%5B12%5D=&content%5B13%5D=&content%5B14%5D=15 HTTP/1.1" 200 3320 "http://imgame1.cf.ac.uk/s4_260_1_67" "Mozilla/5.0 (Windows NT 10.0; WOW64) AppleWebKit/537.36 (KHTML, like Gecko) Chrome/50.0.2661.75 Safari/537.36"
89.132.136.111 - - [26/Apr/2016:21:21:30 +0100] "GET /webServices/step4/step4RunController.php?permissions=255&exptId=260&jType=1&s4jNo=69&messageType=step4storeRating&content%5B0%5D=&content%5B1%5D=haveResponse&content%5B2%5D=1&content%5B3%5D=interval4&content%5B4%5D=Akinek+az+anyja+veszi+a+dezodort+az+nem+lepi+meg+vacsor%C3%A1val+valentin+napon+a+bar%C3%A1tn%C5%91j%C3%A9t.&content%5B5%5D=0&content%5B6%5D=2&content%5B7%5D=12&content%5B8%5D=5&content%5B9%5D=-1&content%5B11%5D=&content%5B12%5D=&content%5B13%5D=&content%5B14%5D=3 HTTP/1.1" 200 3114 "http://imgame1.cf.ac.uk/s4_260_1_69" "Mozilla/5.0 (Windows NT 6.1; WOW64) AppleWebKit/537.36 (KHTML, like Gecko) Chrome/49.0.2623.112 Safari/537.36"
176.63.244.67 - - [26/Apr/2016:21:22:20 +0100] "GET /webServices/step4/step4RunController.php?permissions=255&exptId=260&jType=1&s4jNo=67&messageType=step4storeRating&content%5B0%5D=&content%5B1%5D=haveResponse&content%5B2%5D=1&content%5B3%5D=interval3&content%5B4%5D=A+technikai+k%C3%A9rd%C3%A9sre+adott+v%C3%A1lasza+miatt.&content%5B5%5D=1&content%5B6%5D=2&content%5B7%5D=17&content%5B8%5D=2&content%5B9%5D=-1&content%5B11%5D=&content%5B12%5D=&content%5B13%5D=&content%5B14%5D=9 HTTP/1.1" 200 2723 "http://imgame1.cf.ac.uk/s4_260_1_67" "Mozilla/5.0 (Windows NT 10.0; WOW64) AppleWebKit/537.36 (KHTML, like Gecko) Chrome/50.0.2661.75 Safari/537.36"
89.132.136.111 - - [26/Apr/2016:21:23:06 +0100] "GET /webServices/step4/step4RunController.php?permissions=255&exptId=260&jType=1&s4jNo=69&messageType=step4storeRating&content%5B0%5D=&content%5B1%5D=haveResponse&content%5B2%5D=1&content%5B3%5D=interval4&content%5B4%5D=T%C3%BAl+sallangosak+a+le%C3%ADr%C3%A1sok%2C%C3%A9n+is+ezeket+hazudn%C3%A1m.&content%5B5%5D=1&content%5B6%5D=1&content%5B7%5D=13&content%5B8%5D=6&content%5B9%5D=-1&content%5B11%5D=&content%5B12%5D=&content%5B13%5D=&content%5B14%5D=17 HTTP/1.1" 200 3243 "http://imgame1.cf.ac.uk/s4_260_1_69" "Mozilla/5.0 (Windows NT 6.1; WOW64) AppleWebKit/537.36 (KHTML, like Gecko) Chrome/49.0.2623.112 Safari/537.36"
176.63.244.67 - - [26/Apr/2016:21:23:42 +0100] "GET /webServices/step4/step4RunController.php?permissions=255&exptId=260&jType=1&s4jNo=67&messageType=step4storeRating&content%5B0%5D=&content%5B1%5D=haveResponse&content%5B2%5D=1&content%5B3%5D=interval1&content%5B4%5D=Ezek+alapj%C3%A1n+a+k%C3%A9rd%C3%A9sek+alapj%C3%A1n+nem+tudom+eld%C3%B6nteni.&content%5B5%5D=1&content%5B6%5D=1&content%5B7%5D=18&content%5B8%5D=2&content%5B9%5D=-1&content%5B11%5D=&content%5B12%5D=&content%5B13%5D=&content%5B14%5D=11 HTTP/1.1" 200 82 "http://imgame1.cf.ac.uk/s4_260_1_67" "Mozilla/5.0 (Windows NT 10.0; WOW64) AppleWebKit/537.36 (KHTML, like Gecko) Chrome/50.0.2661.75 Safari/537.36"
176.63.244.67 - - [26/Apr/2016:21:23:42 +0100] "POST /sf_260_11_1_67 HTTP/1.1" 200 13414 "http://imgame1.cf.ac.uk/s4_260_1_67" "Mozilla/5.0 (Windows NT 10.0; WOW64) AppleWebKit/537.36 (KHTML, like Gecko) Chrome/50.0.2661.75 Safari/537.36"
176.63.244.67 - - [26/Apr/2016:21:23:42 +0100] "GET /jquery-themes/imgame.min.css HTTP/1.1" 200 30735 "http://imgame1.cf.ac.uk/sf_260_11_1_67" "Mozilla/5.0 (Windows NT 10.0; WOW64) AppleWebKit/537.36 (KHTML, like Gecko) Chrome/50.0.2661.75 Safari/537.36"
176.63.244.67 - - [26/Apr/2016:21:23:42 +0100] "GET /jquery-mobile/jqmOverrides.css HTTP/1.1" 200 685 "http://imgame1.cf.ac.uk/sf_260_11_1_67" "Mozilla/5.0 (Windows NT 10.0; WOW64) AppleWebKit/537.36 (KHTML, like Gecko) Chrome/50.0.2661.75 Safari/537.36"
176.63.244.67 - - [26/Apr/2016:21:23:42 +0100] "GET /mobile-css/1024.css HTTP/1.1" 200 346 "http://imgame1.cf.ac.uk/sf_260_11_1_67" "Mozilla/5.0 (Windows NT 10.0; WOW64) AppleWebKit/537.36 (KHTML, like Gecko) Chrome/50.0.2661.75 Safari/537.36"
176.63.244.67 - - [26/Apr/2016:21:23:42 +0100] "GET /jquery-mobile/jquery.mobile.overrides.js HTTP/1.1" 200 355 "http://imgame1.cf.ac.uk/sf_260_11_1_67" "Mozilla/5.0 (Windows NT 10.0; WOW64) AppleWebKit/537.36 (KHTML, like Gecko) Chrome/50.0.2661.75 Safari/537.36"
176.63.244.67 - - [26/Apr/2016:21:23:42 +0100] "GET /jquery-mobile/page.modifiers.js HTTP/1.1" 200 527 "http://imgame1.cf.ac.uk/sf_260_11_1_67" "Mozilla/5.0 (Windows NT 10.0; WOW64) AppleWebKit/537.36 (KHTML, like Gecko) Chrome/50.0.2661.75 Safari/537.36"
176.63.244.67 - - [26/Apr/2016:21:23:42 +0100] "GET /js/ko/ko-mapping.js HTTP/1.1" 200 11106 "http://imgame1.cf.ac.uk/sf_260_11_1_67" "Mozilla/5.0 (Windows NT 10.0; WOW64) AppleWebKit/537.36 (KHTML, like Gecko) Chrome/50.0.2661.75 Safari/537.36"
176.63.244.67 - - [26/Apr/2016:21:23:42 +0100] "GET /jquery-mobile/jquery.mobile.structure-1.4.5.min.css HTTP/1.1" 200 68712 "http://imgame1.cf.ac.uk/sf_260_11_1_67" "Mozilla/5.0 (Windows NT 10.0; WOW64) AppleWebKit/537.36 (KHTML, like Gecko) Chrome/50.0.2661.75 Safari/537.36"
176.63.244.67 - - [26/Apr/2016:21:23:42 +0100] "GET /js/ko/knockout-3.3.0.js HTTP/1.1" 200 55956 "http://imgame1.cf.ac.uk/sf_260_11_1_67" "Mozilla/5.0 (Windows NT 10.0; WOW64) AppleWebKit/537.36 (KHTML, like Gecko) Chrome/50.0.2661.75 Safari/537.36"
176.63.244.67 - - [26/Apr/2016:21:23:42 +0100] "GET /js/forms/stepFormRuntime.js HTTP/1.1" 200 21132 "http://imgame1.cf.ac.uk/sf_260_11_1_67" "Mozilla/5.0 (Windows NT 10.0; WOW64) AppleWebKit/537.36 (KHTML, like Gecko) Chrome/50.0.2661.75 Safari/537.36"
176.63.244.67 - - [26/Apr/2016:21:23:42 +0100] "GET /jquery-themes/jquery.mobile.icons.min.css HTTP/1.1" 200 127053 "http://imgame1.cf.ac.uk/sf_260_11_1_67" "Mozilla/5.0 (Windows NT 10.0; WOW64) AppleWebKit/537.36 (KHTML, like Gecko) Chrome/50.0.2661.75 Safari/537.36"
176.63.244.67 - - [26/Apr/2016:21:23:42 +0100] "GET /jquery-mobile/jquery.mobile-1.4.5.min.js HTTP/1.1" 200 200143 "http://imgame1.cf.ac.uk/sf_260_11_1_67" "Mozilla/5.0 (Windows NT 10.0; WOW64) AppleWebKit/537.36 (KHTML, like Gecko) Chrome/50.0.2661.75 Safari/537.36"
176.63.244.67 - - [26/Apr/2016:21:23:43 +0100] "GET /jquery-themes/images/ajax-loader.gif HTTP/1.1" 200 6242 "http://imgame1.cf.ac.uk/jquery-themes/imgame.min.css" "Mozilla/5.0 (Windows NT 10.0; WOW64) AppleWebKit/537.36 (KHTML, like Gecko) Chrome/50.0.2661.75 Safari/537.36"
176.63.244.67 - - [26/Apr/2016:21:23:43 +0100] "GET /webServices/forms/stepFormRuntimeController.php?permissions=255&messageType=formSettings&exptId=260&formType=11&jType=1 HTTP/1.1" 200 388 "http://imgame1.cf.ac.uk/sf_260_11_1_67" "Mozilla/5.0 (Windows NT 10.0; WOW64) AppleWebKit/537.36 (KHTML, like Gecko) Chrome/50.0.2661.75 Safari/537.36"
176.63.244.67 - - [26/Apr/2016:21:23:43 +0100] "GET /webServices/admin/getStepFormAsJSON.php?permissions=255&exptId=260&formType=11&jType=1 HTTP/1.1" 200 45919 "http://imgame1.cf.ac.uk/sf_260_11_1_67" "Mozilla/5.0 (Windows NT 10.0; WOW64) AppleWebKit/537.36 (KHTML, like Gecko) Chrome/50.0.2661.75 Safari/537.36"
176.63.244.67 - - [26/Apr/2016:21:24:46 +0100] "POST /webServices/forms/storeStepFormResponses.php HTTP/1.1" 200 92 "http://imgame1.cf.ac.uk/sf_260_11_1_67" "Mozilla/5.0 (Windows NT 10.0; WOW64) AppleWebKit/537.36 (KHTML, like Gecko) Chrome/50.0.2661.75 Safari/537.36"
89.132.136.111 - - [26/Apr/2016:21:26:09 +0100] "GET /webServices/step4/step4RunController.php?permissions=255&exptId=260&jType=1&s4jNo=69&messageType=step4storeRating&content%5B0%5D=&content%5B1%5D=haveResponse&content%5B2%5D=1&content%5B3%5D=interval2&content%5B4%5D=A+m%C3%A1sodik+k%C3%A9rd%C3%A9sben+ellentmond%C3%A1st+%C3%A9rzek%2Cde+a+t%C3%B6bbir%C5%91l+nem+tudok+d%C3%B6nteni.&content%5B5%5D=0&content%5B6%5D=2&content%5B7%5D=17&content%5B8%5D=13&content%5B9%5D=-1&content%5B11%5D=&content%5B12%5D=&content%5B13%5D=&content%5B14%5D=7 HTTP/1.1" 200 2802 "http://imgame1.cf.ac.uk/s4_260_1_69" "Mozilla/5.0 (Windows NT 6.1; WOW64) AppleWebKit/537.36 (KHTML, like Gecko) Chrome/49.0.2623.112 Safari/537.36"
89.132.136.111 - - [26/Apr/2016:21:28:35 +0100] "GET /webServices/step4/step4RunController.php?permissions=255&exptId=260&jType=1&s4jNo=69&messageType=step4storeRating&content%5B0%5D=&content%5B1%5D=haveResponse&content%5B2%5D=1&content%5B3%5D=interval3&content%5B4%5D=az+auto+buy+B+8+2+asszem.&content%5B5%5D=0&content%5B6%5D=1&content%5B7%5D=18&content%5B8%5D=13&content%5B9%5D=-1&content%5B11%5D=&content%5B12%5D=&content%5B13%5D=&content%5B14%5D=13 HTTP/1.1" 200 82 "http://imgame1.cf.ac.uk/s4_260_1_69" "Mozilla/5.0 (Windows NT 6.1; WOW64) AppleWebKit/537.36 (KHTML, like Gecko) Chrome/49.0.2623.112 Safari/537.36"
89.132.136.111 - - [26/Apr/2016:21:28:35 +0100] "POST /sf_260_11_1_69 HTTP/1.1" 200 13414 "http://imgame1.cf.ac.uk/s4_260_1_69" "Mozilla/5.0 (Windows NT 6.1; WOW64) AppleWebKit/537.36 (KHTML, like Gecko) Chrome/49.0.2623.112 Safari/537.36"
89.132.136.111 - - [26/Apr/2016:21:28:36 +0100] "GET /jquery-themes/imgame.min.css HTTP/1.1" 200 30735 "http://imgame1.cf.ac.uk/sf_260_11_1_69" "Mozilla/5.0 (Windows NT 6.1; WOW64) AppleWebKit/537.36 (KHTML, like Gecko) Chrome/49.0.2623.112 Safari/537.36"
89.132.136.111 - - [26/Apr/2016:21:28:37 +0100] "GET /mobile-css/1024.css HTTP/1.1" 200 346 "http://imgame1.cf.ac.uk/sf_260_11_1_69" "Mozilla/5.0 (Windows NT 6.1; WOW64) AppleWebKit/537.36 (KHTML, like Gecko) Chrome/49.0.2623.112 Safari/537.36"
89.132.136.111 - - [26/Apr/2016:21:28:37 +0100] "GET /jquery-mobile/jqmOverrides.css HTTP/1.1" 200 685 "http://imgame1.cf.ac.uk/sf_260_11_1_69" "Mozilla/5.0 (Windows NT 6.1; WOW64) AppleWebKit/537.36 (KHTML, like Gecko) Chrome/49.0.2623.112 Safari/537.36"
89.132.136.111 - - [26/Apr/2016:21:28:37 +0100] "GET /jquery-mobile/jquery.mobile.overrides.js HTTP/1.1" 200 355 "http://imgame1.cf.ac.uk/sf_260_11_1_69" "Mozilla/5.0 (Windows NT 6.1; WOW64) AppleWebKit/537.36 (KHTML, like Gecko) Chrome/49.0.2623.112 Safari/537.36"
89.132.136.111 - - [26/Apr/2016:21:28:37 +0100] "GET /jquery-mobile/jquery.mobile.structure-1.4.5.min.css HTTP/1.1" 200 68712 "http://imgame1.cf.ac.uk/sf_260_11_1_69" "Mozilla/5.0 (Windows NT 6.1; WOW64) AppleWebKit/537.36 (KHTML, like Gecko) Chrome/49.0.2623.112 Safari/537.36"
89.132.136.111 - - [26/Apr/2016:21:28:37 +0100] "GET /jquery-themes/jquery.mobile.icons.min.css HTTP/1.1" 200 127053 "http://imgame1.cf.ac.uk/sf_260_11_1_69" "Mozilla/5.0 (Windows NT 6.1; WOW64) AppleWebKit/537.36 (KHTML, like Gecko) Chrome/49.0.2623.112 Safari/537.36"
89.132.136.111 - - [26/Apr/2016:21:28:37 +0100] "GET /jquery-mobile/page.modifiers.js HTTP/1.1" 200 527 "http://imgame1.cf.ac.uk/sf_260_11_1_69" "Mozilla/5.0 (Windows NT 6.1; WOW64) AppleWebKit/537.36 (KHTML, like Gecko) Chrome/49.0.2623.112 Safari/537.36"
89.132.136.111 - - [26/Apr/2016:21:28:37 +0100] "GET /js/ko/ko-mapping.js HTTP/1.1" 200 11106 "http://imgame1.cf.ac.uk/sf_260_11_1_69" "Mozilla/5.0 (Windows NT 6.1; WOW64) AppleWebKit/537.36 (KHTML, like Gecko) Chrome/49.0.2623.112 Safari/537.36"
89.132.136.111 - - [26/Apr/2016:21:28:37 +0100] "GET /js/ko/knockout-3.3.0.js HTTP/1.1" 200 55956 "http://imgame1.cf.ac.uk/sf_260_11_1_69" "Mozilla/5.0 (Windows NT 6.1; WOW64) AppleWebKit/537.36 (KHTML, like Gecko) Chrome/49.0.2623.112 Safari/537.36"
89.132.136.111 - - [26/Apr/2016:21:28:37 +0100] "GET /jquery-mobile/jquery.mobile-1.4.5.min.js HTTP/1.1" 200 200143 "http://imgame1.cf.ac.uk/sf_260_11_1_69" "Mozilla/5.0 (Windows NT 6.1; WOW64) AppleWebKit/537.36 (KHTML, like Gecko) Chrome/49.0.2623.112 Safari/537.36"
89.132.136.111 - - [26/Apr/2016:21:28:37 +0100] "GET /js/forms/stepFormRuntime.js HTTP/1.1" 200 21132 "http://imgame1.cf.ac.uk/sf_260_11_1_69" "Mozilla/5.0 (Windows NT 6.1; WOW64) AppleWebKit/537.36 (KHTML, like Gecko) Chrome/49.0.2623.112 Safari/537.36"
89.132.136.111 - - [26/Apr/2016:21:28:38 +0100] "GET /jquery-themes/images/ajax-loader.gif HTTP/1.1" 200 6242 "http://imgame1.cf.ac.uk/jquery-themes/imgame.min.css" "Mozilla/5.0 (Windows NT 6.1; WOW64) AppleWebKit/537.36 (KHTML, like Gecko) Chrome/49.0.2623.112 Safari/537.36"
89.132.136.111 - - [26/Apr/2016:21:28:39 +0100] "GET /webServices/forms/stepFormRuntimeController.php?permissions=255&messageType=formSettings&exptId=260&formType=11&jType=1 HTTP/1.1" 200 388 "http://imgame1.cf.ac.uk/sf_260_11_1_69" "Mozilla/5.0 (Windows NT 6.1; WOW64) AppleWebKit/537.36 (KHTML, like Gecko) Chrome/49.0.2623.112 Safari/537.36"
89.132.136.111 - - [26/Apr/2016:21:28:40 +0100] "GET /webServices/admin/getStepFormAsJSON.php?permissions=255&exptId=260&formType=11&jType=1 HTTP/1.1" 200 45919 "http://imgame1.cf.ac.uk/sf_260_11_1_69" "Mozilla/5.0 (Windows NT 6.1; WOW64) AppleWebKit/537.36 (KHTML, like Gecko) Chrome/49.0.2623.112 Safari/537.36"
89.132.136.111 - - [26/Apr/2016:21:29:24 +0100] "POST /webServices/forms/storeStepFormResponses.php HTTP/1.1" 200 92 "http://imgame1.cf.ac.uk/sf_260_11_1_69" "Mozilla/5.0 (Windows NT 6.1; WOW64) AppleWebKit/537.36 (KHTML, like Gecko) Chrome/49.0.2623.112 Safari/537.36"
152.66.232.138 - - [26/Apr/2016:22:48:02 +0100] "GET /s4_260_1_52 HTTP/1.1" 200 2465 "-" "Mozilla/5.0 (Windows NT 6.1; WOW64) AppleWebKit/537.36 (KHTML, like Gecko) Chrome/49.0.2623.112 Safari/537.36"
152.66.232.138 - - [26/Apr/2016:22:48:02 +0100] "GET /css/1024.css HTTP/1.1" 200 1308 "http://imgame1.cf.ac.uk/s4_260_1_52" "Mozilla/5.0 (Windows NT 6.1; WOW64) AppleWebKit/537.36 (KHTML, like Gecko) Chrome/49.0.2623.112 Safari/537.36"
152.66.232.138 - - [26/Apr/2016:22:48:02 +0100] "GET /css/basic.css HTTP/1.1" 200 56434 "http://imgame1.cf.ac.uk/s4_260_1_52" "Mozilla/5.0 (Windows NT 6.1; WOW64) AppleWebKit/537.36 (KHTML, like Gecko) Chrome/49.0.2623.112 Safari/537.36"
152.66.232.138 - - [26/Apr/2016:22:48:02 +0100] "GET /css/0-479.css HTTP/1.1" 200 1290 "http://imgame1.cf.ac.uk/s4_260_1_52" "Mozilla/5.0 (Windows NT 6.1; WOW64) AppleWebKit/537.36 (KHTML, like Gecko) Chrome/49.0.2623.112 Safari/537.36"
152.66.232.138 - - [26/Apr/2016:22:48:02 +0100] "GET /js/step4/step4RunController.js HTTP/1.1" 200 23185 "http://imgame1.cf.ac.uk/s4_260_1_52" "Mozilla/5.0 (Windows NT 6.1; WOW64) AppleWebKit/537.36 (KHTML, like Gecko) Chrome/49.0.2623.112 Safari/537.36"
152.66.232.138 - - [26/Apr/2016:22:48:02 +0100] "GET /css/480.css HTTP/1.1" 200 1750 "http://imgame1.cf.ac.uk/s4_260_1_52" "Mozilla/5.0 (Windows NT 6.1; WOW64) AppleWebKit/537.36 (KHTML, like Gecko) Chrome/49.0.2623.112 Safari/537.36"
152.66.232.138 - - [26/Apr/2016:22:48:02 +0100] "GET /jquery/jquery-2.1.3.min.js HTTP/1.1" 200 84320 "http://imgame1.cf.ac.uk/s4_260_1_52" "Mozilla/5.0 (Windows NT 6.1; WOW64) AppleWebKit/537.36 (KHTML, like Gecko) Chrome/49.0.2623.112 Safari/537.36"
152.66.232.138 - - [26/Apr/2016:22:48:02 +0100] "GET /css/481-1023.css HTTP/1.1" 200 1716 "http://imgame1.cf.ac.uk/s4_260_1_52" "Mozilla/5.0 (Windows NT 6.1; WOW64) AppleWebKit/537.36 (KHTML, like Gecko) Chrome/49.0.2623.112 Safari/537.36"
152.66.232.138 - - [26/Apr/2016:22:48:02 +0100] "GET /images/tabNumberOne.gif HTTP/1.1" 200 402 "http://imgame1.cf.ac.uk/css/basic.css" "Mozilla/5.0 (Windows NT 6.1; WOW64) AppleWebKit/537.36 (KHTML, like Gecko) Chrome/49.0.2623.112 Safari/537.36"
152.66.232.138 - - [26/Apr/2016:22:48:02 +0100] "GET /jquery-ui-1.11.1/jquery-ui.min.js HTTP/1.1" 200 238314 "http://imgame1.cf.ac.uk/s4_260_1_52" "Mozilla/5.0 (Windows NT 6.1; WOW64) AppleWebKit/537.36 (KHTML, like Gecko) Chrome/49.0.2623.112 Safari/537.36"
152.66.232.138 - - [26/Apr/2016:22:48:03 +0100] "GET /webServices/step4/step4RunController.php?permissions=255&exptId=260&jType=1&s4jNo=52&messageType=step4RunConnect&content%5B0%5D= HTTP/1.1" 200 2139 "http://imgame1.cf.ac.uk/s4_260_1_52" "Mozilla/5.0 (Windows NT 6.1; WOW64) AppleWebKit/537.36 (KHTML, like Gecko) Chrome/49.0.2623.112 Safari/537.36"
152.66.232.138 - - [26/Apr/2016:22:48:03 +0100] "GET /favicon.ico HTTP/1.1" 200 1150 "http://imgame1.cf.ac.uk/s4_260_1_52" "Mozilla/5.0 (Windows NT 6.1; WOW64) AppleWebKit/537.36 (KHTML, like Gecko) Chrome/49.0.2623.112 Safari/537.36"
152.66.232.138 - - [26/Apr/2016:22:48:03 +0100] "GET /webServices/step4/step4RunController.php?permissions=255&exptId=260&jType=1&s4jNo=52&messageType=ratingParams&content%5B0%5D= HTTP/1.1" 200 460 "http://imgame1.cf.ac.uk/s4_260_1_52" "Mozilla/5.0 (Windows NT 6.1; WOW64) AppleWebKit/537.36 (KHTML, like Gecko) Chrome/49.0.2623.112 Safari/537.36"
152.66.232.138 - - [26/Apr/2016:22:48:04 +0100] "GET /webServices/step4/step4RunController.php?permissions=255&exptId=260&jType=1&s4jNo=52&messageType=startPage&content%5B0%5D= HTTP/1.1" 200 60 "http://imgame1.cf.ac.uk/s4_260_1_52" "Mozilla/5.0 (Windows NT 6.1; WOW64) AppleWebKit/537.36 (KHTML, like Gecko) Chrome/49.0.2623.112 Safari/537.36"
