89.134.210.227 - - [24/Apr/2016:12:11:37 +0100] "GET /webServices/step4/step4RunController.php?permissions=255&exptId=260&jType=1&s4jNo=55&messageType=step4storeRating&content%5B0%5D=&content%5B1%5D=haveResponse&content%5B2%5D=1&content%5B3%5D=interval3&content%5B4%5D=A+harmadik+k%C3%A9rd%C3%A9sre+adott+v%C3%A1lasz+szerintem+el%C3%A9g+%C3%A1rulkod%C3%B3.+Ennek+ellen%C3%A9re+ebben+az+esetben+sem+tudn%C3%A1m+teljes+bizonyoss%C3%A1ggal+%C3%A1ll%C3%ADtani%2C+hogy+%C5%91+a+sz%C3%ADnlel%C5%91.+Mondjuk+%C3%A9n+szem%C3%A9ly+szerint+p%C3%A9ld%C3%A1ul+soha+nem+haszn%C3%A1ln%C3%A1m+ezt+a+h%C3%A1rom+sz%C3%B3t+az+ide%C3%A1lis+f%C3%A9rfi+jellemz%C3%A9s%C3%A9re.+Tulajdonk%C3%A9ppen+ez+a+k%C3%A9t+k%C3%A9rd%C3%A9s+alapj%C3%A1n+d%C3%B6nt%C3%B6ttem&content%5B5%5D=0&content%5B6%5D=1&content%5B7%5D=8&content%5B8%5D=15&content%5B9%5D=-1&content%5B11%5D=&content%5B12%5D=&content%5B13%5D=&content%5B14%5D=9 HTTP/1.1" 200 3677 "http://imgame1.cf.ac.uk/s4_260_1_55" "Mozilla/5.0 (Windows NT 6.3; WOW64) AppleWebKit/537.36 (KHTML, like Gecko) Chrome/49.0.2623.112 Safari/537.36"
89.134.200.214 - - [24/Apr/2016:12:12:01 +0100] "GET /webServices/step4/step4RunController.php?permissions=255&exptId=260&jType=0&s4jNo=63&messageType=step4storeRating&content%5B0%5D=&content%5B1%5D=haveResponse&content%5B2%5D=1&content%5B3%5D=interval3&content%5B4%5D=A+l%C3%A1nyok+t%C3%B6bbs%C3%A9ge+este+f%C3%BCrdik+szerintem%2C+a+fi%C3%BAkra+jobban+jellemz%C5%91+a+reggeli+f%C3%BCrd%C3%A9s.+A+sz%C3%ADnlel%C5%91+t%C3%BAlmagyar%C3%A1zza+a+dolgokat%2C+nagyon+egy%C3%A9rtelm%C5%B1.&content%5B5%5D=1&content%5B6%5D=1&content%5B7%5D=14&content%5B8%5D=2&content%5B9%5D=-1&content%5B11%5D=&content%5B12%5D=&content%5B13%5D=&content%5B14%5D=16 HTTP/1.1" 200 3827 "http://imgame1.cf.ac.uk/s4_260_0_63" "Mozilla/5.0 (Windows NT 10.0; WOW64) AppleWebKit/537.36 (KHTML, like Gecko) Chrome/49.0.2623.112 Safari/537.36"
148.81.190.226 - - [24/Apr/2016:12:12:48 +0100] "GET /webServices/step2/step2RunController.php?permissions=255&messageType=storeStep2reply&exptId=332&jType=0&content%5B0%5D=5&content%5B1%5D=My%25C5%259Bl%25C4%2599%252C%2520%25C5%25BCe%2520nie%2520szukam%2520ani%2520wielkiego%2520misia%252C%2520ani%2520faceta%2520w%2520rurkach.%2520Po%2520prostu%2520normalnego%252C%2520zadbanego%2520ch%25C5%2582opaka%252C%2520kt%25C3%25B3ry%2520ma%2520swoje%2520zdanie%252C%2520cele%2520na%2520przysz%25C5%2582o%25C5%259B%25C4%2587%252C%2520a%2520no%2520i%2520musi%2520by%25C4%2587%2520wylewny%2520%253AD&content%5B2%5D=1&content%5B3%5D=10338&content%5B4%5D=0&content%5B5%5D=-1&content%5B6%5D= HTTP/1.1" 200 119 "http://imgame1.cf.ac.uk/s2_332_0" "Mozilla/5.0 (Windows NT 5.1) AppleWebKit/537.36 (KHTML, like Gecko) Chrome/49.0.2623.112 Safari/537.36"
84.0.35.194 - - [24/Apr/2016:12:12:58 +0100] "GET /webServices/step4/step4RunController.php?permissions=255&exptId=260&jType=1&s4jNo=63&messageType=step4storeRating&content%5B0%5D=&content%5B1%5D=haveResponse&content%5B2%5D=1&content%5B3%5D=interval2&content%5B4%5D=Szerintem+ez+most+egy+nagyon+j%C3%B3l+siker%C3%BClt+sz%C3%ADnlel%C3%A9s+%C3%A9s+t%C3%A9nyleg+csak+annyib%C3%B3l+tudok+d%C3%B6nteni%2C+hogy+az+els%C5%91+k%C3%A9t+k%C3%A9rd%C3%A9sn%C3%A9l+tal%C3%A1n+t%C3%BAl+b%C5%91+volt+a+v%C3%A1lasz+%C3%A9s+a+v%C3%A9g%C3%A9n+n%C3%A9h%C3%A1ny+sz%C3%B3t+amit+a+nem+sz%C3%ADnlel%C5%91+haszn%C3%A1lt+ink%C3%A1bb+f%C3%A9rfiak+mondanak%2C+mint+a+%22dude%22+vagy+az+%22ami+a+cs%C3%B6v%C3%B6n+kif%C3%A9r%22.&content%5B5%5D=1&content%5B6%5D=1&content%5B7%5D=8&content%5B8%5D=2&content%5B9%5D=-1&content%5B11%5D=&content%5B12%5D=&content%5B13%5D=&content%5B14%5D=17 HTTP/1.1" 200 3310 "http://imgame1.cf.ac.uk/s4_260_1_63" "Mozilla/5.0 (Windows NT 6.1; WOW64) AppleWebKit/537.36 (KHTML, like Gecko) Chrome/48.0.2564.116 Safari/537.36"
178.164.183.252 - - [24/Apr/2016:12:13:09 +0100] "GET /webServices/step4/step4RunController.php?permissions=255&exptId=260&jType=1&s4jNo=51&messageType=step4storeRating&content%5B0%5D=&content%5B1%5D=haveResponse&content%5B2%5D=0&content%5B3%5D=interval2&content%5B4%5D=Ink%C3%A1bb+f%C3%A9l+%C3%A9vente+vesznek+ruh%C3%A1t.&content%5B5%5D=0&content%5B6%5D=2&content%5B7%5D=11&content%5B8%5D=3&content%5B9%5D=-1&content%5B11%5D=&content%5B12%5D=&content%5B13%5D=&content%5B14%5D=1 HTTP/1.1" 200 3974 "http://imgame1.cf.ac.uk/s4_260_1_51" "Mozilla/5.0 (Windows NT 10.0; WOW64) AppleWebKit/537.36 (KHTML, like Gecko) Chrome/49.0.2623.87 Safari/537.36"
148.81.190.226 - - [24/Apr/2016:12:13:38 +0100] "GET /webServices/step2/step2RunController.php?permissions=255&messageType=storeStep2reply&exptId=332&jType=0&content%5B0%5D=6&content%5B1%5D=Sprz%25C4%2585tam%252C%2520gotuje%252C%2520zagl%25C4%2585dam%2520do%2520laptopa&content%5B2%5D=1&content%5B3%5D=10338&content%5B4%5D=0&content%5B5%5D=-1&content%5B6%5D= HTTP/1.1" 200 75 "http://imgame1.cf.ac.uk/s2_332_0" "Mozilla/5.0 (Windows NT 5.1) AppleWebKit/537.36 (KHTML, like Gecko) Chrome/49.0.2623.112 Safari/537.36"
89.134.200.214 - - [24/Apr/2016:12:14:05 +0100] "GET /webServices/step4/step4RunController.php?permissions=255&exptId=260&jType=0&s4jNo=63&messageType=step4storeRating&content%5B0%5D=&content%5B1%5D=haveResponse&content%5B2%5D=0&content%5B3%5D=interval2&content%5B4%5D=Egy+l%C3%A1ny+szerintem+nem+h%C3%A1borodik+fel+ennyire+a+processzoros+k%C3%A9rd%C3%A9sen.+De+igaz%C3%A1b%C3%B3l+sz%C3%A1momra+nem+egy%C3%A9rtelm%C5%B1%2C+mert+m%C3%A1s+k%C3%A9rd%C3%A9sekn%C3%A9l+ink%C3%A1bb+%C5%91t+tartan%C3%A1m+az+igazi+l%C3%A1nynak.&content%5B5%5D=1&content%5B6%5D=2&content%5B7%5D=18&content%5B8%5D=8&content%5B9%5D=-1&content%5B11%5D=&content%5B12%5D=&content%5B13%5D=&content%5B14%5D=15 HTTP/1.1" 200 2720 "http://imgame1.cf.ac.uk/s4_260_0_63" "Mozilla/5.0 (Windows NT 10.0; WOW64) AppleWebKit/537.36 (KHTML, like Gecko) Chrome/49.0.2623.112 Safari/537.36"
87.229.38.124 - - [24/Apr/2016:12:15:09 +0100] "GET /webServices/step4/step4RunController.php?permissions=255&exptId=260&jType=1&s4jNo=46&messageType=step4storeRating&content%5B0%5D=&content%5B1%5D=haveResponse&content%5B2%5D=0&content%5B3%5D=interval4&content%5B4%5D=Ez+is+egy%C3%A9rtelm%C5%B1nek+t%C5%B1nt.+%3AD%0ANagyon+tudtam+azonosulni+az+igazat+mond%C3%B3val.+A+sz%C3%ADnlel%C5%91+nem+%C3%A1llt+%C3%B6ssze+a+v%C3%A1laszai+alapj%C3%A1n.+Csak+azt+amit+a+l%C3%A1nyok+hallanak+t%C5%91l%C3%BCnk%2C+arcoskod%C3%A1s%2C+nem+az+amit+val%C3%B3j%C3%A1ban+gondolunk.+A+3.+k%C3%A9rd%C3%A9sre+a+v%C3%A1lasz+gy%C3%B6ny%C3%B6r%C5%B1+%C3%A9s+nagyon+igaz...+%3AD&content%5B5%5D=0&content%5B6%5D=1&content%5B7%5D=8&content%5B8%5D=5&content%5B9%5D=-1&content%5B11%5D=&content%5B12%5D=&content%5B13%5D=&content%5B14%5D=0 HTTP/1.1" 200 2928 "http://imgame1.cf.ac.uk/s4_260_1_46" "Mozilla/5.0 (Windows NT 6.3; WOW64) AppleWebKit/537.36 (KHTML, like Gecko) Chrome/50.0.2661.87 Safari/537.36"
89.134.200.214 - - [24/Apr/2016:12:15:52 +0100] "GET /webServices/step4/step4RunController.php?permissions=255&exptId=260&jType=0&s4jNo=63&messageType=step4storeRating&content%5B0%5D=&content%5B1%5D=haveResponse&content%5B2%5D=1&content%5B3%5D=interval4&content%5B4%5D=H%C3%A1t+ez+nagyon+nevets%C3%A9ges+volt%2C+j%C3%B3t+sz%C3%B3rakoztam!+%3AD+A+sz%C3%ADnlel%C5%91+sajnos+nagyon+kis+tud%C3%A1ssal+rendelkezik+a+l%C3%A1nyokr%C3%B3l.+Test%C3%A1pol%C3%B3val+nem+igaz%C3%A1n+szoktunk+arcot+kenni...+Minden+n%C5%91+tudja+a+menstru%C3%A1ci%C3%B3s+%C3%A1tlagot%2C+%C3%A9s+a+simset+megeml%C3%ADteni+is+el%C3%A9g+g%C3%A1z...&content%5B5%5D=0&content%5B6%5D=1&content%5B7%5D=19&content%5B8%5D=7&content%5B9%5D=-1&content%5B11%5D=&content%5B12%5D=&content%5B13%5D=&content%5B14%5D=6 HTTP/1.1" 200 82 "http://imgame1.cf.ac.uk/s4_260_0_63" "Mozilla/5.0 (Windows NT 10.0; WOW64) AppleWebKit/537.36 (KHTML, like Gecko) Chrome/49.0.2623.112 Safari/537.36"
89.134.200.214 - - [24/Apr/2016:12:15:52 +0100] "POST /sf_260_11_0_63 HTTP/1.1" 200 13429 "http://imgame1.cf.ac.uk/s4_260_0_63" "Mozilla/5.0 (Windows NT 10.0; WOW64) AppleWebKit/537.36 (KHTML, like Gecko) Chrome/49.0.2623.112 Safari/537.36"
89.134.200.214 - - [24/Apr/2016:12:15:53 +0100] "GET /jquery-themes/imgame.min.css HTTP/1.1" 200 30735 "http://imgame1.cf.ac.uk/sf_260_11_0_63" "Mozilla/5.0 (Windows NT 10.0; WOW64) AppleWebKit/537.36 (KHTML, like Gecko) Chrome/49.0.2623.112 Safari/537.36"
89.134.200.214 - - [24/Apr/2016:12:15:53 +0100] "GET /mobile-css/1024.css HTTP/1.1" 200 346 "http://imgame1.cf.ac.uk/sf_260_11_0_63" "Mozilla/5.0 (Windows NT 10.0; WOW64) AppleWebKit/537.36 (KHTML, like Gecko) Chrome/49.0.2623.112 Safari/537.36"
89.134.200.214 - - [24/Apr/2016:12:15:53 +0100] "GET /jquery-mobile/jqmOverrides.css HTTP/1.1" 200 685 "http://imgame1.cf.ac.uk/sf_260_11_0_63" "Mozilla/5.0 (Windows NT 10.0; WOW64) AppleWebKit/537.36 (KHTML, like Gecko) Chrome/49.0.2623.112 Safari/537.36"
89.134.200.214 - - [24/Apr/2016:12:15:53 +0100] "GET /jquery-mobile/jquery.mobile.overrides.js HTTP/1.1" 200 355 "http://imgame1.cf.ac.uk/sf_260_11_0_63" "Mozilla/5.0 (Windows NT 10.0; WOW64) AppleWebKit/537.36 (KHTML, like Gecko) Chrome/49.0.2623.112 Safari/537.36"
89.134.200.214 - - [24/Apr/2016:12:15:53 +0100] "GET /jquery-mobile/page.modifiers.js HTTP/1.1" 200 527 "http://imgame1.cf.ac.uk/sf_260_11_0_63" "Mozilla/5.0 (Windows NT 10.0; WOW64) AppleWebKit/537.36 (KHTML, like Gecko) Chrome/49.0.2623.112 Safari/537.36"
89.134.200.214 - - [24/Apr/2016:12:15:53 +0100] "GET /js/ko/ko-mapping.js HTTP/1.1" 200 11106 "http://imgame1.cf.ac.uk/sf_260_11_0_63" "Mozilla/5.0 (Windows NT 10.0; WOW64) AppleWebKit/537.36 (KHTML, like Gecko) Chrome/49.0.2623.112 Safari/537.36"
89.134.200.214 - - [24/Apr/2016:12:15:53 +0100] "GET /jquery-mobile/jquery.mobile.structure-1.4.5.min.css HTTP/1.1" 200 68712 "http://imgame1.cf.ac.uk/sf_260_11_0_63" "Mozilla/5.0 (Windows NT 10.0; WOW64) AppleWebKit/537.36 (KHTML, like Gecko) Chrome/49.0.2623.112 Safari/537.36"
89.134.200.214 - - [24/Apr/2016:12:15:53 +0100] "GET /js/ko/knockout-3.3.0.js HTTP/1.1" 200 55956 "http://imgame1.cf.ac.uk/sf_260_11_0_63" "Mozilla/5.0 (Windows NT 10.0; WOW64) AppleWebKit/537.36 (KHTML, like Gecko) Chrome/49.0.2623.112 Safari/537.36"
89.134.200.214 - - [24/Apr/2016:12:15:53 +0100] "GET /js/forms/stepFormRuntime.js HTTP/1.1" 200 21132 "http://imgame1.cf.ac.uk/sf_260_11_0_63" "Mozilla/5.0 (Windows NT 10.0; WOW64) AppleWebKit/537.36 (KHTML, like Gecko) Chrome/49.0.2623.112 Safari/537.36"
89.134.200.214 - - [24/Apr/2016:12:15:53 +0100] "GET /jquery-themes/jquery.mobile.icons.min.css HTTP/1.1" 200 127053 "http://imgame1.cf.ac.uk/sf_260_11_0_63" "Mozilla/5.0 (Windows NT 10.0; WOW64) AppleWebKit/537.36 (KHTML, like Gecko) Chrome/49.0.2623.112 Safari/537.36"
89.134.200.214 - - [24/Apr/2016:12:15:53 +0100] "GET /jquery-mobile/jquery.mobile-1.4.5.min.js HTTP/1.1" 200 200143 "http://imgame1.cf.ac.uk/sf_260_11_0_63" "Mozilla/5.0 (Windows NT 10.0; WOW64) AppleWebKit/537.36 (KHTML, like Gecko) Chrome/49.0.2623.112 Safari/537.36"
89.134.200.214 - - [24/Apr/2016:12:15:53 +0100] "GET /jquery-themes/images/ajax-loader.gif HTTP/1.1" 200 6242 "http://imgame1.cf.ac.uk/jquery-themes/imgame.min.css" "Mozilla/5.0 (Windows NT 10.0; WOW64) AppleWebKit/537.36 (KHTML, like Gecko) Chrome/49.0.2623.112 Safari/537.36"
89.134.200.214 - - [24/Apr/2016:12:15:53 +0100] "GET /webServices/forms/stepFormRuntimeController.php?permissions=255&messageType=formSettings&exptId=260&formType=11&jType=0 HTTP/1.1" 200 388 "http://imgame1.cf.ac.uk/sf_260_11_0_63" "Mozilla/5.0 (Windows NT 10.0; WOW64) AppleWebKit/537.36 (KHTML, like Gecko) Chrome/49.0.2623.112 Safari/537.36"
89.134.200.214 - - [24/Apr/2016:12:15:54 +0100] "GET /webServices/admin/getStepFormAsJSON.php?permissions=255&exptId=260&formType=11&jType=0 HTTP/1.1" 200 45919 "http://imgame1.cf.ac.uk/sf_260_11_0_63" "Mozilla/5.0 (Windows NT 10.0; WOW64) AppleWebKit/537.36 (KHTML, like Gecko) Chrome/49.0.2623.112 Safari/537.36"
92.249.192.228 - - [24/Apr/2016:12:16:03 +0100] "GET /webServices/step4/step4RunController.php?permissions=255&exptId=260&jType=0&s4jNo=65&messageType=step4storeRating&content%5B0%5D=&content%5B1%5D=haveResponse&content%5B2%5D=0&content%5B3%5D=interval1&content%5B4%5D=Szerintem+a+legt%C3%B6bb+ember+nem+tartja+sz%C3%A1m+%C3%A9s+n%C3%A9v+szerint+fejben%2C+milyen+csatorn%C3%A1kra+iratkozott+fel%2C+r%C3%A1ad%C3%A1sul+biztos%2C+hogy+nem+csak+h%C3%A1romra.+A+t%C3%B6bbi+v%C3%A1lasz+azonban+teljesen+elbizonytalan%C3%ADtott.&content%5B5%5D=1&content%5B6%5D=2&content%5B7%5D=18&content%5B8%5D=2&content%5B9%5D=-1&content%5B11%5D=&content%5B12%5D=&content%5B13%5D=&content%5B14%5D=13 HTTP/1.1" 200 2759 "http://imgame1.cf.ac.uk/s4_260_0_65" "Mozilla/5.0 (Windows NT 10.0; WOW64) AppleWebKit/537.36 (KHTML, like Gecko) Chrome/49.0.2623.112 Safari/537.36"
84.0.35.194 - - [24/Apr/2016:12:16:48 +0100] "GET /webServices/step4/step4RunController.php?permissions=255&exptId=260&jType=1&s4jNo=63&messageType=step4storeRating&content%5B0%5D=&content%5B1%5D=haveResponse&content%5B2%5D=0&content%5B3%5D=interval2&content%5B4%5D=Szerintem+egy+f%C3%A9rfi+nem+haszn%C3%A1l+3-f%C3%A9le+dezodort+%C3%A9s+az+utols%C3%B3+k%C3%A9rd%C3%A9sn%C3%A9l+is+k%C3%B6zelebb+%C3%A1ll+hozz%C3%A1m+a+nem+sz%C3%ADnlel%C5%91+v%C3%A9lem%C3%A9nye.&content%5B5%5D=1&content%5B6%5D=2&content%5B7%5D=12&content%5B8%5D=2&content%5B9%5D=-1&content%5B11%5D=&content%5B12%5D=&content%5B13%5D=&content%5B14%5D=9 HTTP/1.1" 200 2850 "http://imgame1.cf.ac.uk/s4_260_1_63" "Mozilla/5.0 (Windows NT 6.1; WOW64) AppleWebKit/537.36 (KHTML, like Gecko) Chrome/48.0.2564.116 Safari/537.36"
94.247.95.103 - - [24/Apr/2016:12:17:23 +0100] "GET /webServices/step4/step4RunController.php?permissions=255&exptId=260&jType=0&s4jNo=64&messageType=step4storeRating&content%5B0%5D=&content%5B1%5D=haveResponse&content%5B2%5D=0&content%5B3%5D=interval4&content%5B4%5D=Az+%C3%A1ltalam+sz%C3%ADnlel%C5%91nek+v%C3%A1lasztott+j%C3%A1t%C3%A9kos+v%C3%A1laszai+a+legt%C3%B6bb+esetben+er%C5%91ltetettnek+%C3%A9rz%C5%91dtek%2C+valamint+az+els%C5%91+k%C3%A9rd%C3%A9sn%C3%A9l%2C+k%C3%BCl%C3%B6n+kiemelte%2C+hogy+k%C3%BCl%C3%B6nb%C3%B6z%C5%91+fi%C3%BAk+j%C3%B6nnek+be+neki+%C3%A9s+a+bar%C3%A1tn%C5%91inek%2C+hab%C3%A1r+nem+lett+volna+r%C3%A1+sz%C3%BCks%C3%A9g.+Az+utols%C3%B3+k%C3%A9rd%C3%A9sn%C3%A9l+pedig+a+%22lapos+cip%C5%91t%22+is+megeml%C3%ADtette%2C+ami+szerintem+a+feladatmegold%C3%A1s+szempontj%C3%A1b%C3%B3l+l%C3%A9nyegtelen+inform%C3%A1ci%C3%B3nak+sz%C3%A1m%C3%ADt.&content%5B5%5D=1&content%5B6%5D=2&content%5B7%5D=7&content%5B8%5D=4&content%5B9%5D=-1&content%5B11%5D=&content%5B12%5D=&content%5B13%5D=&content%5B14%5D=8 HTTP/1.1" 200 5648 "http://imgame1.cf.ac.uk/s4_260_0_64" "Mozilla/5.0 (Windows NT 6.1; WOW64; rv:45.0) Gecko/20100101 Firefox/45.0"
89.134.200.214 - - [24/Apr/2016:12:17:29 +0100] "POST /webServices/forms/storeStepFormResponses.php HTTP/1.1" 200 92 "http://imgame1.cf.ac.uk/sf_260_11_0_63" "Mozilla/5.0 (Windows NT 10.0; WOW64) AppleWebKit/537.36 (KHTML, like Gecko) Chrome/49.0.2623.112 Safari/537.36"
148.81.190.226 - - [24/Apr/2016:12:17:46 +0100] "GET /s2_332_0 HTTP/1.1" 200 2127 "-" "Mozilla/5.0 (Windows NT 5.1) AppleWebKit/537.36 (KHTML, like Gecko) Chrome/49.0.2623.112 Safari/537.36"
148.81.190.226 - - [24/Apr/2016:12:17:46 +0100] "GET /jquery-themes/imgame.min.css HTTP/1.1" 304 - "http://imgame1.cf.ac.uk/s2_332_0" "Mozilla/5.0 (Windows NT 5.1) AppleWebKit/537.36 (KHTML, like Gecko) Chrome/49.0.2623.112 Safari/537.36"
148.81.190.226 - - [24/Apr/2016:12:17:46 +0100] "GET /jquery-themes/jquery.mobile.icons.min.css HTTP/1.1" 304 - "http://imgame1.cf.ac.uk/s2_332_0" "Mozilla/5.0 (Windows NT 5.1) AppleWebKit/537.36 (KHTML, like Gecko) Chrome/49.0.2623.112 Safari/537.36"
148.81.190.226 - - [24/Apr/2016:12:17:46 +0100] "GET /jquery-mobile/jquery.mobile.structure-1.4.5.min.css HTTP/1.1" 304 - "http://imgame1.cf.ac.uk/s2_332_0" "Mozilla/5.0 (Windows NT 5.1) AppleWebKit/537.36 (KHTML, like Gecko) Chrome/49.0.2623.112 Safari/537.36"
148.81.190.226 - - [24/Apr/2016:12:17:46 +0100] "GET /jquery-mobile/jqmOverrides.css HTTP/1.1" 304 - "http://imgame1.cf.ac.uk/s2_332_0" "Mozilla/5.0 (Windows NT 5.1) AppleWebKit/537.36 (KHTML, like Gecko) Chrome/49.0.2623.112 Safari/537.36"
148.81.190.226 - - [24/Apr/2016:12:17:46 +0100] "GET /mobile-css/1024.css HTTP/1.1" 304 - "http://imgame1.cf.ac.uk/s2_332_0" "Mozilla/5.0 (Windows NT 5.1) AppleWebKit/537.36 (KHTML, like Gecko) Chrome/49.0.2623.112 Safari/537.36"
148.81.190.226 - - [24/Apr/2016:12:17:46 +0100] "GET /jquery/jquery-2.1.3.min.js HTTP/1.1" 304 - "http://imgame1.cf.ac.uk/s2_332_0" "Mozilla/5.0 (Windows NT 5.1) AppleWebKit/537.36 (KHTML, like Gecko) Chrome/49.0.2623.112 Safari/537.36"
148.81.190.226 - - [24/Apr/2016:12:17:46 +0100] "GET /jquery-mobile/jquery.mobile.overrides.js HTTP/1.1" 304 - "http://imgame1.cf.ac.uk/s2_332_0" "Mozilla/5.0 (Windows NT 5.1) AppleWebKit/537.36 (KHTML, like Gecko) Chrome/49.0.2623.112 Safari/537.36"
148.81.190.226 - - [24/Apr/2016:12:17:46 +0100] "GET /jquery-mobile/jquery.mobile-1.4.5.min.js HTTP/1.1" 304 - "http://imgame1.cf.ac.uk/s2_332_0" "Mozilla/5.0 (Windows NT 5.1) AppleWebKit/537.36 (KHTML, like Gecko) Chrome/49.0.2623.112 Safari/537.36"
148.81.190.226 - - [24/Apr/2016:12:17:46 +0100] "GET /jquery-mobile/page.modifiers.js HTTP/1.1" 304 - "http://imgame1.cf.ac.uk/s2_332_0" "Mozilla/5.0 (Windows NT 5.1) AppleWebKit/537.36 (KHTML, like Gecko) Chrome/49.0.2623.112 Safari/537.36"
148.81.190.226 - - [24/Apr/2016:12:17:46 +0100] "GET /js/mobile/adminNavigate.js HTTP/1.1" 304 - "http://imgame1.cf.ac.uk/s2_332_0" "Mozilla/5.0 (Windows NT 5.1) AppleWebKit/537.36 (KHTML, like Gecko) Chrome/49.0.2623.112 Safari/537.36"
148.81.190.226 - - [24/Apr/2016:12:17:46 +0100] "GET /js/step2/step2RunController.js HTTP/1.1" 304 - "http://imgame1.cf.ac.uk/s2_332_0" "Mozilla/5.0 (Windows NT 5.1) AppleWebKit/537.36 (KHTML, like Gecko) Chrome/49.0.2623.112 Safari/537.36"
148.81.190.226 - - [24/Apr/2016:12:17:46 +0100] "GET /favicon.ico HTTP/1.1" 200 1150 "http://imgame1.cf.ac.uk/s2_332_0" "Mozilla/5.0 (Windows NT 5.1) AppleWebKit/537.36 (KHTML, like Gecko) Chrome/49.0.2623.112 Safari/537.36"
148.81.190.226 - - [24/Apr/2016:12:17:46 +0100] "GET /webServices/step2/step2RunController.php?permissions=255&messageType=step2Settings&exptId=332&jType=0&content%5B0%5D=-1 HTTP/1.1" 200 168 "http://imgame1.cf.ac.uk/s2_332_0" "Mozilla/5.0 (Windows NT 5.1) AppleWebKit/537.36 (KHTML, like Gecko) Chrome/49.0.2623.112 Safari/537.36"
148.81.190.226 - - [24/Apr/2016:12:17:46 +0100] "GET /webServices/step2/step2RunController.php?permissions=255&messageType=start&exptId=332&jType=0&content%5B0%5D=-1 HTTP/1.1" 200 154 "http://imgame1.cf.ac.uk/s2_332_0" "Mozilla/5.0 (Windows NT 5.1) AppleWebKit/537.36 (KHTML, like Gecko) Chrome/49.0.2623.112 Safari/537.36"
148.81.190.226 - - [24/Apr/2016:12:17:47 +0100] "GET /webServices/step2/step2RunController.php?permissions=255&messageType=getStep2Status&exptId=332&jType=0&content%5B0%5D=1&content%5B1%5D=10348&content%5B2%5D=3&content%5B3%5D=0 HTTP/1.1" 200 221 "http://imgame1.cf.ac.uk/s2_332_0" "Mozilla/5.0 (Windows NT 5.1) AppleWebKit/537.36 (KHTML, like Gecko) Chrome/49.0.2623.112 Safari/537.36"
78.131.85.174 - - [24/Apr/2016:12:17:56 +0100] "POST /index.php HTTP/1.1" 200 3869 "http://imgame1.cf.ac.uk/index.php" "Mozilla/5.0 (Windows NT 6.1; WOW64) AppleWebKit/537.36 (KHTML, like Gecko) Chrome/49.0.2623.112 Safari/537.36"
78.131.85.174 - - [24/Apr/2016:12:17:56 +0100] "GET /css/ko-css/basic-ko.css HTTP/1.1" 304 - "http://imgame1.cf.ac.uk/index.php" "Mozilla/5.0 (Windows NT 6.1; WOW64) AppleWebKit/537.36 (KHTML, like Gecko) Chrome/49.0.2623.112 Safari/537.36"
78.131.85.174 - - [24/Apr/2016:12:17:56 +0100] "GET /css/ko-css/1024-ko.css HTTP/1.1" 304 - "http://imgame1.cf.ac.uk/index.php" "Mozilla/5.0 (Windows NT 6.1; WOW64) AppleWebKit/537.36 (KHTML, like Gecko) Chrome/49.0.2623.112 Safari/537.36"
78.131.85.174 - - [24/Apr/2016:12:17:56 +0100] "GET /jquery/jquery-2.1.3.min.js HTTP/1.1" 304 - "http://imgame1.cf.ac.uk/index.php" "Mozilla/5.0 (Windows NT 6.1; WOW64) AppleWebKit/537.36 (KHTML, like Gecko) Chrome/49.0.2623.112 Safari/537.36"
78.131.85.174 - - [24/Apr/2016:12:17:56 +0100] "GET /js/ko/knockout-3.2.0.js HTTP/1.1" 304 - "http://imgame1.cf.ac.uk/index.php" "Mozilla/5.0 (Windows NT 6.1; WOW64) AppleWebKit/537.36 (KHTML, like Gecko) Chrome/49.0.2623.112 Safari/537.36"
78.131.85.174 - - [24/Apr/2016:12:17:56 +0100] "GET /js/ko/ko-mapping.js HTTP/1.1" 304 - "http://imgame1.cf.ac.uk/index.php" "Mozilla/5.0 (Windows NT 6.1; WOW64) AppleWebKit/537.36 (KHTML, like Gecko) Chrome/49.0.2623.112 Safari/537.36"
78.131.85.174 - - [24/Apr/2016:12:17:56 +0100] "GET /js/step4/step4Monitor.js HTTP/1.1" 304 - "http://imgame1.cf.ac.uk/index.php" "Mozilla/5.0 (Windows NT 6.1; WOW64) AppleWebKit/537.36 (KHTML, like Gecko) Chrome/49.0.2623.112 Safari/537.36"
78.131.85.174 - - [24/Apr/2016:12:17:56 +0100] "GET /css/480.css HTTP/1.1" 304 - "http://imgame1.cf.ac.uk/index.php" "Mozilla/5.0 (Windows NT 6.1; WOW64) AppleWebKit/537.36 (KHTML, like Gecko) Chrome/49.0.2623.112 Safari/537.36"
78.131.85.174 - - [24/Apr/2016:12:17:56 +0100] "GET /css/481-1023.css HTTP/1.1" 304 - "http://imgame1.cf.ac.uk/index.php" "Mozilla/5.0 (Windows NT 6.1; WOW64) AppleWebKit/537.36 (KHTML, like Gecko) Chrome/49.0.2623.112 Safari/537.36"
78.131.85.174 - - [24/Apr/2016:12:17:57 +0100] "GET /favicon.ico HTTP/1.1" 200 1150 "http://imgame1.cf.ac.uk/index.php" "Mozilla/5.0 (Windows NT 6.1; WOW64) AppleWebKit/537.36 (KHTML, like Gecko) Chrome/49.0.2623.112 Safari/537.36"
92.249.192.228 - - [24/Apr/2016:12:19:06 +0100] "GET /webServices/step4/step4RunController.php?permissions=255&exptId=260&jType=0&s4jNo=65&messageType=step4storeRating&content%5B0%5D=&content%5B1%5D=haveResponse&content%5B2%5D=1&content%5B3%5D=interval4&content%5B4%5D=Szerintem+a+l%C3%A1nyokn%C3%A1l+gyakoribb%2C+hogy+kihagyj%C3%A1k+a+reggelit+vagy+k%C3%B6nnyebb+%C3%A9teleket+esznek+csak.+Illetve+a+Sims+is+egy+el%C3%A9g+sztereotipikus+v%C3%A1lasznak+t%C5%B1nik.&content%5B5%5D=0&content%5B6%5D=1&content%5B7%5D=19&content%5B8%5D=3&content%5B9%5D=-1&content%5B11%5D=&content%5B12%5D=&content%5B13%5D=&content%5B14%5D=8 HTTP/1.1" 200 82 "http://imgame1.cf.ac.uk/s4_260_0_65" "Mozilla/5.0 (Windows NT 10.0; WOW64) AppleWebKit/537.36 (KHTML, like Gecko) Chrome/49.0.2623.112 Safari/537.36"
92.249.192.228 - - [24/Apr/2016:12:19:07 +0100] "POST /sf_260_11_0_65 HTTP/1.1" 200 13429 "http://imgame1.cf.ac.uk/s4_260_0_65" "Mozilla/5.0 (Windows NT 10.0; WOW64) AppleWebKit/537.36 (KHTML, like Gecko) Chrome/49.0.2623.112 Safari/537.36"
92.249.192.228 - - [24/Apr/2016:12:19:08 +0100] "GET /jquery-themes/imgame.min.css HTTP/1.1" 200 30735 "http://imgame1.cf.ac.uk/sf_260_11_0_65" "Mozilla/5.0 (Windows NT 10.0; WOW64) AppleWebKit/537.36 (KHTML, like Gecko) Chrome/49.0.2623.112 Safari/537.36"
92.249.192.228 - - [24/Apr/2016:12:19:08 +0100] "GET /jquery-mobile/jqmOverrides.css HTTP/1.1" 200 685 "http://imgame1.cf.ac.uk/sf_260_11_0_65" "Mozilla/5.0 (Windows NT 10.0; WOW64) AppleWebKit/537.36 (KHTML, like Gecko) Chrome/49.0.2623.112 Safari/537.36"
92.249.192.228 - - [24/Apr/2016:12:19:08 +0100] "GET /mobile-css/1024.css HTTP/1.1" 200 346 "http://imgame1.cf.ac.uk/sf_260_11_0_65" "Mozilla/5.0 (Windows NT 10.0; WOW64) AppleWebKit/537.36 (KHTML, like Gecko) Chrome/49.0.2623.112 Safari/537.36"
92.249.192.228 - - [24/Apr/2016:12:19:08 +0100] "GET /jquery-mobile/jquery.mobile.overrides.js HTTP/1.1" 200 355 "http://imgame1.cf.ac.uk/sf_260_11_0_65" "Mozilla/5.0 (Windows NT 10.0; WOW64) AppleWebKit/537.36 (KHTML, like Gecko) Chrome/49.0.2623.112 Safari/537.36"
92.249.192.228 - - [24/Apr/2016:12:19:08 +0100] "GET /jquery-mobile/jquery.mobile.structure-1.4.5.min.css HTTP/1.1" 200 68712 "http://imgame1.cf.ac.uk/sf_260_11_0_65" "Mozilla/5.0 (Windows NT 10.0; WOW64) AppleWebKit/537.36 (KHTML, like Gecko) Chrome/49.0.2623.112 Safari/537.36"
92.249.192.228 - - [24/Apr/2016:12:19:08 +0100] "GET /jquery-themes/jquery.mobile.icons.min.css HTTP/1.1" 200 127053 "http://imgame1.cf.ac.uk/sf_260_11_0_65" "Mozilla/5.0 (Windows NT 10.0; WOW64) AppleWebKit/537.36 (KHTML, like Gecko) Chrome/49.0.2623.112 Safari/537.36"
92.249.192.228 - - [24/Apr/2016:12:19:08 +0100] "GET /jquery-mobile/page.modifiers.js HTTP/1.1" 200 527 "http://imgame1.cf.ac.uk/sf_260_11_0_65" "Mozilla/5.0 (Windows NT 10.0; WOW64) AppleWebKit/537.36 (KHTML, like Gecko) Chrome/49.0.2623.112 Safari/537.36"
92.249.192.228 - - [24/Apr/2016:12:19:08 +0100] "GET /jquery-mobile/jquery.mobile-1.4.5.min.js HTTP/1.1" 200 200143 "http://imgame1.cf.ac.uk/sf_260_11_0_65" "Mozilla/5.0 (Windows NT 10.0; WOW64) AppleWebKit/537.36 (KHTML, like Gecko) Chrome/49.0.2623.112 Safari/537.36"
92.249.192.228 - - [24/Apr/2016:12:19:08 +0100] "GET /js/ko/knockout-3.3.0.js HTTP/1.1" 200 55956 "http://imgame1.cf.ac.uk/sf_260_11_0_65" "Mozilla/5.0 (Windows NT 10.0; WOW64) AppleWebKit/537.36 (KHTML, like Gecko) Chrome/49.0.2623.112 Safari/537.36"
92.249.192.228 - - [24/Apr/2016:12:19:08 +0100] "GET /js/ko/ko-mapping.js HTTP/1.1" 200 11106 "http://imgame1.cf.ac.uk/sf_260_11_0_65" "Mozilla/5.0 (Windows NT 10.0; WOW64) AppleWebKit/537.36 (KHTML, like Gecko) Chrome/49.0.2623.112 Safari/537.36"
78.131.85.174 - - [24/Apr/2016:12:17:56 +0100] "GET /webServices/step4/getStep4MonitorDetail.php?uid=30382&permissions=255&exptId=260&jType=1 HTTP/1.1" 200 1914517 "http://imgame1.cf.ac.uk/index.php" "Mozilla/5.0 (Windows NT 6.1; WOW64) AppleWebKit/537.36 (KHTML, like Gecko) Chrome/49.0.2623.112 Safari/537.36"
92.249.192.228 - - [24/Apr/2016:12:19:09 +0100] "GET /js/forms/stepFormRuntime.js HTTP/1.1" 200 21132 "http://imgame1.cf.ac.uk/sf_260_11_0_65" "Mozilla/5.0 (Windows NT 10.0; WOW64) AppleWebKit/537.36 (KHTML, like Gecko) Chrome/49.0.2623.112 Safari/537.36"
92.249.192.228 - - [24/Apr/2016:12:19:10 +0100] "GET /jquery-themes/images/ajax-loader.gif HTTP/1.1" 200 6242 "http://imgame1.cf.ac.uk/jquery-themes/imgame.min.css" "Mozilla/5.0 (Windows NT 10.0; WOW64) AppleWebKit/537.36 (KHTML, like Gecko) Chrome/49.0.2623.112 Safari/537.36"
92.249.192.228 - - [24/Apr/2016:12:19:10 +0100] "GET /webServices/forms/stepFormRuntimeController.php?permissions=255&messageType=formSettings&exptId=260&formType=11&jType=0 HTTP/1.1" 200 388 "http://imgame1.cf.ac.uk/sf_260_11_0_65" "Mozilla/5.0 (Windows NT 10.0; WOW64) AppleWebKit/537.36 (KHTML, like Gecko) Chrome/49.0.2623.112 Safari/537.36"
92.249.192.228 - - [24/Apr/2016:12:19:10 +0100] "GET /webServices/admin/getStepFormAsJSON.php?permissions=255&exptId=260&formType=11&jType=0 HTTP/1.1" 200 45919 "http://imgame1.cf.ac.uk/sf_260_11_0_65" "Mozilla/5.0 (Windows NT 10.0; WOW64) AppleWebKit/537.36 (KHTML, like Gecko) Chrome/49.0.2623.112 Safari/537.36"
178.164.183.252 - - [24/Apr/2016:12:20:01 +0100] "GET /webServices/step4/step4RunController.php?permissions=255&exptId=260&jType=1&s4jNo=51&messageType=step4storeRating&content%5B0%5D=&content%5B1%5D=haveResponse&content%5B2%5D=0&content%5B3%5D=interval2&content%5B4%5D=4+k%C3%A9rd%C3%A9sre+adott+v%C3%A1lasza+miatt%2C+de+nem+vagyok+biztos+benne.&content%5B5%5D=1&content%5B6%5D=1&content%5B7%5D=12&content%5B8%5D=16&content%5B9%5D=-1&content%5B11%5D=&content%5B12%5D=&content%5B13%5D=&content%5B14%5D=19 HTTP/1.1" 200 2571 "http://imgame1.cf.ac.uk/s4_260_1_51" "Mozilla/5.0 (Windows NT 10.0; WOW64) AppleWebKit/537.36 (KHTML, like Gecko) Chrome/49.0.2623.87 Safari/537.36"
92.249.192.228 - - [24/Apr/2016:12:20:15 +0100] "POST /webServices/forms/storeStepFormResponses.php HTTP/1.1" 200 92 "http://imgame1.cf.ac.uk/sf_260_11_0_65" "Mozilla/5.0 (Windows NT 10.0; WOW64) AppleWebKit/537.36 (KHTML, like Gecko) Chrome/49.0.2623.112 Safari/537.36"
89.134.210.227 - - [24/Apr/2016:12:20:48 +0100] "GET /webServices/step4/step4RunController.php?permissions=255&exptId=260&jType=1&s4jNo=55&messageType=step4storeRating&content%5B0%5D=&content%5B1%5D=haveResponse&content%5B2%5D=1&content%5B3%5D=interval4&content%5B4%5D=V%C3%A9gre+p%C3%A1r+olyan+k%C3%A9rd%C3%A9s+ami+el%C5%91seg%C3%ADti+az+egy%C3%A9rtelm%C5%B1+v%C3%A1laszt%C3%A1st!+Itt+szinte+kiv%C3%A9tel+n%C3%A9lk%C3%BCl+minden+v%C3%A1laszban+nagy+k%C3%BCl%C3%B6nbs%C3%A9get+%C3%A9reztem%3A+a+v%C3%A1laszok+st%C3%ADlusa%2C+hossz%C3%BAs%C3%A1ga+%C3%A9s+persze+tartalma+is+maguk%C3%A9rt+besz%C3%A9lnek.+Az+utols%C3%B3+k%C3%A9t+k%C3%A9rd%C3%A9sre+adott+v%C3%A1laszok+m%C3%A1r+csak+r%C3%A1tett%C3%A9k+a+pontot+az+i-re.&content%5B5%5D=1&content%5B6%5D=2&content%5B7%5D=12&content%5B8%5D=8&content%5B9%5D=-1&content%5B11%5D=&content%5B12%5D=&content%5B13%5D=&content%5B14%5D=17 HTTP/1.1" 200 2697 "http://imgame1.cf.ac.uk/s4_260_1_55" "Mozilla/5.0 (Windows NT 6.3; WOW64) AppleWebKit/537.36 (KHTML, like Gecko) Chrome/49.0.2623.112 Safari/537.36"
84.0.35.194 - - [24/Apr/2016:12:21:10 +0100] "GET /webServices/step4/step4RunController.php?permissions=255&exptId=260&jType=1&s4jNo=63&messageType=step4storeRating&content%5B0%5D=&content%5B1%5D=haveResponse&content%5B2%5D=0&content%5B3%5D=interval4&content%5B4%5D=Az+els%C5%91n+%C3%A9s+a+negyedik+k%C3%A9rd%C3%A9sen+k%C3%ADv%C3%BCl+(mert+mi%C3%A9rt+ne+lehetne+egy+programoz%C3%B3+l%C3%A1ny)%2C+szerintem+egy+f%C3%A9rfi+nem+%C3%BAgy+v%C3%A1laszolt+volna%2C+teh%C3%A1t+nem+mond+olyat%2C+hogy+%22a+divatnak+megfelel%C5%91%22.&content%5B5%5D=0&content%5B6%5D=1&content%5B7%5D=13&content%5B8%5D=7&content%5B9%5D=-1&content%5B11%5D=&content%5B12%5D=&content%5B13%5D=&content%5B14%5D=11 HTTP/1.1" 200 3533 "http://imgame1.cf.ac.uk/s4_260_1_63" "Mozilla/5.0 (Windows NT 6.1; WOW64) AppleWebKit/537.36 (KHTML, like Gecko) Chrome/48.0.2564.116 Safari/537.36"
178.164.183.252 - - [24/Apr/2016:12:21:30 +0100] "GET /webServices/step4/step4RunController.php?permissions=255&exptId=260&jType=1&s4jNo=51&messageType=step4storeRating&content%5B0%5D=&content%5B1%5D=haveResponse&content%5B2%5D=1&content%5B3%5D=interval4&content%5B4%5D=full+HD+felbont%C3%A1s%C3%A1t+illik+tudni%2C+WoW-nak+%C3%A9s+CoD-nak+%C3%ADrjuk%2C+Skyline-t+is+tudnia+kellett+volna.&content%5B5%5D=1&content%5B6%5D=2&content%5B7%5D=16&content%5B8%5D=4&content%5B9%5D=-1&content%5B11%5D=&content%5B12%5D=&content%5B13%5D=&content%5B14%5D=6 HTTP/1.1" 200 3537 "http://imgame1.cf.ac.uk/s4_260_1_51" "Mozilla/5.0 (Windows NT 10.0; WOW64) AppleWebKit/537.36 (KHTML, like Gecko) Chrome/49.0.2623.87 Safari/537.36"
87.229.38.124 - - [24/Apr/2016:12:22:09 +0100] "GET /webServices/step4/step4RunController.php?permissions=255&exptId=260&jType=1&s4jNo=46&messageType=step4storeRating&content%5B0%5D=&content%5B1%5D=haveResponse&content%5B2%5D=1&content%5B3%5D=interval4&content%5B4%5D=Eg%C3%A9szen+az+utols%C3%B3+k%C3%A9rd%C3%A9sig+az+ellenkez%C5%91j%C3%A9t+gondoltam.+De+ott+nem+tudtam+elfogadni%2C+hogy+%22anya+szokott+venni...%22.+A+koroszt%C3%A1lyomban+m%C3%A9g+akit+legkev%C3%A9sb%C3%A9+sem+%C3%A9rdekel%2C+hogy+mit+hord%2C+az+is+el+megy+n%C3%A9ha+venni+cuccokat%2C+%C5%91+sem+v%C3%A1laszolta+volna+ezt.+%C3%89s+ezzel+a+gondolattal+visszafel%C3%A9+gondolva%2C+szinte+hallottam+ahogy+a+t%C3%B6bbit+is+egy+l%C3%A1ny+v%C3%A1laszolja%2C+ahogy+elj%C3%A1tsza+mag%C3%A1t+fi%C3%BAnak...+%22mit+szeretnek+a+fi%C3%BAk%3F+gyorsan+menni%2C+foci%2C+dugni+%C3%A9s+nem+%C3%A9rdekli+%C5%91ket+a+ruha...%22+Ez+az%C3%A9rt+%C3%ADgy+nagyon+ki+van+sark%C3%ADtva%2C+nem+re%C3%A1lis.&content%5B5%5D=1&content%5B6%5D=2&content%5B7%5D=11&content%5B8%5D=10&content%5B9%5D=-1&content%5B11%5D=&content%5B12%5D=&content%5B13%5D=&content%5B14%5D=6 HTTP/1.1" 200 3532 "http://imgame1.cf.ac.uk/s4_260_1_46" "Mozilla/5.0 (Windows NT 6.3; WOW64) AppleWebKit/537.36 (KHTML, like Gecko) Chrome/50.0.2661.87 Safari/537.36"
178.164.183.252 - - [24/Apr/2016:12:23:40 +0100] "GET /webServices/step4/step4RunController.php?permissions=255&exptId=260&jType=1&s4jNo=51&messageType=step4storeRating&content%5B0%5D=&content%5B1%5D=haveResponse&content%5B2%5D=0&content%5B3%5D=interval4&content%5B4%5D=magasasabb+Ram-os%3F&content%5B5%5D=0&content%5B6%5D=1&content%5B7%5D=17&content%5B8%5D=9&content%5B9%5D=-1&content%5B11%5D=&content%5B12%5D=&content%5B13%5D=&content%5B14%5D=14 HTTP/1.1" 200 82 "http://imgame1.cf.ac.uk/s4_260_1_51" "Mozilla/5.0 (Windows NT 10.0; WOW64) AppleWebKit/537.36 (KHTML, like Gecko) Chrome/49.0.2623.87 Safari/537.36"
178.164.183.252 - - [24/Apr/2016:12:23:40 +0100] "POST /sf_260_11_1_51 HTTP/1.1" 200 13414 "http://imgame1.cf.ac.uk/s4_260_1_51" "Mozilla/5.0 (Windows NT 10.0; WOW64) AppleWebKit/537.36 (KHTML, like Gecko) Chrome/49.0.2623.87 Safari/537.36"
178.164.183.252 - - [24/Apr/2016:12:23:41 +0100] "GET /jquery-themes/imgame.min.css HTTP/1.1" 200 30735 "http://imgame1.cf.ac.uk/sf_260_11_1_51" "Mozilla/5.0 (Windows NT 10.0; WOW64) AppleWebKit/537.36 (KHTML, like Gecko) Chrome/49.0.2623.87 Safari/537.36"
178.164.183.252 - - [24/Apr/2016:12:23:41 +0100] "GET /jquery-mobile/jqmOverrides.css HTTP/1.1" 200 685 "http://imgame1.cf.ac.uk/sf_260_11_1_51" "Mozilla/5.0 (Windows NT 10.0; WOW64) AppleWebKit/537.36 (KHTML, like Gecko) Chrome/49.0.2623.87 Safari/537.36"
178.164.183.252 - - [24/Apr/2016:12:23:41 +0100] "GET /mobile-css/1024.css HTTP/1.1" 200 346 "http://imgame1.cf.ac.uk/sf_260_11_1_51" "Mozilla/5.0 (Windows NT 10.0; WOW64) AppleWebKit/537.36 (KHTML, like Gecko) Chrome/49.0.2623.87 Safari/537.36"
178.164.183.252 - - [24/Apr/2016:12:23:41 +0100] "GET /jquery-mobile/jquery.mobile.overrides.js HTTP/1.1" 200 355 "http://imgame1.cf.ac.uk/sf_260_11_1_51" "Mozilla/5.0 (Windows NT 10.0; WOW64) AppleWebKit/537.36 (KHTML, like Gecko) Chrome/49.0.2623.87 Safari/537.36"
178.164.183.252 - - [24/Apr/2016:12:23:41 +0100] "GET /jquery-mobile/page.modifiers.js HTTP/1.1" 200 527 "http://imgame1.cf.ac.uk/sf_260_11_1_51" "Mozilla/5.0 (Windows NT 10.0; WOW64) AppleWebKit/537.36 (KHTML, like Gecko) Chrome/49.0.2623.87 Safari/537.36"
178.164.183.252 - - [24/Apr/2016:12:23:41 +0100] "GET /jquery-mobile/jquery.mobile.structure-1.4.5.min.css HTTP/1.1" 200 68712 "http://imgame1.cf.ac.uk/sf_260_11_1_51" "Mozilla/5.0 (Windows NT 10.0; WOW64) AppleWebKit/537.36 (KHTML, like Gecko) Chrome/49.0.2623.87 Safari/537.36"
178.164.183.252 - - [24/Apr/2016:12:23:41 +0100] "GET /js/ko/ko-mapping.js HTTP/1.1" 200 11106 "http://imgame1.cf.ac.uk/sf_260_11_1_51" "Mozilla/5.0 (Windows NT 10.0; WOW64) AppleWebKit/537.36 (KHTML, like Gecko) Chrome/49.0.2623.87 Safari/537.36"
178.164.183.252 - - [24/Apr/2016:12:23:41 +0100] "GET /js/forms/stepFormRuntime.js HTTP/1.1" 200 21132 "http://imgame1.cf.ac.uk/sf_260_11_1_51" "Mozilla/5.0 (Windows NT 10.0; WOW64) AppleWebKit/537.36 (KHTML, like Gecko) Chrome/49.0.2623.87 Safari/537.36"
178.164.183.252 - - [24/Apr/2016:12:23:41 +0100] "GET /jquery-themes/jquery.mobile.icons.min.css HTTP/1.1" 200 127053 "http://imgame1.cf.ac.uk/sf_260_11_1_51" "Mozilla/5.0 (Windows NT 10.0; WOW64) AppleWebKit/537.36 (KHTML, like Gecko) Chrome/49.0.2623.87 Safari/537.36"
178.164.183.252 - - [24/Apr/2016:12:23:41 +0100] "GET /js/ko/knockout-3.3.0.js HTTP/1.1" 200 55956 "http://imgame1.cf.ac.uk/sf_260_11_1_51" "Mozilla/5.0 (Windows NT 10.0; WOW64) AppleWebKit/537.36 (KHTML, like Gecko) Chrome/49.0.2623.87 Safari/537.36"
178.164.183.252 - - [24/Apr/2016:12:23:41 +0100] "GET /jquery-mobile/jquery.mobile-1.4.5.min.js HTTP/1.1" 200 200143 "http://imgame1.cf.ac.uk/sf_260_11_1_51" "Mozilla/5.0 (Windows NT 10.0; WOW64) AppleWebKit/537.36 (KHTML, like Gecko) Chrome/49.0.2623.87 Safari/537.36"
178.164.183.252 - - [24/Apr/2016:12:23:42 +0100] "GET /jquery-themes/images/ajax-loader.gif HTTP/1.1" 200 6242 "http://imgame1.cf.ac.uk/jquery-themes/imgame.min.css" "Mozilla/5.0 (Windows NT 10.0; WOW64) AppleWebKit/537.36 (KHTML, like Gecko) Chrome/49.0.2623.87 Safari/537.36"
178.164.183.252 - - [24/Apr/2016:12:23:42 +0100] "GET /webServices/forms/stepFormRuntimeController.php?permissions=255&messageType=formSettings&exptId=260&formType=11&jType=1 HTTP/1.1" 200 388 "http://imgame1.cf.ac.uk/sf_260_11_1_51" "Mozilla/5.0 (Windows NT 10.0; WOW64) AppleWebKit/537.36 (KHTML, like Gecko) Chrome/49.0.2623.87 Safari/537.36"
178.164.183.252 - - [24/Apr/2016:12:23:42 +0100] "GET /webServices/admin/getStepFormAsJSON.php?permissions=255&exptId=260&formType=11&jType=1 HTTP/1.1" 200 45919 "http://imgame1.cf.ac.uk/sf_260_11_1_51" "Mozilla/5.0 (Windows NT 10.0; WOW64) AppleWebKit/537.36 (KHTML, like Gecko) Chrome/49.0.2623.87 Safari/537.36"
87.229.38.124 - - [24/Apr/2016:12:24:31 +0100] "GET /webServices/step4/step4RunController.php?permissions=255&exptId=260&jType=1&s4jNo=46&messageType=step4storeRating&content%5B0%5D=&content%5B1%5D=haveResponse&content%5B2%5D=1&content%5B3%5D=interval3&content%5B4%5D=R%C3%B6viden+a+l%C3%A9nyeget+v%C3%A1laszolta+az+igazmond%C3%B3.+A+sz%C3%ADnlel%C5%91+szerintem+t%C3%BAlragozta...&content%5B5%5D=1&content%5B6%5D=1&content%5B7%5D=12&content%5B8%5D=14&content%5B9%5D=-1&content%5B11%5D=&content%5B12%5D=&content%5B13%5D=&content%5B14%5D=14 HTTP/1.1" 200 2718 "http://imgame1.cf.ac.uk/s4_260_1_46" "Mozilla/5.0 (Windows NT 6.3; WOW64) AppleWebKit/537.36 (KHTML, like Gecko) Chrome/50.0.2661.87 Safari/537.36"
178.164.183.252 - - [24/Apr/2016:12:24:49 +0100] "POST /webServices/forms/storeStepFormResponses.php HTTP/1.1" 200 92 "http://imgame1.cf.ac.uk/sf_260_11_1_51" "Mozilla/5.0 (Windows NT 10.0; WOW64) AppleWebKit/537.36 (KHTML, like Gecko) Chrome/49.0.2623.87 Safari/537.36"
94.247.95.103 - - [24/Apr/2016:12:25:04 +0100] "GET /webServices/step4/step4RunController.php?permissions=255&exptId=260&jType=0&s4jNo=64&messageType=step4storeRating&content%5B0%5D=&content%5B1%5D=haveResponse&content%5B2%5D=0&content%5B3%5D=interval3&content%5B4%5D=Hab%C3%A1r+a+k%C3%A9rd%C3%A9sek+m%C3%A1sodik+fele+elbizonytalan%C3%ADtott+a+d%C3%B6nt%C3%A9semmel+kapcsolatban%2C+mert+a+%22nem+sz%C3%ADnlel%C5%91nek%22+v%C3%A1lasztott+j%C3%A1t%C3%A9kos+gyerekkori+terve+a+%22kuk%C3%A1saut%C3%B3+vezet%C3%A9sr%C5%91l%22+kiss%C3%A9+megszerkesztett+v%C3%A1lasznak+%C3%A9rz%C5%91d%C3%B6tt%2C+viszont+a+sz%C3%ADnlel%C5%91nek+v%C3%A1lasztott+j%C3%A1t%C3%A9kos+v%C3%A1laszai+tele+voltak+n%C5%91i+sztereot%C3%ADpi%C3%A1kkal%2C+valamint+egy+logikai+bakinak+t%C5%B1n%C5%91+v%C3%A1laszt+is+felfedeztem+benne%3A+M%C3%ADg+az+els%C5%91+k%C3%A9rd%C3%A9sre+azt+a+v%C3%A1laszt+adja%2C+hogy+f%C5%91k%C3%A9nt+alakform%C3%A1l%C3%A1s+c%C3%A9lj%C3%A1b%C3%B3l+sportol%2C+k%C3%A9s%C5%91bb+m%C3%A9gis+azt+%C3%ADrja%2C+hogy+8+%C3%A9ve+v%C3%ADzilabd%C3%A1zik.+%C3%9Agy+gondolom%2C+hogy+aki+ilyen+r%C3%A9g%C3%B3ta+%C5%B1zne+egy+nem+t%C3%BAl+k%C3%B6nny%C5%B1+sportot%2C+azt+val%C3%B3sz%C3%ADn%C5%B1leg+els%C5%91sorban+nem+az+alakform%C3%A1l%C3%A1s+motiv%C3%A1ln%C3%A1.&content%5B5%5D=0&content%5B6%5D=1&content%5B7%5D=8&content%5B8%5D=19&content%5B9%5D=-1&content%5B11%5D=&content%5B12%5D=&content%5B13%5D=&content%5B14%5D=13 HTTP/1.1" 200 3932 "http://imgame1.cf.ac.uk/s4_260_0_64" "Mozilla/5.0 (Windows NT 6.1; WOW64; rv:45.0) Gecko/20100101 Firefox/45.0"
89.134.210.227 - - [24/Apr/2016:12:25:15 +0100] "GET /webServices/step4/step4RunController.php?permissions=255&exptId=260&jType=1&s4jNo=55&messageType=step4storeRating&content%5B0%5D=&content%5B1%5D=haveResponse&content%5B2%5D=0&content%5B3%5D=interval4&content%5B4%5D=B%C3%A1r+fi%C3%BA+vagyok%2C+%C5%91szint%C3%A9n+fogalmam+sincs+a+harmadik+k%C3%A9rd%C3%A9s+mit+jelent+%3AD+Ennek+ellen%C3%A9re+ebben+az+esetben+is+el%C3%A9g+biztos+vagyok+abban+hogy+az+els%C5%91+v%C3%A1laszol%C3%B3+a+sz%C3%ADnlel%C5%91.+A+negyedik+k%C3%A9rd%C3%A9s+sz%C3%A1momra+el%C3%A9g+meggy%C5%91z%C5%91%2C+emellett+ism%C3%A9t+csak+a+m%C3%A1sodik+j%C3%A1t%C3%A9kos+%C3%A1ltal+adott+v%C3%A1laszok+laza+st%C3%ADlusa+alapj%C3%A1n+d%C3%B6nt%C3%B6ttem.&content%5B5%5D=0&content%5B6%5D=1&content%5B7%5D=13&content%5B8%5D=13&content%5B9%5D=-1&content%5B11%5D=&content%5B12%5D=&content%5B13%5D=&content%5B14%5D=3 HTTP/1.1" 200 2481 "http://imgame1.cf.ac.uk/s4_260_1_55" "Mozilla/5.0 (Windows NT 6.3; WOW64) AppleWebKit/537.36 (KHTML, like Gecko) Chrome/49.0.2623.112 Safari/537.36"
84.0.35.194 - - [24/Apr/2016:12:26:19 +0100] "GET /webServices/step4/step4RunController.php?permissions=255&exptId=260&jType=1&s4jNo=63&messageType=step4storeRating&content%5B0%5D=&content%5B1%5D=haveResponse&content%5B2%5D=1&content%5B3%5D=interval2&content%5B4%5D=Ez+megint+egy+el%C3%A9g+neh%C3%A9z+p%C3%A1ros%C3%ADt%C3%A1s%2C+a+m%C3%A1sodik+k%C3%A9rd%C3%A9s+%C3%BAgy+gondoltam+eddig%2C+hogy+egy+%C3%A1tlagos+l%C3%A1ny+vagy+nincs+annyira+benne+a+fociban+mint+a+bal+oldali+vagy+nem+tudja+mi+az+a+futsal.+Viszont+a+3.+k%C3%A9rd%C3%A9sn%C3%A9l+nem+hinn%C3%A9m%2C+hogy+egy+fi%C3%BAt+zavarna%2C+hogy+ne+tud+dr%C3%A1ga+ruh%C3%A1kat+v%C3%A1s%C3%A1rolni.&content%5B5%5D=1&content%5B6%5D=2&content%5B7%5D=17&content%5B8%5D=4&content%5B9%5D=-1&content%5B11%5D=&content%5B12%5D=&content%5B13%5D=&content%5B14%5D=13 HTTP/1.1" 200 2621 "http://imgame1.cf.ac.uk/s4_260_1_63" "Mozilla/5.0 (Windows NT 6.1; WOW64) AppleWebKit/537.36 (KHTML, like Gecko) Chrome/48.0.2564.116 Safari/537.36"
87.229.38.124 - - [24/Apr/2016:12:26:53 +0100] "GET /webServices/step4/step4RunController.php?permissions=255&exptId=260&jType=1&s4jNo=46&messageType=step4storeRating&content%5B0%5D=&content%5B1%5D=haveResponse&content%5B2%5D=0&content%5B3%5D=interval4&content%5B4%5D=A+sz%C3%ADnlel%C5%91+az+els%C5%91+3+k%C3%A9rd%C3%A9sben+teljesen+inkompetens+a+4.re+is+h%C3%BClyes%C3%A9get+v%C3%A1laszolt.+Biztos+hogy+sz%C3%ADnlel.&content%5B5%5D=0&content%5B6%5D=2&content%5B7%5D=16&content%5B8%5D=13&content%5B9%5D=-1&content%5B11%5D=&content%5B12%5D=&content%5B13%5D=&content%5B14%5D=11 HTTP/1.1" 200 3320 "http://imgame1.cf.ac.uk/s4_260_1_46" "Mozilla/5.0 (Windows NT 6.3; WOW64) AppleWebKit/537.36 (KHTML, like Gecko) Chrome/50.0.2661.87 Safari/537.36"
46.251.11.177 - - [24/Apr/2016:12:27:13 +0100] "GET /s4_260_0_58 HTTP/1.1" 200 2465 "-" "Mozilla/5.0 (Macintosh; Intel Mac OS X 10_9_5) AppleWebKit/601.5.17 (KHTML, like Gecko) Version/9.1 Safari/537.86.5"
46.251.11.177 - - [24/Apr/2016:12:27:13 +0100] "GET /css/basic.css HTTP/1.1" 200 56434 "http://imgame1.cf.ac.uk/s4_260_0_58" "Mozilla/5.0 (Macintosh; Intel Mac OS X 10_9_5) AppleWebKit/601.5.17 (KHTML, like Gecko) Version/9.1 Safari/537.86.5"
46.251.11.177 - - [24/Apr/2016:12:27:13 +0100] "GET /css/480.css HTTP/1.1" 200 1750 "http://imgame1.cf.ac.uk/s4_260_0_58" "Mozilla/5.0 (Macintosh; Intel Mac OS X 10_9_5) AppleWebKit/601.5.17 (KHTML, like Gecko) Version/9.1 Safari/537.86.5"
46.251.11.177 - - [24/Apr/2016:12:27:13 +0100] "GET /css/1024.css HTTP/1.1" 200 1308 "http://imgame1.cf.ac.uk/s4_260_0_58" "Mozilla/5.0 (Macintosh; Intel Mac OS X 10_9_5) AppleWebKit/601.5.17 (KHTML, like Gecko) Version/9.1 Safari/537.86.5"
46.251.11.177 - - [24/Apr/2016:12:27:13 +0100] "GET /css/0-479.css HTTP/1.1" 200 1290 "http://imgame1.cf.ac.uk/s4_260_0_58" "Mozilla/5.0 (Macintosh; Intel Mac OS X 10_9_5) AppleWebKit/601.5.17 (KHTML, like Gecko) Version/9.1 Safari/537.86.5"
46.251.11.177 - - [24/Apr/2016:12:27:13 +0100] "GET /css/481-1023.css HTTP/1.1" 200 1716 "http://imgame1.cf.ac.uk/s4_260_0_58" "Mozilla/5.0 (Macintosh; Intel Mac OS X 10_9_5) AppleWebKit/601.5.17 (KHTML, like Gecko) Version/9.1 Safari/537.86.5"
46.251.11.177 - - [24/Apr/2016:12:27:13 +0100] "GET /js/step4/step4RunController.js HTTP/1.1" 200 23185 "http://imgame1.cf.ac.uk/s4_260_0_58" "Mozilla/5.0 (Macintosh; Intel Mac OS X 10_9_5) AppleWebKit/601.5.17 (KHTML, like Gecko) Version/9.1 Safari/537.86.5"
46.251.11.177 - - [24/Apr/2016:12:27:13 +0100] "GET /images/tabNumberOne.gif HTTP/1.1" 200 402 "http://imgame1.cf.ac.uk/s4_260_0_58" "Mozilla/5.0 (Macintosh; Intel Mac OS X 10_9_5) AppleWebKit/601.5.17 (KHTML, like Gecko) Version/9.1 Safari/537.86.5"
46.251.11.177 - - [24/Apr/2016:12:27:13 +0100] "GET /jquery/jquery-2.1.3.min.js HTTP/1.1" 200 84320 "http://imgame1.cf.ac.uk/s4_260_0_58" "Mozilla/5.0 (Macintosh; Intel Mac OS X 10_9_5) AppleWebKit/601.5.17 (KHTML, like Gecko) Version/9.1 Safari/537.86.5"
46.251.11.177 - - [24/Apr/2016:12:27:13 +0100] "GET /jquery-ui-1.11.1/jquery-ui.min.js HTTP/1.1" 200 238314 "http://imgame1.cf.ac.uk/s4_260_0_58" "Mozilla/5.0 (Macintosh; Intel Mac OS X 10_9_5) AppleWebKit/601.5.17 (KHTML, like Gecko) Version/9.1 Safari/537.86.5"
46.251.11.177 - - [24/Apr/2016:12:27:14 +0100] "GET /webServices/step4/step4RunController.php?permissions=255&exptId=260&jType=0&s4jNo=58&messageType=step4RunConnect&content%5B0%5D= HTTP/1.1" 200 2139 "http://imgame1.cf.ac.uk/s4_260_0_58" "Mozilla/5.0 (Macintosh; Intel Mac OS X 10_9_5) AppleWebKit/601.5.17 (KHTML, like Gecko) Version/9.1 Safari/537.86.5"
46.251.11.177 - - [24/Apr/2016:12:27:14 +0100] "GET /favicon.ico HTTP/1.1" 200 1150 "http://imgame1.cf.ac.uk/s4_260_0_58" "Mozilla/5.0 (Macintosh; Intel Mac OS X 10_9_5) AppleWebKit/601.5.17 (KHTML, like Gecko) Version/9.1 Safari/537.86.5"
46.251.11.177 - - [24/Apr/2016:12:27:14 +0100] "GET /webServices/step4/step4RunController.php?permissions=255&exptId=260&jType=0&s4jNo=58&messageType=ratingParams&content%5B0%5D= HTTP/1.1" 200 460 "http://imgame1.cf.ac.uk/s4_260_0_58" "Mozilla/5.0 (Macintosh; Intel Mac OS X 10_9_5) AppleWebKit/601.5.17 (KHTML, like Gecko) Version/9.1 Safari/537.86.5"
46.251.11.177 - - [24/Apr/2016:12:27:14 +0100] "GET /webServices/step4/step4RunController.php?permissions=255&exptId=260&jType=0&s4jNo=58&messageType=startPage&content%5B0%5D= HTTP/1.1" 200 60 "http://imgame1.cf.ac.uk/s4_260_0_58" "Mozilla/5.0 (Macintosh; Intel Mac OS X 10_9_5) AppleWebKit/601.5.17 (KHTML, like Gecko) Version/9.1 Safari/537.86.5"
46.251.11.177 - - [24/Apr/2016:12:27:15 +0100] "GET /webServices/step4/step4RunController.php?permissions=255&exptId=260&jType=0&s4jNo=58&messageType=nextPage&content%5B0%5D= HTTP/1.1" 200 4222 "http://imgame1.cf.ac.uk/s4_260_0_58" "Mozilla/5.0 (Macintosh; Intel Mac OS X 10_9_5) AppleWebKit/601.5.17 (KHTML, like Gecko) Version/9.1 Safari/537.86.5"
46.251.11.177 - - [24/Apr/2016:12:27:15 +0100] "GET /images/slideBar.gif HTTP/1.1" 200 428 "http://imgame1.cf.ac.uk/s4_260_0_58" "Mozilla/5.0 (Macintosh; Intel Mac OS X 10_9_5) AppleWebKit/601.5.17 (KHTML, like Gecko) Version/9.1 Safari/537.86.5"
46.251.11.177 - - [24/Apr/2016:12:27:15 +0100] "GET /images/slidePointer.png HTTP/1.1" 200 1032 "http://imgame1.cf.ac.uk/s4_260_0_58" "Mozilla/5.0 (Macintosh; Intel Mac OS X 10_9_5) AppleWebKit/601.5.17 (KHTML, like Gecko) Version/9.1 Safari/537.86.5"
46.251.11.177 - - [24/Apr/2016:12:27:15 +0100] "GET /images/tabStatusYourTurn.png HTTP/1.1" 200 324 "http://imgame1.cf.ac.uk/s4_260_0_58" "Mozilla/5.0 (Macintosh; Intel Mac OS X 10_9_5) AppleWebKit/601.5.17 (KHTML, like Gecko) Version/9.1 Safari/537.86.5"
46.251.11.177 - - [24/Apr/2016:12:27:15 +0100] "GET /images/judgementBubbleTip.gif HTTP/1.1" 200 3229 "http://imgame1.cf.ac.uk/s4_260_0_58" "Mozilla/5.0 (Macintosh; Intel Mac OS X 10_9_5) AppleWebKit/601.5.17 (KHTML, like Gecko) Version/9.1 Safari/537.86.5"
46.251.11.177 - - [24/Apr/2016:12:27:15 +0100] "GET /images/judgementBubble.gif HTTP/1.1" 200 14504 "http://imgame1.cf.ac.uk/s4_260_0_58" "Mozilla/5.0 (Macintosh; Intel Mac OS X 10_9_5) AppleWebKit/601.5.17 (KHTML, like Gecko) Version/9.1 Safari/537.86.5"
46.251.11.177 - - [24/Apr/2016:12:27:15 +0100] "GET /images/slideInterval.gif HTTP/1.1" 200 308 "http://imgame1.cf.ac.uk/s4_260_0_58" "Mozilla/5.0 (Macintosh; Intel Mac OS X 10_9_5) AppleWebKit/601.5.17 (KHTML, like Gecko) Version/9.1 Safari/537.86.5"
46.251.11.177 - - [24/Apr/2016:12:28:40 +0100] "GET /webServices/step4/step4RunController.php?permissions=255&exptId=260&jType=0&s4jNo=58&messageType=step4storeRating&content%5B0%5D=&content%5B1%5D=haveResponse&content%5B2%5D=0&content%5B3%5D=interval1&content%5B4%5D=Igen+neh%C3%A9z+v%C3%A1lasztani%2C+mivel+mindk%C3%A9t+v%C3%A1laszad%C3%B3+nagyon+hasonl%C3%B3+v%C3%A1laszokat+adott.+(sport%2C+id%C5%91t%C3%B6lt%C3%A9s%2C+stb.)+Az%C3%A9rt+v%C3%A1lasztottam+az+els%C5%91t%2C+mert+t%C3%BAl+sz%C3%A9p%2C+kerek+mondatokat+%C3%ADrt%2C+%C3%A9s+nem+haszn%C3%A1lt+smileykat.&content%5B5%5D=0&content%5B6%5D=2&content%5B7%5D=2&content%5B8%5D=11&content%5B9%5D=-1&content%5B11%5D=&content%5B12%5D=&content%5B13%5D=&content%5B14%5D=7 HTTP/1.1" 200 5288 "http://imgame1.cf.ac.uk/s4_260_0_58" "Mozilla/5.0 (Macintosh; Intel Mac OS X 10_9_5) AppleWebKit/601.5.17 (KHTML, like Gecko) Version/9.1 Safari/537.86.5"
89.134.210.227 - - [24/Apr/2016:12:28:46 +0100] "GET /webServices/step4/step4RunController.php?permissions=255&exptId=260&jType=1&s4jNo=55&messageType=step4storeRating&content%5B0%5D=&content%5B1%5D=haveResponse&content%5B2%5D=1&content%5B3%5D=interval4&content%5B4%5D=A+m%C3%A1sodik+v%C3%A1laszol%C3%B3+egyik+k%C3%A9rd%C3%A9sre+sem+igaz%C3%A1n+tudott+megfelel%C5%91+v%C3%A1laszt+adni%2C+az+els%C5%91+pedig+az+esetek+nagyr%C3%A9sz%C3%A9ben+igen.+Sz%C3%A1momra+ez+kb+el%C3%A9g+is+volt+a+d%C3%B6nt%C3%A9shez.&content%5B5%5D=1&content%5B6%5D=2&content%5B7%5D=16&content%5B8%5D=2&content%5B9%5D=-1&content%5B11%5D=&content%5B12%5D=&content%5B13%5D=&content%5B14%5D=2 HTTP/1.1" 200 3908 "http://imgame1.cf.ac.uk/s4_260_1_55" "Mozilla/5.0 (Windows NT 6.3; WOW64) AppleWebKit/537.36 (KHTML, like Gecko) Chrome/49.0.2623.112 Safari/537.36"
87.229.38.124 - - [24/Apr/2016:12:29:24 +0100] "GET /webServices/step4/step4RunController.php?permissions=255&exptId=260&jType=1&s4jNo=46&messageType=step4storeRating&content%5B0%5D=&content%5B1%5D=haveResponse&content%5B2%5D=1&content%5B3%5D=interval4&content%5B4%5D=A+sz%C3%ADnlel%C5%91+szint%C3%A9n+nem+nagyon+%C3%A9rtett+a+k%C3%A9rd%C3%A9sekhez.&content%5B5%5D=1&content%5B6%5D=1&content%5B7%5D=17&content%5B8%5D=2&content%5B9%5D=-1&content%5B11%5D=&content%5B12%5D=&content%5B13%5D=&content%5B14%5D=9 HTTP/1.1" 200 82 "http://imgame1.cf.ac.uk/s4_260_1_46" "Mozilla/5.0 (Windows NT 6.3; WOW64) AppleWebKit/537.36 (KHTML, like Gecko) Chrome/50.0.2661.87 Safari/537.36"
87.229.38.124 - - [24/Apr/2016:12:29:25 +0100] "POST /sf_260_11_1_46 HTTP/1.1" 200 13414 "http://imgame1.cf.ac.uk/s4_260_1_46" "Mozilla/5.0 (Windows NT 6.3; WOW64) AppleWebKit/537.36 (KHTML, like Gecko) Chrome/50.0.2661.87 Safari/537.36"
87.229.38.124 - - [24/Apr/2016:12:29:25 +0100] "GET /jquery-mobile/jqmOverrides.css HTTP/1.1" 200 685 "http://imgame1.cf.ac.uk/sf_260_11_1_46" "Mozilla/5.0 (Windows NT 6.3; WOW64) AppleWebKit/537.36 (KHTML, like Gecko) Chrome/50.0.2661.87 Safari/537.36"
87.229.38.124 - - [24/Apr/2016:12:29:25 +0100] "GET /mobile-css/1024.css HTTP/1.1" 200 346 "http://imgame1.cf.ac.uk/sf_260_11_1_46" "Mozilla/5.0 (Windows NT 6.3; WOW64) AppleWebKit/537.36 (KHTML, like Gecko) Chrome/50.0.2661.87 Safari/537.36"
