84.0.35.194 - - [24/Apr/2016:11:41:38 +0100] "GET /css/481-1023.css HTTP/1.1" 200 1716 "http://imgame1.cf.ac.uk/s4_260_1_63" "Mozilla/5.0 (Windows NT 6.1; WOW64) AppleWebKit/537.36 (KHTML, like Gecko) Chrome/48.0.2564.116 Safari/537.36"
84.0.35.194 - - [24/Apr/2016:11:41:38 +0100] "GET /jquery-ui-1.11.1/jquery-ui.min.js HTTP/1.1" 200 238314 "http://imgame1.cf.ac.uk/s4_260_1_63" "Mozilla/5.0 (Windows NT 6.1; WOW64) AppleWebKit/537.36 (KHTML, like Gecko) Chrome/48.0.2564.116 Safari/537.36"
84.0.35.194 - - [24/Apr/2016:11:41:38 +0100] "GET /images/tabNumberOne.gif HTTP/1.1" 200 402 "http://imgame1.cf.ac.uk/css/basic.css" "Mozilla/5.0 (Windows NT 6.1; WOW64) AppleWebKit/537.36 (KHTML, like Gecko) Chrome/48.0.2564.116 Safari/537.36"
84.0.35.194 - - [24/Apr/2016:11:41:38 +0100] "GET /webServices/step4/step4RunController.php?permissions=255&exptId=260&jType=1&s4jNo=63&messageType=step4RunConnect&content%5B0%5D= HTTP/1.1" 200 2139 "http://imgame1.cf.ac.uk/s4_260_1_63" "Mozilla/5.0 (Windows NT 6.1; WOW64) AppleWebKit/537.36 (KHTML, like Gecko) Chrome/48.0.2564.116 Safari/537.36"
84.0.35.194 - - [24/Apr/2016:11:41:38 +0100] "GET /favicon.ico HTTP/1.1" 200 1150 "http://imgame1.cf.ac.uk/s4_260_1_63" "Mozilla/5.0 (Windows NT 6.1; WOW64) AppleWebKit/537.36 (KHTML, like Gecko) Chrome/48.0.2564.116 Safari/537.36"
84.0.35.194 - - [24/Apr/2016:11:41:38 +0100] "GET /webServices/step4/step4RunController.php?permissions=255&exptId=260&jType=1&s4jNo=63&messageType=ratingParams&content%5B0%5D= HTTP/1.1" 200 460 "http://imgame1.cf.ac.uk/s4_260_1_63" "Mozilla/5.0 (Windows NT 6.1; WOW64) AppleWebKit/537.36 (KHTML, like Gecko) Chrome/48.0.2564.116 Safari/537.36"
84.0.35.194 - - [24/Apr/2016:11:41:38 +0100] "GET /webServices/step4/step4RunController.php?permissions=255&exptId=260&jType=1&s4jNo=63&messageType=startPage&content%5B0%5D= HTTP/1.1" 200 60 "http://imgame1.cf.ac.uk/s4_260_1_63" "Mozilla/5.0 (Windows NT 6.1; WOW64) AppleWebKit/537.36 (KHTML, like Gecko) Chrome/48.0.2564.116 Safari/537.36"
::1 - - [24/Apr/2016:11:41:56 +0100] "OPTIONS * HTTP/1.0" 200 - "-" "Apache (internal dummy connection)"
::1 - - [24/Apr/2016:11:41:57 +0100] "OPTIONS * HTTP/1.0" 200 - "-" "Apache (internal dummy connection)"
::1 - - [24/Apr/2016:11:41:58 +0100] "OPTIONS * HTTP/1.0" 200 - "-" "Apache (internal dummy connection)"
::1 - - [24/Apr/2016:11:41:59 +0100] "OPTIONS * HTTP/1.0" 200 - "-" "Apache (internal dummy connection)"
::1 - - [24/Apr/2016:11:42:00 +0100] "OPTIONS * HTTP/1.0" 200 - "-" "Apache (internal dummy connection)"
84.0.35.194 - - [24/Apr/2016:11:42:04 +0100] "GET /webServices/step4/step4RunController.php?permissions=255&exptId=260&jType=1&s4jNo=63&messageType=nextPage&content%5B0%5D= HTTP/1.1" 200 6321 "http://imgame1.cf.ac.uk/s4_260_1_63" "Mozilla/5.0 (Windows NT 6.1; WOW64) AppleWebKit/537.36 (KHTML, like Gecko) Chrome/48.0.2564.116 Safari/537.36"
84.0.35.194 - - [24/Apr/2016:11:42:05 +0100] "GET /images/slideBar.gif HTTP/1.1" 200 428 "http://imgame1.cf.ac.uk/css/basic.css" "Mozilla/5.0 (Windows NT 6.1; WOW64) AppleWebKit/537.36 (KHTML, like Gecko) Chrome/48.0.2564.116 Safari/537.36"
84.0.35.194 - - [24/Apr/2016:11:42:05 +0100] "GET /images/slidePointer.png HTTP/1.1" 200 1032 "http://imgame1.cf.ac.uk/css/basic.css" "Mozilla/5.0 (Windows NT 6.1; WOW64) AppleWebKit/537.36 (KHTML, like Gecko) Chrome/48.0.2564.116 Safari/537.36"
84.0.35.194 - - [24/Apr/2016:11:42:05 +0100] "GET /images/tabStatusYourTurn.png HTTP/1.1" 200 324 "http://imgame1.cf.ac.uk/css/basic.css" "Mozilla/5.0 (Windows NT 6.1; WOW64) AppleWebKit/537.36 (KHTML, like Gecko) Chrome/48.0.2564.116 Safari/537.36"
84.0.35.194 - - [24/Apr/2016:11:42:05 +0100] "GET /images/judgementBubbleTip.gif HTTP/1.1" 200 3229 "http://imgame1.cf.ac.uk/css/basic.css" "Mozilla/5.0 (Windows NT 6.1; WOW64) AppleWebKit/537.36 (KHTML, like Gecko) Chrome/48.0.2564.116 Safari/537.36"
84.0.35.194 - - [24/Apr/2016:11:42:05 +0100] "GET /images/judgementBubble.gif HTTP/1.1" 200 14504 "http://imgame1.cf.ac.uk/css/basic.css" "Mozilla/5.0 (Windows NT 6.1; WOW64) AppleWebKit/537.36 (KHTML, like Gecko) Chrome/48.0.2564.116 Safari/537.36"
84.0.35.194 - - [24/Apr/2016:11:42:05 +0100] "GET /images/slideInterval.gif HTTP/1.1" 200 308 "http://imgame1.cf.ac.uk/css/basic.css" "Mozilla/5.0 (Windows NT 6.1; WOW64) AppleWebKit/537.36 (KHTML, like Gecko) Chrome/48.0.2564.116 Safari/537.36"
66.249.81.198 - - [24/Apr/2016:11:42:47 +0100] "POST /webServices/forms/storeStepFormResponses.php HTTP/1.1" 200 92 "http://imgame1.cf.ac.uk/sf_260_11_1_36" "Mozilla/5.0 (Windows NT 10.0; WOW64) AppleWebKit/537.36 (KHTML, like Gecko) Chrome/49.0.2623.112 Safari/537.36"
89.135.196.179 - - [24/Apr/2016:11:43:21 +0100] "GET /webServices/step4/step4RunController.php?permissions=255&exptId=260&jType=1&s4jNo=66&messageType=step4storeRating&content%5B0%5D=&content%5B1%5D=haveResponse&content%5B2%5D=0&content%5B3%5D=interval3&content%5B4%5D=&content%5B5%5D=1&content%5B6%5D=2&content%5B7%5D=12&content%5B8%5D=6&content%5B9%5D=-1&content%5B11%5D=&content%5B12%5D=&content%5B13%5D=&content%5B14%5D=6 HTTP/1.1" 200 2990 "http://imgame1.cf.ac.uk/s4_260_1_66" "Mozilla/5.0 (Windows NT 10.0; WOW64; rv:45.0) Gecko/20100101 Firefox/45.0"
89.134.210.227 - - [24/Apr/2016:11:43:26 +0100] "GET /webServices/step4/step4RunController.php?permissions=255&exptId=260&jType=1&s4jNo=55&messageType=step4storeRating&content%5B0%5D=&content%5B1%5D=haveResponse&content%5B2%5D=0&content%5B3%5D=interval4&content%5B4%5D=B%C3%A1r+szerintem+a+sz%C3%ADnlel%C5%91+is+eg%C3%A9sz+j%C3%B3+v%C3%A1laszokat+adott%2C+sz%C3%A1momra+egy%C3%A9rtelm%C5%B1%2C+hogy+a+m%C3%A1sodik+j%C3%A1t%C3%A9kos+a+velem+azonos+nem%C5%B1%3A+az+els%C5%91+%C3%A9s+negyedik+k%C3%A9rd%C3%A9sekre+adott+v%C3%A1laszok+r%C3%B6videk%2C+de+m%C3%A9gis+l%C3%A9nyegret%C3%B6r%C5%91ek.+Ugyanakkor+a+foglalkoz%C3%A1sra+%C3%A9s+edz%C3%A9sre+vonatkoz%C3%B3+v%C3%A1laszok+is+el%C3%A9g+%C3%A1rulkod%C3%B3ak+sz%C3%A1momra.&content%5B5%5D=0&content%5B6%5D=2&content%5B7%5D=2&content%5B8%5D=15&content%5B9%5D=-1&content%5B11%5D=&content%5B12%5D=&content%5B13%5D=&content%5B14%5D=7 HTTP/1.1" 200 5401 "http://imgame1.cf.ac.uk/s4_260_1_55" "Mozilla/5.0 (Windows NT 6.3; WOW64) AppleWebKit/537.36 (KHTML, like Gecko) Chrome/49.0.2623.112 Safari/537.36"
66.249.81.204 - - [24/Apr/2016:11:43:30 +0100] "GET /sf_260_11_1_36 HTTP/1.1" 200 13414 "-" "Mozilla/5.0 (Windows NT 10.0; WOW64) AppleWebKit/537.36 (KHTML, like Gecko) Chrome/49.0.2623.112 Safari/537.36"
66.249.81.201 - - [24/Apr/2016:11:43:31 +0100] "GET /webServices/forms/stepFormRuntimeController.php?permissions=255&messageType=formSettings&exptId=260&formType=11&jType=1 HTTP/1.1" 200 388 "http://imgame1.cf.ac.uk/sf_260_11_1_36" "Mozilla/5.0 (Windows NT 10.0; WOW64) AppleWebKit/537.36 (KHTML, like Gecko) Chrome/49.0.2623.112 Safari/537.36"
66.249.81.204 - - [24/Apr/2016:11:43:31 +0100] "GET /webServices/admin/getStepFormAsJSON.php?permissions=255&exptId=260&formType=11&jType=1 HTTP/1.1" 200 45919 "http://imgame1.cf.ac.uk/sf_260_11_1_36" "Mozilla/5.0 (Windows NT 10.0; WOW64) AppleWebKit/537.36 (KHTML, like Gecko) Chrome/49.0.2623.112 Safari/537.36"
188.143.2.254 - - [24/Apr/2016:11:43:56 +0100] "GET /webServices/step4/step4RunController.php?permissions=255&exptId=260&jType=1&s4jNo=47&messageType=step4storeRating&content%5B0%5D=&content%5B1%5D=haveResponse&content%5B2%5D=1&content%5B3%5D=interval4&content%5B4%5D=keskeny+der%C3%A9k+sz%C3%B3t+szerintem+a+f%C3%A9rfiak+nem+haszn%C3%A1lj%C3%A1k%2C+illetve+megint+az+a+sztereot%C3%ADpia%2C+hogy+a+f%C3%A9rfiak+mindig+mindenhol+szexelni+akarnak.&content%5B5%5D=1&content%5B6%5D=1&content%5B7%5D=8&content%5B8%5D=4&content%5B9%5D=-1&content%5B11%5D=&content%5B12%5D=&content%5B13%5D=&content%5B14%5D=1 HTTP/1.1" 200 2936 "http://imgame1.cf.ac.uk/s4_260_1_47" "Mozilla/5.0 (Windows NT 10.0; WOW64) AppleWebKit/537.36 (KHTML, like Gecko) Chrome/49.0.2623.112 Safari/537.36"
89.134.200.214 - - [24/Apr/2016:11:44:37 +0100] "GET /s4_260_0_63 HTTP/1.1" 200 2465 "http://web-026.citromail.hu/index.php" "Mozilla/5.0 (Windows NT 10.0; WOW64) AppleWebKit/537.36 (KHTML, like Gecko) Chrome/49.0.2623.112 Safari/537.36"
89.134.200.214 - - [24/Apr/2016:11:44:37 +0100] "GET /css/1024.css HTTP/1.1" 200 1308 "http://imgame1.cf.ac.uk/s4_260_0_63" "Mozilla/5.0 (Windows NT 10.0; WOW64) AppleWebKit/537.36 (KHTML, like Gecko) Chrome/49.0.2623.112 Safari/537.36"
89.134.200.214 - - [24/Apr/2016:11:44:37 +0100] "GET /css/basic.css HTTP/1.1" 200 56434 "http://imgame1.cf.ac.uk/s4_260_0_63" "Mozilla/5.0 (Windows NT 10.0; WOW64) AppleWebKit/537.36 (KHTML, like Gecko) Chrome/49.0.2623.112 Safari/537.36"
89.134.200.214 - - [24/Apr/2016:11:44:37 +0100] "GET /js/step4/step4RunController.js HTTP/1.1" 200 23185 "http://imgame1.cf.ac.uk/s4_260_0_63" "Mozilla/5.0 (Windows NT 10.0; WOW64) AppleWebKit/537.36 (KHTML, like Gecko) Chrome/49.0.2623.112 Safari/537.36"
89.134.200.214 - - [24/Apr/2016:11:44:37 +0100] "GET /css/0-479.css HTTP/1.1" 200 1290 "http://imgame1.cf.ac.uk/s4_260_0_63" "Mozilla/5.0 (Windows NT 10.0; WOW64) AppleWebKit/537.36 (KHTML, like Gecko) Chrome/49.0.2623.112 Safari/537.36"
89.134.200.214 - - [24/Apr/2016:11:44:37 +0100] "GET /css/480.css HTTP/1.1" 200 1750 "http://imgame1.cf.ac.uk/s4_260_0_63" "Mozilla/5.0 (Windows NT 10.0; WOW64) AppleWebKit/537.36 (KHTML, like Gecko) Chrome/49.0.2623.112 Safari/537.36"
89.134.200.214 - - [24/Apr/2016:11:44:37 +0100] "GET /jquery/jquery-2.1.3.min.js HTTP/1.1" 200 84320 "http://imgame1.cf.ac.uk/s4_260_0_63" "Mozilla/5.0 (Windows NT 10.0; WOW64) AppleWebKit/537.36 (KHTML, like Gecko) Chrome/49.0.2623.112 Safari/537.36"
89.134.200.214 - - [24/Apr/2016:11:44:37 +0100] "GET /css/481-1023.css HTTP/1.1" 200 1716 "http://imgame1.cf.ac.uk/s4_260_0_63" "Mozilla/5.0 (Windows NT 10.0; WOW64) AppleWebKit/537.36 (KHTML, like Gecko) Chrome/49.0.2623.112 Safari/537.36"
89.134.200.214 - - [24/Apr/2016:11:44:37 +0100] "GET /images/tabNumberOne.gif HTTP/1.1" 200 402 "http://imgame1.cf.ac.uk/css/basic.css" "Mozilla/5.0 (Windows NT 10.0; WOW64) AppleWebKit/537.36 (KHTML, like Gecko) Chrome/49.0.2623.112 Safari/537.36"
89.134.200.214 - - [24/Apr/2016:11:44:37 +0100] "GET /jquery-ui-1.11.1/jquery-ui.min.js HTTP/1.1" 200 238314 "http://imgame1.cf.ac.uk/s4_260_0_63" "Mozilla/5.0 (Windows NT 10.0; WOW64) AppleWebKit/537.36 (KHTML, like Gecko) Chrome/49.0.2623.112 Safari/537.36"
89.134.200.214 - - [24/Apr/2016:11:44:38 +0100] "GET /webServices/step4/step4RunController.php?permissions=255&exptId=260&jType=0&s4jNo=63&messageType=step4RunConnect&content%5B0%5D= HTTP/1.1" 200 2139 "http://imgame1.cf.ac.uk/s4_260_0_63" "Mozilla/5.0 (Windows NT 10.0; WOW64) AppleWebKit/537.36 (KHTML, like Gecko) Chrome/49.0.2623.112 Safari/537.36"
89.134.200.214 - - [24/Apr/2016:11:44:38 +0100] "GET /favicon.ico HTTP/1.1" 200 1150 "http://imgame1.cf.ac.uk/s4_260_0_63" "Mozilla/5.0 (Windows NT 10.0; WOW64) AppleWebKit/537.36 (KHTML, like Gecko) Chrome/49.0.2623.112 Safari/537.36"
89.134.200.214 - - [24/Apr/2016:11:44:38 +0100] "GET /webServices/step4/step4RunController.php?permissions=255&exptId=260&jType=0&s4jNo=63&messageType=ratingParams&content%5B0%5D= HTTP/1.1" 200 460 "http://imgame1.cf.ac.uk/s4_260_0_63" "Mozilla/5.0 (Windows NT 10.0; WOW64) AppleWebKit/537.36 (KHTML, like Gecko) Chrome/49.0.2623.112 Safari/537.36"
89.134.200.214 - - [24/Apr/2016:11:44:38 +0100] "GET /webServices/step4/step4RunController.php?permissions=255&exptId=260&jType=0&s4jNo=63&messageType=startPage&content%5B0%5D= HTTP/1.1" 200 60 "http://imgame1.cf.ac.uk/s4_260_0_63" "Mozilla/5.0 (Windows NT 10.0; WOW64) AppleWebKit/537.36 (KHTML, like Gecko) Chrome/49.0.2623.112 Safari/537.36"
148.81.190.226 - - [24/Apr/2016:11:45:27 +0100] "GET /webServices/step2/step2RunController.php?permissions=255&messageType=storeStep2reply&exptId=332&jType=0&content%5B0%5D=0&content%5B1%5D=W%2520gimnazjum.&content%5B2%5D=1&content%5B3%5D=10345&content%5B4%5D=0&content%5B5%5D=-1&content%5B6%5D= HTTP/1.1" 200 217 "http://imgame1.cf.ac.uk/s2_332_0" "Mozilla/5.0 (Windows NT 5.1) AppleWebKit/537.36 (KHTML, like Gecko) Chrome/43.0.2357.124 Safari/537.36"
94.247.95.103 - - [24/Apr/2016:11:45:51 +0100] "GET /s4_260_0_64 HTTP/1.1" 200 2465 "-" "Mozilla/5.0 (Windows NT 6.1; WOW64; rv:45.0) Gecko/20100101 Firefox/45.0"
94.247.95.103 - - [24/Apr/2016:11:45:52 +0100] "GET /css/0-479.css HTTP/1.1" 200 1290 "http://imgame1.cf.ac.uk/s4_260_0_64" "Mozilla/5.0 (Windows NT 6.1; WOW64; rv:45.0) Gecko/20100101 Firefox/45.0"
94.247.95.103 - - [24/Apr/2016:11:45:52 +0100] "GET /css/basic.css HTTP/1.1" 200 56434 "http://imgame1.cf.ac.uk/s4_260_0_64" "Mozilla/5.0 (Windows NT 6.1; WOW64; rv:45.0) Gecko/20100101 Firefox/45.0"
94.247.95.103 - - [24/Apr/2016:11:45:52 +0100] "GET /css/480.css HTTP/1.1" 200 1750 "http://imgame1.cf.ac.uk/s4_260_0_64" "Mozilla/5.0 (Windows NT 6.1; WOW64; rv:45.0) Gecko/20100101 Firefox/45.0"
94.247.95.103 - - [24/Apr/2016:11:45:52 +0100] "GET /css/481-1023.css HTTP/1.1" 200 1716 "http://imgame1.cf.ac.uk/s4_260_0_64" "Mozilla/5.0 (Windows NT 6.1; WOW64; rv:45.0) Gecko/20100101 Firefox/45.0"
94.247.95.103 - - [24/Apr/2016:11:45:52 +0100] "GET /css/1024.css HTTP/1.1" 200 1308 "http://imgame1.cf.ac.uk/s4_260_0_64" "Mozilla/5.0 (Windows NT 6.1; WOW64; rv:45.0) Gecko/20100101 Firefox/45.0"
94.247.95.103 - - [24/Apr/2016:11:45:52 +0100] "GET /js/step4/step4RunController.js HTTP/1.1" 200 23185 "http://imgame1.cf.ac.uk/s4_260_0_64" "Mozilla/5.0 (Windows NT 6.1; WOW64; rv:45.0) Gecko/20100101 Firefox/45.0"
94.247.95.103 - - [24/Apr/2016:11:45:52 +0100] "GET /jquery/jquery-2.1.3.min.js HTTP/1.1" 200 84320 "http://imgame1.cf.ac.uk/s4_260_0_64" "Mozilla/5.0 (Windows NT 6.1; WOW64; rv:45.0) Gecko/20100101 Firefox/45.0"
94.247.95.103 - - [24/Apr/2016:11:45:52 +0100] "GET /images/tabNumberOne.gif HTTP/1.1" 200 402 "http://imgame1.cf.ac.uk/css/basic.css" "Mozilla/5.0 (Windows NT 6.1; WOW64; rv:45.0) Gecko/20100101 Firefox/45.0"
94.247.95.103 - - [24/Apr/2016:11:45:52 +0100] "GET /jquery-ui-1.11.1/jquery-ui.min.js HTTP/1.1" 200 238314 "http://imgame1.cf.ac.uk/s4_260_0_64" "Mozilla/5.0 (Windows NT 6.1; WOW64; rv:45.0) Gecko/20100101 Firefox/45.0"
94.247.95.103 - - [24/Apr/2016:11:45:53 +0100] "GET /favicon.ico HTTP/1.1" 200 1150 "-" "Mozilla/5.0 (Windows NT 6.1; WOW64; rv:45.0) Gecko/20100101 Firefox/45.0"
94.247.95.103 - - [24/Apr/2016:11:45:53 +0100] "GET /webServices/step4/step4RunController.php?permissions=255&exptId=260&jType=0&s4jNo=64&messageType=step4RunConnect&content%5B0%5D= HTTP/1.1" 200 2139 "http://imgame1.cf.ac.uk/s4_260_0_64" "Mozilla/5.0 (Windows NT 6.1; WOW64; rv:45.0) Gecko/20100101 Firefox/45.0"
94.247.95.103 - - [24/Apr/2016:11:45:53 +0100] "GET /webServices/step4/step4RunController.php?permissions=255&exptId=260&jType=0&s4jNo=64&messageType=ratingParams&content%5B0%5D= HTTP/1.1" 200 460 "http://imgame1.cf.ac.uk/s4_260_0_64" "Mozilla/5.0 (Windows NT 6.1; WOW64; rv:45.0) Gecko/20100101 Firefox/45.0"
94.247.95.103 - - [24/Apr/2016:11:45:53 +0100] "GET /webServices/step4/step4RunController.php?permissions=255&exptId=260&jType=0&s4jNo=64&messageType=startPage&content%5B0%5D= HTTP/1.1" 200 60 "http://imgame1.cf.ac.uk/s4_260_0_64" "Mozilla/5.0 (Windows NT 6.1; WOW64; rv:45.0) Gecko/20100101 Firefox/45.0"
87.229.38.124 - - [24/Apr/2016:11:46:05 +0100] "GET /s4_260_1_46 HTTP/1.1" 200 2465 "-" "Mozilla/5.0 (Windows NT 6.3; WOW64) AppleWebKit/537.36 (KHTML, like Gecko) Chrome/50.0.2661.87 Safari/537.36"
87.229.38.124 - - [24/Apr/2016:11:46:05 +0100] "GET /css/1024.css HTTP/1.1" 200 1308 "http://imgame1.cf.ac.uk/s4_260_1_46" "Mozilla/5.0 (Windows NT 6.3; WOW64) AppleWebKit/537.36 (KHTML, like Gecko) Chrome/50.0.2661.87 Safari/537.36"
87.229.38.124 - - [24/Apr/2016:11:46:05 +0100] "GET /css/basic.css HTTP/1.1" 200 56434 "http://imgame1.cf.ac.uk/s4_260_1_46" "Mozilla/5.0 (Windows NT 6.3; WOW64) AppleWebKit/537.36 (KHTML, like Gecko) Chrome/50.0.2661.87 Safari/537.36"
87.229.38.124 - - [24/Apr/2016:11:46:05 +0100] "GET /css/0-479.css HTTP/1.1" 200 1290 "http://imgame1.cf.ac.uk/s4_260_1_46" "Mozilla/5.0 (Windows NT 6.3; WOW64) AppleWebKit/537.36 (KHTML, like Gecko) Chrome/50.0.2661.87 Safari/537.36"
87.229.38.124 - - [24/Apr/2016:11:46:05 +0100] "GET /js/step4/step4RunController.js HTTP/1.1" 200 23185 "http://imgame1.cf.ac.uk/s4_260_1_46" "Mozilla/5.0 (Windows NT 6.3; WOW64) AppleWebKit/537.36 (KHTML, like Gecko) Chrome/50.0.2661.87 Safari/537.36"
87.229.38.124 - - [24/Apr/2016:11:46:05 +0100] "GET /css/480.css HTTP/1.1" 200 1750 "http://imgame1.cf.ac.uk/s4_260_1_46" "Mozilla/5.0 (Windows NT 6.3; WOW64) AppleWebKit/537.36 (KHTML, like Gecko) Chrome/50.0.2661.87 Safari/537.36"
87.229.38.124 - - [24/Apr/2016:11:46:05 +0100] "GET /css/481-1023.css HTTP/1.1" 200 1716 "http://imgame1.cf.ac.uk/s4_260_1_46" "Mozilla/5.0 (Windows NT 6.3; WOW64) AppleWebKit/537.36 (KHTML, like Gecko) Chrome/50.0.2661.87 Safari/537.36"
87.229.38.124 - - [24/Apr/2016:11:46:05 +0100] "GET /images/tabNumberOne.gif HTTP/1.1" 200 402 "http://imgame1.cf.ac.uk/css/basic.css" "Mozilla/5.0 (Windows NT 6.3; WOW64) AppleWebKit/537.36 (KHTML, like Gecko) Chrome/50.0.2661.87 Safari/537.36"
87.229.38.124 - - [24/Apr/2016:11:46:05 +0100] "GET /jquery/jquery-2.1.3.min.js HTTP/1.1" 200 84320 "http://imgame1.cf.ac.uk/s4_260_1_46" "Mozilla/5.0 (Windows NT 6.3; WOW64) AppleWebKit/537.36 (KHTML, like Gecko) Chrome/50.0.2661.87 Safari/537.36"
87.229.38.124 - - [24/Apr/2016:11:46:05 +0100] "GET /jquery-ui-1.11.1/jquery-ui.min.js HTTP/1.1" 200 238314 "http://imgame1.cf.ac.uk/s4_260_1_46" "Mozilla/5.0 (Windows NT 6.3; WOW64) AppleWebKit/537.36 (KHTML, like Gecko) Chrome/50.0.2661.87 Safari/537.36"
87.229.38.124 - - [24/Apr/2016:11:46:06 +0100] "GET /favicon.ico HTTP/1.1" 200 1150 "http://imgame1.cf.ac.uk/s4_260_1_46" "Mozilla/5.0 (Windows NT 6.3; WOW64) AppleWebKit/537.36 (KHTML, like Gecko) Chrome/50.0.2661.87 Safari/537.36"
87.229.38.124 - - [24/Apr/2016:11:46:06 +0100] "GET /webServices/step4/step4RunController.php?permissions=255&exptId=260&jType=1&s4jNo=46&messageType=step4RunConnect&content%5B0%5D= HTTP/1.1" 200 2139 "http://imgame1.cf.ac.uk/s4_260_1_46" "Mozilla/5.0 (Windows NT 6.3; WOW64) AppleWebKit/537.36 (KHTML, like Gecko) Chrome/50.0.2661.87 Safari/537.36"
87.229.38.124 - - [24/Apr/2016:11:46:06 +0100] "GET /webServices/step4/step4RunController.php?permissions=255&exptId=260&jType=1&s4jNo=46&messageType=ratingParams&content%5B0%5D= HTTP/1.1" 200 460 "http://imgame1.cf.ac.uk/s4_260_1_46" "Mozilla/5.0 (Windows NT 6.3; WOW64) AppleWebKit/537.36 (KHTML, like Gecko) Chrome/50.0.2661.87 Safari/537.36"
87.229.38.124 - - [24/Apr/2016:11:46:06 +0100] "GET /webServices/step4/step4RunController.php?permissions=255&exptId=260&jType=1&s4jNo=46&messageType=startPage&content%5B0%5D= HTTP/1.1" 200 60 "http://imgame1.cf.ac.uk/s4_260_1_46" "Mozilla/5.0 (Windows NT 6.3; WOW64) AppleWebKit/537.36 (KHTML, like Gecko) Chrome/50.0.2661.87 Safari/537.36"
188.143.2.254 - - [24/Apr/2016:11:46:15 +0100] "GET /webServices/step4/step4RunController.php?permissions=255&exptId=260&jType=1&s4jNo=47&messageType=step4storeRating&content%5B0%5D=&content%5B1%5D=haveResponse&content%5B2%5D=1&content%5B3%5D=interval4&content%5B4%5D=Nem+besz%C3%A9lnek+mindig+a+f%C3%A9rfiak+a+bar%C3%A1tn%C5%91j%C3%BCkr%C5%91l.++Illetve+az+a+t%C3%A9ny+sem+igaz+h+nem+szeretnek+v%C3%A1s%C3%A1rolni+egy%C3%A1ltal%C3%A1n.&content%5B5%5D=1&content%5B6%5D=2&content%5B7%5D=11&content%5B8%5D=4&content%5B9%5D=-1&content%5B11%5D=&content%5B12%5D=&content%5B13%5D=&content%5B14%5D=5 HTTP/1.1" 200 3699 "http://imgame1.cf.ac.uk/s4_260_1_47" "Mozilla/5.0 (Windows NT 10.0; WOW64) AppleWebKit/537.36 (KHTML, like Gecko) Chrome/49.0.2623.112 Safari/537.36"
87.229.38.124 - - [24/Apr/2016:11:46:16 +0100] "GET /webServices/step4/step4RunController.php?permissions=255&exptId=260&jType=1&s4jNo=46&messageType=nextPage&content%5B0%5D= HTTP/1.1" 200 5349 "http://imgame1.cf.ac.uk/s4_260_1_46" "Mozilla/5.0 (Windows NT 6.3; WOW64) AppleWebKit/537.36 (KHTML, like Gecko) Chrome/50.0.2661.87 Safari/537.36"
87.229.38.124 - - [24/Apr/2016:11:46:16 +0100] "GET /images/slideBar.gif HTTP/1.1" 200 428 "http://imgame1.cf.ac.uk/css/basic.css" "Mozilla/5.0 (Windows NT 6.3; WOW64) AppleWebKit/537.36 (KHTML, like Gecko) Chrome/50.0.2661.87 Safari/537.36"
87.229.38.124 - - [24/Apr/2016:11:46:16 +0100] "GET /images/slidePointer.png HTTP/1.1" 200 1032 "http://imgame1.cf.ac.uk/css/basic.css" "Mozilla/5.0 (Windows NT 6.3; WOW64) AppleWebKit/537.36 (KHTML, like Gecko) Chrome/50.0.2661.87 Safari/537.36"
87.229.38.124 - - [24/Apr/2016:11:46:16 +0100] "GET /images/judgementBubble.gif HTTP/1.1" 200 14504 "http://imgame1.cf.ac.uk/css/basic.css" "Mozilla/5.0 (Windows NT 6.3; WOW64) AppleWebKit/537.36 (KHTML, like Gecko) Chrome/50.0.2661.87 Safari/537.36"
87.229.38.124 - - [24/Apr/2016:11:46:16 +0100] "GET /images/tabStatusYourTurn.png HTTP/1.1" 200 324 "http://imgame1.cf.ac.uk/css/basic.css" "Mozilla/5.0 (Windows NT 6.3; WOW64) AppleWebKit/537.36 (KHTML, like Gecko) Chrome/50.0.2661.87 Safari/537.36"
87.229.38.124 - - [24/Apr/2016:11:46:16 +0100] "GET /images/judgementBubbleTip.gif HTTP/1.1" 200 3229 "http://imgame1.cf.ac.uk/css/basic.css" "Mozilla/5.0 (Windows NT 6.3; WOW64) AppleWebKit/537.36 (KHTML, like Gecko) Chrome/50.0.2661.87 Safari/537.36"
87.229.38.124 - - [24/Apr/2016:11:46:16 +0100] "GET /images/slideInterval.gif HTTP/1.1" 200 308 "http://imgame1.cf.ac.uk/css/basic.css" "Mozilla/5.0 (Windows NT 6.3; WOW64) AppleWebKit/537.36 (KHTML, like Gecko) Chrome/50.0.2661.87 Safari/537.36"
148.81.190.226 - - [24/Apr/2016:11:46:26 +0100] "GET /webServices/step2/step2RunController.php?permissions=255&messageType=storeStep2reply&exptId=332&jType=0&content%5B0%5D=1&content%5B1%5D=Jestem%2520do%25C5%259B%25C4%2587%2520nie%25C5%259Bmia%25C5%2582y.%2520Nigdy%2520nie%2520mia%25C5%2582em%2520tak%2520bliskich%2520kontakt%25C3%25B3w%2520seksualnych.&content%5B2%5D=1&content%5B3%5D=10345&content%5B4%5D=0&content%5B5%5D=-1&content%5B6%5D= HTTP/1.1" 200 183 "http://imgame1.cf.ac.uk/s2_332_0" "Mozilla/5.0 (Windows NT 5.1) AppleWebKit/537.36 (KHTML, like Gecko) Chrome/43.0.2357.124 Safari/537.36"
89.134.200.214 - - [24/Apr/2016:11:46:48 +0100] "GET /webServices/step4/step4RunController.php?permissions=255&exptId=260&jType=0&s4jNo=63&messageType=nextPage&content%5B0%5D= HTTP/1.1" 200 3947 "http://imgame1.cf.ac.uk/s4_260_0_63" "Mozilla/5.0 (Windows NT 10.0; WOW64) AppleWebKit/537.36 (KHTML, like Gecko) Chrome/49.0.2623.112 Safari/537.36"
89.134.200.214 - - [24/Apr/2016:11:46:48 +0100] "GET /images/slideBar.gif HTTP/1.1" 200 428 "http://imgame1.cf.ac.uk/css/basic.css" "Mozilla/5.0 (Windows NT 10.0; WOW64) AppleWebKit/537.36 (KHTML, like Gecko) Chrome/49.0.2623.112 Safari/537.36"
89.134.200.214 - - [24/Apr/2016:11:46:48 +0100] "GET /images/slidePointer.png HTTP/1.1" 200 1032 "http://imgame1.cf.ac.uk/css/basic.css" "Mozilla/5.0 (Windows NT 10.0; WOW64) AppleWebKit/537.36 (KHTML, like Gecko) Chrome/49.0.2623.112 Safari/537.36"
89.134.200.214 - - [24/Apr/2016:11:46:48 +0100] "GET /images/tabStatusYourTurn.png HTTP/1.1" 200 324 "http://imgame1.cf.ac.uk/css/basic.css" "Mozilla/5.0 (Windows NT 10.0; WOW64) AppleWebKit/537.36 (KHTML, like Gecko) Chrome/49.0.2623.112 Safari/537.36"
89.134.200.214 - - [24/Apr/2016:11:46:48 +0100] "GET /images/judgementBubble.gif HTTP/1.1" 200 14504 "http://imgame1.cf.ac.uk/css/basic.css" "Mozilla/5.0 (Windows NT 10.0; WOW64) AppleWebKit/537.36 (KHTML, like Gecko) Chrome/49.0.2623.112 Safari/537.36"
89.134.200.214 - - [24/Apr/2016:11:46:48 +0100] "GET /images/judgementBubbleTip.gif HTTP/1.1" 200 3229 "http://imgame1.cf.ac.uk/css/basic.css" "Mozilla/5.0 (Windows NT 10.0; WOW64) AppleWebKit/537.36 (KHTML, like Gecko) Chrome/49.0.2623.112 Safari/537.36"
89.134.200.214 - - [24/Apr/2016:11:46:48 +0100] "GET /images/slideInterval.gif HTTP/1.1" 200 308 "http://imgame1.cf.ac.uk/css/basic.css" "Mozilla/5.0 (Windows NT 10.0; WOW64) AppleWebKit/537.36 (KHTML, like Gecko) Chrome/49.0.2623.112 Safari/537.36"
148.81.190.226 - - [24/Apr/2016:11:47:38 +0100] "GET /webServices/step2/step2RunController.php?permissions=255&messageType=storeStep2reply&exptId=332&jType=0&content%5B0%5D=2&content%5B1%5D=Czasami%2520mam%2520wra%25C5%25BCenie%252C%2520%25C5%25BCe%2520udaj%25C4%2585%252C%2520%25C5%25BCe%2520wszystko%2520jest%2520OK.%2520Od%2520tych%2520najlepszych%2520znajomych%252C%2520gdy%2520si%25C4%2599%2520dowiedzieli%2520o%2520mojej%2520orientacji%252C%2520us%25C5%2582ysza%25C5%2582em%252C%2520%25C5%25BCe%2520ju%25C5%25BC%2520kiedy%25C5%259B%2520co%25C5%259B%2520podejrzewali.%2520&content%5B2%5D=1&content%5B3%5D=10345&content%5B4%5D=0&content%5B5%5D=-1&content%5B6%5D= HTTP/1.1" 200 165 "http://imgame1.cf.ac.uk/s2_332_0" "Mozilla/5.0 (Windows NT 5.1) AppleWebKit/537.36 (KHTML, like Gecko) Chrome/43.0.2357.124 Safari/537.36"
89.135.196.179 - - [24/Apr/2016:11:47:42 +0100] "GET /webServices/step4/step4RunController.php?permissions=255&exptId=260&jType=1&s4jNo=66&messageType=step4storeRating&content%5B0%5D=&content%5B1%5D=haveResponse&content%5B2%5D=1&content%5B3%5D=interval3&content%5B4%5D=&content%5B5%5D=1&content%5B6%5D=1&content%5B7%5D=13&content%5B8%5D=20&content%5B9%5D=-1&content%5B11%5D=&content%5B12%5D=&content%5B13%5D=&content%5B14%5D=14 HTTP/1.1" 200 3380 "http://imgame1.cf.ac.uk/s4_260_1_66" "Mozilla/5.0 (Windows NT 10.0; WOW64; rv:45.0) Gecko/20100101 Firefox/45.0"
148.81.190.226 - - [24/Apr/2016:11:47:59 +0100] "GET /webServices/step2/step2RunController.php?permissions=255&messageType=storeStep2reply&exptId=332&jType=0&content%5B0%5D=3&content%5B1%5D=Nie%252C%2520nie%2520u%25C5%25BCywa%25C5%2582em.&content%5B2%5D=1&content%5B3%5D=10345&content%5B4%5D=0&content%5B5%5D=-1&content%5B6%5D= HTTP/1.1" 200 170 "http://imgame1.cf.ac.uk/s2_332_0" "Mozilla/5.0 (Windows NT 5.1) AppleWebKit/537.36 (KHTML, like Gecko) Chrome/43.0.2357.124 Safari/537.36"
89.134.210.227 - - [24/Apr/2016:11:48:34 +0100] "GET /webServices/step4/step4RunController.php?permissions=255&exptId=260&jType=1&s4jNo=55&messageType=step4storeRating&content%5B0%5D=&content%5B1%5D=haveResponse&content%5B2%5D=1&content%5B3%5D=interval4&content%5B4%5D=Az+els%C5%91+k%C3%A9t+k%C3%A9rd%C3%A9sre+adott+v%C3%A1laszok+eg%C3%A9szen+megzavar%C3%B3ak+voltak%2C+de+azt%C3%A1n+k%C3%A9rd%C3%A9sr%C5%91l+k%C3%A9rd%C3%A9sre+egyre+egy%C3%A9rtelm%C5%B1bbe+v%C3%A1lt+a+d%C3%B6nt%C3%A9s.+A+bar%C3%A1ts%C3%A1gra+%C3%A9s+szerelemre+vonatkoz%C3%B3+v%C3%A1laszokn%C3%A1l+l%C3%A1tszik+az+igazi+k%C3%BCl%C3%B6nbs%C3%A9g.+A+sz%C3%ADnlel%C5%91+szerelemre+vonatkoz%C3%B3+v%C3%A1lasza+p%C3%A9ld%C3%A1ul+sz%C3%A1momra+m%C3%A1r+t%C3%BAls%C3%A1gosan+%22sz%C3%ADnlel%C3%A9snek%22+t%C5%B1nik.&content%5B5%5D=1&content%5B6%5D=1&content%5B7%5D=3&content%5B8%5D=18&content%5B9%5D=-1&content%5B11%5D=&content%5B12%5D=&content%5B13%5D=&content%5B14%5D=13 HTTP/1.1" 200 4293 "http://imgame1.cf.ac.uk/s4_260_1_55" "Mozilla/5.0 (Windows NT 6.3; WOW64) AppleWebKit/537.36 (KHTML, like Gecko) Chrome/49.0.2623.112 Safari/537.36"
148.81.190.226 - - [24/Apr/2016:11:49:08 +0100] "GET /webServices/step2/step2RunController.php?permissions=255&messageType=storeStep2reply&exptId=332&jType=0&content%5B0%5D=4&content%5B1%5D=Zdaj%25C4%2599%2520sobie%2520spraw%25C4%2599%252C%2520%25C5%25BCe%2520jestem%2520w%2520pewien%2520spos%25C3%25B3b%2520wyj%25C4%2585tkowy.%2520Staram%2520si%25C4%2599%2520na%2520to%2520nie%2520zwa%25C5%25BCa%25C4%2587.%2520Wszechobecna%2520akceptacja%2520nie%2520jest%2520mi%2520potrzebna.&content%5B2%5D=1&content%5B3%5D=10345&content%5B4%5D=0&content%5B5%5D=-1&content%5B6%5D= HTTP/1.1" 200 182 "http://imgame1.cf.ac.uk/s2_332_0" "Mozilla/5.0 (Windows NT 5.1) AppleWebKit/537.36 (KHTML, like Gecko) Chrome/43.0.2357.124 Safari/537.36"
188.6.69.248 - - [24/Apr/2016:11:49:27 +0100] "GET /s4_260_1_38 HTTP/1.1" 200 2465 "-" "Mozilla/5.0 (Windows NT 6.1; WOW64) AppleWebKit/537.36 (KHTML, like Gecko) Chrome/50.0.2661.87 Safari/537.36"
188.6.69.248 - - [24/Apr/2016:11:49:28 +0100] "GET /css/1024.css HTTP/1.1" 200 1308 "http://imgame1.cf.ac.uk/s4_260_1_38" "Mozilla/5.0 (Windows NT 6.1; WOW64) AppleWebKit/537.36 (KHTML, like Gecko) Chrome/50.0.2661.87 Safari/537.36"
188.6.69.248 - - [24/Apr/2016:11:49:28 +0100] "GET /css/basic.css HTTP/1.1" 200 56434 "http://imgame1.cf.ac.uk/s4_260_1_38" "Mozilla/5.0 (Windows NT 6.1; WOW64) AppleWebKit/537.36 (KHTML, like Gecko) Chrome/50.0.2661.87 Safari/537.36"
188.6.69.248 - - [24/Apr/2016:11:49:28 +0100] "GET /js/step4/step4RunController.js HTTP/1.1" 200 23185 "http://imgame1.cf.ac.uk/s4_260_1_38" "Mozilla/5.0 (Windows NT 6.1; WOW64) AppleWebKit/537.36 (KHTML, like Gecko) Chrome/50.0.2661.87 Safari/537.36"
188.6.69.248 - - [24/Apr/2016:11:49:28 +0100] "GET /jquery/jquery-2.1.3.min.js HTTP/1.1" 200 84320 "http://imgame1.cf.ac.uk/s4_260_1_38" "Mozilla/5.0 (Windows NT 6.1; WOW64) AppleWebKit/537.36 (KHTML, like Gecko) Chrome/50.0.2661.87 Safari/537.36"
188.6.69.248 - - [24/Apr/2016:11:49:28 +0100] "GET /css/0-479.css HTTP/1.1" 200 1290 "http://imgame1.cf.ac.uk/s4_260_1_38" "Mozilla/5.0 (Windows NT 6.1; WOW64) AppleWebKit/537.36 (KHTML, like Gecko) Chrome/50.0.2661.87 Safari/537.36"
188.6.69.248 - - [24/Apr/2016:11:49:28 +0100] "GET /css/480.css HTTP/1.1" 200 1750 "http://imgame1.cf.ac.uk/s4_260_1_38" "Mozilla/5.0 (Windows NT 6.1; WOW64) AppleWebKit/537.36 (KHTML, like Gecko) Chrome/50.0.2661.87 Safari/537.36"
188.6.69.248 - - [24/Apr/2016:11:49:28 +0100] "GET /css/481-1023.css HTTP/1.1" 200 1716 "http://imgame1.cf.ac.uk/s4_260_1_38" "Mozilla/5.0 (Windows NT 6.1; WOW64) AppleWebKit/537.36 (KHTML, like Gecko) Chrome/50.0.2661.87 Safari/537.36"
188.6.69.248 - - [24/Apr/2016:11:49:28 +0100] "GET /images/tabNumberOne.gif HTTP/1.1" 200 402 "http://imgame1.cf.ac.uk/css/basic.css" "Mozilla/5.0 (Windows NT 6.1; WOW64) AppleWebKit/537.36 (KHTML, like Gecko) Chrome/50.0.2661.87 Safari/537.36"
188.6.69.248 - - [24/Apr/2016:11:49:28 +0100] "GET /jquery-ui-1.11.1/jquery-ui.min.js HTTP/1.1" 200 238314 "http://imgame1.cf.ac.uk/s4_260_1_38" "Mozilla/5.0 (Windows NT 6.1; WOW64) AppleWebKit/537.36 (KHTML, like Gecko) Chrome/50.0.2661.87 Safari/537.36"
188.6.69.248 - - [24/Apr/2016:11:49:29 +0100] "GET /favicon.ico HTTP/1.1" 200 1150 "http://imgame1.cf.ac.uk/s4_260_1_38" "Mozilla/5.0 (Windows NT 6.1; WOW64) AppleWebKit/537.36 (KHTML, like Gecko) Chrome/50.0.2661.87 Safari/537.36"
188.6.69.248 - - [24/Apr/2016:11:49:29 +0100] "GET /webServices/step4/step4RunController.php?permissions=255&exptId=260&jType=1&s4jNo=38&messageType=step4RunConnect&content%5B0%5D= HTTP/1.1" 200 2139 "http://imgame1.cf.ac.uk/s4_260_1_38" "Mozilla/5.0 (Windows NT 6.1; WOW64) AppleWebKit/537.36 (KHTML, like Gecko) Chrome/50.0.2661.87 Safari/537.36"
188.6.69.248 - - [24/Apr/2016:11:49:29 +0100] "GET /webServices/step4/step4RunController.php?permissions=255&exptId=260&jType=1&s4jNo=38&messageType=ratingParams&content%5B0%5D= HTTP/1.1" 200 460 "http://imgame1.cf.ac.uk/s4_260_1_38" "Mozilla/5.0 (Windows NT 6.1; WOW64) AppleWebKit/537.36 (KHTML, like Gecko) Chrome/50.0.2661.87 Safari/537.36"
188.6.69.248 - - [24/Apr/2016:11:49:29 +0100] "GET /webServices/step4/step4RunController.php?permissions=255&exptId=260&jType=1&s4jNo=38&messageType=startPage&content%5B0%5D= HTTP/1.1" 200 60 "http://imgame1.cf.ac.uk/s4_260_1_38" "Mozilla/5.0 (Windows NT 6.1; WOW64) AppleWebKit/537.36 (KHTML, like Gecko) Chrome/50.0.2661.87 Safari/537.36"
188.6.69.248 - - [24/Apr/2016:11:49:32 +0100] "GET /webServices/step4/step4RunController.php?permissions=255&exptId=260&jType=1&s4jNo=38&messageType=nextPage&content%5B0%5D= HTTP/1.1" 200 3707 "http://imgame1.cf.ac.uk/s4_260_1_38" "Mozilla/5.0 (Windows NT 6.1; WOW64) AppleWebKit/537.36 (KHTML, like Gecko) Chrome/50.0.2661.87 Safari/537.36"
188.6.69.248 - - [24/Apr/2016:11:49:32 +0100] "GET /images/slideBar.gif HTTP/1.1" 200 428 "http://imgame1.cf.ac.uk/css/basic.css" "Mozilla/5.0 (Windows NT 6.1; WOW64) AppleWebKit/537.36 (KHTML, like Gecko) Chrome/50.0.2661.87 Safari/537.36"
188.6.69.248 - - [24/Apr/2016:11:49:32 +0100] "GET /images/slidePointer.png HTTP/1.1" 200 1032 "http://imgame1.cf.ac.uk/css/basic.css" "Mozilla/5.0 (Windows NT 6.1; WOW64) AppleWebKit/537.36 (KHTML, like Gecko) Chrome/50.0.2661.87 Safari/537.36"
188.6.69.248 - - [24/Apr/2016:11:49:32 +0100] "GET /images/tabStatusYourTurn.png HTTP/1.1" 200 324 "http://imgame1.cf.ac.uk/css/basic.css" "Mozilla/5.0 (Windows NT 6.1; WOW64) AppleWebKit/537.36 (KHTML, like Gecko) Chrome/50.0.2661.87 Safari/537.36"
188.6.69.248 - - [24/Apr/2016:11:49:32 +0100] "GET /images/judgementBubble.gif HTTP/1.1" 200 14504 "http://imgame1.cf.ac.uk/css/basic.css" "Mozilla/5.0 (Windows NT 6.1; WOW64) AppleWebKit/537.36 (KHTML, like Gecko) Chrome/50.0.2661.87 Safari/537.36"
188.6.69.248 - - [24/Apr/2016:11:49:32 +0100] "GET /images/judgementBubbleTip.gif HTTP/1.1" 200 3229 "http://imgame1.cf.ac.uk/css/basic.css" "Mozilla/5.0 (Windows NT 6.1; WOW64) AppleWebKit/537.36 (KHTML, like Gecko) Chrome/50.0.2661.87 Safari/537.36"
188.6.69.248 - - [24/Apr/2016:11:49:32 +0100] "GET /images/slideInterval.gif HTTP/1.1" 200 308 "http://imgame1.cf.ac.uk/css/basic.css" "Mozilla/5.0 (Windows NT 6.1; WOW64) AppleWebKit/537.36 (KHTML, like Gecko) Chrome/50.0.2661.87 Safari/537.36"
94.247.95.103 - - [24/Apr/2016:11:49:35 +0100] "GET /webServices/step4/step4RunController.php?permissions=255&exptId=260&jType=0&s4jNo=64&messageType=nextPage&content%5B0%5D= HTTP/1.1" 200 3830 "http://imgame1.cf.ac.uk/s4_260_0_64" "Mozilla/5.0 (Windows NT 6.1; WOW64; rv:45.0) Gecko/20100101 Firefox/45.0"
94.247.95.103 - - [24/Apr/2016:11:49:36 +0100] "GET /images/tabStatusYourTurn.png HTTP/1.1" 200 324 "http://imgame1.cf.ac.uk/css/basic.css" "Mozilla/5.0 (Windows NT 6.1; WOW64; rv:45.0) Gecko/20100101 Firefox/45.0"
94.247.95.103 - - [24/Apr/2016:11:49:36 +0100] "GET /images/judgementBubbleTip.gif HTTP/1.1" 200 3229 "http://imgame1.cf.ac.uk/css/basic.css" "Mozilla/5.0 (Windows NT 6.1; WOW64; rv:45.0) Gecko/20100101 Firefox/45.0"
94.247.95.103 - - [24/Apr/2016:11:49:36 +0100] "GET /images/judgementBubble.gif HTTP/1.1" 200 14504 "http://imgame1.cf.ac.uk/css/basic.css" "Mozilla/5.0 (Windows NT 6.1; WOW64; rv:45.0) Gecko/20100101 Firefox/45.0"
94.247.95.103 - - [24/Apr/2016:11:49:36 +0100] "GET /images/slideBar.gif HTTP/1.1" 200 428 "http://imgame1.cf.ac.uk/css/basic.css" "Mozilla/5.0 (Windows NT 6.1; WOW64; rv:45.0) Gecko/20100101 Firefox/45.0"
94.247.95.103 - - [24/Apr/2016:11:49:36 +0100] "GET /images/slidePointer.png HTTP/1.1" 200 1032 "http://imgame1.cf.ac.uk/css/basic.css" "Mozilla/5.0 (Windows NT 6.1; WOW64; rv:45.0) Gecko/20100101 Firefox/45.0"
94.247.95.103 - - [24/Apr/2016:11:49:36 +0100] "GET /images/slideInterval.gif HTTP/1.1" 200 308 "http://imgame1.cf.ac.uk/css/basic.css" "Mozilla/5.0 (Windows NT 6.1; WOW64; rv:45.0) Gecko/20100101 Firefox/45.0"
188.143.2.254 - - [24/Apr/2016:11:49:44 +0100] "GET /webServices/step4/step4RunController.php?permissions=255&exptId=260&jType=1&s4jNo=47&messageType=step4storeRating&content%5B0%5D=&content%5B1%5D=haveResponse&content%5B2%5D=0&content%5B3%5D=interval4&content%5B4%5D=A+v%C3%A1laszokat+%C5%91szint%C3%A9nek%2C+l%C3%A9nyegre-t%C3%B6r%C5%91nek+%C3%A9s+egyszer%C5%B1nek+%C3%A9rzem.+Ez%C3%A9rt+gondolom+hogy+a+kev%C3%A9sb%C3%A9+kifejtettek+a+nem+sz%C3%ADnlel%C5%91+v%C3%A1laszai&content%5B5%5D=0&content%5B6%5D=1&content%5B7%5D=12&content%5B8%5D=11&content%5B9%5D=-1&content%5B11%5D=&content%5B12%5D=&content%5B13%5D=&content%5B14%5D=15 HTTP/1.1" 200 2710 "http://imgame1.cf.ac.uk/s4_260_1_47" "Mozilla/5.0 (Windows NT 10.0; WOW64) AppleWebKit/537.36 (KHTML, like Gecko) Chrome/49.0.2623.112 Safari/537.36"
89.135.196.179 - - [24/Apr/2016:11:50:09 +0100] "GET /webServices/step4/step4RunController.php?permissions=255&exptId=260&jType=1&s4jNo=66&messageType=step4storeRating&content%5B0%5D=&content%5B1%5D=haveResponse&content%5B2%5D=0&content%5B3%5D=interval3&content%5B4%5D=A+m%C3%A1sodik+k%C3%A9rd%C3%A9sre+adott+v%C3%A1lasz+alapj%C3%A1n.+Lehet+csak+sztere%C3%B3pia%2C+de+a+f%C3%A9rfiak+jobban+%C3%A9rtenek+a+sportokhoz.&content%5B5%5D=1&content%5B6%5D=2&content%5B7%5D=17&content%5B8%5D=20&content%5B9%5D=-1&content%5B11%5D=&content%5B12%5D=&content%5B13%5D=&content%5B14%5D=10 HTTP/1.1" 200 2701 "http://imgame1.cf.ac.uk/s4_260_1_66" "Mozilla/5.0 (Windows NT 10.0; WOW64; rv:45.0) Gecko/20100101 Firefox/45.0"
89.135.196.179 - - [24/Apr/2016:11:51:04 +0100] "GET /webServices/step4/step4RunController.php?permissions=255&exptId=260&jType=1&s4jNo=66&messageType=step4storeRating&content%5B0%5D=&content%5B1%5D=haveResponse&content%5B2%5D=0&content%5B3%5D=interval3&content%5B4%5D=&content%5B5%5D=0&content%5B6%5D=1&content%5B7%5D=18&content%5B8%5D=11&content%5B9%5D=-1&content%5B11%5D=&content%5B12%5D=&content%5B13%5D=&content%5B14%5D=10 HTTP/1.1" 200 82 "http://imgame1.cf.ac.uk/s4_260_1_66" "Mozilla/5.0 (Windows NT 10.0; WOW64; rv:45.0) Gecko/20100101 Firefox/45.0"
89.135.196.179 - - [24/Apr/2016:11:51:04 +0100] "POST /sf_260_11_1_66 HTTP/1.1" 200 13414 "http://imgame1.cf.ac.uk/s4_260_1_66" "Mozilla/5.0 (Windows NT 10.0; WOW64; rv:45.0) Gecko/20100101 Firefox/45.0"
89.135.196.179 - - [24/Apr/2016:11:51:04 +0100] "GET /jquery-themes/imgame.min.css HTTP/1.1" 200 30735 "http://imgame1.cf.ac.uk/sf_260_11_1_66" "Mozilla/5.0 (Windows NT 10.0; WOW64; rv:45.0) Gecko/20100101 Firefox/45.0"
89.135.196.179 - - [24/Apr/2016:11:51:04 +0100] "GET /mobile-css/1024.css HTTP/1.1" 200 346 "http://imgame1.cf.ac.uk/sf_260_11_1_66" "Mozilla/5.0 (Windows NT 10.0; WOW64; rv:45.0) Gecko/20100101 Firefox/45.0"
89.135.196.179 - - [24/Apr/2016:11:51:04 +0100] "GET /jquery-mobile/jqmOverrides.css HTTP/1.1" 200 685 "http://imgame1.cf.ac.uk/sf_260_11_1_66" "Mozilla/5.0 (Windows NT 10.0; WOW64; rv:45.0) Gecko/20100101 Firefox/45.0"
89.135.196.179 - - [24/Apr/2016:11:51:04 +0100] "GET /jquery-mobile/jquery.mobile.overrides.js HTTP/1.1" 200 355 "http://imgame1.cf.ac.uk/sf_260_11_1_66" "Mozilla/5.0 (Windows NT 10.0; WOW64; rv:45.0) Gecko/20100101 Firefox/45.0"
89.135.196.179 - - [24/Apr/2016:11:51:05 +0100] "GET /js/ko/ko-mapping.js HTTP/1.1" 200 11106 "http://imgame1.cf.ac.uk/sf_260_11_1_66" "Mozilla/5.0 (Windows NT 10.0; WOW64; rv:45.0) Gecko/20100101 Firefox/45.0"
89.135.196.179 - - [24/Apr/2016:11:51:05 +0100] "GET /jquery-mobile/page.modifiers.js HTTP/1.1" 200 527 "http://imgame1.cf.ac.uk/sf_260_11_1_66" "Mozilla/5.0 (Windows NT 10.0; WOW64; rv:45.0) Gecko/20100101 Firefox/45.0"
89.135.196.179 - - [24/Apr/2016:11:51:04 +0100] "GET /jquery-mobile/jquery.mobile.structure-1.4.5.min.css HTTP/1.1" 200 68712 "http://imgame1.cf.ac.uk/sf_260_11_1_66" "Mozilla/5.0 (Windows NT 10.0; WOW64; rv:45.0) Gecko/20100101 Firefox/45.0"
89.135.196.179 - - [24/Apr/2016:11:51:05 +0100] "GET /js/ko/knockout-3.3.0.js HTTP/1.1" 200 55956 "http://imgame1.cf.ac.uk/sf_260_11_1_66" "Mozilla/5.0 (Windows NT 10.0; WOW64; rv:45.0) Gecko/20100101 Firefox/45.0"
89.135.196.179 - - [24/Apr/2016:11:51:05 +0100] "GET /js/forms/stepFormRuntime.js HTTP/1.1" 200 21132 "http://imgame1.cf.ac.uk/sf_260_11_1_66" "Mozilla/5.0 (Windows NT 10.0; WOW64; rv:45.0) Gecko/20100101 Firefox/45.0"
89.135.196.179 - - [24/Apr/2016:11:51:04 +0100] "GET /jquery-themes/jquery.mobile.icons.min.css HTTP/1.1" 200 127053 "http://imgame1.cf.ac.uk/sf_260_11_1_66" "Mozilla/5.0 (Windows NT 10.0; WOW64; rv:45.0) Gecko/20100101 Firefox/45.0"
89.135.196.179 - - [24/Apr/2016:11:51:04 +0100] "GET /jquery-mobile/jquery.mobile-1.4.5.min.js HTTP/1.1" 200 200143 "http://imgame1.cf.ac.uk/sf_260_11_1_66" "Mozilla/5.0 (Windows NT 10.0; WOW64; rv:45.0) Gecko/20100101 Firefox/45.0"
89.135.196.179 - - [24/Apr/2016:11:51:06 +0100] "GET /jquery-themes/images/ajax-loader.gif HTTP/1.1" 200 6242 "http://imgame1.cf.ac.uk/jquery-themes/imgame.min.css" "Mozilla/5.0 (Windows NT 10.0; WOW64; rv:45.0) Gecko/20100101 Firefox/45.0"
89.135.196.179 - - [24/Apr/2016:11:51:06 +0100] "GET /webServices/forms/stepFormRuntimeController.php?permissions=255&messageType=formSettings&exptId=260&formType=11&jType=1 HTTP/1.1" 200 388 "http://imgame1.cf.ac.uk/sf_260_11_1_66" "Mozilla/5.0 (Windows NT 10.0; WOW64; rv:45.0) Gecko/20100101 Firefox/45.0"
89.135.196.179 - - [24/Apr/2016:11:51:06 +0100] "GET /webServices/admin/getStepFormAsJSON.php?permissions=255&exptId=260&formType=11&jType=1 HTTP/1.1" 200 45919 "http://imgame1.cf.ac.uk/sf_260_11_1_66" "Mozilla/5.0 (Windows NT 10.0; WOW64; rv:45.0) Gecko/20100101 Firefox/45.0"
148.81.190.226 - - [24/Apr/2016:11:51:13 +0100] "GET /webServices/step2/step2RunController.php?permissions=255&messageType=storeStep2reply&exptId=332&jType=0&content%5B0%5D=5&content%5B1%5D=Wi%25C4%2599cej%2520hetero%252C%2520trudno%2520powiedzie%25C4%2587%2520czy%2520wi%25C4%2599cej%2520kobiet%252C%2520czy%2520m%25C4%2599%25C5%25BCczyzn.%2520Por%25C3%25B3wnywalnie%252C%2520wbrew%2520og%25C3%25B3lnej%2520opinii%252C%2520%25C5%25BCe%2520powinienem%2520mie%25C4%2587%2520wi%25C4%2599cej%2520kole%25C5%25BCanek.&content%5B2%5D=1&content%5B3%5D=10345&content%5B4%5D=0&content%5B5%5D=-1&content%5B6%5D= HTTP/1.1" 200 170 "http://imgame1.cf.ac.uk/s2_332_0" "Mozilla/5.0 (Windows NT 5.1) AppleWebKit/537.36 (KHTML, like Gecko) Chrome/43.0.2357.124 Safari/537.36"
92.249.192.228 - - [24/Apr/2016:11:51:17 +0100] "GET /webServices/step4/step4RunController.php?permissions=255&exptId=260&jType=0&s4jNo=65&messageType=step4storeRating&content%5B0%5D=&content%5B1%5D=haveResponse&content%5B2%5D=0&content%5B3%5D=interval2&content%5B4%5D=Igaz%C3%A1b%C3%B3l+el%C3%A9g+tan%C3%A1cstalan+voltam%2C+mert%2C+az+egyik+j%C3%A1t%C3%A9kos+meglehet%C5%91se+ig%C3%A9nytelen+v%C3%A1laszokat+adott%2C+a+m%C3%A1sik+viszont+pont%2C+hogy+t%C3%BAl+k%C3%B6r%C3%BClm%C3%A9nyesen+%C3%ADrt+n%C3%A9ha%2C+%C3%A9s+v%C3%A9gs%C5%91+soron+emiatt+gondolom+azt%2C+hogy+nem+%C5%91+sz%C3%ADnlel.+%C3%9Agy+vettem+%C3%A9szre%2C+hogy+a+l%C3%A1nyok+az%C3%A9rt+ink%C3%A1bb+v%C3%A1laszolnak+kerek+mondatokkal.&content%5B5%5D=1&content%5B6%5D=1&content%5B7%5D=8&content%5B8%5D=18&content%5B9%5D=-1&content%5B11%5D=&content%5B12%5D=&content%5B13%5D=&content%5B14%5D=14 HTTP/1.1" 200 3875 "http://imgame1.cf.ac.uk/s4_260_0_65" "Mozilla/5.0 (Windows NT 10.0; WOW64) AppleWebKit/537.36 (KHTML, like Gecko) Chrome/49.0.2623.112 Safari/537.36"
188.143.2.254 - - [24/Apr/2016:11:52:05 +0100] "GET /webServices/step4/step4RunController.php?permissions=255&exptId=260&jType=1&s4jNo=47&messageType=step4storeRating&content%5B0%5D=&content%5B1%5D=haveResponse&content%5B2%5D=1&content%5B3%5D=interval1&content%5B4%5D=Annyira+kev%C3%A9s+inform%C3%A1ci%C3%B3+tartalma+van+a+v%C3%A1laszoknak%2C+hogy+nem+igaz%C3%A1n+tudom+eld%C3%B6nteni%2C+tal%C3%A1n+a+sz%C3%A1m%C3%ADt%C3%B3g%C3%A9pes+j%C3%A1t%C3%A9kok+nev%C3%A9nek+ismerete.+(rosszul+%C3%ADrta+le.+illetve+nem+r%C3%B6viditett)&content%5B5%5D=1&content%5B6%5D=2&content%5B7%5D=16&content%5B8%5D=8&content%5B9%5D=-1&content%5B11%5D=&content%5B12%5D=&content%5B13%5D=&content%5B14%5D=10 HTTP/1.1" 200 3380 "http://imgame1.cf.ac.uk/s4_260_1_47" "Mozilla/5.0 (Windows NT 10.0; WOW64) AppleWebKit/537.36 (KHTML, like Gecko) Chrome/49.0.2623.112 Safari/537.36"
89.135.196.179 - - [24/Apr/2016:11:52:15 +0100] "POST /webServices/forms/storeStepFormResponses.php HTTP/1.1" 200 92 "http://imgame1.cf.ac.uk/sf_260_11_1_66" "Mozilla/5.0 (Windows NT 10.0; WOW64; rv:45.0) Gecko/20100101 Firefox/45.0"
89.134.200.214 - - [24/Apr/2016:11:52:36 +0100] "GET /webServices/step4/step4RunController.php?permissions=255&exptId=260&jType=0&s4jNo=63&messageType=step4storeRating&content%5B0%5D=&content%5B1%5D=haveResponse&content%5B2%5D=0&content%5B3%5D=interval3&content%5B4%5D=Egyr%C3%A9szt+a+sz%C3%B3haszn%C3%A1lat%2C+m%C3%A1sr%C3%A9szt+kicsit+n%C3%A9ha+er%C5%91ltetettnek+%C3%A9rzem%2C+pl.+minden+pasi+tudja%2C+hogy+sokszor+a+n%C5%91k+az%C3%A9rt+is+n%C3%A9zhetik+egym%C3%A1st%2C+mert+a+m%C3%A1siknak+jobb+alakja+van%2C+de+egy+n%C5%91+szerintem+nem+mondja+%C3%ADgy+meg+mag%C3%A1r%C3%B3l+1+sz%C3%B3val%2C+hogy+irigys%C3%A9gb%C5%91l...+A+m%C3%A1sik+v%C3%A1laszol%C3%B3+szerintem+finomabb+szem%C3%A9ly%2C+pl.+a+t%C3%A9rdhorzsol%C3%A1s+egy+l%C3%A1nynak+sokkal+jobban+megmarad%2C+%C3%A9s+hogy+j%C3%B6tt+az+apuk%C3%A1ja+seg%C3%ADteni%2C+m%C3%ADg+kev%C3%A9sb%C3%A9+val%C3%B3sz%C3%ADn%C5%B1%2C+hogy+seggest+ugrott+a+&content%5B5%5D=1&content%5B6%5D=2&content%5B7%5D=2&content%5B8%5D=2&content%5B9%5D=-1&content%5B11%5D=&content%5B12%5D=&content%5B13%5D=&content%5B14%5D=2 HTTP/1.1" 200 5940 "http://imgame1.cf.ac.uk/s4_260_0_63" "Mozilla/5.0 (Windows NT 10.0; WOW64) AppleWebKit/537.36 (KHTML, like Gecko) Chrome/49.0.2623.112 Safari/537.36"
84.0.35.194 - - [24/Apr/2016:11:53:05 +0100] "GET /webServices/step4/step4RunController.php?permissions=255&exptId=260&jType=1&s4jNo=63&messageType=step4storeRating&content%5B0%5D=&content%5B1%5D=haveResponse&content%5B2%5D=1&content%5B3%5D=interval2&content%5B4%5D=%C3%9Agy+gondolom%2C+hogy+a+sz%C3%ADnlel%C5%91+el%C3%A9gg%C3%A9+a+huszon%C3%A9ves+f%C3%A9rfiakr%C3%B3l+kialakult+%C3%A1ltal%C3%A1nos+k%C3%A9p+alapj%C3%A1n+v%C3%A1laszolt%2C+f%C5%91leg+az+1%2C+3%2C+%C3%A9s+4-es+sz%C3%A1m%C3%BA+k%C3%A9rd%C3%A9sekben.+A+sz%C3%A1m%C3%ADt%C3%B3g%C3%A9pes+k%C3%A9rd%C3%A9sn%C3%A9l+viszont+el%C3%A9gg%C3%A9+elbizonytalanodtam.+%C3%96sszess%C3%A9g%C3%A9ben+a+szerintem+nem+sz%C3%ADnlel%C5%91nek+k%C3%B6zelebb+%C3%A1ll+a+sz%C3%B3haszn%C3%A1lata+egy+fiatal+f%C3%A9rfihoz.&content%5B5%5D=0&content%5B6%5D=2&content%5B7%5D=3&content%5B8%5D=13&content%5B9%5D=-1&content%5B11%5D=&content%5B12%5D=&content%5B13%5D=&content%5B14%5D=19 HTTP/1.1" 200 5015 "http://imgame1.cf.ac.uk/s4_260_1_63" "Mozilla/5.0 (Windows NT 6.1; WOW64) AppleWebKit/537.36 (KHTML, like Gecko) Chrome/48.0.2564.116 Safari/537.36"
148.81.190.226 - - [24/Apr/2016:11:53:08 +0100] "GET /webServices/step2/step2RunController.php?permissions=255&messageType=storeStep2reply&exptId=332&jType=0&content%5B0%5D=6&content%5B1%5D=Jak%2520m%25C3%25B3wi%25C5%2582em%2520wcze%25C5%259Bniej%252C%2520nie%2520mia%25C5%2582em%2520tak%2520bliskich%2520kontakt%25C3%25B3w%2520seksualnych.%2520Ale%2520nikt%2520z%2520moich%2520znajomych%2520nie%2520by%25C5%2582%2520obrzezany.%2520Trudno%2520powiedzie%25C4%2587.%2520Obrzezanie%2520w%2520moim%2520wyobra%25C5%25BCeniu%2520jest%2520s%25C5%2582abym%2520pomys%25C5%2582em.&content%5B2%5D=1&content%5B3%5D=10345&content%5B4%5D=0&content%5B5%5D=-1&content%5B6%5D= HTTP/1.1" 200 168 "http://imgame1.cf.ac.uk/s2_332_0" "Mozilla/5.0 (Windows NT 5.1) AppleWebKit/537.36 (KHTML, like Gecko) Chrome/43.0.2357.124 Safari/537.36"
148.81.190.226 - - [24/Apr/2016:11:54:15 +0100] "GET /webServices/step2/step2RunController.php?permissions=255&messageType=storeStep2reply&exptId=332&jType=0&content%5B0%5D=7&content%5B1%5D=M%25C4%2599ski.%2520Chocia%25C5%25BC%2520mama%252C%2520gdy%2520si%25C4%2599%2520dowiedzia%25C5%2582a%2520zawsze%2520m%25C3%25B3wi%25C5%2582a%252C%2520%25C5%25BCe%2520zawsze%2520by%25C5%2582em%2520zbyt%2520delikatny.%2520Lubi%25C4%2599%2520postawi%25C4%2587%2520na%2520swoim.&content%5B2%5D=1&content%5B3%5D=10345&content%5B4%5D=0&content%5B5%5D=-1&content%5B6%5D= HTTP/1.1" 200 124 "http://imgame1.cf.ac.uk/s2_332_0" "Mozilla/5.0 (Windows NT 5.1) AppleWebKit/537.36 (KHTML, like Gecko) Chrome/43.0.2357.124 Safari/537.36"
176.63.1.123 - - [24/Apr/2016:11:54:28 +0100] "GET /webServices/step4/step4RunController.php?permissions=255&exptId=260&jType=1&s4jNo=41&messageType=step4storeRating&content%5B0%5D=&content%5B1%5D=haveResponse&content%5B2%5D=0&content%5B3%5D=interval4&content%5B4%5D=Az+utols%C3%B3+k%C3%A9rd%C3%A9s+egy%C3%A9rtelm%C5%B1en+elk%C3%BCl%C3%B6n%C3%ADtette+a+sz%C3%ADnlel%C5%91t.+Ez+az+egyik+legn%C3%A9pszer%C5%B1bb%2C+legismertebb+n%C3%A9v+a+j%C3%A1t%C3%A9kok+vil%C3%A1g%C3%A1ban%2C+%C3%A9s+h%C3%ADrhedt%2C+hogy+sose+k%C3%A9sz%C3%BCl+el.&content%5B5%5D=0&content%5B6%5D=2&content%5B7%5D=6&content%5B8%5D=11&content%5B9%5D=-1&content%5B11%5D=&content%5B12%5D=&content%5B13%5D=&content%5B14%5D=5 HTTP/1.1" 200 4526 "http://imgame1.cf.ac.uk/s4_260_1_41" "Mozilla/5.0 (Windows NT 10.0; WOW64) AppleWebKit/537.36 (KHTML, like Gecko) Chrome/49.0.2623.112 Safari/537.36"
188.143.2.254 - - [24/Apr/2016:11:54:39 +0100] "GET /webServices/step4/step4RunController.php?permissions=255&exptId=260&jType=1&s4jNo=47&messageType=step4storeRating&content%5B0%5D=&content%5B1%5D=haveResponse&content%5B2%5D=1&content%5B3%5D=interval3&content%5B4%5D=Nem+tudta+mi+a+hardware..illetve+a+v%C3%A1s%C3%A1rl%C3%A1sn%C3%A1l+is+azt+irta+amit+v%C3%A1rna+az+ember%2C+nem+azt+amit+val%C3%B3j%C3%A1ban+gondol.&content%5B5%5D=1&content%5B6%5D=1&content%5B7%5D=17&content%5B8%5D=20&content%5B9%5D=-1&content%5B11%5D=&content%5B12%5D=&content%5B13%5D=&content%5B14%5D=10 HTTP/1.1" 200 82 "http://imgame1.cf.ac.uk/s4_260_1_47" "Mozilla/5.0 (Windows NT 10.0; WOW64) AppleWebKit/537.36 (KHTML, like Gecko) Chrome/49.0.2623.112 Safari/537.36"
188.6.69.248 - - [24/Apr/2016:11:54:39 +0100] "GET /webServices/step4/step4RunController.php?permissions=255&exptId=260&jType=1&s4jNo=38&messageType=step4storeRating&content%5B0%5D=&content%5B1%5D=haveResponse&content%5B2%5D=0&content%5B3%5D=interval3&content%5B4%5D=&content%5B5%5D=0&content%5B6%5D=2&content%5B7%5D=1&content%5B8%5D=21&content%5B9%5D=-1&content%5B11%5D=&content%5B12%5D=&content%5B13%5D=&content%5B14%5D=3 HTTP/1.1" 200 5438 "http://imgame1.cf.ac.uk/s4_260_1_38" "Mozilla/5.0 (Windows NT 6.1; WOW64) AppleWebKit/537.36 (KHTML, like Gecko) Chrome/50.0.2661.87 Safari/537.36"
188.143.2.254 - - [24/Apr/2016:11:54:39 +0100] "POST /sf_260_11_1_47 HTTP/1.1" 200 13414 "http://imgame1.cf.ac.uk/s4_260_1_47" "Mozilla/5.0 (Windows NT 10.0; WOW64) AppleWebKit/537.36 (KHTML, like Gecko) Chrome/49.0.2623.112 Safari/537.36"
188.143.2.254 - - [24/Apr/2016:11:54:39 +0100] "GET /jquery-themes/imgame.min.css HTTP/1.1" 200 30735 "http://imgame1.cf.ac.uk/sf_260_11_1_47" "Mozilla/5.0 (Windows NT 10.0; WOW64) AppleWebKit/537.36 (KHTML, like Gecko) Chrome/49.0.2623.112 Safari/537.36"
188.143.2.254 - - [24/Apr/2016:11:54:39 +0100] "GET /mobile-css/1024.css HTTP/1.1" 200 346 "http://imgame1.cf.ac.uk/sf_260_11_1_47" "Mozilla/5.0 (Windows NT 10.0; WOW64) AppleWebKit/537.36 (KHTML, like Gecko) Chrome/49.0.2623.112 Safari/537.36"
