152.66.175.237 - - [25/Apr/2016:10:28:59 +0100] "GET /images/slideBar.gif HTTP/1.1" 200 428 "http://imgame1.cf.ac.uk/css/basic.css" "Mozilla/5.0 (Windows NT 10.0; Win64; x64) AppleWebKit/537.36 (KHTML, like Gecko) Chrome/50.0.2661.87 Safari/537.36"
152.66.175.237 - - [25/Apr/2016:10:28:59 +0100] "GET /images/slidePointer.png HTTP/1.1" 200 1032 "http://imgame1.cf.ac.uk/css/basic.css" "Mozilla/5.0 (Windows NT 10.0; Win64; x64) AppleWebKit/537.36 (KHTML, like Gecko) Chrome/50.0.2661.87 Safari/537.36"
152.66.175.237 - - [25/Apr/2016:10:28:59 +0100] "GET /images/tabStatusYourTurn.png HTTP/1.1" 200 324 "http://imgame1.cf.ac.uk/css/basic.css" "Mozilla/5.0 (Windows NT 10.0; Win64; x64) AppleWebKit/537.36 (KHTML, like Gecko) Chrome/50.0.2661.87 Safari/537.36"
152.66.175.237 - - [25/Apr/2016:10:28:59 +0100] "GET /images/judgementBubbleTip.gif HTTP/1.1" 200 3229 "http://imgame1.cf.ac.uk/css/basic.css" "Mozilla/5.0 (Windows NT 10.0; Win64; x64) AppleWebKit/537.36 (KHTML, like Gecko) Chrome/50.0.2661.87 Safari/537.36"
152.66.175.237 - - [25/Apr/2016:10:28:59 +0100] "GET /images/judgementBubble.gif HTTP/1.1" 200 14504 "http://imgame1.cf.ac.uk/css/basic.css" "Mozilla/5.0 (Windows NT 10.0; Win64; x64) AppleWebKit/537.36 (KHTML, like Gecko) Chrome/50.0.2661.87 Safari/537.36"
152.66.175.237 - - [25/Apr/2016:10:28:59 +0100] "GET /images/slideInterval.gif HTTP/1.1" 200 308 "http://imgame1.cf.ac.uk/css/basic.css" "Mozilla/5.0 (Windows NT 10.0; Win64; x64) AppleWebKit/537.36 (KHTML, like Gecko) Chrome/50.0.2661.87 Safari/537.36"
148.81.190.226 - - [25/Apr/2016:10:32:08 +0100] "GET /webServices/step2/step2RunController.php?permissions=255&messageType=storeStep2reply&exptId=332&jType=0&content%5B0%5D=0&content%5B1%5D=To%2520by%25C5%2582o%2520jako%25C5%259B%2520na%2520pocz%25C4%2585tku%2520szko%25C5%2582y%2520%25C5%259Bredniej.%2520Wtedy%2520zauwa%25C5%25BCy%25C5%2582em%252C%2520%25C5%25BCe%2520kobiety%2520wgl%2520mnie%2520nie%2520poci%25C4%2585gaj%25C4%2585%2520&content%5B2%5D=1&content%5B3%5D=10394&content%5B4%5D=0&content%5B5%5D=-1&content%5B6%5D= HTTP/1.1" 200 132 "http://imgame1.cf.ac.uk/s2_332_0" "Mozilla/5.0 (Windows NT 5.1) AppleWebKit/537.36 (KHTML, like Gecko) Chrome/49.0.2623.112 Safari/537.36"
148.81.190.226 - - [25/Apr/2016:10:32:29 +0100] "GET /webServices/step2/step2RunController.php?permissions=255&messageType=storeStep2reply&exptId=332&jType=0&content%5B0%5D=1&content%5B1%5D=Zdecydowanie%2520wol%25C4%2599%2520by%25C4%2587%2520aktywny&content%5B2%5D=1&content%5B3%5D=10394&content%5B4%5D=0&content%5B5%5D=-1&content%5B6%5D= HTTP/1.1" 200 148 "http://imgame1.cf.ac.uk/s2_332_0" "Mozilla/5.0 (Windows NT 5.1) AppleWebKit/537.36 (KHTML, like Gecko) Chrome/49.0.2623.112 Safari/537.36"
152.66.175.237 - - [25/Apr/2016:10:33:34 +0100] "GET /webServices/step4/step4RunController.php?permissions=255&exptId=260&jType=1&s4jNo=64&messageType=step4storeRating&content%5B0%5D=&content%5B1%5D=haveResponse&content%5B2%5D=0&content%5B3%5D=interval2&content%5B4%5D=Itt+is+azt+gondolom%2C+hogy+a+sz%C3%ADnlel%C5%91+t%C3%B6bb+inf%C3%B3t+oszt+meg+a+kellet%C3%A9n%C3%A9l%2C+amivel+azt+a+benyom%C3%A1st+pr%C3%B3b%C3%A1lja+tenni%2C+hogy+%C5%91+az+igazi.+Teh%C3%A1t+kicsit+er%C5%91ltetett.+A+v%C3%A1laszok+itt+is+nagyon+hasonl%C3%ADtanak+%C3%A9s+a+hamburgeres+v%C3%A1lasz+a+m%C3%A1sik+f%C3%A9lt%C5%91l+el%C3%A9gg%C3%A9+elbizonytalan%C3%ADtott.&content%5B5%5D=1&content%5B6%5D=2&content%5B7%5D=7&content%5B8%5D=20&content%5B9%5D=-1&content%5B11%5D=&content%5B12%5D=&content%5B13%5D=&content%5B14%5D=2 HTTP/1.1" 200 4503 "http://imgame1.cf.ac.uk/s4_260_1_64" "Mozilla/5.0 (Windows NT 10.0; Win64; x64) AppleWebKit/537.36 (KHTML, like Gecko) Chrome/50.0.2661.87 Safari/537.36"
148.81.190.226 - - [25/Apr/2016:10:33:57 +0100] "GET /webServices/step2/step2RunController.php?permissions=255&messageType=storeStep2reply&exptId=332&jType=0&content%5B0%5D=2&content%5B1%5D=Tu%2520mam%2520dylemat%2520bo%2520jest%2520ich%2520sporo%2520ale%2520uwielbiam%2520tego%2520%25C5%2582ysego%2520co%2520wyst%25C4%2599puje%2520prawie%2520na%2520kazdym%2520portalu.%2520Dlaczego%253F%2520Tego%2520chyba%2520nie%2520musz%25C4%2599%2520m%25C3%25B3wi%25C4%2587%2520%253A)&content%5B2%5D=1&content%5B3%5D=10394&content%5B4%5D=0&content%5B5%5D=-1&content%5B6%5D= HTTP/1.1" 200 190 "http://imgame1.cf.ac.uk/s2_332_0" "Mozilla/5.0 (Windows NT 5.1) AppleWebKit/537.36 (KHTML, like Gecko) Chrome/49.0.2623.112 Safari/537.36"
148.81.190.226 - - [25/Apr/2016:10:35:16 +0100] "GET /webServices/step2/step2RunController.php?permissions=255&messageType=storeStep2reply&exptId=332&jType=0&content%5B0%5D=0&content%5B1%5D=Jasne%252C%2520%25C5%25BCe%2520tak.%2520Ludzie%2520w%2520ko%25C5%2584cu%2520zobacz%25C4%2585%252C%2520%25C5%25BCe%2520nie%2520r%25C3%25B3%25C5%25BCnimy%2520si%25C4%2599%2520niczym%2520od%2520nich.&content%5B2%5D=1&content%5B3%5D=10401&content%5B4%5D=0&content%5B5%5D=-1&content%5B6%5D= HTTP/1.1" 200 173 "http://imgame1.cf.ac.uk/s2_332_0" "Mozilla/5.0 (Windows NT 5.1) AppleWebKit/537.36 (KHTML, like Gecko) Chrome/49.0.2623.112 Safari/537.36"
148.81.190.226 - - [25/Apr/2016:10:35:58 +0100] "GET /webServices/step2/step2RunController.php?permissions=255&messageType=storeStep2reply&exptId=332&jType=0&content%5B0%5D=1&content%5B1%5D=Koncert%2520Rasmentalism%2520&content%5B2%5D=1&content%5B3%5D=10401&content%5B4%5D=0&content%5B5%5D=-1&content%5B6%5D= HTTP/1.1" 200 193 "http://imgame1.cf.ac.uk/s2_332_0" "Mozilla/5.0 (Windows NT 5.1) AppleWebKit/537.36 (KHTML, like Gecko) Chrome/49.0.2623.112 Safari/537.36"
148.81.190.226 - - [25/Apr/2016:10:37:49 +0100] "GET /webServices/step2/step2RunController.php?permissions=255&messageType=storeStep2reply&exptId=332&jType=0&content%5B0%5D=2&content%5B1%5D=Jest%2520paskudny%252C%2520ale%2520je%25C5%259Bli%2520inne%2520osoby%2520homoseksualne%2520nie%2520maj%25C4%2585%2520z%2520tym%2520problemu%252C%2520to%2520dlaczego%2520nie%253F&content%5B2%5D=1&content%5B3%5D=10401&content%5B4%5D=0&content%5B5%5D=-1&content%5B6%5D= HTTP/1.1" 200 224 "http://imgame1.cf.ac.uk/s2_332_0" "Mozilla/5.0 (Windows NT 5.1) AppleWebKit/537.36 (KHTML, like Gecko) Chrome/49.0.2623.112 Safari/537.36"
148.81.190.226 - - [25/Apr/2016:10:37:59 +0100] "GET /webServices/step2/step2RunController.php?permissions=255&messageType=storeStep2reply&exptId=332&jType=0&content%5B0%5D=3&content%5B1%5D=Bez%2520przesady.%2520Nigdy%2520tego%2520nie%2520by%25C5%2582o.%2520Ale%2520jak%2520juz%2520by%2520si%25C4%2599%2520sta%25C5%2582o%2520da%25C5%2582bym%2520sobie%2520z%2520tym%2520rade&content%5B2%5D=1&content%5B3%5D=10394&content%5B4%5D=0&content%5B5%5D=-1&content%5B6%5D= HTTP/1.1" 200 187 "http://imgame1.cf.ac.uk/s2_332_0" "Mozilla/5.0 (Windows NT 5.1) AppleWebKit/537.36 (KHTML, like Gecko) Chrome/49.0.2623.112 Safari/537.36"
152.66.175.237 - - [25/Apr/2016:10:38:08 +0100] "GET /webServices/step4/step4RunController.php?permissions=255&exptId=260&jType=1&s4jNo=64&messageType=step4storeRating&content%5B0%5D=&content%5B1%5D=haveResponse&content%5B2%5D=1&content%5B3%5D=interval3&content%5B4%5D=Egyszer%C5%B1en+t%C3%BAl+r%C3%A9szletes%2C+ez%C3%A1ltal+kiss%C3%A9+er%C5%91ltetett.+T%C3%B6bbsz%C3%B6r+is+le%C3%ADrja%2C+hogy+a+p%C3%A1rom+ezt+v%C3%A1rn%C3%A1%2C+a+p%C3%A1rom+ezt+nem+szertn%2C+a+p%C3%A1rom+%C3%ADgy%2C+a+p%C3%A1rom+%C3%BAgy...+Szerintem+%C5%91+(l%C3%A1nyk%C3%A9nt+fi%C3%BAt+imit%C3%A1lva)+azokat+a+dolgokat+%C3%ADrja+le%2C+amiket+a+pasij%C3%A1t%C3%B3l+elv%C3%A1rna.&content%5B5%5D=1&content%5B6%5D=1&content%5B7%5D=8&content%5B8%5D=20&content%5B9%5D=-1&content%5B11%5D=&content%5B12%5D=&content%5B13%5D=&content%5B14%5D=18 HTTP/1.1" 200 3297 "http://imgame1.cf.ac.uk/s4_260_1_64" "Mozilla/5.0 (Windows NT 10.0; Win64; x64) AppleWebKit/537.36 (KHTML, like Gecko) Chrome/50.0.2661.87 Safari/537.36"
148.81.190.226 - - [25/Apr/2016:10:38:14 +0100] "GET /webServices/step2/step2RunController.php?permissions=255&messageType=storeStep2reply&exptId=332&jType=0&content%5B0%5D=0&content%5B1%5D=Moim%2520ulubionym%2520sportem%2520jest%252C%2520bieganie%252C%2520p%25C5%2582ywanie%252C%2520gra%2520w%2520badmintona%252C%2520siatk%25C4%2599%2520oraz%2520rzutki.%2520Lubi%25C4%2599%2520biega%25C4%2587%2520z%2520moimi%2520kolegami%2520kr%25C3%25B3tkie%2520i%2520szybkie%2520dystanse%252C%2520z%2520p%25C5%2582ywaniem%2520jest%2520nie%2520co%2520inaczej%252C%2520poniewa%25C5%25BC%2520uwielbiam%2520siedzie%25C4%2587%2520w%2520wodzie.%2520W%2520badmintona%2520i%2520rzutki%2520gram%2520w%2520pubach%2520lub%2520knajpach%2520przy%2520lekkim%2520piwie.%2520Cz%25C4%2599sto%2520koledzy%2520daj%25C4%2585%2520mi%2520rady%2520jak%2520np.%2520rzuca%25C4%2587%2520by%2520trafi%25C4%2587%2520w%2520sam%2520%25C5%259Brodek%2520tarczy.&content%5B2%5D=1&content%5B3%5D=10404&content%5B4%5D=0&content%5B5%5D=-1&content%5B6%5D= HTTP/1.1" 200 188 "http://imgame1.cf.ac.uk/s2_332_0" "Mozilla/5.0 (Windows NT 5.1) AppleWebKit/537.36 (KHTML, like Gecko) Chrome/43.0.2357.130 Safari/537.36"
148.81.190.226 - - [25/Apr/2016:10:38:31 +0100] "GET /webServices/step2/step2RunController.php?permissions=255&messageType=storeStep2reply&exptId=332&jType=0&content%5B0%5D=3&content%5B1%5D=Ogl%25C4%2585daj%25C4%2585c%2520jakie%25C5%259B%2520superprodukcje%2520na%2520pewno%2520jest%2520wyidealizowany%252C%2520jednak%2520gdy%2520s%25C4%2585%2520to%2520amatorskie%2520nagrania%2520gej%25C3%25B3w%252C%2520jest%2520okej.&content%5B2%5D=1&content%5B3%5D=10401&content%5B4%5D=0&content%5B5%5D=-1&content%5B6%5D= HTTP/1.1" 200 206 "http://imgame1.cf.ac.uk/s2_332_0" "Mozilla/5.0 (Windows NT 5.1) AppleWebKit/537.36 (KHTML, like Gecko) Chrome/49.0.2623.112 Safari/537.36"
148.81.190.226 - - [25/Apr/2016:10:39:07 +0100] "GET /webServices/step2/step2RunController.php?permissions=255&messageType=storeStep2reply&exptId=332&jType=0&content%5B0%5D=4&content%5B1%5D=Tak%252C%2520to%2520strasznie%2520irytuj%25C4%2585ce.%2520&content%5B2%5D=1&content%5B3%5D=10401&content%5B4%5D=0&content%5B5%5D=-1&content%5B6%5D= HTTP/1.1" 200 75 "http://imgame1.cf.ac.uk/s2_332_0" "Mozilla/5.0 (Windows NT 5.1) AppleWebKit/537.36 (KHTML, like Gecko) Chrome/49.0.2623.112 Safari/537.36"
148.81.190.226 - - [25/Apr/2016:10:39:11 +0100] "GET /webServices/step2/step2RunController.php?permissions=255&messageType=storeStep2reply&exptId=332&jType=0&content%5B0%5D=4&content%5B1%5D=Kurcz%25C4%2599%2520to%2520ci%25C4%2599%25C5%25BCka%2520sprawa%2520i%2520nie%2520my%25C5%259Bl%25C4%2599%2520o%2520tym%2520cho%25C4%2587%2520czasem%2520si%25C4%2599%2520boje%2520bo%2520nie%2520jestem%2520w%2520sta%25C5%2582ym%2520zwi%25C4%2585zku%2520ale%2520chyba%2520przez%2520internet&content%5B2%5D=1&content%5B3%5D=10394&content%5B4%5D=0&content%5B5%5D=-1&content%5B6%5D= HTTP/1.1" 200 170 "http://imgame1.cf.ac.uk/s2_332_0" "Mozilla/5.0 (Windows NT 5.1) AppleWebKit/537.36 (KHTML, like Gecko) Chrome/49.0.2623.112 Safari/537.36"
152.66.175.237 - - [25/Apr/2016:10:41:38 +0100] "GET /webServices/step4/step4RunController.php?permissions=255&exptId=260&jType=1&s4jNo=64&messageType=step4storeRating&content%5B0%5D=&content%5B1%5D=haveResponse&content%5B2%5D=0&content%5B3%5D=interval4&content%5B4%5D=A+m%C3%A1sik+v%C3%A1laszai+annyira+%22tipikus%22+pasisak%2C+hogy+nehezen+tudom+elk%C3%A9pzelni%2C+hogy+%C5%91+lenne+a+sz%C3%ADnlel%C5%91.+Itt+is+el%C5%91j%C3%B6n+az%2C+hogy+az+egyik+sokkal+r%C3%A9szletesebb%2C+mint+a+m%C3%A1sik%3A+err%C5%91l+tov%C3%A1bbra+is+azt+gondolom%2C+hogy+az%C3%A9rt+lehet%2C+mert+a+sz%C3%ADnlel%C5%91+jobban+igyekszik%2C+hogy+elhitesse+mag%C3%A1r%C3%B3l%2C+hogy+%C5%91+az+igazi.&content%5B5%5D=0&content%5B6%5D=2&content%5B7%5D=12&content%5B8%5D=17&content%5B9%5D=-1&content%5B11%5D=&content%5B12%5D=&content%5B13%5D=&content%5B14%5D=8 HTTP/1.1" 200 2921 "http://imgame1.cf.ac.uk/s4_260_1_64" "Mozilla/5.0 (Windows NT 10.0; Win64; x64) AppleWebKit/537.36 (KHTML, like Gecko) Chrome/50.0.2661.87 Safari/537.36"
148.81.190.226 - - [25/Apr/2016:10:41:52 +0100] "GET /s2_332_0 HTTP/1.1" 200 2127 "-" "Mozilla/5.0 (Windows NT 5.1) AppleWebKit/537.36 (KHTML, like Gecko) Chrome/49.0.2623.112 Safari/537.36"
148.81.190.226 - - [25/Apr/2016:10:41:53 +0100] "GET /webServices/step2/step2RunController.php?permissions=255&messageType=step2Settings&exptId=332&jType=0&content%5B0%5D=-1 HTTP/1.1" 200 168 "http://imgame1.cf.ac.uk/s2_332_0" "Mozilla/5.0 (Windows NT 5.1) AppleWebKit/537.36 (KHTML, like Gecko) Chrome/49.0.2623.112 Safari/537.36"
148.81.190.226 - - [25/Apr/2016:10:41:53 +0100] "GET /webServices/step2/step2RunController.php?permissions=255&messageType=start&exptId=332&jType=0&content%5B0%5D=-1 HTTP/1.1" 200 155 "http://imgame1.cf.ac.uk/s2_332_0" "Mozilla/5.0 (Windows NT 5.1) AppleWebKit/537.36 (KHTML, like Gecko) Chrome/49.0.2623.112 Safari/537.36"
148.81.190.226 - - [25/Apr/2016:10:41:55 +0100] "GET /webServices/step2/step2RunController.php?permissions=255&messageType=getStep2Status&exptId=332&jType=0&content%5B0%5D=1&content%5B1%5D=10405&content%5B2%5D=15&content%5B3%5D=0 HTTP/1.1" 200 208 "http://imgame1.cf.ac.uk/s2_332_0" "Mozilla/5.0 (Windows NT 5.1) AppleWebKit/537.36 (KHTML, like Gecko) Chrome/49.0.2623.112 Safari/537.36"
148.81.190.226 - - [25/Apr/2016:10:42:07 +0100] "GET /webServices/step2/step2RunController.php?permissions=255&messageType=storeStep2reply&exptId=332&jType=0&content%5B0%5D=1&content%5B1%5D=Krak%25C3%25B3w%252C%2520Warszawa%252C%2520Gda%25C5%2584sk%2520i%2520Suwa%25C5%2582ki.%250AKrak%25C3%25B3w%252C%2520poniewa%25C5%25BC%2520jest%2520tam%2520du%25C5%25BCo%2520zr%25C3%25B3%25C5%25BCnicowanych%2520ludzi%2520pod%2520wzgl%25C4%2599dem%2520charakteru%252C%2520orientacji%2520seksualnych%252C%2520postrzegania%2520innych%2520ludzi%2520za%2520czym%2520id%25C4%2585%2520kierunki%2520studi%25C3%25B3w.%2520Np%2520Krakowskie%2520ASP%2520ma%2520wydzia%25C5%2582%2520dla%2520tatua%25C5%25BCyst%25C3%25B3w.%2520Warszawa%252C%2520kolejne%2520du%25C5%25BCe%2520miasto%252C%2520wybra%25C5%2582bym%2520to%2520miasto%2520pod%2520wzgl%25C4%2599dem%2520pracy%2520itp.%2520Gda%25C5%2584sk%2520i%2520Suwa%25C5%2582ki%2520s%25C4%2585%2520zimnymi%2520miastami%2520dlatego%2520m%25C3%25B3g%25C5%2582bym%2520tam%2520mieszka%25C4%2587.&content%5B2%5D=1&content%5B3%5D=10404&content%5B4%5D=0&content%5B5%5D=-1&content%5B6%5D= HTTP/1.1" 200 142 "http://imgame1.cf.ac.uk/s2_332_0" "Mozilla/5.0 (Windows NT 5.1) AppleWebKit/537.36 (KHTML, like Gecko) Chrome/43.0.2357.130 Safari/537.36"
148.81.190.226 - - [25/Apr/2016:10:43:31 +0100] "GET /webServices/step2/step2RunController.php?permissions=255&messageType=storeStep2reply&exptId=332&jType=0&content%5B0%5D=2&content%5B1%5D=My%25C5%259Bl%25C4%2599%2520%25C5%25BCe%2520jest%2520rozbudowana%2520i%2520wi%25C4%2599kszo%25C5%259B%25C4%2587%2520nas%2520nie%2520kryje%2520si%25C4%2599%2520ze%2520swoimi%2520pragnieniami%2520i%2520okazywaniem%2520ich%2520w%2520miejscach%2520publicznych.%2520Do%2520tego%2520m%25C3%25B3j%2520ch%25C5%2582opak%2520lubi%2520si%25C4%2599%2520cz%25C4%2599sto%2520ca%25C5%2582owa%25C4%2587%2520i%2520nie%2520wyobra%25C5%25BCam%2520sobie%2520mu%2520odm%25C3%25B3wi%25C4%2587.&content%5B2%5D=1&content%5B3%5D=10404&content%5B4%5D=0&content%5B5%5D=-1&content%5B6%5D= HTTP/1.1" 200 157 "http://imgame1.cf.ac.uk/s2_332_0" "Mozilla/5.0 (Windows NT 5.1) AppleWebKit/537.36 (KHTML, like Gecko) Chrome/43.0.2357.130 Safari/537.36"
148.81.190.226 - - [25/Apr/2016:10:43:40 +0100] "GET /webServices/step2/step2RunController.php?permissions=255&messageType=storeStep2reply&exptId=332&jType=0&content%5B0%5D=5&content%5B1%5D=Nie%2520chcia%25C5%2582bym%2520tego%2520pisa%25C4%2587%2520ale%2520dobrze%252C%2520%25C5%25BCe%2520ankieta%2520jest%2520anonimowa.%2520Kiedy%25C5%259B%2520pod%2520koniec%2520szko%25C5%2582y%2520pojechalismy%2520ze%2520znajomymi%2520do%2520wakacje%2520i%2520tam%2520pozna%25C5%2582em%2520takiego%2520przystojnego%2520m%25C4%2599%25C5%25BCczyzn%25C4%2599.%2520By%25C5%2582%2520cudowny%2520i%2520jak%2520sie%2520okaza%25C5%2582o%2520byl%2520homo.%2520Zakr%25C4%2599ci%25C5%2582em%2520si%25C4%2599%2520wok%25C3%25B3%25C5%2582%2520niego%2520no%2520i%2520sta%25C5%2582o%2520si%25C4%2599.%2520Bawili%25C5%259Bmy%2520si%25C4%2599%2520ca%25C5%2582%25C4%2585%2520noc.%2520Robili%25C5%259Bmy%2520wszytsko%2520na%2520co%2520mieli%25C5%259Bmy%2520ochote%2520%253A)))%2520a%2520co%2520do%2520nieprzyjemnych%2520sytuacji%2520takich%2520raczej%2520staram%2520si%25C4%2599%2520unika%25C4%2587%2520i%2520jak%2520juz%2520o%2520tym%2520wiem%2520nie%2520ide%2520w%2520to&content%5B2%5D=1&content%5B3%5D=10394&content%5B4%5D=0&content%5B5%5D=-1&content%5B6%5D= HTTP/1.1" 200 238 "http://imgame1.cf.ac.uk/s2_332_0" "Mozilla/5.0 (Windows NT 5.1) AppleWebKit/537.36 (KHTML, like Gecko) Chrome/49.0.2623.112 Safari/537.36"
148.81.190.226 - - [25/Apr/2016:10:44:55 +0100] "GET /webServices/step2/step2RunController.php?permissions=255&messageType=storeStep2reply&exptId=332&jType=0&content%5B0%5D=3&content%5B1%5D=Cz%25C4%2599sto%2520wstaj%25C4%2599%2520nawet%2520dwie%2520godziny%2520wcze%25C5%259Bniej%2520%25C5%25BCeby%2520si%25C4%2599%2520wyszykowa%25C4%2587.%2520Wzi%25C4%2585%25C4%2587%2520prysznic%252C%2520wybra%25C4%2587%2520w%2520co%2520si%25C4%2599%2520ubior%25C4%2599%252C%2520co%2520zjem%2520i%2520oczywi%25C5%259Bcie%2520wypi%25C4%2587%2520w%2520spokoju%2520co%25C5%259B%2520na%2520balkonie.%25201H%2520musz%25C4%2599%2520liczy%25C4%2587%2520na%2520to%2520wszystko.&content%5B2%5D=1&content%5B3%5D=10404&content%5B4%5D=0&content%5B5%5D=-1&content%5B6%5D= HTTP/1.1" 200 115 "http://imgame1.cf.ac.uk/s2_332_0" "Mozilla/5.0 (Windows NT 5.1) AppleWebKit/537.36 (KHTML, like Gecko) Chrome/43.0.2357.130 Safari/537.36"
148.81.190.226 - - [25/Apr/2016:10:46:05 +0100] "GET /webServices/step2/step2RunController.php?permissions=255&messageType=storeStep2reply&exptId=332&jType=0&content%5B0%5D=6&content%5B1%5D=No%2520pewnie!%2520Bywam%2520bardzo%2520cz%25C4%2599sto.%2520Zawsze%2520jestem%2520na%2520weeknedy.%2520Z%2520facetami%2520r%25C3%25B3%25C5%25BCnie.%2520Czasem%2520znajdzie%2520si%25C4%2599%2520jaka%25C5%259B%2520pere%25C5%2582ka.%2520Muzyka%2520tak%2520%25C5%259Brednio%2520mi%2520sie%2520podoba%2520ale%2520to%2520nie%2520o%2520to%2520chodzi.%2520Zazwyczaj%2520chodz%25C4%2599%2520sam.%2520Tam%2520przeciez%2520ide%2520si%25C4%2599%2520rozerwa%25C4%2587&content%5B2%5D=1&content%5B3%5D=10394&content%5B4%5D=0&content%5B5%5D=-1&content%5B6%5D= HTTP/1.1" 200 75 "http://imgame1.cf.ac.uk/s2_332_0" "Mozilla/5.0 (Windows NT 5.1) AppleWebKit/537.36 (KHTML, like Gecko) Chrome/49.0.2623.112 Safari/537.36"
152.66.175.237 - - [25/Apr/2016:10:46:08 +0100] "GET /webServices/step4/step4RunController.php?permissions=255&exptId=260&jType=1&s4jNo=64&messageType=step4storeRating&content%5B0%5D=&content%5B1%5D=haveResponse&content%5B2%5D=1&content%5B3%5D=interval3&content%5B4%5D=A+k%C3%A9rd%C3%A9sek+k%C3%B6z%C3%BCl+ez%3A+%22CT+vagy+C+szeretsz-%22+nem+vil%C3%A1gos+sz%C3%A1momra%2C+a+nem+sz%C3%ADnlel%C5%91+v%C3%A1lasza+alapj%C3%A1n+%C5%91+arra+gondol%2C+hogy+a+Counter+Strike+j%C3%A1t%C3%A9kr%C3%B3l+van+sz%C3%B3%2C+ami+fi%C3%BAk+k%C3%B6r%C3%A9ben+gyakoribb.+for+ciklust+is+tudott+%C3%ADrni+az+illet%C5%91%2C+ergo+tanult+valamennyi+programoz%C3%A1st%2C+ami+szint%C3%A9n+ink%C3%A1bb+a+fi%C3%BAkra+jellemz%C5%91.&content%5B5%5D=1&content%5B6%5D=1&content%5B7%5D=13&content%5B8%5D=14&content%5B9%5D=-1&content%5B11%5D=&content%5B12%5D=&content%5B13%5D=&content%5B14%5D=12 HTTP/1.1" 200 3511 "http://imgame1.cf.ac.uk/s4_260_1_64" "Mozilla/5.0 (Windows NT 10.0; Win64; x64) AppleWebKit/537.36 (KHTML, like Gecko) Chrome/50.0.2661.87 Safari/537.36"
148.81.190.226 - - [25/Apr/2016:10:47:33 +0100] "GET /webServices/step2/step2RunController.php?permissions=255&messageType=storeStep2reply&exptId=332&jType=0&content%5B0%5D=4&content%5B1%5D=My%25C5%259Bl%25C4%2599%2520%25C5%25BCe%2520to%2520osoba%2520kt%25C3%25B3ra%2520jest%2520taka%2520sama%2520jak%2520ja%2520i%2520nie%2520czuje%2520si%25C4%2599%2520w%2520%25C5%25BCadnym%2520stopniu%2520lepsza%2520ani%2520gorsza%2520a%2520ja%2520te%25C5%25BC%2520nigdy%2520nie%2520poczuj%25C4%2599%2520si%25C4%2599%2520gorszy%252C%2520poniewa%25C5%25BC%2520nie%2520mam%2520obaw%2520do%2520my%25C5%259Blenia%2520o%2520negatywnych%2520sytuacjach%2520i%2520emocjach.%2520Twink%2520to%2520super%2520okre%25C5%259Blenie%2520na%2520takich%2520jak%2520my.%2520Nie%2520powinni%25C5%259Bmy%2520si%25C4%2599%2520kry%25C4%2587%2520z%2520nim%2520a%2520ni%2520z%2520naszymi%2520pragnieniami.&content%5B2%5D=1&content%5B3%5D=10404&content%5B4%5D=0&content%5B5%5D=-1&content%5B6%5D= HTTP/1.1" 200 117 "http://imgame1.cf.ac.uk/s2_332_0" "Mozilla/5.0 (Windows NT 5.1) AppleWebKit/537.36 (KHTML, like Gecko) Chrome/43.0.2357.130 Safari/537.36"
148.81.190.226 - - [25/Apr/2016:10:47:52 +0100] "GET /webServices/step2/step2RunController.php?permissions=255&messageType=storeStep2reply&exptId=332&jType=0&content%5B0%5D=0&content%5B1%5D=Nie%2520%252Cnigdy%2520nie%2520mia%25C5%2582em%2520takiego%2520odczucia%2520poniewa%25C5%25BC%2520sk%25C4%2585d%2520dana%2520osoba%2520mia%25C5%2582a%2520by%2520wiedzie%25C4%2587%2520o%2520mojej%2520orientacji&content%5B2%5D=1&content%5B3%5D=10385&content%5B4%5D=0&content%5B5%5D=-1&content%5B6%5D= HTTP/1.1" 200 154 "http://imgame1.cf.ac.uk/s2_332_0" "Mozilla/5.0 (Windows NT 5.1) AppleWebKit/537.36 (KHTML, like Gecko) Chrome/43.0.2357.124 Safari/537.36"
148.81.190.226 - - [25/Apr/2016:10:48:38 +0100] "GET /webServices/step2/step2RunController.php?permissions=255&messageType=storeStep2reply&exptId=332&jType=0&content%5B0%5D=5&content%5B1%5D=W%2520bran%25C5%25BCy%2520rzadko%2520kto%2520si%25C4%2599%2520decyduje%2520uczestniczy%25C4%2587%252C%2520a%2520ja%2520sam%2520wiele%2520razy%2520zastanawia%25C5%2582em%2520si%25C4%2599%2520wzi%25C4%2585%25C4%2587%2520udzia%25C5%2582%2520.&content%5B2%5D=1&content%5B3%5D=10404&content%5B4%5D=0&content%5B5%5D=-1&content%5B6%5D= HTTP/1.1" 200 75 "http://imgame1.cf.ac.uk/s2_332_0" "Mozilla/5.0 (Windows NT 5.1) AppleWebKit/537.36 (KHTML, like Gecko) Chrome/43.0.2357.130 Safari/537.36"
148.81.190.226 - - [25/Apr/2016:10:49:31 +0100] "GET /s2_332_0 HTTP/1.1" 200 2127 "-" "Mozilla/5.0 (Windows NT 5.1) AppleWebKit/537.36 (KHTML, like Gecko) Chrome/49.0.2623.112 Safari/537.36"
148.81.190.226 - - [25/Apr/2016:10:49:34 +0100] "GET /webServices/step2/step2RunController.php?permissions=255&messageType=step2Settings&exptId=332&jType=0&content%5B0%5D=-1 HTTP/1.1" 200 168 "http://imgame1.cf.ac.uk/s2_332_0" "Mozilla/5.0 (Windows NT 5.1) AppleWebKit/537.36 (KHTML, like Gecko) Chrome/49.0.2623.112 Safari/537.36"
148.81.190.226 - - [25/Apr/2016:10:49:34 +0100] "GET /webServices/step2/step2RunController.php?permissions=255&messageType=start&exptId=332&jType=0&content%5B0%5D=-1 HTTP/1.1" 200 154 "http://imgame1.cf.ac.uk/s2_332_0" "Mozilla/5.0 (Windows NT 5.1) AppleWebKit/537.36 (KHTML, like Gecko) Chrome/49.0.2623.112 Safari/537.36"
148.81.190.226 - - [25/Apr/2016:10:49:36 +0100] "GET /webServices/step2/step2RunController.php?permissions=255&messageType=getStep2Status&exptId=332&jType=0&content%5B0%5D=1&content%5B1%5D=10406&content%5B2%5D=1&content%5B3%5D=0 HTTP/1.1" 200 169 "http://imgame1.cf.ac.uk/s2_332_0" "Mozilla/5.0 (Windows NT 5.1) AppleWebKit/537.36 (KHTML, like Gecko) Chrome/49.0.2623.112 Safari/537.36"
148.81.190.226 - - [25/Apr/2016:10:49:46 +0100] "GET /webServices/step2/step2RunController.php?permissions=255&messageType=storeStep2reply&exptId=332&jType=0&content%5B0%5D=0&content%5B1%5D=Na%2520pocz%25C4%2585tku%25201%2520klasy%2520gimnazjum%252C%2520kiedy%2520po%2520raz%2520pierwszy%2520mia%25C5%2582em%2520zaj%25C4%2599cia%2520z%2520p%25C5%2582ywania%2520na%2520basenie.%2520Wtedy%2520pierwszy%2520raz%2520znalaz%25C5%2582em%2520si%25C4%2599%2520w%2520szatni%2520pe%25C5%2582nej%2520nagich%2520m%25C4%2599%25C5%25BCczyzn.&content%5B2%5D=1&content%5B3%5D=10405&content%5B4%5D=0&content%5B5%5D=-1&content%5B6%5D= HTTP/1.1" 200 217 "http://imgame1.cf.ac.uk/s2_332_0" "Mozilla/5.0 (Windows NT 5.1) AppleWebKit/537.36 (KHTML, like Gecko) Chrome/49.0.2623.112 Safari/537.36"
152.66.175.237 - - [25/Apr/2016:10:49:58 +0100] "GET /webServices/step4/step4RunController.php?permissions=255&exptId=260&jType=1&s4jNo=64&messageType=step4storeRating&content%5B0%5D=&content%5B1%5D=haveResponse&content%5B2%5D=0&content%5B3%5D=interval2&content%5B4%5D=Halv%C3%A1ny+lila+g%C5%91z%C3%B6m+sincs.+Mindkettej%C3%BCk+%C3%A9rt+valamelyest+a+focis+%C3%A9s+k%C3%BCty%C3%BCs+k%C3%A9rd%C3%A9sekhez+is%2C+mindk%C3%A9t+v%C3%A1laszt+el+tudom+k%C3%A9pzelni.+A+v%C3%A1laszom+csak+nagyon+k%C3%A9rd%C5%91jeles%2C+a+k%C3%A9rd%C3%A9sek+nem+t%C3%BAl+j%C3%B3k+jelen+esetben+szerintem.&content%5B5%5D=0&content%5B6%5D=2&content%5B7%5D=17&content%5B8%5D=15&content%5B9%5D=-1&content%5B11%5D=&content%5B12%5D=&content%5B13%5D=&content%5B14%5D=12 HTTP/1.1" 200 2671 "http://imgame1.cf.ac.uk/s4_260_1_64" "Mozilla/5.0 (Windows NT 10.0; Win64; x64) AppleWebKit/537.36 (KHTML, like Gecko) Chrome/50.0.2661.87 Safari/537.36"
148.81.190.226 - - [25/Apr/2016:10:50:04 +0100] "GET /webServices/step2/step2RunController.php?permissions=255&messageType=storeStep2reply&exptId=332&jType=0&content%5B0%5D=1&content%5B1%5D=Nie%2520%252Cseks%2520analny%2520jest%2520to%2520tylko%2520dodatek%2520do%2520wsp%25C3%25B3%25C5%2582%25C5%25BCycia%2520w%2520zwiazku&content%5B2%5D=1&content%5B3%5D=10385&content%5B4%5D=0&content%5B5%5D=-1&content%5B6%5D= HTTP/1.1" 200 166 "http://imgame1.cf.ac.uk/s2_332_0" "Mozilla/5.0 (Windows NT 5.1) AppleWebKit/537.36 (KHTML, like Gecko) Chrome/43.0.2357.124 Safari/537.36"
148.81.190.226 - - [25/Apr/2016:10:50:41 +0100] "GET /webServices/step2/step2RunController.php?permissions=255&messageType=storeStep2reply&exptId=332&jType=0&content%5B0%5D=2&content%5B1%5D=Nie%2520nigdy%2520nie%2520zdarzy%25C5%2582o%2520mi%2520si%25C4%2599%2520fantazjowa%25C4%2587%2520o%2520znajomych.&content%5B2%5D=1&content%5B3%5D=10385&content%5B4%5D=0&content%5B5%5D=-1&content%5B6%5D= HTTP/1.1" 200 242 "http://imgame1.cf.ac.uk/s2_332_0" "Mozilla/5.0 (Windows NT 5.1) AppleWebKit/537.36 (KHTML, like Gecko) Chrome/43.0.2357.124 Safari/537.36"
152.66.175.237 - - [25/Apr/2016:10:52:08 +0100] "GET /webServices/step4/step4RunController.php?permissions=255&exptId=260&jType=1&s4jNo=64&messageType=step4storeRating&content%5B0%5D=&content%5B1%5D=haveResponse&content%5B2%5D=1&content%5B3%5D=interval4&content%5B4%5D=A+sz%C3%ADnlel%C5%91+nem+tudott+az+els%C5%91+k%C3%A9rd%C3%A9sre+konkr%C3%A9t+v%C3%A1laszt+adni.+Nem+ismeri+a+Counter+Strike+j%C3%A1t%C3%A9kot+%C3%A9s+a+smikes+k%C3%A9rd%C3%A9sre+a+v%C3%A1lasza+er%C5%91ltetett%2C+aki+nem+%C3%A9rt+hozz%C3%A1%2C+az+is+tiszt%C3%A1ban+van+vele%2C+hogy+t%C3%B6bbf%C3%A9le+smink+is+l%C3%A9tezik...&content%5B5%5D=1&content%5B6%5D=1&content%5B7%5D=18&content%5B8%5D=14&content%5B9%5D=-1&content%5B11%5D=&content%5B12%5D=&content%5B13%5D=&content%5B14%5D=8 HTTP/1.1" 200 82 "http://imgame1.cf.ac.uk/s4_260_1_64" "Mozilla/5.0 (Windows NT 10.0; Win64; x64) AppleWebKit/537.36 (KHTML, like Gecko) Chrome/50.0.2661.87 Safari/537.36"
152.66.175.237 - - [25/Apr/2016:10:52:08 +0100] "POST /sf_260_11_1_64 HTTP/1.1" 200 13414 "http://imgame1.cf.ac.uk/s4_260_1_64" "Mozilla/5.0 (Windows NT 10.0; Win64; x64) AppleWebKit/537.36 (KHTML, like Gecko) Chrome/50.0.2661.87 Safari/537.36"
148.81.190.226 - - [25/Apr/2016:10:52:08 +0100] "GET /webServices/step2/step2RunController.php?permissions=255&messageType=storeStep2reply&exptId=332&jType=0&content%5B0%5D=3&content%5B1%5D=My%25C5%259Ble%2520%252C%25C5%25BCe%2520tacy%2520ludzie%2520nie%2520maj%25C4%2585%2520nic%2520lepszego%2520do%2520robienia%2520i%2520poprostu%2520chc%25C4%2585%2520dyskryminowa%25C4%2587%2520mniejsz%25C4%2585%2520grup%25C4%2599%2520spo%25C5%2582eczn%25C4%2585&content%5B2%5D=1&content%5B3%5D=10385&content%5B4%5D=0&content%5B5%5D=-1&content%5B6%5D= HTTP/1.1" 200 138 "http://imgame1.cf.ac.uk/s2_332_0" "Mozilla/5.0 (Windows NT 5.1) AppleWebKit/537.36 (KHTML, like Gecko) Chrome/43.0.2357.124 Safari/537.36"
152.66.175.237 - - [25/Apr/2016:10:52:08 +0100] "GET /jquery-themes/imgame.min.css HTTP/1.1" 200 30735 "http://imgame1.cf.ac.uk/sf_260_11_1_64" "Mozilla/5.0 (Windows NT 10.0; Win64; x64) AppleWebKit/537.36 (KHTML, like Gecko) Chrome/50.0.2661.87 Safari/537.36"
152.66.175.237 - - [25/Apr/2016:10:52:09 +0100] "GET /jquery-mobile/jqmOverrides.css HTTP/1.1" 200 685 "http://imgame1.cf.ac.uk/sf_260_11_1_64" "Mozilla/5.0 (Windows NT 10.0; Win64; x64) AppleWebKit/537.36 (KHTML, like Gecko) Chrome/50.0.2661.87 Safari/537.36"
152.66.175.237 - - [25/Apr/2016:10:52:09 +0100] "GET /mobile-css/1024.css HTTP/1.1" 200 346 "http://imgame1.cf.ac.uk/sf_260_11_1_64" "Mozilla/5.0 (Windows NT 10.0; Win64; x64) AppleWebKit/537.36 (KHTML, like Gecko) Chrome/50.0.2661.87 Safari/537.36"
152.66.175.237 - - [25/Apr/2016:10:52:09 +0100] "GET /jquery-mobile/jquery.mobile.overrides.js HTTP/1.1" 200 355 "http://imgame1.cf.ac.uk/sf_260_11_1_64" "Mozilla/5.0 (Windows NT 10.0; Win64; x64) AppleWebKit/537.36 (KHTML, like Gecko) Chrome/50.0.2661.87 Safari/537.36"
152.66.175.237 - - [25/Apr/2016:10:52:09 +0100] "GET /jquery-mobile/page.modifiers.js HTTP/1.1" 200 527 "http://imgame1.cf.ac.uk/sf_260_11_1_64" "Mozilla/5.0 (Windows NT 10.0; Win64; x64) AppleWebKit/537.36 (KHTML, like Gecko) Chrome/50.0.2661.87 Safari/537.36"
152.66.175.237 - - [25/Apr/2016:10:52:09 +0100] "GET /js/ko/ko-mapping.js HTTP/1.1" 200 11106 "http://imgame1.cf.ac.uk/sf_260_11_1_64" "Mozilla/5.0 (Windows NT 10.0; Win64; x64) AppleWebKit/537.36 (KHTML, like Gecko) Chrome/50.0.2661.87 Safari/537.36"
152.66.175.237 - - [25/Apr/2016:10:52:09 +0100] "GET /jquery-mobile/jquery.mobile.structure-1.4.5.min.css HTTP/1.1" 200 68712 "http://imgame1.cf.ac.uk/sf_260_11_1_64" "Mozilla/5.0 (Windows NT 10.0; Win64; x64) AppleWebKit/537.36 (KHTML, like Gecko) Chrome/50.0.2661.87 Safari/537.36"
152.66.175.237 - - [25/Apr/2016:10:52:08 +0100] "GET /jquery-themes/jquery.mobile.icons.min.css HTTP/1.1" 200 127053 "http://imgame1.cf.ac.uk/sf_260_11_1_64" "Mozilla/5.0 (Windows NT 10.0; Win64; x64) AppleWebKit/537.36 (KHTML, like Gecko) Chrome/50.0.2661.87 Safari/537.36"
152.66.175.237 - - [25/Apr/2016:10:52:09 +0100] "GET /js/ko/knockout-3.3.0.js HTTP/1.1" 200 55956 "http://imgame1.cf.ac.uk/sf_260_11_1_64" "Mozilla/5.0 (Windows NT 10.0; Win64; x64) AppleWebKit/537.36 (KHTML, like Gecko) Chrome/50.0.2661.87 Safari/537.36"
152.66.175.237 - - [25/Apr/2016:10:52:09 +0100] "GET /js/forms/stepFormRuntime.js HTTP/1.1" 200 21132 "http://imgame1.cf.ac.uk/sf_260_11_1_64" "Mozilla/5.0 (Windows NT 10.0; Win64; x64) AppleWebKit/537.36 (KHTML, like Gecko) Chrome/50.0.2661.87 Safari/537.36"
152.66.175.237 - - [25/Apr/2016:10:52:09 +0100] "GET /jquery-mobile/jquery.mobile-1.4.5.min.js HTTP/1.1" 200 200143 "http://imgame1.cf.ac.uk/sf_260_11_1_64" "Mozilla/5.0 (Windows NT 10.0; Win64; x64) AppleWebKit/537.36 (KHTML, like Gecko) Chrome/50.0.2661.87 Safari/537.36"
152.66.175.237 - - [25/Apr/2016:10:52:10 +0100] "GET /jquery-themes/images/ajax-loader.gif HTTP/1.1" 200 6242 "http://imgame1.cf.ac.uk/jquery-themes/imgame.min.css" "Mozilla/5.0 (Windows NT 10.0; Win64; x64) AppleWebKit/537.36 (KHTML, like Gecko) Chrome/50.0.2661.87 Safari/537.36"
152.66.175.237 - - [25/Apr/2016:10:52:10 +0100] "GET /webServices/forms/stepFormRuntimeController.php?permissions=255&messageType=formSettings&exptId=260&formType=11&jType=1 HTTP/1.1" 200 388 "http://imgame1.cf.ac.uk/sf_260_11_1_64" "Mozilla/5.0 (Windows NT 10.0; Win64; x64) AppleWebKit/537.36 (KHTML, like Gecko) Chrome/50.0.2661.87 Safari/537.36"
152.66.175.237 - - [25/Apr/2016:10:52:10 +0100] "GET /webServices/admin/getStepFormAsJSON.php?permissions=255&exptId=260&formType=11&jType=1 HTTP/1.1" 200 45919 "http://imgame1.cf.ac.uk/sf_260_11_1_64" "Mozilla/5.0 (Windows NT 10.0; Win64; x64) AppleWebKit/537.36 (KHTML, like Gecko) Chrome/50.0.2661.87 Safari/537.36"
148.81.190.226 - - [25/Apr/2016:10:52:10 +0100] "GET /webServices/step2/step2RunController.php?permissions=255&messageType=storeStep2reply&exptId=332&jType=0&content%5B0%5D=0&content%5B1%5D=Zdecydowanie%2520pasywny.%2520To%2520uczucie%2520gdy%2520dominuje%2520nad%2520Tob%25C4%2585%2520inny%2520facet%2520jest%2520niesamowite.%250A&content%5B2%5D=1&content%5B3%5D=10406&content%5B4%5D=0&content%5B5%5D=-1&content%5B6%5D= HTTP/1.1" 200 115 "http://imgame1.cf.ac.uk/s2_332_0" "Mozilla/5.0 (Windows NT 5.1) AppleWebKit/537.36 (KHTML, like Gecko) Chrome/49.0.2623.112 Safari/537.36"
148.81.190.226 - - [25/Apr/2016:10:52:30 +0100] "GET /webServices/step2/step2RunController.php?permissions=255&messageType=storeStep2reply&exptId=332&jType=0&content%5B0%5D=1&content%5B1%5D=Czuj%25C4%2599%2520si%25C4%2599%2520bezpiecznie%252C%2520kochany.%2520W%2520seksie%2520oralnym%2520jak%2520i%2520analnym%2520wol%25C4%2599%2520bra%25C4%2587%2520dzi%25C4%2599ki%2520temu%2520czuj%25C4%2599%2520spe%25C5%2582nienie%2520jakie%2520odczuwa%2520m%25C3%25B3j%2520partner.&content%5B2%5D=1&content%5B3%5D=10405&content%5B4%5D=0&content%5B5%5D=-1&content%5B6%5D= HTTP/1.1" 200 183 "http://imgame1.cf.ac.uk/s2_332_0" "Mozilla/5.0 (Windows NT 5.1) AppleWebKit/537.36 (KHTML, like Gecko) Chrome/49.0.2623.112 Safari/537.36"
148.81.190.226 - - [25/Apr/2016:10:52:33 +0100] "GET /s2_332_0 HTTP/1.1" 200 2127 "-" "Mozilla/5.0 (Windows NT 5.1) AppleWebKit/537.36 (KHTML, like Gecko) Chrome/43.0.2357.130 Safari/537.36"
148.81.190.226 - - [25/Apr/2016:10:52:33 +0100] "GET /webServices/step2/step2RunController.php?permissions=255&messageType=step2Settings&exptId=332&jType=0&content%5B0%5D=-1 HTTP/1.1" 200 168 "http://imgame1.cf.ac.uk/s2_332_0" "Mozilla/5.0 (Windows NT 5.1) AppleWebKit/537.36 (KHTML, like Gecko) Chrome/43.0.2357.130 Safari/537.36"
148.81.190.226 - - [25/Apr/2016:10:52:33 +0100] "GET /webServices/step2/step2RunController.php?permissions=255&messageType=start&exptId=332&jType=0&content%5B0%5D=-1 HTTP/1.1" 200 154 "http://imgame1.cf.ac.uk/s2_332_0" "Mozilla/5.0 (Windows NT 5.1) AppleWebKit/537.36 (KHTML, like Gecko) Chrome/43.0.2357.130 Safari/537.36"
148.81.190.226 - - [25/Apr/2016:10:52:34 +0100] "GET /webServices/step2/step2RunController.php?permissions=255&messageType=storeStep2reply&exptId=332&jType=0&content%5B0%5D=1&content%5B1%5D=Doskonale%2520%252C%2520to%2520najbardziej%2520uzale%25C5%25BCniaj%25C4%2585cy%2520smak%2520na%2520%25C5%259Bwiecie.%250A&content%5B2%5D=1&content%5B3%5D=10406&content%5B4%5D=0&content%5B5%5D=-1&content%5B6%5D= HTTP/1.1" 200 228 "http://imgame1.cf.ac.uk/s2_332_0" "Mozilla/5.0 (Windows NT 5.1) AppleWebKit/537.36 (KHTML, like Gecko) Chrome/49.0.2623.112 Safari/537.36"
148.81.190.226 - - [25/Apr/2016:10:52:34 +0100] "GET /webServices/step2/step2RunController.php?permissions=255&messageType=storeStep2reply&exptId=332&jType=0&content%5B0%5D=1&content%5B1%5D=Doskonale%2520%252C%2520to%2520najbardziej%2520uzale%25C5%25BCniaj%25C4%2585cy%2520smak%2520na%2520%25C5%259Bwiecie.%250A&content%5B2%5D=1&content%5B3%5D=10406&content%5B4%5D=0&content%5B5%5D=-1&content%5B6%5D= HTTP/1.1" 200 228 "http://imgame1.cf.ac.uk/s2_332_0" "Mozilla/5.0 (Windows NT 5.1) AppleWebKit/537.36 (KHTML, like Gecko) Chrome/49.0.2623.112 Safari/537.36"
148.81.190.226 - - [25/Apr/2016:10:52:35 +0100] "GET /webServices/step2/step2RunController.php?permissions=255&messageType=getStep2Status&exptId=332&jType=0&content%5B0%5D=1&content%5B1%5D=10407&content%5B2%5D=2&content%5B3%5D=0 HTTP/1.1" 200 171 "http://imgame1.cf.ac.uk/s2_332_0" "Mozilla/5.0 (Windows NT 5.1) AppleWebKit/537.36 (KHTML, like Gecko) Chrome/43.0.2357.130 Safari/537.36"
148.81.190.226 - - [25/Apr/2016:10:52:36 +0100] "GET /webServices/step2/step2RunController.php?permissions=255&messageType=storeStep2reply&exptId=332&jType=0&content%5B0%5D=0&content%5B1%5D=Tak%252C%2520uwa%25C5%25BCam%252C%2520%25C5%25BCe%2520wpad%25C5%2582em%2520mu%2520w%2520oko&content%5B2%5D=1&content%5B3%5D=10400&content%5B4%5D=0&content%5B5%5D=-1&content%5B6%5D= HTTP/1.1" 200 154 "http://imgame1.cf.ac.uk/s2_332_0" "Mozilla/5.0 (Windows NT 5.1) AppleWebKit/537.36 (KHTML, like Gecko) Chrome/43.0.2357.124 Safari/537.36"
148.81.190.226 - - [25/Apr/2016:10:53:01 +0100] "GET /webServices/step2/step2RunController.php?permissions=255&messageType=storeStep2reply&exptId=332&jType=0&content%5B0%5D=1&content%5B1%5D=Tylko%2520%252C%2520je%25C5%25BCeli%2520obu%2520osob%25C4%2585%2520to%2520odpowiada-%2520nic%2520na%2520si%25C5%2582e%250A&content%5B2%5D=1&content%5B3%5D=10400&content%5B4%5D=0&content%5B5%5D=-1&content%5B6%5D= HTTP/1.1" 200 166 "http://imgame1.cf.ac.uk/s2_332_0" "Mozilla/5.0 (Windows NT 5.1) AppleWebKit/537.36 (KHTML, like Gecko) Chrome/43.0.2357.124 Safari/537.36"
148.81.190.226 - - [25/Apr/2016:10:53:17 +0100] "GET /webServices/step2/step2RunController.php?permissions=255&messageType=storeStep2reply&exptId=332&jType=0&content%5B0%5D=4&content%5B1%5D=czesto%2520slysze%2520te%2520okreslenie%2520wsrod%2520znajomych%2520gdy%2520caluje%2520sie%2520z%2520moim%2520partnerem&content%5B2%5D=1&content%5B3%5D=10385&content%5B4%5D=0&content%5B5%5D=-1&content%5B6%5D= HTTP/1.1" 200 190 "http://imgame1.cf.ac.uk/s2_332_0" "Mozilla/5.0 (Windows NT 5.1) AppleWebKit/537.36 (KHTML, like Gecko) Chrome/43.0.2357.124 Safari/537.36"
148.81.190.226 - - [25/Apr/2016:10:53:19 +0100] "GET /webServices/step2/step2RunController.php?permissions=255&messageType=storeStep2reply&exptId=332&jType=0&content%5B0%5D=2&content%5B1%5D=Oczywi%25C5%259Bcie%2520%252C%2520%25C5%25BCe%2520fantazjowa%25C5%2582em%252C%2520ale%2520wstyd%2520mi%2520o%2520tym%2520powiedzie%25C4%2587%250A&content%5B2%5D=1&content%5B3%5D=10400&content%5B4%5D=0&content%5B5%5D=-1&content%5B6%5D= HTTP/1.1" 200 242 "http://imgame1.cf.ac.uk/s2_332_0" "Mozilla/5.0 (Windows NT 5.1) AppleWebKit/537.36 (KHTML, like Gecko) Chrome/43.0.2357.124 Safari/537.36"
152.66.175.237 - - [25/Apr/2016:10:53:23 +0100] "POST /webServices/forms/storeStepFormResponses.php HTTP/1.1" 200 92 "http://imgame1.cf.ac.uk/sf_260_11_1_64" "Mozilla/5.0 (Windows NT 10.0; Win64; x64) AppleWebKit/537.36 (KHTML, like Gecko) Chrome/50.0.2661.87 Safari/537.36"
148.81.190.226 - - [25/Apr/2016:10:53:49 +0100] "GET /webServices/step2/step2RunController.php?permissions=255&messageType=storeStep2reply&exptId=332&jType=0&content%5B0%5D=2&content%5B1%5D=W%2520mojej%2520rodzinnej%2520miejscowo%25C5%259Bci%2520mia%25C5%2582y%2520miejsce%2520r%25C3%25B3%25C5%25BCne%2520nieprzyjemne%2520incydenty%252C%2520nawet%2520w%25C5%259Br%25C3%25B3d%2520bliskich%2520znajomych%252C%2520natomiast%2520po%2520przeprowadzce%2520do%2520du%25C5%25BCego%2520miasta%252C%2520dob%25C3%25B3r%2520nowych%2520znajomych%2520spowodowa%25C5%2582%2520%25C5%259Bwietne%2520relacje%2520ze%2520wszystkimi.&content%5B2%5D=1&content%5B3%5D=10405&content%5B4%5D=0&content%5B5%5D=-1&content%5B6%5D= HTTP/1.1" 200 165 "http://imgame1.cf.ac.uk/s2_332_0" "Mozilla/5.0 (Windows NT 5.1) AppleWebKit/537.36 (KHTML, like Gecko) Chrome/49.0.2623.112 Safari/537.36"
148.81.190.226 - - [25/Apr/2016:10:53:52 +0100] "GET /webServices/step2/step2RunController.php?permissions=255&messageType=storeStep2reply&exptId=332&jType=0&content%5B0%5D=3&content%5B1%5D=Tak%252C%2520uwa%25C5%25BCam%2520%252C%2520%25C5%25BCe%2520homofobi%2520w%2520ten%2520spos%25C3%25B3b%2520wypieraj%25C4%2585%2520my%25C5%259Bli%2520%252C%25C5%25BCe%2520mog%25C4%2585%2520by%25C4%2587%2520jednym%2520z%2520nas&content%5B2%5D=1&content%5B3%5D=10400&content%5B4%5D=0&content%5B5%5D=-1&content%5B6%5D= HTTP/1.1" 200 138 "http://imgame1.cf.ac.uk/s2_332_0" "Mozilla/5.0 (Windows NT 5.1) AppleWebKit/537.36 (KHTML, like Gecko) Chrome/43.0.2357.124 Safari/537.36"
148.81.190.226 - - [25/Apr/2016:10:54:11 +0100] "GET /webServices/step2/step2RunController.php?permissions=255&messageType=storeStep2reply&exptId=332&jType=0&content%5B0%5D=4&content%5B1%5D=Scene%2520w%2520gejowskim%2520porno&content%5B2%5D=1&content%5B3%5D=10400&content%5B4%5D=0&content%5B5%5D=-1&content%5B6%5D= HTTP/1.1" 200 190 "http://imgame1.cf.ac.uk/s2_332_0" "Mozilla/5.0 (Windows NT 5.1) AppleWebKit/537.36 (KHTML, like Gecko) Chrome/43.0.2357.124 Safari/537.36"
148.81.190.226 - - [25/Apr/2016:10:54:12 +0100] "GET /webServices/step2/step2RunController.php?permissions=255&messageType=storeStep2reply&exptId=332&jType=0&content%5B0%5D=4&content%5B1%5D=Scene%2520w%2520gejowskim%2520porno&content%5B2%5D=1&content%5B3%5D=10400&content%5B4%5D=0&content%5B5%5D=-1&content%5B6%5D= HTTP/1.1" 200 190 "http://imgame1.cf.ac.uk/s2_332_0" "Mozilla/5.0 (Windows NT 5.1) AppleWebKit/537.36 (KHTML, like Gecko) Chrome/43.0.2357.124 Safari/537.36"
148.81.190.226 - - [25/Apr/2016:10:54:29 +0100] "GET /webServices/step2/step2RunController.php?permissions=255&messageType=storeStep2reply&exptId=332&jType=0&content%5B0%5D=2&content%5B1%5D=Mia%25C5%2582em%2520wtedy%252013%2520lat.%2520Po%2520imprezie%2520suto%2520zakrapianej%2520alkoholem%2520%252C%2520odkry%25C5%2582em%2520swoj%25C4%2585%2520prawidziw%25C4%2585%2520orientacj%25C4%2599.%2520Rano%2520powiedzia%25C5%2582em%2520o%2520wszystkim%2520matce.%2520Wychowana%2520w%2520zupe%25C5%2582nie%2520innych%2520realiach%2520nie%2520rozumia%25C5%2582a%2520mnie%2520i%2520my%25C5%259Bla%25C5%2582a%2520%252C%25C5%25BCe%2520to%2520jakie%25C5%259B%2520%2522chore%2522%2520wymys%25C5%2582y.%2520Jednak%2520z%2520czasem%2520zar%25C3%25B3wno%2520matka%2520jak%2520i%2520ojciec%2520zaakceptowali%2520moj%25C4%2585%2520osobowo%25C5%259B%25C4%2587.%250A&content%5B2%5D=1&content%5B3%5D=10406&content%5B4%5D=0&content%5B5%5D=-1&content%5B6%5D= HTTP/1.1" 200 204 "http://imgame1.cf.ac.uk/s2_332_0" "Mozilla/5.0 (Windows NT 5.1) AppleWebKit/537.36 (KHTML, like Gecko) Chrome/49.0.2623.112 Safari/537.36"
148.81.190.226 - - [25/Apr/2016:10:54:41 +0100] "GET /webServices/step2/step2RunController.php?permissions=255&messageType=storeStep2reply&exptId=332&jType=0&content%5B0%5D=5&content%5B1%5D=mysle%2520ze%2520osoby%2520moga%2520tak%2520uwaza%25C4%2587%2520z%2520powodu%2520roznych%2520uniwersalnych%2520kreacji%2520tych%2520artystow&content%5B2%5D=1&content%5B3%5D=10385&content%5B4%5D=0&content%5B5%5D=-1&content%5B6%5D= HTTP/1.1" 200 344 "http://imgame1.cf.ac.uk/s2_332_0" "Mozilla/5.0 (Windows NT 5.1) AppleWebKit/537.36 (KHTML, like Gecko) Chrome/43.0.2357.124 Safari/537.36"
148.81.190.226 - - [25/Apr/2016:10:54:44 +0100] "GET /webServices/step2/step2RunController.php?permissions=255&messageType=storeStep2reply&exptId=332&jType=0&content%5B0%5D=3&content%5B1%5D=Nie.%2520Razem%2520z%2520moim%2520wieloletnim%2520partnerem%2520lubimy%2520seks%2520tradycyjny&content%5B2%5D=1&content%5B3%5D=10405&content%5B4%5D=0&content%5B5%5D=-1&content%5B6%5D= HTTP/1.1" 200 170 "http://imgame1.cf.ac.uk/s2_332_0" "Mozilla/5.0 (Windows NT 5.1) AppleWebKit/537.36 (KHTML, like Gecko) Chrome/49.0.2623.112 Safari/537.36"
148.81.190.226 - - [25/Apr/2016:10:54:57 +0100] "GET /webServices/step2/step2RunController.php?permissions=255&messageType=storeStep2reply&exptId=332&jType=0&content%5B0%5D=5&content%5B1%5D=Poniewa%25C5%25BC%2520%252C%2520ich%2520show%2520jest%2520nietypowe%2520i%2520wyzywaj%25C4%2585ce%252C%2520ma%2520to%2520zwi%25C4%2585zek%2520z%2520tym%2520%252C%2520%25C5%25BCe%2520parady%2520gejowskie%2520wygl%25C4%2585daj%25C4%2585%2520podobnie&content%5B2%5D=1&content%5B3%5D=10400&content%5B4%5D=0&content%5B5%5D=-1&content%5B6%5D= HTTP/1.1" 200 344 "http://imgame1.cf.ac.uk/s2_332_0" "Mozilla/5.0 (Windows NT 5.1) AppleWebKit/537.36 (KHTML, like Gecko) Chrome/43.0.2357.124 Safari/537.36"
176.63.2.99 - - [25/Apr/2016:10:55:04 +0100] "GET /s4_260_1_54 HTTP/1.1" 200 2465 "-" "Mozilla/5.0 (X11; Ubuntu; Linux x86_64; rv:42.0) Gecko/20100101 Firefox/42.0"
176.63.2.99 - - [25/Apr/2016:10:55:04 +0100] "GET /css/0-479.css HTTP/1.1" 200 1290 "http://imgame1.cf.ac.uk/s4_260_1_54" "Mozilla/5.0 (X11; Ubuntu; Linux x86_64; rv:42.0) Gecko/20100101 Firefox/42.0"
176.63.2.99 - - [25/Apr/2016:10:55:04 +0100] "GET /css/1024.css HTTP/1.1" 200 1308 "http://imgame1.cf.ac.uk/s4_260_1_54" "Mozilla/5.0 (X11; Ubuntu; Linux x86_64; rv:42.0) Gecko/20100101 Firefox/42.0"
176.63.2.99 - - [25/Apr/2016:10:55:04 +0100] "GET /css/480.css HTTP/1.1" 200 1750 "http://imgame1.cf.ac.uk/s4_260_1_54" "Mozilla/5.0 (X11; Ubuntu; Linux x86_64; rv:42.0) Gecko/20100101 Firefox/42.0"
176.63.2.99 - - [25/Apr/2016:10:55:04 +0100] "GET /css/481-1023.css HTTP/1.1" 200 1716 "http://imgame1.cf.ac.uk/s4_260_1_54" "Mozilla/5.0 (X11; Ubuntu; Linux x86_64; rv:42.0) Gecko/20100101 Firefox/42.0"
176.63.2.99 - - [25/Apr/2016:10:55:04 +0100] "GET /css/basic.css HTTP/1.1" 200 56434 "http://imgame1.cf.ac.uk/s4_260_1_54" "Mozilla/5.0 (X11; Ubuntu; Linux x86_64; rv:42.0) Gecko/20100101 Firefox/42.0"
176.63.2.99 - - [25/Apr/2016:10:55:05 +0100] "GET /images/tabNumberOne.gif HTTP/1.1" 200 402 "http://imgame1.cf.ac.uk/css/basic.css" "Mozilla/5.0 (X11; Ubuntu; Linux x86_64; rv:42.0) Gecko/20100101 Firefox/42.0"
176.63.2.99 - - [25/Apr/2016:10:55:05 +0100] "GET /js/step4/step4RunController.js HTTP/1.1" 200 23185 "http://imgame1.cf.ac.uk/s4_260_1_54" "Mozilla/5.0 (X11; Ubuntu; Linux x86_64; rv:42.0) Gecko/20100101 Firefox/42.0"
176.63.2.99 - - [25/Apr/2016:10:55:05 +0100] "GET /jquery/jquery-2.1.3.min.js HTTP/1.1" 200 84320 "http://imgame1.cf.ac.uk/s4_260_1_54" "Mozilla/5.0 (X11; Ubuntu; Linux x86_64; rv:42.0) Gecko/20100101 Firefox/42.0"
176.63.2.99 - - [25/Apr/2016:10:55:05 +0100] "GET /jquery-ui-1.11.1/jquery-ui.min.js HTTP/1.1" 200 238314 "http://imgame1.cf.ac.uk/s4_260_1_54" "Mozilla/5.0 (X11; Ubuntu; Linux x86_64; rv:42.0) Gecko/20100101 Firefox/42.0"
176.63.2.99 - - [25/Apr/2016:10:55:05 +0100] "GET /favicon.ico HTTP/1.1" 200 1150 "-" "Mozilla/5.0 (X11; Ubuntu; Linux x86_64; rv:42.0) Gecko/20100101 Firefox/42.0"
176.63.2.99 - - [25/Apr/2016:10:55:06 +0100] "GET /webServices/step4/step4RunController.php?permissions=255&exptId=260&jType=1&s4jNo=54&messageType=step4RunConnect&content%5B0%5D= HTTP/1.1" 200 2139 "http://imgame1.cf.ac.uk/s4_260_1_54" "Mozilla/5.0 (X11; Ubuntu; Linux x86_64; rv:42.0) Gecko/20100101 Firefox/42.0"
176.63.2.99 - - [25/Apr/2016:10:55:06 +0100] "GET /webServices/step4/step4RunController.php?permissions=255&exptId=260&jType=1&s4jNo=54&messageType=ratingParams&content%5B0%5D= HTTP/1.1" 200 460 "http://imgame1.cf.ac.uk/s4_260_1_54" "Mozilla/5.0 (X11; Ubuntu; Linux x86_64; rv:42.0) Gecko/20100101 Firefox/42.0"
176.63.2.99 - - [25/Apr/2016:10:55:06 +0100] "GET /webServices/step4/step4RunController.php?permissions=255&exptId=260&jType=1&s4jNo=54&messageType=startPage&content%5B0%5D= HTTP/1.1" 200 60 "http://imgame1.cf.ac.uk/s4_260_1_54" "Mozilla/5.0 (X11; Ubuntu; Linux x86_64; rv:42.0) Gecko/20100101 Firefox/42.0"
176.63.2.99 - - [25/Apr/2016:10:55:07 +0100] "GET /webServices/step4/step4RunController.php?permissions=255&exptId=260&jType=1&s4jNo=54&messageType=nextPage&content%5B0%5D= HTTP/1.1" 200 4957 "http://imgame1.cf.ac.uk/s4_260_1_54" "Mozilla/5.0 (X11; Ubuntu; Linux x86_64; rv:42.0) Gecko/20100101 Firefox/42.0"
148.81.190.226 - - [25/Apr/2016:10:55:07 +0100] "GET /webServices/step2/step2RunController.php?permissions=255&messageType=storeStep2reply&exptId=332&jType=0&content%5B0%5D=3&content%5B1%5D=Johny%2520Depp...%2520ummm%2520te%2520ko%25C5%259Bci%2520policzkowe.%2520By%25C5%2582by%2520doskona%25C5%2582ym%2520partnerem%2520zar%25C3%25B3wno%2520seksualnym%2520jak%2520i%2520%25C5%25BCyciowym.%2520&content%5B2%5D=1&content%5B3%5D=10406&content%5B4%5D=0&content%5B5%5D=-1&content%5B6%5D= HTTP/1.1" 200 172 "http://imgame1.cf.ac.uk/s2_332_0" "Mozilla/5.0 (Windows NT 5.1) AppleWebKit/537.36 (KHTML, like Gecko) Chrome/49.0.2623.112 Safari/537.36"
148.81.190.226 - - [25/Apr/2016:10:55:07 +0100] "GET /webServices/step2/step2RunController.php?permissions=255&messageType=storeStep2reply&exptId=332&jType=0&content%5B0%5D=3&content%5B1%5D=Johny%2520Depp...%2520ummm%2520te%2520ko%25C5%259Bci%2520policzkowe.%2520By%25C5%2582by%2520doskona%25C5%2582ym%2520partnerem%2520zar%25C3%25B3wno%2520seksualnym%2520jak%2520i%2520%25C5%25BCyciowym.%2520&content%5B2%5D=1&content%5B3%5D=10406&content%5B4%5D=0&content%5B5%5D=-1&content%5B6%5D= HTTP/1.1" 200 172 "http://imgame1.cf.ac.uk/s2_332_0" "Mozilla/5.0 (Windows NT 5.1) AppleWebKit/537.36 (KHTML, like Gecko) Chrome/49.0.2623.112 Safari/537.36"
176.63.2.99 - - [25/Apr/2016:10:55:07 +0100] "GET /images/tabStatusYourTurn.png HTTP/1.1" 200 324 "http://imgame1.cf.ac.uk/css/basic.css" "Mozilla/5.0 (X11; Ubuntu; Linux x86_64; rv:42.0) Gecko/20100101 Firefox/42.0"
176.63.2.99 - - [25/Apr/2016:10:55:07 +0100] "GET /images/slideBar.gif HTTP/1.1" 200 428 "http://imgame1.cf.ac.uk/css/basic.css" "Mozilla/5.0 (X11; Ubuntu; Linux x86_64; rv:42.0) Gecko/20100101 Firefox/42.0"
176.63.2.99 - - [25/Apr/2016:10:55:07 +0100] "GET /images/slidePointer.png HTTP/1.1" 200 1032 "http://imgame1.cf.ac.uk/css/basic.css" "Mozilla/5.0 (X11; Ubuntu; Linux x86_64; rv:42.0) Gecko/20100101 Firefox/42.0"
176.63.2.99 - - [25/Apr/2016:10:55:07 +0100] "GET /images/judgementBubble.gif HTTP/1.1" 200 14504 "http://imgame1.cf.ac.uk/css/basic.css" "Mozilla/5.0 (X11; Ubuntu; Linux x86_64; rv:42.0) Gecko/20100101 Firefox/42.0"
176.63.2.99 - - [25/Apr/2016:10:55:07 +0100] "GET /images/judgementBubbleTip.gif HTTP/1.1" 200 3229 "http://imgame1.cf.ac.uk/css/basic.css" "Mozilla/5.0 (X11; Ubuntu; Linux x86_64; rv:42.0) Gecko/20100101 Firefox/42.0"
176.63.2.99 - - [25/Apr/2016:10:55:07 +0100] "GET /images/slideInterval.gif HTTP/1.1" 200 308 "http://imgame1.cf.ac.uk/css/basic.css" "Mozilla/5.0 (X11; Ubuntu; Linux x86_64; rv:42.0) Gecko/20100101 Firefox/42.0"
148.81.190.226 - - [25/Apr/2016:10:55:29 +0100] "GET /webServices/step2/step2RunController.php?permissions=255&messageType=storeStep2reply&exptId=332&jType=0&content%5B0%5D=6&content%5B1%5D=Uwa%25C5%25BCam%2520%252C%2520%25C5%25BCe%2520homoseksualizm%2520to%2520jedno%2520%252C%2520a%2520trans%2520to%2520inna%2520sprawa&content%5B2%5D=1&content%5B3%5D=10400&content%5B4%5D=0&content%5B5%5D=-1&content%5B6%5D= HTTP/1.1" 200 245 "http://imgame1.cf.ac.uk/s2_332_0" "Mozilla/5.0 (Windows NT 5.1) AppleWebKit/537.36 (KHTML, like Gecko) Chrome/43.0.2357.124 Safari/537.36"
