176.63.1.123 - - [24/Apr/2016:12:53:16 +0100] "GET /webServices/step4/step4RunController.php?permissions=255&exptId=260&jType=1&s4jNo=41&messageType=step4storeRating&content%5B0%5D=&content%5B1%5D=haveResponse&content%5B2%5D=0&content%5B3%5D=interval3&content%5B4%5D=Ez+a+j%C3%A1t%C3%A9kos+j%C3%B3%2C+hihet%C5%91+v%C3%A1laszokat+adott.+Itt+a+seg%C3%ADts%C3%A9get+f%C5%91k%C3%A9nt+a+nem+sz%C3%ADnlel%C5%91+v%C3%A1laszok+jelentett%C3%A9k%2C+amik+viszont+t%C3%BAl+f%C3%A9rfi+v%C3%A1laszok+voltak%2C+ahhoz%2C+hogy+sz%C3%ADnleltek+legyenek.&content%5B5%5D=1&content%5B6%5D=1&content%5B7%5D=12&content%5B8%5D=2&content%5B9%5D=-1&content%5B11%5D=&content%5B12%5D=&content%5B13%5D=&content%5B14%5D=9 HTTP/1.1" 200 2939 "http://imgame1.cf.ac.uk/s4_260_1_41" "Mozilla/5.0 (Windows NT 10.0; WOW64) AppleWebKit/537.36 (KHTML, like Gecko) Chrome/49.0.2623.112 Safari/537.36"
78.131.116.120 - - [24/Apr/2016:12:54:48 +0100] "GET /webServices/step4/step4RunController.php?permissions=255&exptId=260&jType=1&s4jNo=62&messageType=step4storeRating&content%5B0%5D=&content%5B1%5D=haveResponse&content%5B2%5D=1&content%5B3%5D=interval4&content%5B4%5D=Itt+a+jobb+oldali+j%C3%A1t%C3%A9kos+a+sz%C3%ADnlel%C5%91.+Ez+egy+nehezebb+d%C3%B6nt%C3%A9s+volt%2C+de+itt+is+a+k%C3%A9rd%C3%A9sekre+adott+v%C3%A1laszok+r%C3%A9szletess%C3%A9ge+%C3%A1rulta+el+a+sz%C3%ADnlel%C5%91t.+A+l%C3%A1nyok+%C3%A1ltal%C3%A1ban+r%C3%A9szletesebben+v%C3%A1laszolnak%2C+%C3%A9s+szeretnek+magukr%C3%B3l+%C3%ADrni%2Fbesz%C3%A9lni%3A+itt+is+ez+t%C3%B6rt%C3%A9nik.+Az+els%C5%91+p%C3%A1rkapcsolatos+k%C3%A9rd%C3%A9s+el%C3%A9gg%C3%A9+%C3%A1rulkod%C3%B3+volt%2C+egy+fi%C3%BA+ilyet+nem+%C3%ADrna+ide.+A+sport%C5%B1z%C3%A9ses+k%C3%A9rd%C3%A9s+is+el%C3%A9g+nyilv%C3%A1nval%C3%B3+volt%2C+ott+el%C3%A1rulta+mag%C3%A1t%2C+el%C3%A9gg%C3%A9+er%C5%91lk%C3%B6d%C3%B6tt+a+r%C3%A9szletes+v%C3%A1laszad%C3%A1son+%C3%A9s+ezzel+%C3%A1rulta+el+mag%C3%A1t.+%22Ha+esetleg+%C3%A9l%C5%91be+n%C3%A9zek%2C+szurkolok+egy+meccsen%2C+akkor+j%C3%B3+kiadni%2C+kikiab%C3%A1lni+a+d%C3%BCht%22-+ez+is+egy+sztereot%C3%ADpia%2C+nem+minden+focirajong%C3%B3+%C5%91rj%C3%B6ngeni+megy+a+meccsekre%2C+aki+meg+igen+az+nem+%C3%ADgy+fejezi+ki+mag%C3%A1t.+&content%5B5%5D=0&content%5B6%5D=1&content%5B7%5D=4&content%5B8%5D=15&content%5B9%5D=-1&content%5B11%5D=&content%5B12%5D=&content%5B13%5D=&content%5B14%5D=0 HTTP/1.1" 200 3960 "http://imgame1.cf.ac.uk/s4_260_1_62" "Mozilla/5.0 (Windows NT 6.1; WOW64) AppleWebKit/537.36 (KHTML, like Gecko) Chrome/49.0.2623.112 Safari/537.36"
152.66.233.146 - - [24/Apr/2016:12:55:45 +0100] "GET /webServices/step4/step4RunController.php?permissions=255&exptId=260&jType=0&s4jNo=73&messageType=step4storeRating&content%5B0%5D=&content%5B1%5D=haveResponse&content%5B2%5D=1&content%5B3%5D=interval2&content%5B4%5D=Az+els%C5%91+k%C3%A9rd%C3%A9sekn%C3%A9l+adott+v%C3%A1lasz+miatt+gondolom%2C+hogy+az+1.+v%C3%A1laszad%C3%B3+a+n%C5%91%2C+j%C3%B3val+r%C3%A9szletesebb+le%C3%ADr%C3%A1st+adott+a+k%C3%A9rd%C3%A9sekre.+A+%22mi+akart%C3%A1l+lenni+kiskorodban%22+k%C3%A9rd%C3%A9sn%C3%A9l+is+a+kuk%C3%A1s+%C3%A1ltal%C3%A1ban+a+fi%C3%BAk+v%C3%A1lasza+szokott+lenni+szerintem.&content%5B5%5D=0&content%5B6%5D=2&content%5B7%5D=8&content%5B8%5D=21&content%5B9%5D=-1&content%5B11%5D=&content%5B12%5D=&content%5B13%5D=&content%5B14%5D=20 HTTP/1.1" 200 4176 "http://imgame1.cf.ac.uk/s4_260_0_73" "Mozilla/5.0 (Windows NT 6.3; WOW64) AppleWebKit/537.36 (KHTML, like Gecko) Chrome/49.0.2623.112 Safari/537.36"
152.66.233.92 - - [24/Apr/2016:12:56:21 +0100] "GET /webServices/step4/step4RunController.php?permissions=255&exptId=260&jType=1&s4jNo=45&messageType=step4storeRating&content%5B0%5D=&content%5B1%5D=haveResponse&content%5B2%5D=1&content%5B3%5D=interval2&content%5B4%5D=Nem+vagyok+biztos%2C+el%C3%A9g+j%C3%B3l+v%C3%A1laszoltak+mind+ketten.+Az+%C3%A1ltalam+sz%C3%ADnlel%C5%91nek+v%C3%A9lt+feleslegesen+sz%C3%B3ba+hozza+a+Real-t.+A+val%C3%B3di+j%C3%A1t%C3%A9kos+val%C3%B3sz%C3%ADr%C5%B1en+nem+eml%C3%A9kszik+az+els%C5%91+erekci%C3%B3j%C3%A1ra+(ki+eml%C3%A9kszik%3F)%2C+ez%C3%A9rt+d%C3%B6nt%C3%B6ttem+ink%C3%A1bb+%C3%ADgy.&content%5B5%5D=0&content%5B6%5D=1&content%5B7%5D=17&content%5B8%5D=5&content%5B9%5D=-1&content%5B11%5D=&content%5B12%5D=&content%5B13%5D=&content%5B14%5D=8 HTTP/1.1" 200 82 "http://imgame1.cf.ac.uk/s4_260_1_45" "Mozilla/5.0 (Windows NT 10.0; WOW64) AppleWebKit/537.36 (KHTML, like Gecko) Chrome/49.0.2623.112 Safari/537.36"
152.66.233.92 - - [24/Apr/2016:12:56:21 +0100] "POST /sf_260_11_1_45 HTTP/1.1" 200 13414 "http://imgame1.cf.ac.uk/s4_260_1_45" "Mozilla/5.0 (Windows NT 10.0; WOW64) AppleWebKit/537.36 (KHTML, like Gecko) Chrome/49.0.2623.112 Safari/537.36"
152.66.233.92 - - [24/Apr/2016:12:56:21 +0100] "GET /jquery-themes/imgame.min.css HTTP/1.1" 200 30735 "http://imgame1.cf.ac.uk/sf_260_11_1_45" "Mozilla/5.0 (Windows NT 10.0; WOW64) AppleWebKit/537.36 (KHTML, like Gecko) Chrome/49.0.2623.112 Safari/537.36"
152.66.233.92 - - [24/Apr/2016:12:56:21 +0100] "GET /jquery-mobile/jqmOverrides.css HTTP/1.1" 200 685 "http://imgame1.cf.ac.uk/sf_260_11_1_45" "Mozilla/5.0 (Windows NT 10.0; WOW64) AppleWebKit/537.36 (KHTML, like Gecko) Chrome/49.0.2623.112 Safari/537.36"
152.66.233.92 - - [24/Apr/2016:12:56:21 +0100] "GET /mobile-css/1024.css HTTP/1.1" 200 346 "http://imgame1.cf.ac.uk/sf_260_11_1_45" "Mozilla/5.0 (Windows NT 10.0; WOW64) AppleWebKit/537.36 (KHTML, like Gecko) Chrome/49.0.2623.112 Safari/537.36"
152.66.233.92 - - [24/Apr/2016:12:56:21 +0100] "GET /jquery-mobile/jquery.mobile.overrides.js HTTP/1.1" 200 355 "http://imgame1.cf.ac.uk/sf_260_11_1_45" "Mozilla/5.0 (Windows NT 10.0; WOW64) AppleWebKit/537.36 (KHTML, like Gecko) Chrome/49.0.2623.112 Safari/537.36"
152.66.233.92 - - [24/Apr/2016:12:56:21 +0100] "GET /jquery-mobile/page.modifiers.js HTTP/1.1" 200 527 "http://imgame1.cf.ac.uk/sf_260_11_1_45" "Mozilla/5.0 (Windows NT 10.0; WOW64) AppleWebKit/537.36 (KHTML, like Gecko) Chrome/49.0.2623.112 Safari/537.36"
152.66.233.92 - - [24/Apr/2016:12:56:21 +0100] "GET /js/ko/ko-mapping.js HTTP/1.1" 200 11106 "http://imgame1.cf.ac.uk/sf_260_11_1_45" "Mozilla/5.0 (Windows NT 10.0; WOW64) AppleWebKit/537.36 (KHTML, like Gecko) Chrome/49.0.2623.112 Safari/537.36"
152.66.233.92 - - [24/Apr/2016:12:56:21 +0100] "GET /jquery-mobile/jquery.mobile.structure-1.4.5.min.css HTTP/1.1" 200 68712 "http://imgame1.cf.ac.uk/sf_260_11_1_45" "Mozilla/5.0 (Windows NT 10.0; WOW64) AppleWebKit/537.36 (KHTML, like Gecko) Chrome/49.0.2623.112 Safari/537.36"
152.66.233.92 - - [24/Apr/2016:12:56:21 +0100] "GET /js/ko/knockout-3.3.0.js HTTP/1.1" 200 55956 "http://imgame1.cf.ac.uk/sf_260_11_1_45" "Mozilla/5.0 (Windows NT 10.0; WOW64) AppleWebKit/537.36 (KHTML, like Gecko) Chrome/49.0.2623.112 Safari/537.36"
152.66.233.92 - - [24/Apr/2016:12:56:21 +0100] "GET /jquery-themes/jquery.mobile.icons.min.css HTTP/1.1" 200 127053 "http://imgame1.cf.ac.uk/sf_260_11_1_45" "Mozilla/5.0 (Windows NT 10.0; WOW64) AppleWebKit/537.36 (KHTML, like Gecko) Chrome/49.0.2623.112 Safari/537.36"
152.66.233.92 - - [24/Apr/2016:12:56:21 +0100] "GET /js/forms/stepFormRuntime.js HTTP/1.1" 200 21132 "http://imgame1.cf.ac.uk/sf_260_11_1_45" "Mozilla/5.0 (Windows NT 10.0; WOW64) AppleWebKit/537.36 (KHTML, like Gecko) Chrome/49.0.2623.112 Safari/537.36"
152.66.233.92 - - [24/Apr/2016:12:56:21 +0100] "GET /jquery-mobile/jquery.mobile-1.4.5.min.js HTTP/1.1" 200 200143 "http://imgame1.cf.ac.uk/sf_260_11_1_45" "Mozilla/5.0 (Windows NT 10.0; WOW64) AppleWebKit/537.36 (KHTML, like Gecko) Chrome/49.0.2623.112 Safari/537.36"
152.66.233.92 - - [24/Apr/2016:12:56:22 +0100] "GET /jquery-themes/images/ajax-loader.gif HTTP/1.1" 200 6242 "http://imgame1.cf.ac.uk/jquery-themes/imgame.min.css" "Mozilla/5.0 (Windows NT 10.0; WOW64) AppleWebKit/537.36 (KHTML, like Gecko) Chrome/49.0.2623.112 Safari/537.36"
152.66.233.92 - - [24/Apr/2016:12:56:22 +0100] "GET /webServices/forms/stepFormRuntimeController.php?permissions=255&messageType=formSettings&exptId=260&formType=11&jType=1 HTTP/1.1" 200 388 "http://imgame1.cf.ac.uk/sf_260_11_1_45" "Mozilla/5.0 (Windows NT 10.0; WOW64) AppleWebKit/537.36 (KHTML, like Gecko) Chrome/49.0.2623.112 Safari/537.36"
152.66.233.92 - - [24/Apr/2016:12:56:22 +0100] "GET /webServices/admin/getStepFormAsJSON.php?permissions=255&exptId=260&formType=11&jType=1 HTTP/1.1" 200 45919 "http://imgame1.cf.ac.uk/sf_260_11_1_45" "Mozilla/5.0 (Windows NT 10.0; WOW64) AppleWebKit/537.36 (KHTML, like Gecko) Chrome/49.0.2623.112 Safari/537.36"
176.77.128.202 - - [24/Apr/2016:12:57:22 +0100] "GET /s4_260_1_53 HTTP/1.1" 200 2465 "-" "Mozilla/5.0 (Linux; Android 4.4.2; LG-D315 Build/KOT49I.A1397692371) AppleWebKit/537.36 (KHTML, like Gecko) Chrome/49.0.2623.105 Mobile Safari/537.36"
176.77.128.202 - - [24/Apr/2016:12:57:23 +0100] "GET /css/481-1023.css HTTP/1.1" 200 1716 "http://imgame1.cf.ac.uk/s4_260_1_53" "Mozilla/5.0 (Linux; Android 4.4.2; LG-D315 Build/KOT49I.A1397692371) AppleWebKit/537.36 (KHTML, like Gecko) Chrome/49.0.2623.105 Mobile Safari/537.36"
176.77.128.202 - - [24/Apr/2016:12:57:23 +0100] "GET /css/basic.css HTTP/1.1" 200 56434 "http://imgame1.cf.ac.uk/s4_260_1_53" "Mozilla/5.0 (Linux; Android 4.4.2; LG-D315 Build/KOT49I.A1397692371) AppleWebKit/537.36 (KHTML, like Gecko) Chrome/49.0.2623.105 Mobile Safari/537.36"
176.77.128.202 - - [24/Apr/2016:12:57:23 +0100] "GET /jquery/jquery-2.1.3.min.js HTTP/1.1" 200 84320 "http://imgame1.cf.ac.uk/s4_260_1_53" "Mozilla/5.0 (Linux; Android 4.4.2; LG-D315 Build/KOT49I.A1397692371) AppleWebKit/537.36 (KHTML, like Gecko) Chrome/49.0.2623.105 Mobile Safari/537.36"
176.77.128.202 - - [24/Apr/2016:12:57:23 +0100] "GET /js/step4/step4RunController.js HTTP/1.1" 200 23185 "http://imgame1.cf.ac.uk/s4_260_1_53" "Mozilla/5.0 (Linux; Android 4.4.2; LG-D315 Build/KOT49I.A1397692371) AppleWebKit/537.36 (KHTML, like Gecko) Chrome/49.0.2623.105 Mobile Safari/537.36"
176.77.128.202 - - [24/Apr/2016:12:57:23 +0100] "GET /css/0-479.css HTTP/1.1" 200 1290 "http://imgame1.cf.ac.uk/s4_260_1_53" "Mozilla/5.0 (Linux; Android 4.4.2; LG-D315 Build/KOT49I.A1397692371) AppleWebKit/537.36 (KHTML, like Gecko) Chrome/49.0.2623.105 Mobile Safari/537.36"
176.77.128.202 - - [24/Apr/2016:12:57:23 +0100] "GET /css/480.css HTTP/1.1" 200 1750 "http://imgame1.cf.ac.uk/s4_260_1_53" "Mozilla/5.0 (Linux; Android 4.4.2; LG-D315 Build/KOT49I.A1397692371) AppleWebKit/537.36 (KHTML, like Gecko) Chrome/49.0.2623.105 Mobile Safari/537.36"
176.77.128.202 - - [24/Apr/2016:12:57:23 +0100] "GET /css/1024.css HTTP/1.1" 200 1308 "http://imgame1.cf.ac.uk/s4_260_1_53" "Mozilla/5.0 (Linux; Android 4.4.2; LG-D315 Build/KOT49I.A1397692371) AppleWebKit/537.36 (KHTML, like Gecko) Chrome/49.0.2623.105 Mobile Safari/537.36"
176.77.128.202 - - [24/Apr/2016:12:57:23 +0100] "GET /images/tabNumberOne.gif HTTP/1.1" 200 402 "http://imgame1.cf.ac.uk/css/basic.css" "Mozilla/5.0 (Linux; Android 4.4.2; LG-D315 Build/KOT49I.A1397692371) AppleWebKit/537.36 (KHTML, like Gecko) Chrome/49.0.2623.105 Mobile Safari/537.36"
176.77.128.202 - - [24/Apr/2016:12:57:23 +0100] "GET /jquery-ui-1.11.1/jquery-ui.min.js HTTP/1.1" 200 238314 "http://imgame1.cf.ac.uk/s4_260_1_53" "Mozilla/5.0 (Linux; Android 4.4.2; LG-D315 Build/KOT49I.A1397692371) AppleWebKit/537.36 (KHTML, like Gecko) Chrome/49.0.2623.105 Mobile Safari/537.36"
176.77.128.202 - - [24/Apr/2016:12:57:24 +0100] "GET /favicon.ico HTTP/1.1" 200 1150 "http://imgame1.cf.ac.uk/s4_260_1_53" "Mozilla/5.0 (Linux; Android 4.4.2; LG-D315 Build/KOT49I.A1397692371) AppleWebKit/537.36 (KHTML, like Gecko) Chrome/49.0.2623.105 Mobile Safari/537.36"
176.77.128.202 - - [24/Apr/2016:12:57:24 +0100] "GET /webServices/step4/step4RunController.php?permissions=255&exptId=260&jType=1&s4jNo=53&messageType=step4RunConnect&content%5B0%5D= HTTP/1.1" 200 2139 "http://imgame1.cf.ac.uk/s4_260_1_53" "Mozilla/5.0 (Linux; Android 4.4.2; LG-D315 Build/KOT49I.A1397692371) AppleWebKit/537.36 (KHTML, like Gecko) Chrome/49.0.2623.105 Mobile Safari/537.36"
152.66.233.92 - - [24/Apr/2016:12:57:25 +0100] "POST /webServices/forms/storeStepFormResponses.php HTTP/1.1" 200 92 "http://imgame1.cf.ac.uk/sf_260_11_1_45" "Mozilla/5.0 (Windows NT 10.0; WOW64) AppleWebKit/537.36 (KHTML, like Gecko) Chrome/49.0.2623.112 Safari/537.36"
176.77.128.202 - - [24/Apr/2016:12:57:25 +0100] "GET /webServices/step4/step4RunController.php?permissions=255&exptId=260&jType=1&s4jNo=53&messageType=ratingParams&content%5B0%5D= HTTP/1.1" 200 460 "http://imgame1.cf.ac.uk/s4_260_1_53" "Mozilla/5.0 (Linux; Android 4.4.2; LG-D315 Build/KOT49I.A1397692371) AppleWebKit/537.36 (KHTML, like Gecko) Chrome/49.0.2623.105 Mobile Safari/537.36"
176.77.128.202 - - [24/Apr/2016:12:57:25 +0100] "GET /webServices/step4/step4RunController.php?permissions=255&exptId=260&jType=1&s4jNo=53&messageType=startPage&content%5B0%5D= HTTP/1.1" 200 60 "http://imgame1.cf.ac.uk/s4_260_1_53" "Mozilla/5.0 (Linux; Android 4.4.2; LG-D315 Build/KOT49I.A1397692371) AppleWebKit/537.36 (KHTML, like Gecko) Chrome/49.0.2623.105 Mobile Safari/537.36"
176.77.128.202 - - [24/Apr/2016:12:57:28 +0100] "GET /webServices/step4/step4RunController.php?permissions=255&exptId=260&jType=1&s4jNo=53&messageType=nextPage&content%5B0%5D= HTTP/1.1" 200 4891 "http://imgame1.cf.ac.uk/s4_260_1_53" "Mozilla/5.0 (Linux; Android 4.4.2; LG-D315 Build/KOT49I.A1397692371) AppleWebKit/537.36 (KHTML, like Gecko) Chrome/49.0.2623.105 Mobile Safari/537.36"
176.77.128.202 - - [24/Apr/2016:12:57:29 +0100] "GET /images/slideBar.gif HTTP/1.1" 200 428 "http://imgame1.cf.ac.uk/css/basic.css" "Mozilla/5.0 (Linux; Android 4.4.2; LG-D315 Build/KOT49I.A1397692371) AppleWebKit/537.36 (KHTML, like Gecko) Chrome/49.0.2623.105 Mobile Safari/537.36"
176.77.128.202 - - [24/Apr/2016:12:57:29 +0100] "GET /images/slidePointer.png HTTP/1.1" 200 1032 "http://imgame1.cf.ac.uk/css/basic.css" "Mozilla/5.0 (Linux; Android 4.4.2; LG-D315 Build/KOT49I.A1397692371) AppleWebKit/537.36 (KHTML, like Gecko) Chrome/49.0.2623.105 Mobile Safari/537.36"
176.77.128.202 - - [24/Apr/2016:12:57:29 +0100] "GET /images/tabStatusYourTurn.png HTTP/1.1" 200 324 "http://imgame1.cf.ac.uk/css/basic.css" "Mozilla/5.0 (Linux; Android 4.4.2; LG-D315 Build/KOT49I.A1397692371) AppleWebKit/537.36 (KHTML, like Gecko) Chrome/49.0.2623.105 Mobile Safari/537.36"
176.77.128.202 - - [24/Apr/2016:12:57:29 +0100] "GET /images/judgementBubbleTip.gif HTTP/1.1" 200 3229 "http://imgame1.cf.ac.uk/css/basic.css" "Mozilla/5.0 (Linux; Android 4.4.2; LG-D315 Build/KOT49I.A1397692371) AppleWebKit/537.36 (KHTML, like Gecko) Chrome/49.0.2623.105 Mobile Safari/537.36"
176.77.128.202 - - [24/Apr/2016:12:57:29 +0100] "GET /images/judgementBubble.gif HTTP/1.1" 200 14504 "http://imgame1.cf.ac.uk/css/basic.css" "Mozilla/5.0 (Linux; Android 4.4.2; LG-D315 Build/KOT49I.A1397692371) AppleWebKit/537.36 (KHTML, like Gecko) Chrome/49.0.2623.105 Mobile Safari/537.36"
176.77.128.202 - - [24/Apr/2016:12:57:29 +0100] "GET /images/slideInterval.gif HTTP/1.1" 200 308 "http://imgame1.cf.ac.uk/css/basic.css" "Mozilla/5.0 (Linux; Android 4.4.2; LG-D315 Build/KOT49I.A1397692371) AppleWebKit/537.36 (KHTML, like Gecko) Chrome/49.0.2623.105 Mobile Safari/537.36"
195.228.152.74 - - [24/Apr/2016:12:57:32 +0100] "GET /webServices/step4/step4RunController.php?permissions=255&exptId=260&jType=1&s4jNo=50&messageType=step4storeRating&content%5B0%5D=&content%5B1%5D=haveResponse&content%5B2%5D=0&content%5B3%5D=interval1&content%5B4%5D=Annyira+j%C3%B3k+a+v%C3%A1laszok%2C+h+csak+k%C3%A9nyszerb%C5%91l+v%C3%A1lasztottam+az+1.-t.&content%5B5%5D=0&content%5B6%5D=2&content%5B7%5D=7&content%5B8%5D=21&content%5B9%5D=-1&content%5B11%5D=&content%5B12%5D=&content%5B13%5D=&content%5B14%5D=16 HTTP/1.1" 200 3659 "http://imgame1.cf.ac.uk/s4_260_1_50" "Mozilla/5.0 (Windows NT 10.0; Win64; x64) AppleWebKit/537.36 (KHTML, like Gecko) Chrome/49.0.2623.112 Safari/537.36"
89.134.193.233 - - [24/Apr/2016:12:57:36 +0100] "GET /webServices/step4/step4RunController.php?permissions=255&exptId=260&jType=1&s4jNo=37&messageType=step4storeRating&content%5B0%5D=&content%5B1%5D=haveResponse&content%5B2%5D=0&content%5B3%5D=interval4&content%5B4%5D=Erekci%C3%B3s+k%C3%A9rd%C3%A9sn%C3%A9l%2C+a+pisil%C3%A9s+t%C3%A9ma+miatt+ink%C3%A1bb+fi%C3%BAnak+%C3%A9rzem+a+v%C3%A1laszol%C3%B3t.+Sz%C3%A1m%C3%ADt%C3%B3g%C3%A9pes+j%C3%A1t%C3%A9kok+jobb+ismerete+ink%C3%A1bb+fi%C3%BAra+vall.+S%C3%BAlyemel%C3%A9s+megeml%C3%ADt%C3%A9se%2C+nem+t%C3%BAl+konkr%C3%A9t+gyakorlat%2C+a+m%C3%A1sik+v%C3%A1laszol%C3%B3+sokkal+pontosabban+le%C3%ADrja.+Aut%C3%B3s+k%C3%A9rd%C3%A9s%2C+2+legtipikusabb+f%C3%A9rfi+aut%C3%B3+megeml%C3%ADt%C3%A9se+BMW%2C+AUDI+szinte+biztosan+egy+sz%C3%ADnlel%C5%91+v%C3%A1lasza+lesz.&content%5B5%5D=0&content%5B6%5D=1&content%5B7%5D=2&content%5B8%5D=5&content%5B9%5D=-1&content%5B11%5D=&content%5B12%5D=&content%5B13%5D=&content%5B14%5D=16 HTTP/1.1" 200 3076 "http://imgame1.cf.ac.uk/s4_260_1_37" "Mozilla/5.0 (Windows NT 10.0; Win64; x64) AppleWebKit/537.36 (KHTML, like Gecko) Chrome/50.0.2661.87 Safari/537.36"
80.98.84.13 - - [24/Apr/2016:12:57:39 +0100] "GET /s4_260_0_62 HTTP/1.1" 200 2465 "-" "Mozilla/5.0 (Windows NT 10.0; WOW64) AppleWebKit/537.36 (KHTML, like Gecko) Chrome/49.0.2623.112 Safari/537.36"
80.98.84.13 - - [24/Apr/2016:12:57:39 +0100] "GET /css/1024.css HTTP/1.1" 200 1308 "http://imgame1.cf.ac.uk/s4_260_0_62" "Mozilla/5.0 (Windows NT 10.0; WOW64) AppleWebKit/537.36 (KHTML, like Gecko) Chrome/49.0.2623.112 Safari/537.36"
80.98.84.13 - - [24/Apr/2016:12:57:39 +0100] "GET /css/basic.css HTTP/1.1" 200 56434 "http://imgame1.cf.ac.uk/s4_260_0_62" "Mozilla/5.0 (Windows NT 10.0; WOW64) AppleWebKit/537.36 (KHTML, like Gecko) Chrome/49.0.2623.112 Safari/537.36"
80.98.84.13 - - [24/Apr/2016:12:57:39 +0100] "GET /js/step4/step4RunController.js HTTP/1.1" 200 23185 "http://imgame1.cf.ac.uk/s4_260_0_62" "Mozilla/5.0 (Windows NT 10.0; WOW64) AppleWebKit/537.36 (KHTML, like Gecko) Chrome/49.0.2623.112 Safari/537.36"
80.98.84.13 - - [24/Apr/2016:12:57:39 +0100] "GET /jquery/jquery-2.1.3.min.js HTTP/1.1" 200 84320 "http://imgame1.cf.ac.uk/s4_260_0_62" "Mozilla/5.0 (Windows NT 10.0; WOW64) AppleWebKit/537.36 (KHTML, like Gecko) Chrome/49.0.2623.112 Safari/537.36"
80.98.84.13 - - [24/Apr/2016:12:57:39 +0100] "GET /css/0-479.css HTTP/1.1" 200 1290 "http://imgame1.cf.ac.uk/s4_260_0_62" "Mozilla/5.0 (Windows NT 10.0; WOW64) AppleWebKit/537.36 (KHTML, like Gecko) Chrome/49.0.2623.112 Safari/537.36"
80.98.84.13 - - [24/Apr/2016:12:57:39 +0100] "GET /css/480.css HTTP/1.1" 200 1750 "http://imgame1.cf.ac.uk/s4_260_0_62" "Mozilla/5.0 (Windows NT 10.0; WOW64) AppleWebKit/537.36 (KHTML, like Gecko) Chrome/49.0.2623.112 Safari/537.36"
80.98.84.13 - - [24/Apr/2016:12:57:39 +0100] "GET /css/481-1023.css HTTP/1.1" 200 1716 "http://imgame1.cf.ac.uk/s4_260_0_62" "Mozilla/5.0 (Windows NT 10.0; WOW64) AppleWebKit/537.36 (KHTML, like Gecko) Chrome/49.0.2623.112 Safari/537.36"
80.98.84.13 - - [24/Apr/2016:12:57:39 +0100] "GET /images/tabNumberOne.gif HTTP/1.1" 200 402 "http://imgame1.cf.ac.uk/css/basic.css" "Mozilla/5.0 (Windows NT 10.0; WOW64) AppleWebKit/537.36 (KHTML, like Gecko) Chrome/49.0.2623.112 Safari/537.36"
80.98.84.13 - - [24/Apr/2016:12:57:39 +0100] "GET /jquery-ui-1.11.1/jquery-ui.min.js HTTP/1.1" 200 238314 "http://imgame1.cf.ac.uk/s4_260_0_62" "Mozilla/5.0 (Windows NT 10.0; WOW64) AppleWebKit/537.36 (KHTML, like Gecko) Chrome/49.0.2623.112 Safari/537.36"
80.98.84.13 - - [24/Apr/2016:12:57:39 +0100] "GET /favicon.ico HTTP/1.1" 200 1150 "http://imgame1.cf.ac.uk/s4_260_0_62" "Mozilla/5.0 (Windows NT 10.0; WOW64) AppleWebKit/537.36 (KHTML, like Gecko) Chrome/49.0.2623.112 Safari/537.36"
80.98.84.13 - - [24/Apr/2016:12:57:39 +0100] "GET /webServices/step4/step4RunController.php?permissions=255&exptId=260&jType=0&s4jNo=62&messageType=step4RunConnect&content%5B0%5D= HTTP/1.1" 200 2139 "http://imgame1.cf.ac.uk/s4_260_0_62" "Mozilla/5.0 (Windows NT 10.0; WOW64) AppleWebKit/537.36 (KHTML, like Gecko) Chrome/49.0.2623.112 Safari/537.36"
80.98.84.13 - - [24/Apr/2016:12:57:39 +0100] "GET /webServices/step4/step4RunController.php?permissions=255&exptId=260&jType=0&s4jNo=62&messageType=ratingParams&content%5B0%5D= HTTP/1.1" 200 460 "http://imgame1.cf.ac.uk/s4_260_0_62" "Mozilla/5.0 (Windows NT 10.0; WOW64) AppleWebKit/537.36 (KHTML, like Gecko) Chrome/49.0.2623.112 Safari/537.36"
80.98.84.13 - - [24/Apr/2016:12:57:39 +0100] "GET /webServices/step4/step4RunController.php?permissions=255&exptId=260&jType=0&s4jNo=62&messageType=startPage&content%5B0%5D= HTTP/1.1" 200 60 "http://imgame1.cf.ac.uk/s4_260_0_62" "Mozilla/5.0 (Windows NT 10.0; WOW64) AppleWebKit/537.36 (KHTML, like Gecko) Chrome/49.0.2623.112 Safari/537.36"
80.98.84.13 - - [24/Apr/2016:12:57:46 +0100] "GET /webServices/step4/step4RunController.php?permissions=255&exptId=260&jType=0&s4jNo=62&messageType=nextPage&content%5B0%5D= HTTP/1.1" 200 4155 "http://imgame1.cf.ac.uk/s4_260_0_62" "Mozilla/5.0 (Windows NT 10.0; WOW64) AppleWebKit/537.36 (KHTML, like Gecko) Chrome/49.0.2623.112 Safari/537.36"
80.98.84.13 - - [24/Apr/2016:12:57:46 +0100] "GET /images/slidePointer.png HTTP/1.1" 200 1032 "http://imgame1.cf.ac.uk/css/basic.css" "Mozilla/5.0 (Windows NT 10.0; WOW64) AppleWebKit/537.36 (KHTML, like Gecko) Chrome/49.0.2623.112 Safari/537.36"
80.98.84.13 - - [24/Apr/2016:12:57:46 +0100] "GET /images/slideBar.gif HTTP/1.1" 200 428 "http://imgame1.cf.ac.uk/css/basic.css" "Mozilla/5.0 (Windows NT 10.0; WOW64) AppleWebKit/537.36 (KHTML, like Gecko) Chrome/49.0.2623.112 Safari/537.36"
80.98.84.13 - - [24/Apr/2016:12:57:46 +0100] "GET /images/judgementBubbleTip.gif HTTP/1.1" 200 3229 "http://imgame1.cf.ac.uk/css/basic.css" "Mozilla/5.0 (Windows NT 10.0; WOW64) AppleWebKit/537.36 (KHTML, like Gecko) Chrome/49.0.2623.112 Safari/537.36"
80.98.84.13 - - [24/Apr/2016:12:57:46 +0100] "GET /images/judgementBubble.gif HTTP/1.1" 200 14504 "http://imgame1.cf.ac.uk/css/basic.css" "Mozilla/5.0 (Windows NT 10.0; WOW64) AppleWebKit/537.36 (KHTML, like Gecko) Chrome/49.0.2623.112 Safari/537.36"
80.98.84.13 - - [24/Apr/2016:12:57:46 +0100] "GET /images/tabStatusYourTurn.png HTTP/1.1" 200 324 "http://imgame1.cf.ac.uk/css/basic.css" "Mozilla/5.0 (Windows NT 10.0; WOW64) AppleWebKit/537.36 (KHTML, like Gecko) Chrome/49.0.2623.112 Safari/537.36"
80.98.84.13 - - [24/Apr/2016:12:57:46 +0100] "GET /images/slideInterval.gif HTTP/1.1" 200 308 "http://imgame1.cf.ac.uk/css/basic.css" "Mozilla/5.0 (Windows NT 10.0; WOW64) AppleWebKit/537.36 (KHTML, like Gecko) Chrome/49.0.2623.112 Safari/537.36"
176.63.1.123 - - [24/Apr/2016:13:00:03 +0100] "GET /webServices/step4/step4RunController.php?permissions=255&exptId=260&jType=1&s4jNo=41&messageType=step4storeRating&content%5B0%5D=&content%5B1%5D=haveResponse&content%5B2%5D=1&content%5B3%5D=interval4&content%5B4%5D=Itt+a+sz%C3%ADnlel%C5%91+t%C3%BAls%C3%A1gosan%2C+%22f%C3%A9rfi+m%C3%B3d%22+pr%C3%B3b%C3%A1l+v%C3%A1laszolni%2C+de+ink%C3%A1bb+egy+agybeteg+ember+l%C3%A1tszat%C3%A1t+kelti+aki+m%C3%A9g+a+k%C3%A9rd%C3%A9sekre+se+tud+rendesen+v%C3%A1laszolni.&content%5B5%5D=1&content%5B6%5D=2&content%5B7%5D=16&content%5B8%5D=16&content%5B9%5D=-1&content%5B11%5D=&content%5B12%5D=&content%5B13%5D=&content%5B14%5D=16 HTTP/1.1" 200 3166 "http://imgame1.cf.ac.uk/s4_260_1_41" "Mozilla/5.0 (Windows NT 10.0; WOW64) AppleWebKit/537.36 (KHTML, like Gecko) Chrome/49.0.2623.112 Safari/537.36"
195.228.152.74 - - [24/Apr/2016:13:00:11 +0100] "GET /webServices/step4/step4RunController.php?permissions=255&exptId=260&jType=1&s4jNo=50&messageType=step4storeRating&content%5B0%5D=&content%5B1%5D=haveResponse&content%5B2%5D=1&content%5B3%5D=interval4&content%5B4%5D=Dude%3F%3F+ilyet+nem+haszn%C3%A1l+egy+cs%C3%A1v%C3%B3.+%22gyerekes+id%C5%91t%C3%B6lt%C3%A9sekkel+pazarolni+az+%C3%A9letemet%22+-egy+f%C3%A9rfi+ezt+soha+nem+ismern%C3%A9+be%2C+h+gyerekes.+Az+e-sport+is+m%C3%A1r+el%C3%A9g+kiforrt+dolog%2C+nem+gyerekes.&content%5B5%5D=0&content%5B6%5D=1&content%5B7%5D=8&content%5B8%5D=21&content%5B9%5D=-1&content%5B11%5D=&content%5B12%5D=&content%5B13%5D=&content%5B14%5D=4 HTTP/1.1" 200 2810 "http://imgame1.cf.ac.uk/s4_260_1_50" "Mozilla/5.0 (Windows NT 10.0; Win64; x64) AppleWebKit/537.36 (KHTML, like Gecko) Chrome/49.0.2623.112 Safari/537.36"
152.66.233.146 - - [24/Apr/2016:13:00:23 +0100] "GET /webServices/step4/step4RunController.php?permissions=255&exptId=260&jType=0&s4jNo=73&messageType=step4storeRating&content%5B0%5D=&content%5B1%5D=haveResponse&content%5B2%5D=0&content%5B3%5D=interval3&content%5B4%5D=Az+utols%C3%B3+2+v%C3%A1lasz+alapj%C3%A1n+gondolom+%C3%ADgy.+Az+utols%C3%B3+el%C5%91ttit+szerintem+tipikusan+olyan+mondja+aki+n%C3%A9z+sportot+%C3%A9s+ironiz%C3%A1l%2C+az+utols%C3%B3+pedig+az+a+kateg%C3%B3ria%2C+amit+a+fi%C3%BAk+gondolnak+a+l%C3%A1nyokr%C3%B3l+%3A)&content%5B5%5D=0&content%5B6%5D=1&content%5B7%5D=9&content%5B8%5D=15&content%5B9%5D=-1&content%5B11%5D=&content%5B12%5D=&content%5B13%5D=&content%5B14%5D=1 HTTP/1.1" 200 4069 "http://imgame1.cf.ac.uk/s4_260_0_73" "Mozilla/5.0 (Windows NT 6.3; WOW64) AppleWebKit/537.36 (KHTML, like Gecko) Chrome/49.0.2623.112 Safari/537.36"
89.134.193.233 - - [24/Apr/2016:13:00:47 +0100] "GET /webServices/step4/step4RunController.php?permissions=255&exptId=260&jType=1&s4jNo=37&messageType=step4storeRating&content%5B0%5D=&content%5B1%5D=haveResponse&content%5B2%5D=1&content%5B3%5D=interval4&content%5B4%5D=100%25+biztosan+a+2.+v%C3%A1laszol%C3%B3+a+sz%C3%ADnlel%C5%91!+%3D)+Egyik+sz%C3%A1m%C3%ADt%C3%B3g%C3%A9pes+j%C3%A1t%C3%A9kban+sincs+k%C3%A9pben%2C+Half-Life+3-as+k%C3%A9rd%C3%A9s%2C+valve+megeml%C3%ADt%C3%A9se+biztos+hogy+fi%C3%BAra+vall.&content%5B5%5D=1&content%5B6%5D=2&content%5B7%5D=6&content%5B8%5D=10&content%5B9%5D=-1&content%5B11%5D=&content%5B12%5D=&content%5B13%5D=&content%5B14%5D=9 HTTP/1.1" 200 4293 "http://imgame1.cf.ac.uk/s4_260_1_37" "Mozilla/5.0 (Windows NT 10.0; Win64; x64) AppleWebKit/537.36 (KHTML, like Gecko) Chrome/50.0.2661.87 Safari/537.36"
78.131.116.120 - - [24/Apr/2016:13:01:55 +0100] "GET /webServices/step4/step4RunController.php?permissions=255&exptId=260&jType=1&s4jNo=62&messageType=step4storeRating&content%5B0%5D=&content%5B1%5D=haveResponse&content%5B2%5D=0&content%5B3%5D=interval3&content%5B4%5D=A+k%C3%B6ld%C3%B6ksz%C3%B6sz+nem+feh%C3%A9r+%3AD-+ennyi.+%0AA+v%C3%A1laszt%C3%A9kosabb+v%C3%A1lasz+%C3%A1rulta+el+a+sz%C3%ADnlel%C5%91t.+%0AA+pasik%2C+p*cs%C3%A1k+szavak+is+%C3%A1rulkod%C3%B3ak+voltak%2C+illetve+a+jobb+oldali+j%C3%A1t%C3%A9kos+a+kuty%C3%A1s+po%C3%A9nra+nem+is+v%C3%A1laszolt%2C+m%C3%ADg+a+bal+oldali+igen.+A+l%C3%A1nyokat+jobban+lek%C3%B6tik+a+mell%C3%A9ksz%C3%A1lak.&content%5B5%5D=1&content%5B6%5D=2&content%5B7%5D=7&content%5B8%5D=18&content%5B9%5D=-1&content%5B11%5D=&content%5B12%5D=&content%5B13%5D=&content%5B14%5D=4 HTTP/1.1" 200 4229 "http://imgame1.cf.ac.uk/s4_260_1_62" "Mozilla/5.0 (Windows NT 6.1; WOW64) AppleWebKit/537.36 (KHTML, like Gecko) Chrome/49.0.2623.112 Safari/537.36"
46.139.217.242 - - [24/Apr/2016:13:02:00 +0100] "GET /s4_260_0_68 HTTP/1.1" 200 2465 "-" "Mozilla/5.0 (Linux; Android 4.1.2; HTC Desire 500 Build/JZO54K) AppleWebKit/537.36 (KHTML, like Gecko) Chrome/44.0.2403.133 Mobile Safari/537.36"
46.139.217.242 - - [24/Apr/2016:13:02:00 +0100] "GET /css/0-479.css HTTP/1.1" 200 1290 "http://imgame1.cf.ac.uk/s4_260_0_68" "Mozilla/5.0 (Linux; Android 4.1.2; HTC Desire 500 Build/JZO54K) AppleWebKit/537.36 (KHTML, like Gecko) Chrome/44.0.2403.133 Mobile Safari/537.36"
46.139.217.242 - - [24/Apr/2016:13:02:00 +0100] "GET /css/480.css HTTP/1.1" 200 1750 "http://imgame1.cf.ac.uk/s4_260_0_68" "Mozilla/5.0 (Linux; Android 4.1.2; HTC Desire 500 Build/JZO54K) AppleWebKit/537.36 (KHTML, like Gecko) Chrome/44.0.2403.133 Mobile Safari/537.36"
46.139.217.242 - - [24/Apr/2016:13:02:00 +0100] "GET /css/481-1023.css HTTP/1.1" 200 1716 "http://imgame1.cf.ac.uk/s4_260_0_68" "Mozilla/5.0 (Linux; Android 4.1.2; HTC Desire 500 Build/JZO54K) AppleWebKit/537.36 (KHTML, like Gecko) Chrome/44.0.2403.133 Mobile Safari/537.36"
46.139.217.242 - - [24/Apr/2016:13:02:00 +0100] "GET /css/basic.css HTTP/1.1" 200 56434 "http://imgame1.cf.ac.uk/s4_260_0_68" "Mozilla/5.0 (Linux; Android 4.1.2; HTC Desire 500 Build/JZO54K) AppleWebKit/537.36 (KHTML, like Gecko) Chrome/44.0.2403.133 Mobile Safari/537.36"
46.139.217.242 - - [24/Apr/2016:13:02:00 +0100] "GET /js/step4/step4RunController.js HTTP/1.1" 200 23185 "http://imgame1.cf.ac.uk/s4_260_0_68" "Mozilla/5.0 (Linux; Android 4.1.2; HTC Desire 500 Build/JZO54K) AppleWebKit/537.36 (KHTML, like Gecko) Chrome/44.0.2403.133 Mobile Safari/537.36"
46.139.217.242 - - [24/Apr/2016:13:02:00 +0100] "GET /css/1024.css HTTP/1.1" 200 1308 "http://imgame1.cf.ac.uk/s4_260_0_68" "Mozilla/5.0 (Linux; Android 4.1.2; HTC Desire 500 Build/JZO54K) AppleWebKit/537.36 (KHTML, like Gecko) Chrome/44.0.2403.133 Mobile Safari/537.36"
46.139.217.242 - - [24/Apr/2016:13:02:00 +0100] "GET /jquery/jquery-2.1.3.min.js HTTP/1.1" 200 84320 "http://imgame1.cf.ac.uk/s4_260_0_68" "Mozilla/5.0 (Linux; Android 4.1.2; HTC Desire 500 Build/JZO54K) AppleWebKit/537.36 (KHTML, like Gecko) Chrome/44.0.2403.133 Mobile Safari/537.36"
46.139.217.242 - - [24/Apr/2016:13:02:00 +0100] "GET /jquery-ui-1.11.1/jquery-ui.min.js HTTP/1.1" 200 238314 "http://imgame1.cf.ac.uk/s4_260_0_68" "Mozilla/5.0 (Linux; Android 4.1.2; HTC Desire 500 Build/JZO54K) AppleWebKit/537.36 (KHTML, like Gecko) Chrome/44.0.2403.133 Mobile Safari/537.36"
46.139.217.242 - - [24/Apr/2016:13:02:01 +0100] "GET /images/tabNumberOne.gif HTTP/1.1" 200 402 "http://imgame1.cf.ac.uk/css/basic.css" "Mozilla/5.0 (Linux; Android 4.1.2; HTC Desire 500 Build/JZO54K) AppleWebKit/537.36 (KHTML, like Gecko) Chrome/44.0.2403.133 Mobile Safari/537.36"
195.228.152.74 - - [24/Apr/2016:13:02:01 +0100] "GET /webServices/step4/step4RunController.php?permissions=255&exptId=260&jType=1&s4jNo=50&messageType=step4storeRating&content%5B0%5D=&content%5B1%5D=haveResponse&content%5B2%5D=1&content%5B3%5D=interval4&content%5B4%5D=fi%C3%BA+l%C3%A1ny+bar%C3%A1ts%C3%A1g.+A+tapasztalat+is+ink%C3%A1bb+az+1.+t+bizony%C3%ADtja.+A+n%C5%91k+szeretnek+benne+hinni.+&content%5B5%5D=0&content%5B6%5D=2&content%5B7%5D=11&content%5B8%5D=5&content%5B9%5D=-1&content%5B11%5D=&content%5B12%5D=&content%5B13%5D=&content%5B14%5D=2 HTTP/1.1" 200 4001 "http://imgame1.cf.ac.uk/s4_260_1_50" "Mozilla/5.0 (Windows NT 10.0; Win64; x64) AppleWebKit/537.36 (KHTML, like Gecko) Chrome/49.0.2623.112 Safari/537.36"
46.139.217.242 - - [24/Apr/2016:13:02:03 +0100] "GET /webServices/step4/step4RunController.php?permissions=255&exptId=260&jType=0&s4jNo=68&messageType=step4RunConnect&content%5B0%5D= HTTP/1.1" 200 2139 "http://imgame1.cf.ac.uk/s4_260_0_68" "Mozilla/5.0 (Linux; Android 4.1.2; HTC Desire 500 Build/JZO54K) AppleWebKit/537.36 (KHTML, like Gecko) Chrome/44.0.2403.133 Mobile Safari/537.36"
46.139.217.242 - - [24/Apr/2016:13:02:03 +0100] "GET /favicon.ico HTTP/1.1" 200 1150 "http://imgame1.cf.ac.uk/s4_260_0_68" "Mozilla/5.0 (Linux; Android 4.1.2; HTC Desire 500 Build/JZO54K) AppleWebKit/537.36 (KHTML, like Gecko) Chrome/44.0.2403.133 Mobile Safari/537.36"
46.139.217.242 - - [24/Apr/2016:13:02:03 +0100] "GET /webServices/step4/step4RunController.php?permissions=255&exptId=260&jType=0&s4jNo=68&messageType=ratingParams&content%5B0%5D= HTTP/1.1" 200 460 "http://imgame1.cf.ac.uk/s4_260_0_68" "Mozilla/5.0 (Linux; Android 4.1.2; HTC Desire 500 Build/JZO54K) AppleWebKit/537.36 (KHTML, like Gecko) Chrome/44.0.2403.133 Mobile Safari/537.36"
46.139.217.242 - - [24/Apr/2016:13:02:04 +0100] "GET /webServices/step4/step4RunController.php?permissions=255&exptId=260&jType=0&s4jNo=68&messageType=startPage&content%5B0%5D= HTTP/1.1" 200 60 "http://imgame1.cf.ac.uk/s4_260_0_68" "Mozilla/5.0 (Linux; Android 4.1.2; HTC Desire 500 Build/JZO54K) AppleWebKit/537.36 (KHTML, like Gecko) Chrome/44.0.2403.133 Mobile Safari/537.36"
176.63.1.123 - - [24/Apr/2016:13:02:46 +0100] "GET /webServices/step4/step4RunController.php?permissions=255&exptId=260&jType=1&s4jNo=41&messageType=step4storeRating&content%5B0%5D=&content%5B1%5D=haveResponse&content%5B2%5D=0&content%5B3%5D=interval3&content%5B4%5D=Itt+mind+a+k%C3%A9t+v%C3%A1laszad%C3%B3+kicsit+furcsa+volt+nekem.+Ink%C3%A1bb+biztos+vagyok+a+sz%C3%ADnlel%C5%91ben%2C+f%C5%91k%C3%A9nt+az+els%C5%91+v%C3%A1lasz+alapj%C3%A1n+mert+egy+erekci%C3%B3+%C3%B6nmag%C3%A1ban+nem+egy+felemel%C5%91+%C3%A9rz%C3%A9s.+%3AD&content%5B5%5D=0&content%5B6%5D=1&content%5B7%5D=17&content%5B8%5D=19&content%5B9%5D=-1&content%5B11%5D=&content%5B12%5D=&content%5B13%5D=&content%5B14%5D=4 HTTP/1.1" 200 82 "http://imgame1.cf.ac.uk/s4_260_1_41" "Mozilla/5.0 (Windows NT 10.0; WOW64) AppleWebKit/537.36 (KHTML, like Gecko) Chrome/49.0.2623.112 Safari/537.36"
176.63.1.123 - - [24/Apr/2016:13:02:46 +0100] "POST /sf_260_11_1_41 HTTP/1.1" 200 13414 "http://imgame1.cf.ac.uk/s4_260_1_41" "Mozilla/5.0 (Windows NT 10.0; WOW64) AppleWebKit/537.36 (KHTML, like Gecko) Chrome/49.0.2623.112 Safari/537.36"
176.63.1.123 - - [24/Apr/2016:13:02:46 +0100] "GET /jquery-themes/imgame.min.css HTTP/1.1" 200 30735 "http://imgame1.cf.ac.uk/sf_260_11_1_41" "Mozilla/5.0 (Windows NT 10.0; WOW64) AppleWebKit/537.36 (KHTML, like Gecko) Chrome/49.0.2623.112 Safari/537.36"
176.63.1.123 - - [24/Apr/2016:13:02:46 +0100] "GET /mobile-css/1024.css HTTP/1.1" 200 346 "http://imgame1.cf.ac.uk/sf_260_11_1_41" "Mozilla/5.0 (Windows NT 10.0; WOW64) AppleWebKit/537.36 (KHTML, like Gecko) Chrome/49.0.2623.112 Safari/537.36"
176.63.1.123 - - [24/Apr/2016:13:02:46 +0100] "GET /jquery-mobile/jquery.mobile.overrides.js HTTP/1.1" 200 355 "http://imgame1.cf.ac.uk/sf_260_11_1_41" "Mozilla/5.0 (Windows NT 10.0; WOW64) AppleWebKit/537.36 (KHTML, like Gecko) Chrome/49.0.2623.112 Safari/537.36"
176.63.1.123 - - [24/Apr/2016:13:02:46 +0100] "GET /jquery-mobile/jqmOverrides.css HTTP/1.1" 200 685 "http://imgame1.cf.ac.uk/sf_260_11_1_41" "Mozilla/5.0 (Windows NT 10.0; WOW64) AppleWebKit/537.36 (KHTML, like Gecko) Chrome/49.0.2623.112 Safari/537.36"
176.63.1.123 - - [24/Apr/2016:13:02:48 +0100] "GET /js/ko/ko-mapping.js HTTP/1.1" 200 11106 "http://imgame1.cf.ac.uk/sf_260_11_1_41" "Mozilla/5.0 (Windows NT 10.0; WOW64) AppleWebKit/537.36 (KHTML, like Gecko) Chrome/49.0.2623.112 Safari/537.36"
176.63.1.123 - - [24/Apr/2016:13:02:48 +0100] "GET /js/forms/stepFormRuntime.js HTTP/1.1" 200 21132 "http://imgame1.cf.ac.uk/sf_260_11_1_41" "Mozilla/5.0 (Windows NT 10.0; WOW64) AppleWebKit/537.36 (KHTML, like Gecko) Chrome/49.0.2623.112 Safari/537.36"
176.63.1.123 - - [24/Apr/2016:13:02:46 +0100] "GET /jquery-mobile/jquery.mobile.structure-1.4.5.min.css HTTP/1.1" 200 68712 "http://imgame1.cf.ac.uk/sf_260_11_1_41" "Mozilla/5.0 (Windows NT 10.0; WOW64) AppleWebKit/537.36 (KHTML, like Gecko) Chrome/49.0.2623.112 Safari/537.36"
176.63.1.123 - - [24/Apr/2016:13:03:03 +0100] "GET /js/ko/knockout-3.3.0.js HTTP/1.1" 200 55956 "http://imgame1.cf.ac.uk/sf_260_11_1_41" "Mozilla/5.0 (Windows NT 10.0; WOW64) AppleWebKit/537.36 (KHTML, like Gecko) Chrome/49.0.2623.112 Safari/537.36"
176.63.1.123 - - [24/Apr/2016:13:03:06 +0100] "GET /jquery-mobile/page.modifiers.js HTTP/1.1" 200 527 "http://imgame1.cf.ac.uk/sf_260_11_1_41" "Mozilla/5.0 (Windows NT 10.0; WOW64) AppleWebKit/537.36 (KHTML, like Gecko) Chrome/49.0.2623.112 Safari/537.36"
195.228.152.74 - - [24/Apr/2016:13:03:47 +0100] "GET /s4_260_1_50 HTTP/1.1" 200 2465 "-" "Mozilla/5.0 (Windows NT 10.0; Win64; x64) AppleWebKit/537.36 (KHTML, like Gecko) Chrome/49.0.2623.112 Safari/537.36"
195.228.152.74 - - [24/Apr/2016:13:03:48 +0100] "GET /css/basic.css HTTP/1.1" 304 - "http://imgame1.cf.ac.uk/s4_260_1_50" "Mozilla/5.0 (Windows NT 10.0; Win64; x64) AppleWebKit/537.36 (KHTML, like Gecko) Chrome/49.0.2623.112 Safari/537.36"
195.228.152.74 - - [24/Apr/2016:13:03:48 +0100] "GET /css/1024.css HTTP/1.1" 304 - "http://imgame1.cf.ac.uk/s4_260_1_50" "Mozilla/5.0 (Windows NT 10.0; Win64; x64) AppleWebKit/537.36 (KHTML, like Gecko) Chrome/49.0.2623.112 Safari/537.36"
195.228.152.74 - - [24/Apr/2016:13:03:48 +0100] "GET /jquery/jquery-2.1.3.min.js HTTP/1.1" 304 - "http://imgame1.cf.ac.uk/s4_260_1_50" "Mozilla/5.0 (Windows NT 10.0; Win64; x64) AppleWebKit/537.36 (KHTML, like Gecko) Chrome/49.0.2623.112 Safari/537.36"
195.228.152.74 - - [24/Apr/2016:13:03:48 +0100] "GET /css/0-479.css HTTP/1.1" 304 - "http://imgame1.cf.ac.uk/s4_260_1_50" "Mozilla/5.0 (Windows NT 10.0; Win64; x64) AppleWebKit/537.36 (KHTML, like Gecko) Chrome/49.0.2623.112 Safari/537.36"
195.228.152.74 - - [24/Apr/2016:13:03:48 +0100] "GET /jquery-ui-1.11.1/jquery-ui.min.js HTTP/1.1" 304 - "http://imgame1.cf.ac.uk/s4_260_1_50" "Mozilla/5.0 (Windows NT 10.0; Win64; x64) AppleWebKit/537.36 (KHTML, like Gecko) Chrome/49.0.2623.112 Safari/537.36"
195.228.152.74 - - [24/Apr/2016:13:03:48 +0100] "GET /js/step4/step4RunController.js HTTP/1.1" 304 - "http://imgame1.cf.ac.uk/s4_260_1_50" "Mozilla/5.0 (Windows NT 10.0; Win64; x64) AppleWebKit/537.36 (KHTML, like Gecko) Chrome/49.0.2623.112 Safari/537.36"
195.228.152.74 - - [24/Apr/2016:13:03:48 +0100] "GET /css/480.css HTTP/1.1" 304 - "http://imgame1.cf.ac.uk/s4_260_1_50" "Mozilla/5.0 (Windows NT 10.0; Win64; x64) AppleWebKit/537.36 (KHTML, like Gecko) Chrome/49.0.2623.112 Safari/537.36"
195.228.152.74 - - [24/Apr/2016:13:03:48 +0100] "GET /css/481-1023.css HTTP/1.1" 304 - "http://imgame1.cf.ac.uk/s4_260_1_50" "Mozilla/5.0 (Windows NT 10.0; Win64; x64) AppleWebKit/537.36 (KHTML, like Gecko) Chrome/49.0.2623.112 Safari/537.36"
195.228.152.74 - - [24/Apr/2016:13:03:48 +0100] "GET /images/tabNumberOne.gif HTTP/1.1" 304 - "http://imgame1.cf.ac.uk/css/basic.css" "Mozilla/5.0 (Windows NT 10.0; Win64; x64) AppleWebKit/537.36 (KHTML, like Gecko) Chrome/49.0.2623.112 Safari/537.36"
195.228.152.74 - - [24/Apr/2016:13:03:50 +0100] "GET /favicon.ico HTTP/1.1" 200 1150 "http://imgame1.cf.ac.uk/s4_260_1_50" "Mozilla/5.0 (Windows NT 10.0; Win64; x64) AppleWebKit/537.36 (KHTML, like Gecko) Chrome/49.0.2623.112 Safari/537.36"
195.228.152.74 - - [24/Apr/2016:13:03:50 +0100] "GET /webServices/step4/step4RunController.php?permissions=255&exptId=260&jType=1&s4jNo=50&messageType=step4RunConnect&content%5B0%5D= HTTP/1.1" 200 2139 "http://imgame1.cf.ac.uk/s4_260_1_50" "Mozilla/5.0 (Windows NT 10.0; Win64; x64) AppleWebKit/537.36 (KHTML, like Gecko) Chrome/49.0.2623.112 Safari/537.36"
195.228.152.74 - - [24/Apr/2016:13:03:51 +0100] "GET /webServices/step4/step4RunController.php?permissions=255&exptId=260&jType=1&s4jNo=50&messageType=ratingParams&content%5B0%5D= HTTP/1.1" 200 460 "http://imgame1.cf.ac.uk/s4_260_1_50" "Mozilla/5.0 (Windows NT 10.0; Win64; x64) AppleWebKit/537.36 (KHTML, like Gecko) Chrome/49.0.2623.112 Safari/537.36"
195.228.152.74 - - [24/Apr/2016:13:03:52 +0100] "GET /webServices/step4/step4RunController.php?permissions=255&exptId=260&jType=1&s4jNo=50&messageType=startPage&content%5B0%5D= HTTP/1.1" 200 60 "http://imgame1.cf.ac.uk/s4_260_1_50" "Mozilla/5.0 (Windows NT 10.0; Win64; x64) AppleWebKit/537.36 (KHTML, like Gecko) Chrome/49.0.2623.112 Safari/537.36"
195.228.152.74 - - [24/Apr/2016:13:03:53 +0100] "GET /webServices/step4/step4RunController.php?permissions=255&exptId=260&jType=1&s4jNo=50&messageType=nextPage&content%5B0%5D= HTTP/1.1" 200 4001 "http://imgame1.cf.ac.uk/s4_260_1_50" "Mozilla/5.0 (Windows NT 10.0; Win64; x64) AppleWebKit/537.36 (KHTML, like Gecko) Chrome/49.0.2623.112 Safari/537.36"
152.66.233.146 - - [24/Apr/2016:13:04:39 +0100] "GET /webServices/step4/step4RunController.php?permissions=255&exptId=260&jType=0&s4jNo=73&messageType=step4storeRating&content%5B0%5D=&content%5B1%5D=haveResponse&content%5B2%5D=0&content%5B3%5D=interval3&content%5B4%5D=A+2.+v%C3%A1laszad%C3%B3+r%C3%A9szletesebb+%C3%ADr%2Cp%C3%A9ld%C3%A1ul+az+%C3%BAj+helyr%C5%91l+ahol+enni+fog%2C+a+reggeli+k%C3%A9sz%C3%BCl%C5%91d%C3%A9sn%C3%A9l+is+pontosan+le%C3%ADrja%2C+hogy+mit+eszik%2C+felsorolja+a+sminkel%C3%A9st+is%2C+a+m%C3%A1sik+v%C3%A1laszad%C3%B3+40+perce+kicsit+t%C3%BAlz%C3%B3+%3A)+%C3%A9s+%C3%ADr+az+eg%C3%A9szs%C3%A9ges+%C3%A9tkez%C3%A9sr%C5%91l+is&content%5B5%5D=1&content%5B6%5D=2&content%5B7%5D=14&content%5B8%5D=2&content%5B9%5D=-1&content%5B11%5D=&content%5B12%5D=&content%5B13%5D=&content%5B14%5D=16 HTTP/1.1" 200 3042 "http://imgame1.cf.ac.uk/s4_260_0_73" "Mozilla/5.0 (Windows NT 6.3; WOW64) AppleWebKit/537.36 (KHTML, like Gecko) Chrome/49.0.2623.112 Safari/537.36"
80.98.84.13 - - [24/Apr/2016:13:04:53 +0100] "GET /webServices/step4/step4RunController.php?permissions=255&exptId=260&jType=0&s4jNo=62&messageType=step4storeRating&content%5B0%5D=&content%5B1%5D=haveResponse&content%5B2%5D=0&content%5B3%5D=interval4&content%5B4%5D=Sokkal+komolytalanabb%2C+%22szal%22+kifejez%C3%A9s+haszn%C3%A1lata.&content%5B5%5D=1&content%5B6%5D=2&content%5B7%5D=2&content%5B8%5D=14&content%5B9%5D=-1&content%5B11%5D=&content%5B12%5D=&content%5B13%5D=&content%5B14%5D=3 HTTP/1.1" 200 5660 "http://imgame1.cf.ac.uk/s4_260_0_62" "Mozilla/5.0 (Windows NT 10.0; WOW64) AppleWebKit/537.36 (KHTML, like Gecko) Chrome/49.0.2623.112 Safari/537.36"
176.63.1.123 - - [24/Apr/2016:13:03:02 +0100] "GET /jquery-mobile/jquery.mobile-1.4.5.min.js HTTP/1.1" 200 200143 "http://imgame1.cf.ac.uk/sf_260_11_1_41" "Mozilla/5.0 (Windows NT 10.0; WOW64) AppleWebKit/537.36 (KHTML, like Gecko) Chrome/49.0.2623.112 Safari/537.36"
176.63.1.123 - - [24/Apr/2016:13:02:46 +0100] "GET /jquery-themes/jquery.mobile.icons.min.css HTTP/1.1" 200 127053 "http://imgame1.cf.ac.uk/sf_260_11_1_41" "Mozilla/5.0 (Windows NT 10.0; WOW64) AppleWebKit/537.36 (KHTML, like Gecko) Chrome/49.0.2623.112 Safari/537.36"
195.228.152.74 - - [24/Apr/2016:13:05:04 +0100] "GET /webServices/step4/step4RunController.php?permissions=255&exptId=260&jType=1&s4jNo=50&messageType=step4storeRating&content%5B0%5D=&content%5B1%5D=haveResponse&content%5B2%5D=0&content%5B3%5D=interval4&content%5B4%5D=A+v%C3%A1lasz+hossza+is+ezt+bizony%C3%ADtja.+F%C3%A9rfi+n%C5%91i+bar%C3%A1ts%C3%A1g+is.+Amit+m%C3%A1r+az+im%C3%A9nt+kifejtettem.&content%5B5%5D=0&content%5B6%5D=1&content%5B7%5D=12&content%5B8%5D=7&content%5B9%5D=-1&content%5B11%5D=&content%5B12%5D=&content%5B13%5D=&content%5B14%5D=18 HTTP/1.1" 200 2722 "http://imgame1.cf.ac.uk/s4_260_1_50" "Mozilla/5.0 (Windows NT 10.0; Win64; x64) AppleWebKit/537.36 (KHTML, like Gecko) Chrome/49.0.2623.112 Safari/537.36"
176.63.1.123 - - [24/Apr/2016:13:05:33 +0100] "POST /sf_260_11_1_41 HTTP/1.1" 200 13414 "http://imgame1.cf.ac.uk/s4_260_1_41" "Mozilla/5.0 (Windows NT 10.0; WOW64) AppleWebKit/537.36 (KHTML, like Gecko) Chrome/49.0.2623.112 Safari/537.36"
176.63.1.123 - - [24/Apr/2016:13:05:34 +0100] "GET /jquery-mobile/jquery.mobile-1.4.5.min.js HTTP/1.1" 206 1 "http://imgame1.cf.ac.uk/sf_260_11_1_41" "Mozilla/5.0 (Windows NT 10.0; WOW64) AppleWebKit/537.36 (KHTML, like Gecko) Chrome/49.0.2623.112 Safari/537.36"
176.63.1.123 - - [24/Apr/2016:13:05:34 +0100] "GET /jquery-themes/jquery.mobile.icons.min.css HTTP/1.1" 206 1 "http://imgame1.cf.ac.uk/sf_260_11_1_41" "Mozilla/5.0 (Windows NT 10.0; WOW64) AppleWebKit/537.36 (KHTML, like Gecko) Chrome/49.0.2623.112 Safari/537.36"
176.63.1.123 - - [24/Apr/2016:13:05:35 +0100] "GET /jquery-mobile/jquery.mobile-1.4.5.min.js HTTP/1.1" 206 191904 "http://imgame1.cf.ac.uk/sf_260_11_1_41" "Mozilla/5.0 (Windows NT 10.0; WOW64) AppleWebKit/537.36 (KHTML, like Gecko) Chrome/49.0.2623.112 Safari/537.36"
176.63.1.123 - - [24/Apr/2016:13:05:35 +0100] "GET /jquery-themes/jquery.mobile.icons.min.css HTTP/1.1" 206 98927 "http://imgame1.cf.ac.uk/sf_260_11_1_41" "Mozilla/5.0 (Windows NT 10.0; WOW64) AppleWebKit/537.36 (KHTML, like Gecko) Chrome/49.0.2623.112 Safari/537.36"
176.63.1.123 - - [24/Apr/2016:13:05:39 +0100] "GET /webServices/forms/stepFormRuntimeController.php?permissions=255&messageType=formSettings&exptId=260&formType=11&jType=1 HTTP/1.1" 200 388 "http://imgame1.cf.ac.uk/sf_260_11_1_41" "Mozilla/5.0 (Windows NT 10.0; WOW64) AppleWebKit/537.36 (KHTML, like Gecko) Chrome/49.0.2623.112 Safari/537.36"
176.63.1.123 - - [24/Apr/2016:13:05:39 +0100] "GET /webServices/admin/getStepFormAsJSON.php?permissions=255&exptId=260&formType=11&jType=1 HTTP/1.1" 200 45919 "http://imgame1.cf.ac.uk/sf_260_11_1_41" "Mozilla/5.0 (Windows NT 10.0; WOW64) AppleWebKit/537.36 (KHTML, like Gecko) Chrome/49.0.2623.112 Safari/537.36"
176.63.1.123 - - [24/Apr/2016:13:05:45 +0100] "GET /jquery-themes/images/ajax-loader.gif HTTP/1.1" 200 6242 "http://imgame1.cf.ac.uk/jquery-themes/imgame.min.css" "Mozilla/5.0 (Windows NT 10.0; WOW64) AppleWebKit/537.36 (KHTML, like Gecko) Chrome/49.0.2623.112 Safari/537.36"
195.228.152.74 - - [24/Apr/2016:13:06:56 +0100] "GET /webServices/step4/step4RunController.php?permissions=255&exptId=260&jType=1&s4jNo=50&messageType=step4storeRating&content%5B0%5D=&content%5B1%5D=haveResponse&content%5B2%5D=0&content%5B3%5D=interval4&content%5B4%5D=A+cod-ot+code-nak+le%C3%ADrni+el%C3%A9g+s%C3%BAlyos+hiba!!+%3AD&content%5B5%5D=0&content%5B6%5D=2&content%5B7%5D=16&content%5B8%5D=1&content%5B9%5D=-1&content%5B11%5D=&content%5B12%5D=&content%5B13%5D=&content%5B14%5D=7 HTTP/1.1" 200 3533 "http://imgame1.cf.ac.uk/s4_260_1_50" "Mozilla/5.0 (Windows NT 10.0; Win64; x64) AppleWebKit/537.36 (KHTML, like Gecko) Chrome/49.0.2623.112 Safari/537.36"
176.63.1.123 - - [24/Apr/2016:13:07:00 +0100] "POST /webServices/forms/storeStepFormResponses.php HTTP/1.1" 200 92 "http://imgame1.cf.ac.uk/sf_260_11_1_41" "Mozilla/5.0 (Windows NT 10.0; WOW64) AppleWebKit/537.36 (KHTML, like Gecko) Chrome/49.0.2623.112 Safari/537.36"
176.63.1.123 - - [24/Apr/2016:13:07:10 +0100] "GET /sf_260_11_1_41 HTTP/1.1" 200 13414 "-" "Mozilla/5.0 (Windows NT 10.0; WOW64) AppleWebKit/537.36 (KHTML, like Gecko) Chrome/49.0.2623.112 Safari/537.36"
176.63.1.123 - - [24/Apr/2016:13:07:11 +0100] "GET /webServices/forms/stepFormRuntimeController.php?permissions=255&messageType=formSettings&exptId=260&formType=11&jType=1 HTTP/1.1" 200 388 "http://imgame1.cf.ac.uk/sf_260_11_1_41" "Mozilla/5.0 (Windows NT 10.0; WOW64) AppleWebKit/537.36 (KHTML, like Gecko) Chrome/49.0.2623.112 Safari/537.36"
176.63.1.123 - - [24/Apr/2016:13:07:11 +0100] "GET /webServices/admin/getStepFormAsJSON.php?permissions=255&exptId=260&formType=11&jType=1 HTTP/1.1" 200 45919 "http://imgame1.cf.ac.uk/sf_260_11_1_41" "Mozilla/5.0 (Windows NT 10.0; WOW64) AppleWebKit/537.36 (KHTML, like Gecko) Chrome/49.0.2623.112 Safari/537.36"
176.63.1.123 - - [24/Apr/2016:13:07:28 +0100] "GET /s4_260_1_41 HTTP/1.1" 200 2465 "-" "Mozilla/5.0 (Windows NT 10.0; WOW64) AppleWebKit/537.36 (KHTML, like Gecko) Chrome/49.0.2623.112 Safari/537.36"
176.63.1.123 - - [24/Apr/2016:13:07:29 +0100] "GET /webServices/step4/step4RunController.php?permissions=255&exptId=260&jType=1&s4jNo=41&messageType=step4RunConnect&content%5B0%5D= HTTP/1.1" 200 2139 "http://imgame1.cf.ac.uk/s4_260_1_41" "Mozilla/5.0 (Windows NT 10.0; WOW64) AppleWebKit/537.36 (KHTML, like Gecko) Chrome/49.0.2623.112 Safari/537.36"
176.63.1.123 - - [24/Apr/2016:13:07:29 +0100] "GET /webServices/step4/step4RunController.php?permissions=255&exptId=260&jType=1&s4jNo=41&messageType=ratingParams&content%5B0%5D= HTTP/1.1" 200 460 "http://imgame1.cf.ac.uk/s4_260_1_41" "Mozilla/5.0 (Windows NT 10.0; WOW64) AppleWebKit/537.36 (KHTML, like Gecko) Chrome/49.0.2623.112 Safari/537.36"
176.63.1.123 - - [24/Apr/2016:13:07:29 +0100] "GET /webServices/step4/step4RunController.php?permissions=255&exptId=260&jType=1&s4jNo=41&messageType=startPage&content%5B0%5D= HTTP/1.1" 200 60 "http://imgame1.cf.ac.uk/s4_260_1_41" "Mozilla/5.0 (Windows NT 10.0; WOW64) AppleWebKit/537.36 (KHTML, like Gecko) Chrome/49.0.2623.112 Safari/537.36"
176.63.1.123 - - [24/Apr/2016:13:07:34 +0100] "GET /s4_260_1_41 HTTP/1.1" 200 2465 "-" "Mozilla/5.0 (Windows NT 10.0; WOW64) AppleWebKit/537.36 (KHTML, like Gecko) Chrome/49.0.2623.112 Safari/537.36"
176.63.1.123 - - [24/Apr/2016:13:07:34 +0100] "GET /webServices/step4/step4RunController.php?permissions=255&exptId=260&jType=1&s4jNo=41&messageType=step4RunConnect&content%5B0%5D= HTTP/1.1" 200 2139 "http://imgame1.cf.ac.uk/s4_260_1_41" "Mozilla/5.0 (Windows NT 10.0; WOW64) AppleWebKit/537.36 (KHTML, like Gecko) Chrome/49.0.2623.112 Safari/537.36"
176.63.1.123 - - [24/Apr/2016:13:07:37 +0100] "GET /webServices/step4/step4RunController.php?permissions=255&exptId=260&jType=1&s4jNo=41&messageType=ratingParams&content%5B0%5D= HTTP/1.1" 200 460 "http://imgame1.cf.ac.uk/s4_260_1_41" "Mozilla/5.0 (Windows NT 10.0; WOW64) AppleWebKit/537.36 (KHTML, like Gecko) Chrome/49.0.2623.112 Safari/537.36"
176.63.1.123 - - [24/Apr/2016:13:07:37 +0100] "GET /webServices/step4/step4RunController.php?permissions=255&exptId=260&jType=1&s4jNo=41&messageType=startPage&content%5B0%5D= HTTP/1.1" 200 60 "http://imgame1.cf.ac.uk/s4_260_1_41" "Mozilla/5.0 (Windows NT 10.0; WOW64) AppleWebKit/537.36 (KHTML, like Gecko) Chrome/49.0.2623.112 Safari/537.36"
176.63.1.123 - - [24/Apr/2016:13:07:37 +0100] "GET /s4_260_1_40 HTTP/1.1" 200 2465 "-" "Mozilla/5.0 (Windows NT 10.0; WOW64) AppleWebKit/537.36 (KHTML, like Gecko) Chrome/49.0.2623.112 Safari/537.36"
176.63.1.123 - - [24/Apr/2016:13:07:38 +0100] "GET /webServices/step4/step4RunController.php?permissions=255&exptId=260&jType=1&s4jNo=40&messageType=step4RunConnect&content%5B0%5D= HTTP/1.1" 200 2139 "http://imgame1.cf.ac.uk/s4_260_1_40" "Mozilla/5.0 (Windows NT 10.0; WOW64) AppleWebKit/537.36 (KHTML, like Gecko) Chrome/49.0.2623.112 Safari/537.36"
176.63.1.123 - - [24/Apr/2016:13:07:38 +0100] "GET /webServices/step4/step4RunController.php?permissions=255&exptId=260&jType=1&s4jNo=40&messageType=ratingParams&content%5B0%5D= HTTP/1.1" 200 460 "http://imgame1.cf.ac.uk/s4_260_1_40" "Mozilla/5.0 (Windows NT 10.0; WOW64) AppleWebKit/537.36 (KHTML, like Gecko) Chrome/49.0.2623.112 Safari/537.36"
176.63.1.123 - - [24/Apr/2016:13:07:38 +0100] "GET /webServices/step4/step4RunController.php?permissions=255&exptId=260&jType=1&s4jNo=40&messageType=startPage&content%5B0%5D= HTTP/1.1" 200 60 "http://imgame1.cf.ac.uk/s4_260_1_40" "Mozilla/5.0 (Windows NT 10.0; WOW64) AppleWebKit/537.36 (KHTML, like Gecko) Chrome/49.0.2623.112 Safari/537.36"
