91.225.162.140 - - [21/Jul/2016:03:03:21 +0100] "GET / HTTP/1.1" 200 4027 "-" "curl/7.17.1 (mips-unknown-linux-gnu) libcurl/7.17.1 OpenSSL/0.9.8i zlib/1.2.3"
83.43.8.157 - - [21/Jul/2016:03:32:37 +0100] "GET / HTTP/1.1" 200 4027 "-" "Mozilla/5.0 (iPhone; CPU iPhone OS 9_3_2 like Mac OS X) AppleWebKit/601.1.46 (KHTML, like Gecko) Version/9.0 Mobile/13F69 Safari/601.1"
83.43.8.157 - - [21/Jul/2016:03:32:37 +0100] "GET /jquery-themes/imgame.min.css HTTP/1.1" 200 30735 "http://imgame1.cf.ac.uk/" "Mozilla/5.0 (iPhone; CPU iPhone OS 9_3_2 like Mac OS X) AppleWebKit/601.1.46 (KHTML, like Gecko) Version/9.0 Mobile/13F69 Safari/601.1"
83.43.8.157 - - [21/Jul/2016:03:32:37 +0100] "GET /jquery-validation/additional-methods.min.js HTTP/1.1" 200 16415 "http://imgame1.cf.ac.uk/" "Mozilla/5.0 (iPhone; CPU iPhone OS 9_3_2 like Mac OS X) AppleWebKit/601.1.46 (KHTML, like Gecko) Version/9.0 Mobile/13F69 Safari/601.1"
83.43.8.157 - - [21/Jul/2016:03:32:37 +0100] "GET /js/global/loginRegister.js HTTP/1.1" 200 328 "http://imgame1.cf.ac.uk/" "Mozilla/5.0 (iPhone; CPU iPhone OS 9_3_2 like Mac OS X) AppleWebKit/601.1.46 (KHTML, like Gecko) Version/9.0 Mobile/13F69 Safari/601.1"
83.43.8.157 - - [21/Jul/2016:03:32:37 +0100] "GET /mobile-css/1024.css HTTP/1.1" 200 346 "http://imgame1.cf.ac.uk/" "Mozilla/5.0 (iPhone; CPU iPhone OS 9_3_2 like Mac OS X) AppleWebKit/601.1.46 (KHTML, like Gecko) Version/9.0 Mobile/13F69 Safari/601.1"
83.43.8.157 - - [21/Jul/2016:03:32:37 +0100] "GET /jquery-mobile/jquery.mobile.overrides.js HTTP/1.1" 200 355 "http://imgame1.cf.ac.uk/" "Mozilla/5.0 (iPhone; CPU iPhone OS 9_3_2 like Mac OS X) AppleWebKit/601.1.46 (KHTML, like Gecko) Version/9.0 Mobile/13F69 Safari/601.1"
83.43.8.157 - - [21/Jul/2016:03:32:37 +0100] "GET /jquery/jquery-2.1.3.min.js HTTP/1.1" 200 84320 "http://imgame1.cf.ac.uk/" "Mozilla/5.0 (iPhone; CPU iPhone OS 9_3_2 like Mac OS X) AppleWebKit/601.1.46 (KHTML, like Gecko) Version/9.0 Mobile/13F69 Safari/601.1"
83.43.8.157 - - [21/Jul/2016:03:32:37 +0100] "GET /jquery-mobile/jquery.mobile.icons-1.4.5.min.css HTTP/1.1" 200 127053 "http://imgame1.cf.ac.uk/" "Mozilla/5.0 (iPhone; CPU iPhone OS 9_3_2 like Mac OS X) AppleWebKit/601.1.46 (KHTML, like Gecko) Version/9.0 Mobile/13F69 Safari/601.1"
83.43.8.157 - - [21/Jul/2016:03:32:37 +0100] "GET /jquery-mobile/jquery.mobile.structure-1.4.5.min.css HTTP/1.1" 200 68712 "http://imgame1.cf.ac.uk/" "Mozilla/5.0 (iPhone; CPU iPhone OS 9_3_2 like Mac OS X) AppleWebKit/601.1.46 (KHTML, like Gecko) Version/9.0 Mobile/13F69 Safari/601.1"
186.208.16.35 - - [21/Jul/2016:05:53:29 +0100] "GET / HTTP/1.1" 200 4027 "-" "curl/7.17.1 (mips-unknown-linux-gnu) libcurl/7.17.1 OpenSSL/0.9.8i zlib/1.2.3"
82.19.41.152 - - [21/Jul/2016:09:53:51 +0100] "GET /webServices/tools/oneoffs/madridS2/processS2.php HTTP/1.1" 200 4 "-" "Mozilla/5.0 (Windows NT 10.0; WOW64) AppleWebKit/537.36 (KHTML, like Gecko) Chrome/51.0.2704.103 Safari/537.36"
82.19.41.152 - - [21/Jul/2016:09:55:48 +0100] "GET /webServices/tools/oneoffs/madridS2/processS2.php HTTP/1.1" 200 4 "-" "Mozilla/5.0 (Windows NT 10.0; WOW64) AppleWebKit/537.36 (KHTML, like Gecko) Chrome/51.0.2704.103 Safari/537.36"
82.19.41.152 - - [21/Jul/2016:09:56:01 +0100] "GET /favicon.ico HTTP/1.1" 200 1150 "http://imgame1.cf.ac.uk/webServices/tools/oneoffs/madridS2/processS2.php" "Mozilla/5.0 (Windows NT 10.0; WOW64) AppleWebKit/537.36 (KHTML, like Gecko) Chrome/51.0.2704.103 Safari/537.36"
218.106.182.122 - - [21/Jul/2016:10:55:41 +0100] "GET / HTTP/1.1" 200 4027 "-" "Mozilla/5.0 (Windows NT 5.1) AppleWebKit/537.36 (KHTML, like Gecko) Chrome/37.0.2062.103 Safari/537.36"
218.106.182.122 - - [21/Jul/2016:10:55:41 +0100] "GET /jquery-themes/imgame.min.css HTTP/1.1" 200 30735 "http://imgame1.cf.ac.uk/" "Mozilla/5.0 (Windows NT 5.1) AppleWebKit/537.36 (KHTML, like Gecko) Chrome/37.0.2062.103 Safari/537.36"
218.106.182.122 - - [21/Jul/2016:10:55:42 +0100] "GET /jquery-mobile/jquery.mobile.overrides.js HTTP/1.1" 200 355 "http://imgame1.cf.ac.uk/" "Mozilla/5.0 (Windows NT 5.1) AppleWebKit/537.36 (KHTML, like Gecko) Chrome/37.0.2062.103 Safari/537.36"
218.106.182.122 - - [21/Jul/2016:10:55:42 +0100] "GET /jquery-mobile/page.modifiers.js HTTP/1.1" 200 527 "http://imgame1.cf.ac.uk/" "Mozilla/5.0 (Windows NT 5.1) AppleWebKit/537.36 (KHTML, like Gecko) Chrome/37.0.2062.103 Safari/537.36"
218.106.182.122 - - [21/Jul/2016:10:55:42 +0100] "GET /jquery-validation/additional-methods.min.js HTTP/1.1" 200 16415 "http://imgame1.cf.ac.uk/" "Mozilla/5.0 (Windows NT 5.1) AppleWebKit/537.36 (KHTML, like Gecko) Chrome/37.0.2062.103 Safari/537.36"
218.106.182.122 - - [21/Jul/2016:10:55:42 +0100] "GET /jquery-mobile/jquery.mobile.structure-1.4.5.min.css HTTP/1.1" 200 68712 "http://imgame1.cf.ac.uk/" "Mozilla/5.0 (Windows NT 5.1) AppleWebKit/537.36 (KHTML, like Gecko) Chrome/37.0.2062.103 Safari/537.36"
218.106.182.122 - - [21/Jul/2016:10:55:42 +0100] "GET /jquery-validation/jquery.validate.min.js HTTP/1.1" 200 21584 "http://imgame1.cf.ac.uk/" "Mozilla/5.0 (Windows NT 5.1) AppleWebKit/537.36 (KHTML, like Gecko) Chrome/37.0.2062.103 Safari/537.36"
218.106.182.122 - - [21/Jul/2016:10:55:42 +0100] "GET /jquery/jquery-2.1.3.min.js HTTP/1.1" 200 84320 "http://imgame1.cf.ac.uk/" "Mozilla/5.0 (Windows NT 5.1) AppleWebKit/537.36 (KHTML, like Gecko) Chrome/37.0.2062.103 Safari/537.36"
218.106.182.122 - - [21/Jul/2016:10:55:42 +0100] "GET /js/global/loginRegister.js HTTP/1.1" 200 328 "http://imgame1.cf.ac.uk/" "Mozilla/5.0 (Windows NT 5.1) AppleWebKit/537.36 (KHTML, like Gecko) Chrome/37.0.2062.103 Safari/537.36"
218.106.182.122 - - [21/Jul/2016:10:55:42 +0100] "GET /mobile-css/1024.css HTTP/1.1" 200 346 "http://imgame1.cf.ac.uk/" "Mozilla/5.0 (Windows NT 5.1) AppleWebKit/537.36 (KHTML, like Gecko) Chrome/37.0.2062.103 Safari/537.36"
218.106.182.122 - - [21/Jul/2016:10:55:42 +0100] "GET /jquery-mobile/jquery.mobile-1.4.5.min.js HTTP/1.1" 200 200143 "http://imgame1.cf.ac.uk/" "Mozilla/5.0 (Windows NT 5.1) AppleWebKit/537.36 (KHTML, like Gecko) Chrome/37.0.2062.103 Safari/537.36"
218.106.182.122 - - [21/Jul/2016:10:55:42 +0100] "GET /jquery-mobile/jquery.mobile.icons-1.4.5.min.css HTTP/1.1" 200 127053 "http://imgame1.cf.ac.uk/" "Mozilla/5.0 (Windows NT 5.1) AppleWebKit/537.36 (KHTML, like Gecko) Chrome/37.0.2062.103 Safari/537.36"
218.106.182.122 - - [21/Jul/2016:10:55:44 +0100] "GET /jquery-themes/images/ajax-loader.gif HTTP/1.1" 200 6242 "http://imgame1.cf.ac.uk/jquery-themes/imgame.min.css" "Mozilla/5.0 (Windows NT 5.1) AppleWebKit/537.36 (KHTML, like Gecko) Chrome/37.0.2062.103 Safari/537.36"
218.106.182.122 - - [21/Jul/2016:10:55:44 +0100] "GET /favicon.ico HTTP/1.1" 200 1150 "-" "Mozilla/5.0 (Windows NT 5.1) AppleWebKit/537.36 (KHTML, like Gecko) Chrome/37.0.2062.103 Safari/537.36"
218.106.182.122 - - [21/Jul/2016:10:57:14 +0100] "GET / HTTP/1.1" 200 4027 "-" "Mozilla/5.0 (Windows NT 5.1) AppleWebKit/537.36 (KHTML, like Gecko) Chrome/37.0.2062.103 Safari/537.36"
82.19.41.152 - - [21/Jul/2016:11:10:26 +0100] "GET / HTTP/1.1" 200 4027 "-" "Mozilla/5.0 (Windows NT 10.0; WOW64; rv:47.0) Gecko/20100101 Firefox/47.0"
82.19.41.152 - - [21/Jul/2016:11:10:28 +0100] "POST /index.php HTTP/1.1" 200 2611 "http://imgame1.cf.ac.uk/" "Mozilla/5.0 (Windows NT 10.0; WOW64; rv:47.0) Gecko/20100101 Firefox/47.0"
10.239.32.89 - - [21/Jul/2016:11:10:28 +0100] "POST /index.php HTTP/1.1" 200 2610 "-" "-"
82.19.41.152 - - [21/Jul/2016:11:10:28 +0100] "GET /webServices/admin/experimentConfiguration.php?uid=28&permissions=255&messageType=adminHubItems&content=controls+and+items+for+admin+hub HTTP/1.1" 200 696735 "http://imgame1.cf.ac.uk/index.php" "Mozilla/5.0 (Windows NT 10.0; WOW64; rv:47.0) Gecko/20100101 Firefox/47.0"
82.19.41.152 - - [21/Jul/2016:11:10:32 +0100] "POST /index.php HTTP/1.1" 200 5816 "http://imgame1.cf.ac.uk/index.php" "Mozilla/5.0 (Windows NT 10.0; WOW64; rv:47.0) Gecko/20100101 Firefox/47.0"
82.19.41.152 - - [21/Jul/2016:11:10:33 +0100] "GET /webServices/admin/experimentConfiguration.php?uid=28&exptId=335&permissions=255&messageType=exptControls&content=top+level+experiment+controls HTTP/1.1" 200 8433 "http://imgame1.cf.ac.uk/index.php" "Mozilla/5.0 (Windows NT 10.0; WOW64; rv:47.0) Gecko/20100101 Firefox/47.0"
82.19.41.152 - - [21/Jul/2016:11:10:35 +0100] "GET /webServices/admin/uiUpdateExperimentGroup.php?uid=28&exptId=335&permissions=255&messageType=uiChange&content=s1SettingsLabelsClosed_1 HTTP/1.1" 200 97 "http://imgame1.cf.ac.uk/index.php" "Mozilla/5.0 (Windows NT 10.0; WOW64; rv:47.0) Gecko/20100101 Firefox/47.0"
82.19.41.152 - - [21/Jul/2016:11:10:36 +0100] "GET /webServices/admin/uiUpdateExperimentGroup.php?uid=28&exptId=335&permissions=255&messageType=uiChange&content=s1ControlClosed_0 HTTP/1.1" 200 90 "http://imgame1.cf.ac.uk/index.php" "Mozilla/5.0 (Windows NT 10.0; WOW64; rv:47.0) Gecko/20100101 Firefox/47.0"
82.19.41.152 - - [21/Jul/2016:11:10:37 +0100] "POST /index.php HTTP/1.1" 200 5151 "http://imgame1.cf.ac.uk/index.php" "Mozilla/5.0 (Windows NT 10.0; WOW64; rv:47.0) Gecko/20100101 Firefox/47.0"
218.106.182.117 - - [21/Jul/2016:11:46:08 +0100] "GET / HTTP/1.1" 200 4027 "-" "Mozilla/5.0 (Windows NT 5.1) AppleWebKit/537.36 (KHTML, like Gecko) Chrome/37.0.2062.103 Safari/537.36"
218.106.182.117 - - [21/Jul/2016:11:46:08 +0100] "GET /jquery-mobile/jquery.mobile.overrides.js HTTP/1.1" 200 355 "http://imgame1.cf.ac.uk/" "Mozilla/5.0 (Windows NT 5.1) AppleWebKit/537.36 (KHTML, like Gecko) Chrome/37.0.2062.103 Safari/537.36"
218.106.182.117 - - [21/Jul/2016:11:46:08 +0100] "GET /jquery-themes/imgame.min.css HTTP/1.1" 200 30735 "http://imgame1.cf.ac.uk/" "Mozilla/5.0 (Windows NT 5.1) AppleWebKit/537.36 (KHTML, like Gecko) Chrome/37.0.2062.103 Safari/537.36"
218.106.182.117 - - [21/Jul/2016:11:46:08 +0100] "GET /jquery-mobile/page.modifiers.js HTTP/1.1" 200 527 "http://imgame1.cf.ac.uk/" "Mozilla/5.0 (Windows NT 5.1) AppleWebKit/537.36 (KHTML, like Gecko) Chrome/37.0.2062.103 Safari/537.36"
218.106.182.117 - - [21/Jul/2016:11:46:08 +0100] "GET /jquery/jquery-2.1.3.min.js HTTP/1.1" 200 84320 "http://imgame1.cf.ac.uk/" "Mozilla/5.0 (Windows NT 5.1) AppleWebKit/537.36 (KHTML, like Gecko) Chrome/37.0.2062.103 Safari/537.36"
218.106.182.117 - - [21/Jul/2016:11:46:09 +0100] "GET /jquery-validation/additional-methods.min.js HTTP/1.1" 200 16415 "http://imgame1.cf.ac.uk/" "Mozilla/5.0 (Windows NT 5.1) AppleWebKit/537.36 (KHTML, like Gecko) Chrome/37.0.2062.103 Safari/537.36"
218.106.182.117 - - [21/Jul/2016:11:46:08 +0100] "GET /jquery-validation/jquery.validate.min.js HTTP/1.1" 200 21584 "http://imgame1.cf.ac.uk/" "Mozilla/5.0 (Windows NT 5.1) AppleWebKit/537.36 (KHTML, like Gecko) Chrome/37.0.2062.103 Safari/537.36"
218.106.182.117 - - [21/Jul/2016:11:46:09 +0100] "GET /js/global/loginRegister.js HTTP/1.1" 200 328 "http://imgame1.cf.ac.uk/" "Mozilla/5.0 (Windows NT 5.1) AppleWebKit/537.36 (KHTML, like Gecko) Chrome/37.0.2062.103 Safari/537.36"
218.106.182.117 - - [21/Jul/2016:11:46:09 +0100] "GET /mobile-css/1024.css HTTP/1.1" 200 346 "http://imgame1.cf.ac.uk/" "Mozilla/5.0 (Windows NT 5.1) AppleWebKit/537.36 (KHTML, like Gecko) Chrome/37.0.2062.103 Safari/537.36"
218.106.182.117 - - [21/Jul/2016:11:46:08 +0100] "GET /jquery-mobile/jquery.mobile.structure-1.4.5.min.css HTTP/1.1" 200 68712 "http://imgame1.cf.ac.uk/" "Mozilla/5.0 (Windows NT 5.1) AppleWebKit/537.36 (KHTML, like Gecko) Chrome/37.0.2062.103 Safari/537.36"
218.106.182.19 - - [21/Jul/2016:11:46:12 +0100] "GET / HTTP/1.1" 200 4027 "-" "Mozilla/5.0 (Windows NT 5.1) AppleWebKit/537.36 (KHTML, like Gecko) Chrome/37.0.2062.103 Safari/537.36"
218.106.182.19 - - [21/Jul/2016:11:46:12 +0100] "GET /jquery-mobile/jquery.mobile.overrides.js HTTP/1.1" 200 355 "http://imgame1.cf.ac.uk/" "Mozilla/5.0 (Windows NT 5.1) AppleWebKit/537.36 (KHTML, like Gecko) Chrome/37.0.2062.103 Safari/537.36"
218.106.182.19 - - [21/Jul/2016:11:46:12 +0100] "GET /jquery-themes/imgame.min.css HTTP/1.1" 200 30735 "http://imgame1.cf.ac.uk/" "Mozilla/5.0 (Windows NT 5.1) AppleWebKit/537.36 (KHTML, like Gecko) Chrome/37.0.2062.103 Safari/537.36"
218.106.182.19 - - [21/Jul/2016:11:46:13 +0100] "GET /jquery-mobile/page.modifiers.js HTTP/1.1" 200 527 "http://imgame1.cf.ac.uk/" "Mozilla/5.0 (Windows NT 5.1) AppleWebKit/537.36 (KHTML, like Gecko) Chrome/37.0.2062.103 Safari/537.36"
218.106.182.117 - - [21/Jul/2016:11:46:08 +0100] "GET /jquery-mobile/jquery.mobile.icons-1.4.5.min.css HTTP/1.1" 200 127053 "http://imgame1.cf.ac.uk/" "Mozilla/5.0 (Windows NT 5.1) AppleWebKit/537.36 (KHTML, like Gecko) Chrome/37.0.2062.103 Safari/537.36"
218.106.182.19 - - [21/Jul/2016:11:46:12 +0100] "GET /jquery-mobile/jquery.mobile.icons-1.4.5.min.css HTTP/1.1" 200 127053 "http://imgame1.cf.ac.uk/" "Mozilla/5.0 (Windows NT 5.1) AppleWebKit/537.36 (KHTML, like Gecko) Chrome/37.0.2062.103 Safari/537.36"
218.106.182.19 - - [21/Jul/2016:11:46:12 +0100] "GET /jquery-mobile/jquery.mobile.structure-1.4.5.min.css HTTP/1.1" 200 68712 "http://imgame1.cf.ac.uk/" "Mozilla/5.0 (Windows NT 5.1) AppleWebKit/537.36 (KHTML, like Gecko) Chrome/37.0.2062.103 Safari/537.36"
218.106.182.19 - - [21/Jul/2016:11:46:12 +0100] "GET /jquery/jquery-2.1.3.min.js HTTP/1.1" 200 84320 "http://imgame1.cf.ac.uk/" "Mozilla/5.0 (Windows NT 5.1) AppleWebKit/537.36 (KHTML, like Gecko) Chrome/37.0.2062.103 Safari/537.36"
218.106.182.19 - - [21/Jul/2016:11:46:13 +0100] "GET /jquery-validation/jquery.validate.min.js HTTP/1.1" 200 21584 "http://imgame1.cf.ac.uk/" "Mozilla/5.0 (Windows NT 5.1) AppleWebKit/537.36 (KHTML, like Gecko) Chrome/37.0.2062.103 Safari/537.36"
218.106.182.19 - - [21/Jul/2016:11:46:13 +0100] "GET /jquery-validation/additional-methods.min.js HTTP/1.1" 200 16415 "http://imgame1.cf.ac.uk/" "Mozilla/5.0 (Windows NT 5.1) AppleWebKit/537.36 (KHTML, like Gecko) Chrome/37.0.2062.103 Safari/537.36"
218.106.182.19 - - [21/Jul/2016:11:46:13 +0100] "GET /js/global/loginRegister.js HTTP/1.1" 200 328 "http://imgame1.cf.ac.uk/" "Mozilla/5.0 (Windows NT 5.1) AppleWebKit/537.36 (KHTML, like Gecko) Chrome/37.0.2062.103 Safari/537.36"
218.106.182.19 - - [21/Jul/2016:11:46:13 +0100] "GET /mobile-css/1024.css HTTP/1.1" 200 346 "http://imgame1.cf.ac.uk/" "Mozilla/5.0 (Windows NT 5.1) AppleWebKit/537.36 (KHTML, like Gecko) Chrome/37.0.2062.103 Safari/537.36"
218.106.182.117 - - [21/Jul/2016:11:46:08 +0100] "GET /jquery-mobile/jquery.mobile-1.4.5.min.js HTTP/1.1" 200 200143 "http://imgame1.cf.ac.uk/" "Mozilla/5.0 (Windows NT 5.1) AppleWebKit/537.36 (KHTML, like Gecko) Chrome/37.0.2062.103 Safari/537.36"
218.106.182.117 - - [21/Jul/2016:11:46:17 +0100] "GET /jquery-themes/images/ajax-loader.gif HTTP/1.1" 200 6242 "http://imgame1.cf.ac.uk/jquery-themes/imgame.min.css" "Mozilla/5.0 (Windows NT 5.1) AppleWebKit/537.36 (KHTML, like Gecko) Chrome/37.0.2062.103 Safari/537.36"
218.106.182.117 - - [21/Jul/2016:11:46:17 +0100] "GET /favicon.ico HTTP/1.1" 200 1150 "-" "Mozilla/5.0 (Windows NT 5.1) AppleWebKit/537.36 (KHTML, like Gecko) Chrome/37.0.2062.103 Safari/537.36"
218.106.182.63 - - [21/Jul/2016:11:46:20 +0100] "GET / HTTP/1.1" 200 4027 "-" "Mozilla/5.0 (Windows NT 5.1) AppleWebKit/537.36 (KHTML, like Gecko) Chrome/37.0.2062.103 Safari/537.36"
218.106.182.19 - - [21/Jul/2016:11:46:12 +0100] "GET /jquery-mobile/jquery.mobile-1.4.5.min.js HTTP/1.1" 200 200143 "http://imgame1.cf.ac.uk/" "Mozilla/5.0 (Windows NT 5.1) AppleWebKit/537.36 (KHTML, like Gecko) Chrome/37.0.2062.103 Safari/537.36"
218.106.182.63 - - [21/Jul/2016:11:46:22 +0100] "GET /jquery-mobile/jquery.mobile.overrides.js HTTP/1.1" 200 355 "http://imgame1.cf.ac.uk/" "Mozilla/5.0 (Windows NT 5.1) AppleWebKit/537.36 (KHTML, like Gecko) Chrome/37.0.2062.103 Safari/537.36"
218.106.182.63 - - [21/Jul/2016:11:46:22 +0100] "GET /jquery-mobile/page.modifiers.js HTTP/1.1" 200 527 "http://imgame1.cf.ac.uk/" "Mozilla/5.0 (Windows NT 5.1) AppleWebKit/537.36 (KHTML, like Gecko) Chrome/37.0.2062.103 Safari/537.36"
218.106.182.63 - - [21/Jul/2016:11:46:22 +0100] "GET /jquery-validation/jquery.validate.min.js HTTP/1.1" 200 21584 "http://imgame1.cf.ac.uk/" "Mozilla/5.0 (Windows NT 5.1) AppleWebKit/537.36 (KHTML, like Gecko) Chrome/37.0.2062.103 Safari/537.36"
218.106.182.63 - - [21/Jul/2016:11:46:22 +0100] "GET /jquery/jquery-2.1.3.min.js HTTP/1.1" 200 84320 "http://imgame1.cf.ac.uk/" "Mozilla/5.0 (Windows NT 5.1) AppleWebKit/537.36 (KHTML, like Gecko) Chrome/37.0.2062.103 Safari/537.36"
218.106.182.63 - - [21/Jul/2016:11:46:23 +0100] "GET /jquery-validation/additional-methods.min.js HTTP/1.1" 200 16415 "http://imgame1.cf.ac.uk/" "Mozilla/5.0 (Windows NT 5.1) AppleWebKit/537.36 (KHTML, like Gecko) Chrome/37.0.2062.103 Safari/537.36"
218.106.182.19 - - [21/Jul/2016:11:46:23 +0100] "GET /jquery-themes/images/ajax-loader.gif HTTP/1.1" 200 6242 "http://imgame1.cf.ac.uk/jquery-themes/imgame.min.css" "Mozilla/5.0 (Windows NT 5.1) AppleWebKit/537.36 (KHTML, like Gecko) Chrome/37.0.2062.103 Safari/537.36"
218.106.182.63 - - [21/Jul/2016:11:46:22 +0100] "GET /jquery-mobile/jquery.mobile.icons-1.4.5.min.css HTTP/1.1" 200 127053 "http://imgame1.cf.ac.uk/" "Mozilla/5.0 (Windows NT 5.1) AppleWebKit/537.36 (KHTML, like Gecko) Chrome/37.0.2062.103 Safari/537.36"
218.106.182.63 - - [21/Jul/2016:11:46:22 +0100] "GET /jquery-mobile/jquery.mobile-1.4.5.min.js HTTP/1.1" 200 200143 "http://imgame1.cf.ac.uk/" "Mozilla/5.0 (Windows NT 5.1) AppleWebKit/537.36 (KHTML, like Gecko) Chrome/37.0.2062.103 Safari/537.36"
218.106.182.19 - - [21/Jul/2016:11:46:23 +0100] "GET /favicon.ico HTTP/1.1" 200 1150 "-" "Mozilla/5.0 (Windows NT 5.1) AppleWebKit/537.36 (KHTML, like Gecko) Chrome/37.0.2062.103 Safari/537.36"
218.106.182.63 - - [21/Jul/2016:11:46:22 +0100] "GET /jquery-mobile/jquery.mobile.structure-1.4.5.min.css HTTP/1.1" 200 68712 "http://imgame1.cf.ac.uk/" "Mozilla/5.0 (Windows NT 5.1) AppleWebKit/537.36 (KHTML, like Gecko) Chrome/37.0.2062.103 Safari/537.36"
218.106.182.63 - - [21/Jul/2016:11:46:23 +0100] "GET /js/global/loginRegister.js HTTP/1.1" 200 328 "http://imgame1.cf.ac.uk/" "Mozilla/5.0 (Windows NT 5.1) AppleWebKit/537.36 (KHTML, like Gecko) Chrome/37.0.2062.103 Safari/537.36"
218.106.182.63 - - [21/Jul/2016:11:46:22 +0100] "GET /jquery-themes/imgame.min.css HTTP/1.1" 200 30735 "http://imgame1.cf.ac.uk/" "Mozilla/5.0 (Windows NT 5.1) AppleWebKit/537.36 (KHTML, like Gecko) Chrome/37.0.2062.103 Safari/537.36"
218.106.182.63 - - [21/Jul/2016:11:46:24 +0100] "GET /mobile-css/1024.css HTTP/1.1" 200 346 "http://imgame1.cf.ac.uk/" "Mozilla/5.0 (Windows NT 5.1) AppleWebKit/537.36 (KHTML, like Gecko) Chrome/37.0.2062.103 Safari/537.36"
218.106.182.63 - - [21/Jul/2016:11:46:25 +0100] "GET /jquery-themes/images/ajax-loader.gif HTTP/1.1" 200 6242 "http://imgame1.cf.ac.uk/jquery-themes/imgame.min.css" "Mozilla/5.0 (Windows NT 5.1) AppleWebKit/537.36 (KHTML, like Gecko) Chrome/37.0.2062.103 Safari/537.36"
218.106.182.63 - - [21/Jul/2016:11:46:26 +0100] "GET /favicon.ico HTTP/1.1" 200 1150 "-" "Mozilla/5.0 (Windows NT 5.1) AppleWebKit/537.36 (KHTML, like Gecko) Chrome/37.0.2062.103 Safari/537.36"
218.106.182.117 - - [21/Jul/2016:11:46:40 +0100] "POST /index.php HTTP/1.1" 200 12629 "http://imgame1.cf.ac.uk/" "Mozilla/5.0 (Windows NT 5.1) AppleWebKit/537.36 (KHTML, like Gecko) Chrome/37.0.2062.103 Safari/537.36"
10.239.32.89 - - [21/Jul/2016:11:46:41 +0100] "POST /index.php HTTP/1.1" 200 12628 "-" "-"
::1 - - [21/Jul/2016:11:46:41 +0100] "OPTIONS * HTTP/1.0" 200 - "-" "Apache (internal dummy connection)"
218.106.182.117 - - [21/Jul/2016:11:46:41 +0100] "GET /css/481-1023.css HTTP/1.1" 200 1716 "http://imgame1.cf.ac.uk/index.php" "Mozilla/5.0 (Windows NT 5.1) AppleWebKit/537.36 (KHTML, like Gecko) Chrome/37.0.2062.103 Safari/537.36"
218.106.182.117 - - [21/Jul/2016:11:46:41 +0100] "GET /js/wsockets/igrtwebsocket.js HTTP/1.1" 200 1076 "http://imgame1.cf.ac.uk/index.php" "Mozilla/5.0 (Windows NT 5.1) AppleWebKit/537.36 (KHTML, like Gecko) Chrome/37.0.2062.103 Safari/537.36"
218.106.182.117 - - [21/Jul/2016:11:46:41 +0100] "GET /jquery-ui-1.11.1/jquery-ui.min.css HTTP/1.1" 200 30163 "http://imgame1.cf.ac.uk/index.php" "Mozilla/5.0 (Windows NT 5.1) AppleWebKit/537.36 (KHTML, like Gecko) Chrome/37.0.2062.103 Safari/537.36"
218.106.182.117 - - [21/Jul/2016:11:46:41 +0100] "GET /css/0-479.css HTTP/1.1" 200 1290 "http://imgame1.cf.ac.uk/index.php" "Mozilla/5.0 (Windows NT 5.1) AppleWebKit/537.36 (KHTML, like Gecko) Chrome/37.0.2062.103 Safari/537.36"
218.106.182.117 - - [21/Jul/2016:11:46:41 +0100] "GET /css/480.css HTTP/1.1" 200 1750 "http://imgame1.cf.ac.uk/index.php" "Mozilla/5.0 (Windows NT 5.1) AppleWebKit/537.36 (KHTML, like Gecko) Chrome/37.0.2062.103 Safari/537.36"
218.107.132.204 - - [21/Jul/2016:11:46:41 +0100] "GET / HTTP/1.1" 200 4027 "-" "Mozilla/5.0 (Windows NT 5.1) AppleWebKit/537.36 (KHTML, like Gecko) Chrome/37.0.2062.103 Safari/537.36"
218.106.182.117 - - [21/Jul/2016:11:46:41 +0100] "GET /css/basic.css HTTP/1.1" 200 56434 "http://imgame1.cf.ac.uk/index.php" "Mozilla/5.0 (Windows NT 5.1) AppleWebKit/537.36 (KHTML, like Gecko) Chrome/37.0.2062.103 Safari/537.36"
218.106.182.117 - - [21/Jul/2016:11:46:41 +0100] "GET /css/1024.css HTTP/1.1" 200 1308 "http://imgame1.cf.ac.uk/index.php" "Mozilla/5.0 (Windows NT 5.1) AppleWebKit/537.36 (KHTML, like Gecko) Chrome/37.0.2062.103 Safari/537.36"
218.106.182.117 - - [21/Jul/2016:11:46:41 +0100] "GET /js/wsockets/step1expt_ws.js HTTP/1.1" 200 72368 "http://imgame1.cf.ac.uk/index.php" "Mozilla/5.0 (Windows NT 5.1) AppleWebKit/537.36 (KHTML, like Gecko) Chrome/37.0.2062.103 Safari/537.36"
218.106.182.19 - - [21/Jul/2016:11:46:43 +0100] "POST /index.php HTTP/1.1" 200 12629 "http://imgame1.cf.ac.uk/" "Mozilla/5.0 (Windows NT 5.1) AppleWebKit/537.36 (KHTML, like Gecko) Chrome/37.0.2062.103 Safari/537.36"
10.239.32.89 - - [21/Jul/2016:11:46:43 +0100] "POST /index.php HTTP/1.1" 200 12628 "-" "-"
218.106.182.117 - - [21/Jul/2016:11:46:43 +0100] "GET /jquery-ui-1.11.1/images/ui-icons_222222_256x240.png HTTP/1.1" 200 7006 "http://imgame1.cf.ac.uk/jquery-ui-1.11.1/jquery-ui.min.css" "Mozilla/5.0 (Windows NT 5.1) AppleWebKit/537.36 (KHTML, like Gecko) Chrome/37.0.2062.103 Safari/537.36"
218.106.182.117 - - [21/Jul/2016:11:46:43 +0100] "GET /images/tabNumberOne.gif HTTP/1.1" 200 402 "http://imgame1.cf.ac.uk/css/basic.css" "Mozilla/5.0 (Windows NT 5.1) AppleWebKit/537.36 (KHTML, like Gecko) Chrome/37.0.2062.103 Safari/537.36"
218.106.182.117 - - [21/Jul/2016:11:46:43 +0100] "GET /images/tabStatusYourTurn.png HTTP/1.1" 200 324 "http://imgame1.cf.ac.uk/css/basic.css" "Mozilla/5.0 (Windows NT 5.1) AppleWebKit/537.36 (KHTML, like Gecko) Chrome/37.0.2062.103 Safari/537.36"
218.106.182.117 - - [21/Jul/2016:11:46:43 +0100] "GET /images/tabNumberTwo.gif HTTP/1.1" 200 691 "http://imgame1.cf.ac.uk/css/basic.css" "Mozilla/5.0 (Windows NT 5.1) AppleWebKit/537.36 (KHTML, like Gecko) Chrome/37.0.2062.103 Safari/537.36"
218.106.182.117 - - [21/Jul/2016:11:46:43 +0100] "GET /images/tabStatusWaiting.png HTTP/1.1" 200 330 "http://imgame1.cf.ac.uk/css/basic.css" "Mozilla/5.0 (Windows NT 5.1) AppleWebKit/537.36 (KHTML, like Gecko) Chrome/37.0.2062.103 Safari/537.36"
218.106.182.19 - - [21/Jul/2016:11:46:44 +0100] "GET /css/481-1023.css HTTP/1.1" 200 1716 "http://imgame1.cf.ac.uk/index.php" "Mozilla/5.0 (Windows NT 5.1) AppleWebKit/537.36 (KHTML, like Gecko) Chrome/37.0.2062.103 Safari/537.36"
218.106.182.19 - - [21/Jul/2016:11:46:44 +0100] "GET /js/wsockets/igrtwebsocket.js HTTP/1.1" 200 1076 "http://imgame1.cf.ac.uk/index.php" "Mozilla/5.0 (Windows NT 5.1) AppleWebKit/537.36 (KHTML, like Gecko) Chrome/37.0.2062.103 Safari/537.36"
218.107.132.204 - - [21/Jul/2016:11:46:43 +0100] "GET /jquery/jquery-2.1.3.min.js HTTP/1.1" 200 84320 "http://imgame1.cf.ac.uk/" "Mozilla/5.0 (Windows NT 5.1) AppleWebKit/537.36 (KHTML, like Gecko) Chrome/37.0.2062.103 Safari/537.36"
218.106.182.117 - - [21/Jul/2016:11:46:44 +0100] "GET /images/tabNumberThree.gif HTTP/1.1" 200 689 "http://imgame1.cf.ac.uk/css/basic.css" "Mozilla/5.0 (Windows NT 5.1) AppleWebKit/537.36 (KHTML, like Gecko) Chrome/37.0.2062.103 Safari/537.36"
218.106.182.19 - - [21/Jul/2016:11:46:44 +0100] "GET /css/0-479.css HTTP/1.1" 200 1290 "http://imgame1.cf.ac.uk/index.php" "Mozilla/5.0 (Windows NT 5.1) AppleWebKit/537.36 (KHTML, like Gecko) Chrome/37.0.2062.103 Safari/537.36"
218.106.182.19 - - [21/Jul/2016:11:46:44 +0100] "GET /jquery-ui-1.11.1/jquery-ui.min.css HTTP/1.1" 200 30163 "http://imgame1.cf.ac.uk/index.php" "Mozilla/5.0 (Windows NT 5.1) AppleWebKit/537.36 (KHTML, like Gecko) Chrome/37.0.2062.103 Safari/537.36"
218.106.182.19 - - [21/Jul/2016:11:46:44 +0100] "GET /css/480.css HTTP/1.1" 200 1750 "http://imgame1.cf.ac.uk/index.php" "Mozilla/5.0 (Windows NT 5.1) AppleWebKit/537.36 (KHTML, like Gecko) Chrome/37.0.2062.103 Safari/537.36"
218.107.132.204 - - [21/Jul/2016:11:46:44 +0100] "GET /jquery-mobile/jquery.mobile.overrides.js HTTP/1.1" 200 355 "http://imgame1.cf.ac.uk/" "Mozilla/5.0 (Windows NT 5.1) AppleWebKit/537.36 (KHTML, like Gecko) Chrome/37.0.2062.103 Safari/537.36"
218.107.132.204 - - [21/Jul/2016:11:46:43 +0100] "GET /jquery-themes/imgame.min.css HTTP/1.1" 200 30735 "http://imgame1.cf.ac.uk/" "Mozilla/5.0 (Windows NT 5.1) AppleWebKit/537.36 (KHTML, like Gecko) Chrome/37.0.2062.103 Safari/537.36"
218.106.182.19 - - [21/Jul/2016:11:46:44 +0100] "GET /css/1024.css HTTP/1.1" 200 1308 "http://imgame1.cf.ac.uk/index.php" "Mozilla/5.0 (Windows NT 5.1) AppleWebKit/537.36 (KHTML, like Gecko) Chrome/37.0.2062.103 Safari/537.36"
218.107.132.204 - - [21/Jul/2016:11:46:43 +0100] "GET /jquery-mobile/jquery.mobile.structure-1.4.5.min.css HTTP/1.1" 200 68712 "http://imgame1.cf.ac.uk/" "Mozilla/5.0 (Windows NT 5.1) AppleWebKit/537.36 (KHTML, like Gecko) Chrome/37.0.2062.103 Safari/537.36"
218.107.132.204 - - [21/Jul/2016:11:46:44 +0100] "GET /jquery-mobile/page.modifiers.js HTTP/1.1" 200 527 "http://imgame1.cf.ac.uk/" "Mozilla/5.0 (Windows NT 5.1) AppleWebKit/537.36 (KHTML, like Gecko) Chrome/37.0.2062.103 Safari/537.36"
218.107.132.204 - - [21/Jul/2016:11:46:44 +0100] "GET /jquery-validation/jquery.validate.min.js HTTP/1.1" 200 21584 "http://imgame1.cf.ac.uk/" "Mozilla/5.0 (Windows NT 5.1) AppleWebKit/537.36 (KHTML, like Gecko) Chrome/37.0.2062.103 Safari/537.36"
218.106.182.19 - - [21/Jul/2016:11:46:43 +0100] "GET /css/basic.css HTTP/1.1" 200 56434 "http://imgame1.cf.ac.uk/index.php" "Mozilla/5.0 (Windows NT 5.1) AppleWebKit/537.36 (KHTML, like Gecko) Chrome/37.0.2062.103 Safari/537.36"
218.106.182.19 - - [21/Jul/2016:11:46:44 +0100] "GET /js/wsockets/step1expt_ws.js HTTP/1.1" 200 72368 "http://imgame1.cf.ac.uk/index.php" "Mozilla/5.0 (Windows NT 5.1) AppleWebKit/537.36 (KHTML, like Gecko) Chrome/37.0.2062.103 Safari/537.36"
218.107.132.204 - - [21/Jul/2016:11:46:45 +0100] "GET /jquery-validation/additional-methods.min.js HTTP/1.1" 200 16415 "http://imgame1.cf.ac.uk/" "Mozilla/5.0 (Windows NT 5.1) AppleWebKit/537.36 (KHTML, like Gecko) Chrome/37.0.2062.103 Safari/537.36"
218.107.132.204 - - [21/Jul/2016:11:46:45 +0100] "GET /js/global/loginRegister.js HTTP/1.1" 200 328 "http://imgame1.cf.ac.uk/" "Mozilla/5.0 (Windows NT 5.1) AppleWebKit/537.36 (KHTML, like Gecko) Chrome/37.0.2062.103 Safari/537.36"
218.107.132.204 - - [21/Jul/2016:11:46:43 +0100] "GET /jquery-mobile/jquery.mobile.icons-1.4.5.min.css HTTP/1.1" 200 127053 "http://imgame1.cf.ac.uk/" "Mozilla/5.0 (Windows NT 5.1) AppleWebKit/537.36 (KHTML, like Gecko) Chrome/37.0.2062.103 Safari/537.36"
218.107.132.204 - - [21/Jul/2016:11:46:46 +0100] "GET /mobile-css/1024.css HTTP/1.1" 200 346 "http://imgame1.cf.ac.uk/" "Mozilla/5.0 (Windows NT 5.1) AppleWebKit/537.36 (KHTML, like Gecko) Chrome/37.0.2062.103 Safari/537.36"
218.107.132.226 - - [21/Jul/2016:11:46:46 +0100] "GET / HTTP/1.1" 200 4027 "-" "Mozilla/5.0 (Windows NT 5.1) AppleWebKit/537.36 (KHTML, like Gecko) Chrome/37.0.2062.103 Safari/537.36"
218.107.132.226 - - [21/Jul/2016:11:46:46 +0100] "GET /jquery-themes/imgame.min.css HTTP/1.1" 200 30735 "http://imgame1.cf.ac.uk/" "Mozilla/5.0 (Windows NT 5.1) AppleWebKit/537.36 (KHTML, like Gecko) Chrome/37.0.2062.103 Safari/537.36"
218.107.132.226 - - [21/Jul/2016:11:46:46 +0100] "GET /mobile-css/1024.css HTTP/1.1" 200 346 "http://imgame1.cf.ac.uk/" "Mozilla/5.0 (Windows NT 5.1) AppleWebKit/537.36 (KHTML, like Gecko) Chrome/37.0.2062.103 Safari/537.36"
218.107.132.226 - - [21/Jul/2016:11:46:46 +0100] "GET /jquery-mobile/jquery.mobile.overrides.js HTTP/1.1" 200 355 "http://imgame1.cf.ac.uk/" "Mozilla/5.0 (Windows NT 5.1) AppleWebKit/537.36 (KHTML, like Gecko) Chrome/37.0.2062.103 Safari/537.36"
218.107.132.226 - - [21/Jul/2016:11:46:46 +0100] "GET /jquery-mobile/page.modifiers.js HTTP/1.1" 200 527 "http://imgame1.cf.ac.uk/" "Mozilla/5.0 (Windows NT 5.1) AppleWebKit/537.36 (KHTML, like Gecko) Chrome/37.0.2062.103 Safari/537.36"
218.107.132.226 - - [21/Jul/2016:11:46:47 +0100] "GET /jquery-validation/jquery.validate.min.js HTTP/1.1" 200 21584 "http://imgame1.cf.ac.uk/" "Mozilla/5.0 (Windows NT 5.1) AppleWebKit/537.36 (KHTML, like Gecko) Chrome/37.0.2062.103 Safari/537.36"
218.107.132.226 - - [21/Jul/2016:11:46:47 +0100] "GET /jquery-validation/additional-methods.min.js HTTP/1.1" 200 16415 "http://imgame1.cf.ac.uk/" "Mozilla/5.0 (Windows NT 5.1) AppleWebKit/537.36 (KHTML, like Gecko) Chrome/37.0.2062.103 Safari/537.36"
218.107.132.226 - - [21/Jul/2016:11:46:46 +0100] "GET /jquery-mobile/jquery.mobile.structure-1.4.5.min.css HTTP/1.1" 200 68712 "http://imgame1.cf.ac.uk/" "Mozilla/5.0 (Windows NT 5.1) AppleWebKit/537.36 (KHTML, like Gecko) Chrome/37.0.2062.103 Safari/537.36"
218.107.132.226 - - [21/Jul/2016:11:46:47 +0100] "GET /js/global/loginRegister.js HTTP/1.1" 200 328 "http://imgame1.cf.ac.uk/" "Mozilla/5.0 (Windows NT 5.1) AppleWebKit/537.36 (KHTML, like Gecko) Chrome/37.0.2062.103 Safari/537.36"
218.107.132.226 - - [21/Jul/2016:11:46:46 +0100] "GET /jquery-mobile/jquery.mobile.icons-1.4.5.min.css HTTP/1.1" 200 127053 "http://imgame1.cf.ac.uk/" "Mozilla/5.0 (Windows NT 5.1) AppleWebKit/537.36 (KHTML, like Gecko) Chrome/37.0.2062.103 Safari/537.36"
218.107.132.157 - - [21/Jul/2016:11:46:48 +0100] "GET / HTTP/1.1" 200 4027 "-" "Mozilla/5.0 (Windows NT 5.1) AppleWebKit/537.36 (KHTML, like Gecko) Chrome/37.0.2062.103 Safari/537.36"
218.106.182.117 - - [21/Jul/2016:11:46:41 +0100] "GET /jquery-ui-1.11.1/jquery-ui.min.js HTTP/1.1" 200 238314 "http://imgame1.cf.ac.uk/index.php" "Mozilla/5.0 (Windows NT 5.1) AppleWebKit/537.36 (KHTML, like Gecko) Chrome/37.0.2062.103 Safari/537.36"
218.107.132.157 - - [21/Jul/2016:11:46:48 +0100] "GET /jquery-themes/imgame.min.css HTTP/1.1" 200 30735 "http://imgame1.cf.ac.uk/" "Mozilla/5.0 (Windows NT 5.1) AppleWebKit/537.36 (KHTML, like Gecko) Chrome/37.0.2062.103 Safari/537.36"
218.107.132.157 - - [21/Jul/2016:11:46:49 +0100] "GET /jquery-mobile/page.modifiers.js HTTP/1.1" 200 527 "http://imgame1.cf.ac.uk/" "Mozilla/5.0 (Windows NT 5.1) AppleWebKit/537.36 (KHTML, like Gecko) Chrome/37.0.2062.103 Safari/537.36"
218.107.132.157 - - [21/Jul/2016:11:46:49 +0100] "GET /jquery-validation/jquery.validate.min.js HTTP/1.1" 200 21584 "http://imgame1.cf.ac.uk/" "Mozilla/5.0 (Windows NT 5.1) AppleWebKit/537.36 (KHTML, like Gecko) Chrome/37.0.2062.103 Safari/537.36"
218.107.132.157 - - [21/Jul/2016:11:46:48 +0100] "GET /jquery-mobile/jquery.mobile.structure-1.4.5.min.css HTTP/1.1" 200 68712 "http://imgame1.cf.ac.uk/" "Mozilla/5.0 (Windows NT 5.1) AppleWebKit/537.36 (KHTML, like Gecko) Chrome/37.0.2062.103 Safari/537.36"
218.107.132.157 - - [21/Jul/2016:11:46:49 +0100] "GET /jquery-mobile/jquery.mobile.overrides.js HTTP/1.1" 200 355 "http://imgame1.cf.ac.uk/" "Mozilla/5.0 (Windows NT 5.1) AppleWebKit/537.36 (KHTML, like Gecko) Chrome/37.0.2062.103 Safari/537.36"
218.107.132.157 - - [21/Jul/2016:11:46:49 +0100] "GET /jquery-validation/additional-methods.min.js HTTP/1.1" 200 16415 "http://imgame1.cf.ac.uk/" "Mozilla/5.0 (Windows NT 5.1) AppleWebKit/537.36 (KHTML, like Gecko) Chrome/37.0.2062.103 Safari/537.36"
218.107.132.157 - - [21/Jul/2016:11:46:49 +0100] "GET /js/global/loginRegister.js HTTP/1.1" 200 328 "http://imgame1.cf.ac.uk/" "Mozilla/5.0 (Windows NT 5.1) AppleWebKit/537.36 (KHTML, like Gecko) Chrome/37.0.2062.103 Safari/537.36"
218.107.132.157 - - [21/Jul/2016:11:46:49 +0100] "GET /mobile-css/1024.css HTTP/1.1" 200 346 "http://imgame1.cf.ac.uk/" "Mozilla/5.0 (Windows NT 5.1) AppleWebKit/537.36 (KHTML, like Gecko) Chrome/37.0.2062.103 Safari/537.36"
218.107.132.157 - - [21/Jul/2016:11:46:48 +0100] "GET /jquery/jquery-2.1.3.min.js HTTP/1.1" 200 84320 "http://imgame1.cf.ac.uk/" "Mozilla/5.0 (Windows NT 5.1) AppleWebKit/537.36 (KHTML, like Gecko) Chrome/37.0.2062.103 Safari/537.36"
218.106.182.19 - - [21/Jul/2016:11:46:49 +0100] "GET /jquery-ui-1.11.1/images/ui-icons_222222_256x240.png HTTP/1.1" 200 7006 "http://imgame1.cf.ac.uk/jquery-ui-1.11.1/jquery-ui.min.css" "Mozilla/5.0 (Windows NT 5.1) AppleWebKit/537.36 (KHTML, like Gecko) Chrome/37.0.2062.103 Safari/537.36"
218.106.182.19 - - [21/Jul/2016:11:46:49 +0100] "GET /images/tabNumberOne.gif HTTP/1.1" 200 402 "http://imgame1.cf.ac.uk/css/basic.css" "Mozilla/5.0 (Windows NT 5.1) AppleWebKit/537.36 (KHTML, like Gecko) Chrome/37.0.2062.103 Safari/537.36"
218.106.182.19 - - [21/Jul/2016:11:46:49 +0100] "GET /images/tabStatusYourTurn.png HTTP/1.1" 200 324 "http://imgame1.cf.ac.uk/css/basic.css" "Mozilla/5.0 (Windows NT 5.1) AppleWebKit/537.36 (KHTML, like Gecko) Chrome/37.0.2062.103 Safari/537.36"
218.106.182.19 - - [21/Jul/2016:11:46:49 +0100] "GET /images/tabNumberTwo.gif HTTP/1.1" 200 691 "http://imgame1.cf.ac.uk/css/basic.css" "Mozilla/5.0 (Windows NT 5.1) AppleWebKit/537.36 (KHTML, like Gecko) Chrome/37.0.2062.103 Safari/537.36"
218.106.182.19 - - [21/Jul/2016:11:46:49 +0100] "GET /images/tabStatusWaiting.png HTTP/1.1" 200 330 "http://imgame1.cf.ac.uk/css/basic.css" "Mozilla/5.0 (Windows NT 5.1) AppleWebKit/537.36 (KHTML, like Gecko) Chrome/37.0.2062.103 Safari/537.36"
218.107.132.226 - - [21/Jul/2016:11:46:46 +0100] "GET /jquery/jquery-2.1.3.min.js HTTP/1.1" 200 84320 "http://imgame1.cf.ac.uk/" "Mozilla/5.0 (Windows NT 5.1) AppleWebKit/537.36 (KHTML, like Gecko) Chrome/37.0.2062.103 Safari/537.36"
218.106.182.19 - - [21/Jul/2016:11:46:50 +0100] "GET /images/tabNumberThree.gif HTTP/1.1" 200 689 "http://imgame1.cf.ac.uk/css/basic.css" "Mozilla/5.0 (Windows NT 5.1) AppleWebKit/537.36 (KHTML, like Gecko) Chrome/37.0.2062.103 Safari/537.36"
218.107.132.157 - - [21/Jul/2016:11:46:48 +0100] "GET /jquery-mobile/jquery.mobile.icons-1.4.5.min.css HTTP/1.1" 200 127053 "http://imgame1.cf.ac.uk/" "Mozilla/5.0 (Windows NT 5.1) AppleWebKit/537.36 (KHTML, like Gecko) Chrome/37.0.2062.103 Safari/537.36"
218.106.182.157 - - [21/Jul/2016:11:46:50 +0100] "GET / HTTP/1.1" 200 4027 "-" "Mozilla/5.0 (Windows NT 5.1) AppleWebKit/537.36 (KHTML, like Gecko) Chrome/37.0.2062.103 Safari/537.36"
218.106.182.157 - - [21/Jul/2016:11:46:50 +0100] "GET /jquery-themes/imgame.min.css HTTP/1.1" 200 30735 "http://imgame1.cf.ac.uk/" "Mozilla/5.0 (Windows NT 5.1) AppleWebKit/537.36 (KHTML, like Gecko) Chrome/37.0.2062.103 Safari/537.36"
218.106.182.157 - - [21/Jul/2016:11:46:50 +0100] "GET /jquery-mobile/jquery.mobile.overrides.js HTTP/1.1" 200 355 "http://imgame1.cf.ac.uk/" "Mozilla/5.0 (Windows NT 5.1) AppleWebKit/537.36 (KHTML, like Gecko) Chrome/37.0.2062.103 Safari/537.36"
218.106.182.157 - - [21/Jul/2016:11:46:51 +0100] "GET /jquery-mobile/page.modifiers.js HTTP/1.1" 200 527 "http://imgame1.cf.ac.uk/" "Mozilla/5.0 (Windows NT 5.1) AppleWebKit/537.36 (KHTML, like Gecko) Chrome/37.0.2062.103 Safari/537.36"
218.106.182.157 - - [21/Jul/2016:11:46:51 +0100] "GET /jquery-validation/jquery.validate.min.js HTTP/1.1" 200 21584 "http://imgame1.cf.ac.uk/" "Mozilla/5.0 (Windows NT 5.1) AppleWebKit/537.36 (KHTML, like Gecko) Chrome/37.0.2062.103 Safari/537.36"
218.106.182.157 - - [21/Jul/2016:11:46:51 +0100] "GET /jquery-validation/additional-methods.min.js HTTP/1.1" 200 16415 "http://imgame1.cf.ac.uk/" "Mozilla/5.0 (Windows NT 5.1) AppleWebKit/537.36 (KHTML, like Gecko) Chrome/37.0.2062.103 Safari/537.36"
218.106.182.168 - - [21/Jul/2016:11:46:51 +0100] "GET / HTTP/1.1" 200 4027 "-" "Mozilla/5.0 (Windows NT 5.1) AppleWebKit/537.36 (KHTML, like Gecko) Chrome/37.0.2062.103 Safari/537.36"
218.106.182.117 - - [21/Jul/2016:11:46:51 +0100] "POST /webServices/step1/getStep1Parameters.php HTTP/1.1" 200 424 "http://imgame1.cf.ac.uk/index.php" "Mozilla/5.0 (Windows NT 5.1) AppleWebKit/537.36 (KHTML, like Gecko) Chrome/37.0.2062.103 Safari/537.36"
218.106.182.157 - - [21/Jul/2016:11:46:50 +0100] "GET /jquery-mobile/jquery.mobile.structure-1.4.5.min.css HTTP/1.1" 200 68712 "http://imgame1.cf.ac.uk/" "Mozilla/5.0 (Windows NT 5.1) AppleWebKit/537.36 (KHTML, like Gecko) Chrome/37.0.2062.103 Safari/537.36"
218.107.132.157 - - [21/Jul/2016:11:46:49 +0100] "GET /jquery-mobile/jquery.mobile-1.4.5.min.js HTTP/1.1" 200 200143 "http://imgame1.cf.ac.uk/" "Mozilla/5.0 (Windows NT 5.1) AppleWebKit/537.36 (KHTML, like Gecko) Chrome/37.0.2062.103 Safari/537.36"
218.106.182.157 - - [21/Jul/2016:11:46:50 +0100] "GET /jquery-mobile/jquery.mobile.icons-1.4.5.min.css HTTP/1.1" 200 127053 "http://imgame1.cf.ac.uk/" "Mozilla/5.0 (Windows NT 5.1) AppleWebKit/537.36 (KHTML, like Gecko) Chrome/37.0.2062.103 Safari/537.36"
218.106.182.168 - - [21/Jul/2016:11:46:51 +0100] "GET /jquery-themes/imgame.min.css HTTP/1.1" 200 30735 "http://imgame1.cf.ac.uk/" "Mozilla/5.0 (Windows NT 5.1) AppleWebKit/537.36 (KHTML, like Gecko) Chrome/37.0.2062.103 Safari/537.36"
218.106.182.157 - - [21/Jul/2016:11:46:51 +0100] "GET /js/global/loginRegister.js HTTP/1.1" 200 328 "http://imgame1.cf.ac.uk/" "Mozilla/5.0 (Windows NT 5.1) AppleWebKit/537.36 (KHTML, like Gecko) Chrome/37.0.2062.103 Safari/537.36"
218.106.182.168 - - [21/Jul/2016:11:46:51 +0100] "GET /jquery-mobile/jquery.mobile.overrides.js HTTP/1.1" 200 355 "http://imgame1.cf.ac.uk/" "Mozilla/5.0 (Windows NT 5.1) AppleWebKit/537.36 (KHTML, like Gecko) Chrome/37.0.2062.103 Safari/537.36"
218.106.182.157 - - [21/Jul/2016:11:46:52 +0100] "GET /mobile-css/1024.css HTTP/1.1" 200 346 "http://imgame1.cf.ac.uk/" "Mozilla/5.0 (Windows NT 5.1) AppleWebKit/537.36 (KHTML, like Gecko) Chrome/37.0.2062.103 Safari/537.36"
218.106.182.168 - - [21/Jul/2016:11:46:52 +0100] "GET /jquery-mobile/page.modifiers.js HTTP/1.1" 200 527 "http://imgame1.cf.ac.uk/" "Mozilla/5.0 (Windows NT 5.1) AppleWebKit/537.36 (KHTML, like Gecko) Chrome/37.0.2062.103 Safari/537.36"
218.107.132.157 - - [21/Jul/2016:11:46:52 +0100] "GET /jquery-themes/images/ajax-loader.gif HTTP/1.1" 200 6242 "http://imgame1.cf.ac.uk/jquery-themes/imgame.min.css" "Mozilla/5.0 (Windows NT 5.1) AppleWebKit/537.36 (KHTML, like Gecko) Chrome/37.0.2062.103 Safari/537.36"
218.107.132.157 - - [21/Jul/2016:11:46:52 +0100] "GET /favicon.ico HTTP/1.1" 200 1150 "-" "Mozilla/5.0 (Windows NT 5.1) AppleWebKit/537.36 (KHTML, like Gecko) Chrome/37.0.2062.103 Safari/537.36"
218.106.182.168 - - [21/Jul/2016:11:46:52 +0100] "GET /jquery-validation/additional-methods.min.js HTTP/1.1" 200 16415 "http://imgame1.cf.ac.uk/" "Mozilla/5.0 (Windows NT 5.1) AppleWebKit/537.36 (KHTML, like Gecko) Chrome/37.0.2062.103 Safari/537.36"
218.106.182.168 - - [21/Jul/2016:11:46:52 +0100] "GET /jquery-validation/jquery.validate.min.js HTTP/1.1" 200 21584 "http://imgame1.cf.ac.uk/" "Mozilla/5.0 (Windows NT 5.1) AppleWebKit/537.36 (KHTML, like Gecko) Chrome/37.0.2062.103 Safari/537.36"
218.106.182.168 - - [21/Jul/2016:11:46:51 +0100] "GET /jquery-mobile/jquery.mobile.icons-1.4.5.min.css HTTP/1.1" 200 127053 "http://imgame1.cf.ac.uk/" "Mozilla/5.0 (Windows NT 5.1) AppleWebKit/537.36 (KHTML, like Gecko) Chrome/37.0.2062.103 Safari/537.36"
218.106.182.168 - - [21/Jul/2016:11:46:52 +0100] "GET /js/global/loginRegister.js HTTP/1.1" 200 328 "http://imgame1.cf.ac.uk/" "Mozilla/5.0 (Windows NT 5.1) AppleWebKit/537.36 (KHTML, like Gecko) Chrome/37.0.2062.103 Safari/537.36"
218.106.182.168 - - [21/Jul/2016:11:46:51 +0100] "GET /jquery-mobile/jquery.mobile.structure-1.4.5.min.css HTTP/1.1" 200 68712 "http://imgame1.cf.ac.uk/" "Mozilla/5.0 (Windows NT 5.1) AppleWebKit/537.36 (KHTML, like Gecko) Chrome/37.0.2062.103 Safari/537.36"
218.106.182.168 - - [21/Jul/2016:11:46:53 +0100] "GET /mobile-css/1024.css HTTP/1.1" 200 346 "http://imgame1.cf.ac.uk/" "Mozilla/5.0 (Windows NT 5.1) AppleWebKit/537.36 (KHTML, like Gecko) Chrome/37.0.2062.103 Safari/537.36"
218.107.132.226 - - [21/Jul/2016:11:46:46 +0100] "GET /jquery-mobile/jquery.mobile-1.4.5.min.js HTTP/1.1" 200 200143 "http://imgame1.cf.ac.uk/" "Mozilla/5.0 (Windows NT 5.1) AppleWebKit/537.36 (KHTML, like Gecko) Chrome/37.0.2062.103 Safari/537.36"
218.106.182.157 - - [21/Jul/2016:11:46:50 +0100] "GET /jquery/jquery-2.1.3.min.js HTTP/1.1" 200 84320 "http://imgame1.cf.ac.uk/" "Mozilla/5.0 (Windows NT 5.1) AppleWebKit/537.36 (KHTML, like Gecko) Chrome/37.0.2062.103 Safari/537.36"
218.106.182.168 - - [21/Jul/2016:11:46:51 +0100] "GET /jquery/jquery-2.1.3.min.js HTTP/1.1" 200 84320 "http://imgame1.cf.ac.uk/" "Mozilla/5.0 (Windows NT 5.1) AppleWebKit/537.36 (KHTML, like Gecko) Chrome/37.0.2062.103 Safari/537.36"
218.107.132.204 - - [21/Jul/2016:11:46:44 +0100] "GET /jquery-mobile/jquery.mobile-1.4.5.min.js HTTP/1.1" 200 200143 "http://imgame1.cf.ac.uk/" "Mozilla/5.0 (Windows NT 5.1) AppleWebKit/537.36 (KHTML, like Gecko) Chrome/37.0.2062.103 Safari/537.36"
218.107.132.226 - - [21/Jul/2016:11:46:54 +0100] "GET /jquery-themes/images/ajax-loader.gif HTTP/1.1" 200 6242 "http://imgame1.cf.ac.uk/jquery-themes/imgame.min.css" "Mozilla/5.0 (Windows NT 5.1) AppleWebKit/537.36 (KHTML, like Gecko) Chrome/37.0.2062.103 Safari/537.36"
218.106.182.157 - - [21/Jul/2016:11:46:50 +0100] "GET /jquery-mobile/jquery.mobile-1.4.5.min.js HTTP/1.1" 200 200143 "http://imgame1.cf.ac.uk/" "Mozilla/5.0 (Windows NT 5.1) AppleWebKit/537.36 (KHTML, like Gecko) Chrome/37.0.2062.103 Safari/537.36"
218.107.132.204 - - [21/Jul/2016:11:46:55 +0100] "GET /jquery-themes/images/ajax-loader.gif HTTP/1.1" 200 6242 "http://imgame1.cf.ac.uk/jquery-themes/imgame.min.css" "Mozilla/5.0 (Windows NT 5.1) AppleWebKit/537.36 (KHTML, like Gecko) Chrome/37.0.2062.103 Safari/537.36"
218.107.132.226 - - [21/Jul/2016:11:46:55 +0100] "GET /favicon.ico HTTP/1.1" 200 1150 "-" "Mozilla/5.0 (Windows NT 5.1) AppleWebKit/537.36 (KHTML, like Gecko) Chrome/37.0.2062.103 Safari/537.36"
218.106.182.168 - - [21/Jul/2016:11:46:52 +0100] "GET /jquery-mobile/jquery.mobile-1.4.5.min.js HTTP/1.1" 200 200143 "http://imgame1.cf.ac.uk/" "Mozilla/5.0 (Windows NT 5.1) AppleWebKit/537.36 (KHTML, like Gecko) Chrome/37.0.2062.103 Safari/537.36"
218.107.132.204 - - [21/Jul/2016:11:46:55 +0100] "GET /favicon.ico HTTP/1.1" 200 1150 "-" "Mozilla/5.0 (Windows NT 5.1) AppleWebKit/537.36 (KHTML, like Gecko) Chrome/37.0.2062.103 Safari/537.36"
218.106.182.157 - - [21/Jul/2016:11:46:58 +0100] "GET /jquery-themes/images/ajax-loader.gif HTTP/1.1" 200 6242 "http://imgame1.cf.ac.uk/jquery-themes/imgame.min.css" "Mozilla/5.0 (Windows NT 5.1) AppleWebKit/537.36 (KHTML, like Gecko) Chrome/37.0.2062.103 Safari/537.36"
218.106.182.157 - - [21/Jul/2016:11:46:59 +0100] "GET /favicon.ico HTTP/1.1" 200 1150 "-" "Mozilla/5.0 (Windows NT 5.1) AppleWebKit/537.36 (KHTML, like Gecko) Chrome/37.0.2062.103 Safari/537.36"
::1 - - [21/Jul/2016:11:47:02 +0100] "OPTIONS * HTTP/1.0" 200 - "-" "Apache (internal dummy connection)"
::1 - - [21/Jul/2016:11:47:03 +0100] "OPTIONS * HTTP/1.0" 200 - "-" "Apache (internal dummy connection)"
218.106.182.168 - - [21/Jul/2016:11:47:03 +0100] "GET /jquery-themes/images/ajax-loader.gif HTTP/1.1" 200 6242 "http://imgame1.cf.ac.uk/jquery-themes/imgame.min.css" "Mozilla/5.0 (Windows NT 5.1) AppleWebKit/537.36 (KHTML, like Gecko) Chrome/37.0.2062.103 Safari/537.36"
218.106.182.168 - - [21/Jul/2016:11:47:04 +0100] "GET /favicon.ico HTTP/1.1" 200 1150 "-" "Mozilla/5.0 (Windows NT 5.1) AppleWebKit/537.36 (KHTML, like Gecko) Chrome/37.0.2062.103 Safari/537.36"
::1 - - [21/Jul/2016:11:47:04 +0100] "OPTIONS * HTTP/1.0" 200 - "-" "Apache (internal dummy connection)"
::1 - - [21/Jul/2016:11:47:05 +0100] "OPTIONS * HTTP/1.0" 200 - "-" "Apache (internal dummy connection)"
::1 - - [21/Jul/2016:11:47:06 +0100] "OPTIONS * HTTP/1.0" 200 - "-" "Apache (internal dummy connection)"
::1 - - [21/Jul/2016:11:47:07 +0100] "OPTIONS * HTTP/1.0" 200 - "-" "Apache (internal dummy connection)"
::1 - - [21/Jul/2016:11:47:08 +0100] "OPTIONS * HTTP/1.0" 200 - "-" "Apache (internal dummy connection)"
::1 - - [21/Jul/2016:11:47:09 +0100] "OPTIONS * HTTP/1.0" 200 - "-" "Apache (internal dummy connection)"
218.106.182.19 - - [21/Jul/2016:11:47:09 +0100] "POST /index.php HTTP/1.1" 200 12629 "http://imgame1.cf.ac.uk/" "Mozilla/5.0 (Windows NT 5.1) AppleWebKit/537.36 (KHTML, like Gecko) Chrome/37.0.2062.103 Safari/537.36"
10.239.32.89 - - [21/Jul/2016:11:47:09 +0100] "POST /index.php HTTP/1.1" 200 12628 "-" "-"
218.106.182.19 - - [21/Jul/2016:11:47:10 +0100] "GET /jquery-ui-1.11.1/jquery-ui.min.js HTTP/1.1" 206 1 "http://imgame1.cf.ac.uk/index.php" "Mozilla/5.0 (Windows NT 5.1) AppleWebKit/537.36 (KHTML, like Gecko) Chrome/37.0.2062.103 Safari/537.36"
218.106.182.19 - - [21/Jul/2016:11:47:10 +0100] "GET /js/wsockets/igrtwebsocket.js HTTP/1.1" 304 - "http://imgame1.cf.ac.uk/index.php" "Mozilla/5.0 (Windows NT 5.1) AppleWebKit/537.36 (KHTML, like Gecko) Chrome/37.0.2062.103 Safari/537.36"
218.106.182.19 - - [21/Jul/2016:11:47:10 +0100] "GET /js/wsockets/step1expt_ws.js HTTP/1.1" 304 - "http://imgame1.cf.ac.uk/index.php" "Mozilla/5.0 (Windows NT 5.1) AppleWebKit/537.36 (KHTML, like Gecko) Chrome/37.0.2062.103 Safari/537.36"
::1 - - [21/Jul/2016:11:47:10 +0100] "OPTIONS * HTTP/1.0" 200 - "-" "Apache (internal dummy connection)"
218.106.182.19 - - [21/Jul/2016:11:47:10 +0100] "GET /jquery-ui-1.11.1/jquery-ui.min.js HTTP/1.1" 206 32979 "http://imgame1.cf.ac.uk/index.php" "Mozilla/5.0 (Windows NT 5.1) AppleWebKit/537.36 (KHTML, like Gecko) Chrome/37.0.2062.103 Safari/537.36"
218.106.182.19 - - [21/Jul/2016:11:47:10 +0100] "POST /webServices/step1/getStep1Parameters.php HTTP/1.1" 200 424 "http://imgame1.cf.ac.uk/index.php" "Mozilla/5.0 (Windows NT 5.1) AppleWebKit/537.36 (KHTML, like Gecko) Chrome/37.0.2062.103 Safari/537.36"
::1 - - [21/Jul/2016:11:47:11 +0100] "OPTIONS * HTTP/1.0" 200 - "-" "Apache (internal dummy connection)"
::1 - - [21/Jul/2016:11:47:12 +0100] "OPTIONS * HTTP/1.0" 200 - "-" "Apache (internal dummy connection)"
::1 - - [21/Jul/2016:11:47:13 +0100] "OPTIONS * HTTP/1.0" 200 - "-" "Apache (internal dummy connection)"
::1 - - [21/Jul/2016:11:47:14 +0100] "OPTIONS * HTTP/1.0" 200 - "-" "Apache (internal dummy connection)"
218.107.132.233 - - [21/Jul/2016:11:47:14 +0100] "GET / HTTP/1.1" 200 4027 "-" "Mozilla/5.0 (Windows NT 5.1) AppleWebKit/537.36 (KHTML, like Gecko) Chrome/37.0.2062.103 Safari/537.36"
218.107.132.233 - - [21/Jul/2016:11:47:15 +0100] "GET /jquery-themes/imgame.min.css HTTP/1.1" 200 30735 "http://imgame1.cf.ac.uk/" "Mozilla/5.0 (Windows NT 5.1) AppleWebKit/537.36 (KHTML, like Gecko) Chrome/37.0.2062.103 Safari/537.36"
218.107.132.233 - - [21/Jul/2016:11:47:15 +0100] "GET /jquery-mobile/jquery.mobile.overrides.js HTTP/1.1" 200 355 "http://imgame1.cf.ac.uk/" "Mozilla/5.0 (Windows NT 5.1) AppleWebKit/537.36 (KHTML, like Gecko) Chrome/37.0.2062.103 Safari/537.36"
::1 - - [21/Jul/2016:11:47:15 +0100] "OPTIONS * HTTP/1.0" 200 - "-" "Apache (internal dummy connection)"
218.107.132.233 - - [21/Jul/2016:11:47:15 +0100] "GET /jquery-mobile/page.modifiers.js HTTP/1.1" 200 527 "http://imgame1.cf.ac.uk/" "Mozilla/5.0 (Windows NT 5.1) AppleWebKit/537.36 (KHTML, like Gecko) Chrome/37.0.2062.103 Safari/537.36"
218.107.132.233 - - [21/Jul/2016:11:47:15 +0100] "GET /jquery-validation/additional-methods.min.js HTTP/1.1" 200 16415 "http://imgame1.cf.ac.uk/" "Mozilla/5.0 (Windows NT 5.1) AppleWebKit/537.36 (KHTML, like Gecko) Chrome/37.0.2062.103 Safari/537.36"
218.107.132.233 - - [21/Jul/2016:11:47:15 +0100] "GET /jquery-mobile/jquery.mobile.structure-1.4.5.min.css HTTP/1.1" 200 68712 "http://imgame1.cf.ac.uk/" "Mozilla/5.0 (Windows NT 5.1) AppleWebKit/537.36 (KHTML, like Gecko) Chrome/37.0.2062.103 Safari/537.36"
218.107.132.233 - - [21/Jul/2016:11:47:15 +0100] "GET /jquery-validation/jquery.validate.min.js HTTP/1.1" 200 21584 "http://imgame1.cf.ac.uk/" "Mozilla/5.0 (Windows NT 5.1) AppleWebKit/537.36 (KHTML, like Gecko) Chrome/37.0.2062.103 Safari/537.36"
218.107.132.233 - - [21/Jul/2016:11:47:16 +0100] "GET /js/global/loginRegister.js HTTP/1.1" 200 328 "http://imgame1.cf.ac.uk/" "Mozilla/5.0 (Windows NT 5.1) AppleWebKit/537.36 (KHTML, like Gecko) Chrome/37.0.2062.103 Safari/537.36"
218.107.132.233 - - [21/Jul/2016:11:47:16 +0100] "GET /mobile-css/1024.css HTTP/1.1" 200 346 "http://imgame1.cf.ac.uk/" "Mozilla/5.0 (Windows NT 5.1) AppleWebKit/537.36 (KHTML, like Gecko) Chrome/37.0.2062.103 Safari/537.36"
218.107.132.233 - - [21/Jul/2016:11:47:15 +0100] "GET /jquery/jquery-2.1.3.min.js HTTP/1.1" 200 84320 "http://imgame1.cf.ac.uk/" "Mozilla/5.0 (Windows NT 5.1) AppleWebKit/537.36 (KHTML, like Gecko) Chrome/37.0.2062.103 Safari/537.36"
::1 - - [21/Jul/2016:11:47:16 +0100] "OPTIONS * HTTP/1.0" 200 - "-" "Apache (internal dummy connection)"
218.107.132.233 - - [21/Jul/2016:11:47:15 +0100] "GET /jquery-mobile/jquery.mobile.icons-1.4.5.min.css HTTP/1.1" 200 127053 "http://imgame1.cf.ac.uk/" "Mozilla/5.0 (Windows NT 5.1) AppleWebKit/537.36 (KHTML, like Gecko) Chrome/37.0.2062.103 Safari/537.36"
::1 - - [21/Jul/2016:11:47:17 +0100] "OPTIONS * HTTP/1.0" 200 - "-" "Apache (internal dummy connection)"
218.106.182.63 - - [21/Jul/2016:11:47:17 +0100] "POST /index.php HTTP/1.1" 200 12629 "http://imgame1.cf.ac.uk/" "Mozilla/5.0 (Windows NT 5.1) AppleWebKit/537.36 (KHTML, like Gecko) Chrome/37.0.2062.103 Safari/537.36"
10.239.32.89 - - [21/Jul/2016:11:47:17 +0100] "POST /index.php HTTP/1.1" 200 12628 "-" "-"
::1 - - [21/Jul/2016:11:47:18 +0100] "OPTIONS * HTTP/1.0" 200 - "-" "Apache (internal dummy connection)"
