147.96.197.46 - - [12/Jul/2016:10:10:24 +0100] "GET /webServices/step2/step2RunController.php?permissions=255&messageType=getStep2Status&exptId=331&jType=0&content%5B0%5D=1&content%5B1%5D=10612&content%5B2%5D=1&content%5B3%5D=0 HTTP/1.1" 200 427 "http://imgame1.cf.ac.uk/s2_331_0" "Mozilla/5.0 (Windows NT 6.1; Win64; x64) AppleWebKit/537.36 (KHTML, like Gecko) Chrome/51.0.2704.103 Safari/537.36"
147.96.197.46 - - [12/Jul/2016:10:10:53 +0100] "GET /webServices/step2/step2RunController.php?permissions=255&messageType=storeStep2reply&exptId=331&jType=0&content%5B0%5D=0&content%5B1%5D=Existen%2520dos%2520culturas%2520diferenciadas%252C%2520si%2520bien%2520existen%2520interacciones%2520entre%2520ellas&content%5B2%5D=1&content%5B3%5D=10612&content%5B4%5D=0&content%5B5%5D=-1&content%5B6%5D= HTTP/1.1" 200 316 "http://imgame1.cf.ac.uk/s2_331_0" "Mozilla/5.0 (Windows NT 6.1; Win64; x64) AppleWebKit/537.36 (KHTML, like Gecko) Chrome/51.0.2704.103 Safari/537.36"
147.96.197.46 - - [12/Jul/2016:10:11:27 +0100] "GET /webServices/step2/step2RunController.php?permissions=255&messageType=storeStep2reply&exptId=331&jType=0&content%5B0%5D=1&content%5B1%5D=S%25C3%25AD%252C%2520es%2520mi%2520lengua%2520vehicular%2520y%2520materna%2520y%2520la%2520que%2520utilizo%2520normalmente%2520en%2520mi%2520vida%2520cotidiana&content%5B2%5D=1&content%5B3%5D=10612&content%5B4%5D=0&content%5B5%5D=-1&content%5B6%5D= HTTP/1.1" 200 211 "http://imgame1.cf.ac.uk/s2_331_0" "Mozilla/5.0 (Windows NT 6.1; Win64; x64) AppleWebKit/537.36 (KHTML, like Gecko) Chrome/51.0.2704.103 Safari/537.36"
83.59.215.2 - - [12/Jul/2016:10:11:37 +0100] "GET /s2_331_0 HTTP/1.1" 200 2496 "-" "Mozilla/5.0 (Linux; Android 5.0.1; SAMSUNG GT-I9505-ORANGE Build/LRX22C) AppleWebKit/537.36 (KHTML, like Gecko) SamsungBrowser/4.0 Chrome/44.0.2403.133 Mobile Safari/537.36"
83.59.215.2 - - [12/Jul/2016:10:11:37 +0100] "GET /jquery-themes/imgame.min.css HTTP/1.1" 200 30735 "http://imgame1.cf.ac.uk/s2_331_0" "Mozilla/5.0 (Linux; Android 5.0.1; SAMSUNG GT-I9505-ORANGE Build/LRX22C) AppleWebKit/537.36 (KHTML, like Gecko) SamsungBrowser/4.0 Chrome/44.0.2403.133 Mobile Safari/537.36"
83.59.215.2 - - [12/Jul/2016:10:11:37 +0100] "GET /jquery-mobile/jqmOverrides.css HTTP/1.1" 200 685 "http://imgame1.cf.ac.uk/s2_331_0" "Mozilla/5.0 (Linux; Android 5.0.1; SAMSUNG GT-I9505-ORANGE Build/LRX22C) AppleWebKit/537.36 (KHTML, like Gecko) SamsungBrowser/4.0 Chrome/44.0.2403.133 Mobile Safari/537.36"
83.59.215.2 - - [12/Jul/2016:10:11:37 +0100] "GET /jquery-mobile/jquery.mobile.overrides.js HTTP/1.1" 200 355 "http://imgame1.cf.ac.uk/s2_331_0" "Mozilla/5.0 (Linux; Android 5.0.1; SAMSUNG GT-I9505-ORANGE Build/LRX22C) AppleWebKit/537.36 (KHTML, like Gecko) SamsungBrowser/4.0 Chrome/44.0.2403.133 Mobile Safari/537.36"
83.59.215.2 - - [12/Jul/2016:10:11:37 +0100] "GET /jquery-mobile/page.modifiers.js HTTP/1.1" 200 527 "http://imgame1.cf.ac.uk/s2_331_0" "Mozilla/5.0 (Linux; Android 5.0.1; SAMSUNG GT-I9505-ORANGE Build/LRX22C) AppleWebKit/537.36 (KHTML, like Gecko) SamsungBrowser/4.0 Chrome/44.0.2403.133 Mobile Safari/537.36"
83.59.215.2 - - [12/Jul/2016:10:11:37 +0100] "GET /js/mobile/adminNavigate.js HTTP/1.1" 200 4547 "http://imgame1.cf.ac.uk/s2_331_0" "Mozilla/5.0 (Linux; Android 5.0.1; SAMSUNG GT-I9505-ORANGE Build/LRX22C) AppleWebKit/537.36 (KHTML, like Gecko) SamsungBrowser/4.0 Chrome/44.0.2403.133 Mobile Safari/537.36"
83.59.215.2 - - [12/Jul/2016:10:11:37 +0100] "GET /js/step2/step2RunController.js HTTP/1.1" 200 10302 "http://imgame1.cf.ac.uk/s2_331_0" "Mozilla/5.0 (Linux; Android 5.0.1; SAMSUNG GT-I9505-ORANGE Build/LRX22C) AppleWebKit/537.36 (KHTML, like Gecko) SamsungBrowser/4.0 Chrome/44.0.2403.133 Mobile Safari/537.36"
83.59.215.2 - - [12/Jul/2016:10:11:37 +0100] "GET /mobile-css/1024.css HTTP/1.1" 200 346 "http://imgame1.cf.ac.uk/s2_331_0" "Mozilla/5.0 (Linux; Android 5.0.1; SAMSUNG GT-I9505-ORANGE Build/LRX22C) AppleWebKit/537.36 (KHTML, like Gecko) SamsungBrowser/4.0 Chrome/44.0.2403.133 Mobile Safari/537.36"
83.59.215.2 - - [12/Jul/2016:10:11:37 +0100] "GET /jquery-themes/jquery.mobile.icons.min.css HTTP/1.1" 200 127053 "http://imgame1.cf.ac.uk/s2_331_0" "Mozilla/5.0 (Linux; Android 5.0.1; SAMSUNG GT-I9505-ORANGE Build/LRX22C) AppleWebKit/537.36 (KHTML, like Gecko) SamsungBrowser/4.0 Chrome/44.0.2403.133 Mobile Safari/537.36"
83.59.215.2 - - [12/Jul/2016:10:11:37 +0100] "GET /jquery-mobile/jquery.mobile.structure-1.4.5.min.css HTTP/1.1" 200 68712 "http://imgame1.cf.ac.uk/s2_331_0" "Mozilla/5.0 (Linux; Android 5.0.1; SAMSUNG GT-I9505-ORANGE Build/LRX22C) AppleWebKit/537.36 (KHTML, like Gecko) SamsungBrowser/4.0 Chrome/44.0.2403.133 Mobile Safari/537.36"
83.59.215.2 - - [12/Jul/2016:10:11:37 +0100] "GET /jquery/jquery-2.1.3.min.js HTTP/1.1" 200 84320 "http://imgame1.cf.ac.uk/s2_331_0" "Mozilla/5.0 (Linux; Android 5.0.1; SAMSUNG GT-I9505-ORANGE Build/LRX22C) AppleWebKit/537.36 (KHTML, like Gecko) SamsungBrowser/4.0 Chrome/44.0.2403.133 Mobile Safari/537.36"
83.59.215.2 - - [12/Jul/2016:10:11:37 +0100] "GET /jquery-mobile/jquery.mobile-1.4.5.min.js HTTP/1.1" 200 200143 "http://imgame1.cf.ac.uk/s2_331_0" "Mozilla/5.0 (Linux; Android 5.0.1; SAMSUNG GT-I9505-ORANGE Build/LRX22C) AppleWebKit/537.36 (KHTML, like Gecko) SamsungBrowser/4.0 Chrome/44.0.2403.133 Mobile Safari/537.36"
83.59.215.2 - - [12/Jul/2016:10:11:39 +0100] "GET /jquery-themes/images/ajax-loader.gif HTTP/1.1" 200 6242 "http://imgame1.cf.ac.uk/jquery-themes/imgame.min.css" "Mozilla/5.0 (Linux; Android 5.0.1; SAMSUNG GT-I9505-ORANGE Build/LRX22C) AppleWebKit/537.36 (KHTML, like Gecko) SamsungBrowser/4.0 Chrome/44.0.2403.133 Mobile Safari/537.36"
83.59.215.2 - - [12/Jul/2016:10:11:39 +0100] "GET /webServices/step2/step2RunController.php?permissions=255&messageType=step2Settings&exptId=331&jType=0&content%5B0%5D=-1 HTTP/1.1" 200 168 "http://imgame1.cf.ac.uk/s2_331_0" "Mozilla/5.0 (Linux; Android 5.0.1; SAMSUNG GT-I9505-ORANGE Build/LRX22C) AppleWebKit/537.36 (KHTML, like Gecko) SamsungBrowser/4.0 Chrome/44.0.2403.133 Mobile Safari/537.36"
83.59.215.2 - - [12/Jul/2016:10:11:39 +0100] "GET /favicon.ico HTTP/1.1" 200 1150 "http://imgame1.cf.ac.uk/s2_331_0" "Mozilla/5.0 (Linux; Android 5.0.1; SAMSUNG GT-I9505-ORANGE Build/LRX22C) AppleWebKit/537.36 (KHTML, like Gecko) SamsungBrowser/4.0 Chrome/44.0.2403.133 Mobile Safari/537.36"
83.59.215.2 - - [12/Jul/2016:10:11:39 +0100] "GET /webServices/step2/step2RunController.php?permissions=255&messageType=start&exptId=331&jType=0&content%5B0%5D=-1 HTTP/1.1" 200 154 "http://imgame1.cf.ac.uk/s2_331_0" "Mozilla/5.0 (Linux; Android 5.0.1; SAMSUNG GT-I9505-ORANGE Build/LRX22C) AppleWebKit/537.36 (KHTML, like Gecko) SamsungBrowser/4.0 Chrome/44.0.2403.133 Mobile Safari/537.36"
83.59.215.2 - - [12/Jul/2016:10:11:40 +0100] "GET /webServices/step2/step2RunController.php?permissions=255&messageType=getStep2Status&exptId=331&jType=0&content%5B0%5D=1&content%5B1%5D=10613&content%5B2%5D=2&content%5B3%5D=0 HTTP/1.1" 200 242 "http://imgame1.cf.ac.uk/s2_331_0" "Mozilla/5.0 (Linux; Android 5.0.1; SAMSUNG GT-I9505-ORANGE Build/LRX22C) AppleWebKit/537.36 (KHTML, like Gecko) SamsungBrowser/4.0 Chrome/44.0.2403.133 Mobile Safari/537.36"
188.78.205.59 - - [12/Jul/2016:10:11:42 +0100] "GET /webServices/step2/step2RunController.php?permissions=255&messageType=storeStep2reply&exptId=331&jType=0&content%5B0%5D=5&content%5B1%5D=En%2520principio%2520no%252C%2520aunque%2520al%2520tratarse%2520de%2520medios%2520de%2520comunicaci%25C3%25B3n%2520a%2520nivel%2520local%2520entiendo%2520que%2520se%2520produzca&content%5B2%5D=1&content%5B3%5D=10611&content%5B4%5D=0&content%5B5%5D=-1&content%5B6%5D= HTTP/1.1" 200 75 "http://imgame1.cf.ac.uk/s2_331_0" "Mozilla/5.0 (Windows NT 10.0; Win64; x64) AppleWebKit/537.36 (KHTML, like Gecko) Chrome/51.0.2704.106 Safari/537.36"
147.96.197.46 - - [12/Jul/2016:10:12:09 +0100] "GET /webServices/step2/step2RunController.php?permissions=255&messageType=storeStep2reply&exptId=331&jType=0&content%5B0%5D=2&content%5B1%5D=S%25C3%25AD%252C%2520fue%2520algo%2520muy%2520emocionante%252C%2520creo%2520que%2520es%2520un%2520acto%2520que%2520nos%2520une%2520como%2520miembros%2520de%2520una%2520%2520comunidad%2520pol%25C3%25ADtica%2520aut%25C3%25B3noma&content%5B2%5D=1&content%5B3%5D=10612&content%5B4%5D=0&content%5B5%5D=-1&content%5B6%5D= HTTP/1.1" 200 306 "http://imgame1.cf.ac.uk/s2_331_0" "Mozilla/5.0 (Windows NT 6.1; Win64; x64) AppleWebKit/537.36 (KHTML, like Gecko) Chrome/51.0.2704.103 Safari/537.36"
83.59.215.2 - - [12/Jul/2016:10:12:17 +0100] "GET /webServices/step2/step2RunController.php?permissions=255&messageType=storeStep2reply&exptId=331&jType=0&content%5B0%5D=0&content%5B1%5D=Es%2520nuestra%2520lengua%2520propia%252Cas%25C3%25AD%2520que%2520me%2520parece%2520muy%2520normal%2520que%2520sea%2520en%2520catal%25C3%25A1n&content%5B2%5D=1&content%5B3%5D=10613&content%5B4%5D=0&content%5B5%5D=-1&content%5B6%5D= HTTP/1.1" 200 183 "http://imgame1.cf.ac.uk/s2_331_0" "Mozilla/5.0 (Linux; Android 5.0.1; SAMSUNG GT-I9505-ORANGE Build/LRX22C) AppleWebKit/537.36 (KHTML, like Gecko) SamsungBrowser/4.0 Chrome/44.0.2403.133 Mobile Safari/537.36"
83.59.215.2 - - [12/Jul/2016:10:12:57 +0100] "GET /webServices/step2/step2RunController.php?permissions=255&messageType=storeStep2reply&exptId=331&jType=0&content%5B0%5D=1&content%5B1%5D=A%2520que%2520desde%2520Madrid%2520no%2520nos%2520escuchan%252Cnos%2520tienen%2520olvidados%2520y%2520nos%2520masacran%2520a%2520impuestos%2520para%2520pagar%2520otras%2520zonas%2520donde%2520apenas%2520trabajan.&content%5B2%5D=1&content%5B3%5D=10613&content%5B4%5D=0&content%5B5%5D=-1&content%5B6%5D= HTTP/1.1" 200 166 "http://imgame1.cf.ac.uk/s2_331_0" "Mozilla/5.0 (Linux; Android 5.0.1; SAMSUNG GT-I9505-ORANGE Build/LRX22C) AppleWebKit/537.36 (KHTML, like Gecko) SamsungBrowser/4.0 Chrome/44.0.2403.133 Mobile Safari/537.36"
147.96.197.46 - - [12/Jul/2016:10:12:59 +0100] "GET /webServices/step2/step2RunController.php?permissions=255&messageType=storeStep2reply&exptId=331&jType=0&content%5B0%5D=3&content%5B1%5D=Creo%2520que%2520ambos%2520supuestos%2520no%2520deber%25C3%25ADan%2520ser%2520excluyentes.%2520Existen%2520ejemplos%2520de%2520Estados%2520que%2520garanizan%2520ambos.&content%5B2%5D=1&content%5B3%5D=10612&content%5B4%5D=0&content%5B5%5D=-1&content%5B6%5D= HTTP/1.1" 200 189 "http://imgame1.cf.ac.uk/s2_331_0" "Mozilla/5.0 (Windows NT 6.1; Win64; x64) AppleWebKit/537.36 (KHTML, like Gecko) Chrome/51.0.2704.103 Safari/537.36"
84.127.144.46 - - [12/Jul/2016:10:13:17 +0100] "GET /s2_331_0 HTTP/1.1" 200 2496 "-" "Mozilla/5.0 (Windows NT 6.1; WOW64) AppleWebKit/537.36 (KHTML, like Gecko) Chrome/51.0.2704.103 Safari/537.36"
84.127.144.46 - - [12/Jul/2016:10:13:17 +0100] "GET /mobile-css/1024.css HTTP/1.1" 200 346 "http://imgame1.cf.ac.uk/s2_331_0" "Mozilla/5.0 (Windows NT 6.1; WOW64) AppleWebKit/537.36 (KHTML, like Gecko) Chrome/51.0.2704.103 Safari/537.36"
84.127.144.46 - - [12/Jul/2016:10:13:17 +0100] "GET /jquery-themes/imgame.min.css HTTP/1.1" 200 30735 "http://imgame1.cf.ac.uk/s2_331_0" "Mozilla/5.0 (Windows NT 6.1; WOW64) AppleWebKit/537.36 (KHTML, like Gecko) Chrome/51.0.2704.103 Safari/537.36"
84.127.144.46 - - [12/Jul/2016:10:13:17 +0100] "GET /jquery-mobile/jqmOverrides.css HTTP/1.1" 200 685 "http://imgame1.cf.ac.uk/s2_331_0" "Mozilla/5.0 (Windows NT 6.1; WOW64) AppleWebKit/537.36 (KHTML, like Gecko) Chrome/51.0.2704.103 Safari/537.36"
84.127.144.46 - - [12/Jul/2016:10:13:17 +0100] "GET /jquery-mobile/jquery.mobile.structure-1.4.5.min.css HTTP/1.1" 200 68712 "http://imgame1.cf.ac.uk/s2_331_0" "Mozilla/5.0 (Windows NT 6.1; WOW64) AppleWebKit/537.36 (KHTML, like Gecko) Chrome/51.0.2704.103 Safari/537.36"
84.127.144.46 - - [12/Jul/2016:10:13:18 +0100] "GET /jquery-mobile/jquery.mobile.overrides.js HTTP/1.1" 200 355 "http://imgame1.cf.ac.uk/s2_331_0" "Mozilla/5.0 (Windows NT 6.1; WOW64) AppleWebKit/537.36 (KHTML, like Gecko) Chrome/51.0.2704.103 Safari/537.36"
84.127.144.46 - - [12/Jul/2016:10:13:18 +0100] "GET /js/mobile/adminNavigate.js HTTP/1.1" 200 4547 "http://imgame1.cf.ac.uk/s2_331_0" "Mozilla/5.0 (Windows NT 6.1; WOW64) AppleWebKit/537.36 (KHTML, like Gecko) Chrome/51.0.2704.103 Safari/537.36"
84.127.144.46 - - [12/Jul/2016:10:13:18 +0100] "GET /jquery-mobile/page.modifiers.js HTTP/1.1" 200 527 "http://imgame1.cf.ac.uk/s2_331_0" "Mozilla/5.0 (Windows NT 6.1; WOW64) AppleWebKit/537.36 (KHTML, like Gecko) Chrome/51.0.2704.103 Safari/537.36"
84.127.144.46 - - [12/Jul/2016:10:13:17 +0100] "GET /jquery/jquery-2.1.3.min.js HTTP/1.1" 200 84320 "http://imgame1.cf.ac.uk/s2_331_0" "Mozilla/5.0 (Windows NT 6.1; WOW64) AppleWebKit/537.36 (KHTML, like Gecko) Chrome/51.0.2704.103 Safari/537.36"
84.127.144.46 - - [12/Jul/2016:10:13:18 +0100] "GET /js/step2/step2RunController.js HTTP/1.1" 200 10302 "http://imgame1.cf.ac.uk/s2_331_0" "Mozilla/5.0 (Windows NT 6.1; WOW64) AppleWebKit/537.36 (KHTML, like Gecko) Chrome/51.0.2704.103 Safari/537.36"
147.96.197.46 - - [12/Jul/2016:10:13:18 +0100] "GET /webServices/step2/step2RunController.php?permissions=255&messageType=storeStep2reply&exptId=331&jType=0&content%5B0%5D=4&content%5B1%5D=Un%2520hombre%2520conservador%2520de%2520derechas%2520e%2520independentista.&content%5B2%5D=1&content%5B3%5D=10612&content%5B4%5D=0&content%5B5%5D=-1&content%5B6%5D= HTTP/1.1" 200 291 "http://imgame1.cf.ac.uk/s2_331_0" "Mozilla/5.0 (Windows NT 6.1; Win64; x64) AppleWebKit/537.36 (KHTML, like Gecko) Chrome/51.0.2704.103 Safari/537.36"
84.127.144.46 - - [12/Jul/2016:10:13:17 +0100] "GET /jquery-themes/jquery.mobile.icons.min.css HTTP/1.1" 200 127053 "http://imgame1.cf.ac.uk/s2_331_0" "Mozilla/5.0 (Windows NT 6.1; WOW64) AppleWebKit/537.36 (KHTML, like Gecko) Chrome/51.0.2704.103 Safari/537.36"
84.127.144.46 - - [12/Jul/2016:10:13:18 +0100] "GET /jquery-mobile/jquery.mobile-1.4.5.min.js HTTP/1.1" 200 200143 "http://imgame1.cf.ac.uk/s2_331_0" "Mozilla/5.0 (Windows NT 6.1; WOW64) AppleWebKit/537.36 (KHTML, like Gecko) Chrome/51.0.2704.103 Safari/537.36"
84.127.144.46 - - [12/Jul/2016:10:13:19 +0100] "GET /jquery-themes/images/ajax-loader.gif HTTP/1.1" 200 6242 "http://imgame1.cf.ac.uk/jquery-themes/imgame.min.css" "Mozilla/5.0 (Windows NT 6.1; WOW64) AppleWebKit/537.36 (KHTML, like Gecko) Chrome/51.0.2704.103 Safari/537.36"
84.127.144.46 - - [12/Jul/2016:10:13:19 +0100] "GET /webServices/step2/step2RunController.php?permissions=255&messageType=step2Settings&exptId=331&jType=0&content%5B0%5D=-1 HTTP/1.1" 200 168 "http://imgame1.cf.ac.uk/s2_331_0" "Mozilla/5.0 (Windows NT 6.1; WOW64) AppleWebKit/537.36 (KHTML, like Gecko) Chrome/51.0.2704.103 Safari/537.36"
84.127.144.46 - - [12/Jul/2016:10:13:19 +0100] "GET /favicon.ico HTTP/1.1" 200 1150 "http://imgame1.cf.ac.uk/s2_331_0" "Mozilla/5.0 (Windows NT 6.1; WOW64) AppleWebKit/537.36 (KHTML, like Gecko) Chrome/51.0.2704.103 Safari/537.36"
84.127.144.46 - - [12/Jul/2016:10:13:19 +0100] "GET /webServices/step2/step2RunController.php?permissions=255&messageType=start&exptId=331&jType=0&content%5B0%5D=-1 HTTP/1.1" 200 154 "http://imgame1.cf.ac.uk/s2_331_0" "Mozilla/5.0 (Windows NT 6.1; WOW64) AppleWebKit/537.36 (KHTML, like Gecko) Chrome/51.0.2704.103 Safari/537.36"
84.127.144.46 - - [12/Jul/2016:10:13:21 +0100] "GET /webServices/step2/step2RunController.php?permissions=255&messageType=getStep2Status&exptId=331&jType=0&content%5B0%5D=1&content%5B1%5D=10614&content%5B2%5D=3&content%5B3%5D=0 HTTP/1.1" 200 193 "http://imgame1.cf.ac.uk/s2_331_0" "Mozilla/5.0 (Windows NT 6.1; WOW64) AppleWebKit/537.36 (KHTML, like Gecko) Chrome/51.0.2704.103 Safari/537.36"
83.59.215.2 - - [12/Jul/2016:10:13:21 +0100] "GET /webServices/step2/step2RunController.php?permissions=255&messageType=storeStep2reply&exptId=331&jType=0&content%5B0%5D=2&content%5B1%5D=Somos%2520ahorradores%252Cno%2520nos%2520gusta%2520derrochar%2520a%2520lo%2520tonto&content%5B2%5D=1&content%5B3%5D=10613&content%5B4%5D=0&content%5B5%5D=-1&content%5B6%5D= HTTP/1.1" 200 142 "http://imgame1.cf.ac.uk/s2_331_0" "Mozilla/5.0 (Linux; Android 5.0.1; SAMSUNG GT-I9505-ORANGE Build/LRX22C) AppleWebKit/537.36 (KHTML, like Gecko) SamsungBrowser/4.0 Chrome/44.0.2403.133 Mobile Safari/537.36"
83.59.215.2 - - [12/Jul/2016:10:13:50 +0100] "GET /webServices/step2/step2RunController.php?permissions=255&messageType=storeStep2reply&exptId=331&jType=0&content%5B0%5D=3&content%5B1%5D=Porque%2520si%2520algo%2520no%2520cuesta%2520dinero%2520merece%2520la%2520pena%252Cno%2520hay%2520que%2520desaprovechar%2520nada.&content%5B2%5D=1&content%5B3%5D=10613&content%5B4%5D=0&content%5B5%5D=-1&content%5B6%5D= HTTP/1.1" 200 159 "http://imgame1.cf.ac.uk/s2_331_0" "Mozilla/5.0 (Linux; Android 5.0.1; SAMSUNG GT-I9505-ORANGE Build/LRX22C) AppleWebKit/537.36 (KHTML, like Gecko) SamsungBrowser/4.0 Chrome/44.0.2403.133 Mobile Safari/537.36"
147.96.197.46 - - [12/Jul/2016:10:13:59 +0100] "GET /webServices/step2/step2RunController.php?permissions=255&messageType=storeStep2reply&exptId=331&jType=0&content%5B0%5D=5&content%5B1%5D=Por%2520la%2520carga%2520simb%25C3%25B3lica%2520de%2520Els%2520Segadors.%2520Las%2520grandes%2520derrotas%2520unen%2520m%25C3%25A1s%2520que%2520las%2520grandes%2520victorias&content%5B2%5D=1&content%5B3%5D=10612&content%5B4%5D=0&content%5B5%5D=-1&content%5B6%5D= HTTP/1.1" 200 269 "http://imgame1.cf.ac.uk/s2_331_0" "Mozilla/5.0 (Windows NT 6.1; Win64; x64) AppleWebKit/537.36 (KHTML, like Gecko) Chrome/51.0.2704.103 Safari/537.36"
83.59.215.2 - - [12/Jul/2016:10:14:39 +0100] "GET /webServices/step2/step2RunController.php?permissions=255&messageType=storeStep2reply&exptId=331&jType=0&content%5B0%5D=4&content%5B1%5D=Somos%2520menos%2520chulos%252Cdefendemos%2520lo%2520nuestro%252Ceso%2520no%2520es%2520presumir%252Ces%2520que%2520lo%2520valemos.&content%5B2%5D=1&content%5B3%5D=10613&content%5B4%5D=0&content%5B5%5D=-1&content%5B6%5D= HTTP/1.1" 200 75 "http://imgame1.cf.ac.uk/s2_331_0" "Mozilla/5.0 (Linux; Android 5.0.1; SAMSUNG GT-I9505-ORANGE Build/LRX22C) AppleWebKit/537.36 (KHTML, like Gecko) SamsungBrowser/4.0 Chrome/44.0.2403.133 Mobile Safari/537.36"
147.96.197.46 - - [12/Jul/2016:10:14:57 +0100] "GET /webServices/step2/step2RunController.php?permissions=255&messageType=storeStep2reply&exptId=331&jType=0&content%5B0%5D=6&content%5B1%5D=Creo%2520que%2520cuanto%2520m%25C3%25A1s%2520se%2520utiliza%2520una%2520lengua%2520gana%2520en%2520dinamismo.%2520Debido%2520a%2520las%2520cortapisas%2520al%2520catal%25C3%25A1n%2520esta%2520lengua%2520se%2520ha%2520tenido%2520una%2520evoluci%25C3%25B3n%2520m%25C3%25A1s%2520lenta.&content%5B2%5D=1&content%5B3%5D=10612&content%5B4%5D=0&content%5B5%5D=-1&content%5B6%5D= HTTP/1.1" 200 75 "http://imgame1.cf.ac.uk/s2_331_0" "Mozilla/5.0 (Windows NT 6.1; Win64; x64) AppleWebKit/537.36 (KHTML, like Gecko) Chrome/51.0.2704.103 Safari/537.36"
213.4.119.210 - - [12/Jul/2016:10:15:29 +0100] "GET /webServices/step2/step2RunController.php?permissions=255&messageType=storeStep2reply&exptId=331&jType=0&content%5B0%5D=0&content%5B1%5D=La%2520verdad%252C%2520yo%2520creo%2520que%2520no%2520porque%2520el%2520Estado%2520espa%25C3%25B1ol%2520har%25C3%25A1%2520todo%2520lo%2520posible%2520por%2520impedirnos%2520tener%2520un%2520Estado%2520propio%252C%2520independiente%2520y%2520conforme%2520a%2520nuestros%2520sentimientos%2520y%2520sociedad%2520catalana.%2520&content%5B2%5D=1&content%5B3%5D=10607&content%5B4%5D=0&content%5B5%5D=-1&content%5B6%5D= HTTP/1.1" 200 198 "http://imgame1.cf.ac.uk/s2_331_0" "Mozilla/5.0 (Macintosh; Intel Mac OS X 10_10_5) AppleWebKit/537.36 (KHTML, like Gecko) Chrome/51.0.2704.103 Safari/537.36"
213.4.119.210 - - [12/Jul/2016:10:17:51 +0100] "GET /webServices/step2/step2RunController.php?permissions=255&messageType=storeStep2reply&exptId=331&jType=0&content%5B0%5D=1&content%5B1%5D=Considero%2520que%2520el%2520nivel%2520de%2520desarrollo%2520y%2520concienciaci%25C3%25B3n%2520sobre%2520el%2520maltrato%2520animal%2520y%2520la%2520barbarie%2520que%2520representan%2520actos%2520como%2520las%2520corridas%2520de%2520toros%2520no%2520est%25C3%25A1n%2520tan%2520avanzados%2520ni%2520presentes%2520en%2520regiones%2520del%2520Estado%2520espa%25C3%25B1ol%2520como%2520s%25C3%25AD%2520lo%2520est%25C3%25A1n%2520en%2520Catalunya.&content%5B2%5D=1&content%5B3%5D=10607&content%5B4%5D=0&content%5B5%5D=-1&content%5B6%5D= HTTP/1.1" 200 271 "http://imgame1.cf.ac.uk/s2_331_0" "Mozilla/5.0 (Macintosh; Intel Mac OS X 10_10_5) AppleWebKit/537.36 (KHTML, like Gecko) Chrome/51.0.2704.103 Safari/537.36"
213.4.119.210 - - [12/Jul/2016:10:21:07 +0100] "GET /webServices/step2/step2RunController.php?permissions=255&messageType=storeStep2reply&exptId=331&jType=0&content%5B0%5D=2&content%5B1%5D=En%2520Catalunya%2520hemos%2520sido%2520conscientes%2520de%2520que%2520un%2520voto%2520m%25C3%25A1s%2520%25C3%25BAtil%2520para%2520conseguir%2520nuestra%2520reivindicaci%25C3%25B3n%2520de%2520celebrar%2520un%2520refer%25C3%25A9ndum%2520por%2520la%2520independencia%2520significaba%2520votar%2520a%2520un%2520partido%2520pol%25C3%25ADtico%2520presente%2520en%2520todo%2520el%2520Estado%2520espa%25C3%25B1ol%252C%2520que%2520pudiera%2520lograr%2520mayor%2520n%25C3%25BAmero%2520de%2520esca%25C3%25B1os%2520y%2520que%2520defiendese%2520nuestro%2520derecho%2520a%2520decidir.&content%5B2%5D=1&content%5B3%5D=10607&content%5B4%5D=0&content%5B5%5D=-1&content%5B6%5D= HTTP/1.1" 200 161 "http://imgame1.cf.ac.uk/s2_331_0" "Mozilla/5.0 (Macintosh; Intel Mac OS X 10_10_5) AppleWebKit/537.36 (KHTML, like Gecko) Chrome/51.0.2704.103 Safari/537.36"
83.59.215.2 - - [12/Jul/2016:10:22:26 +0100] "GET /webServices/step2/step2RunController.php?permissions=255&messageType=start&exptId=331&jType=0&content%5B0%5D=-1 HTTP/1.1" 200 154 "http://imgame1.cf.ac.uk/s2_331_0" "Mozilla/5.0 (Linux; Android 5.0.1; SAMSUNG GT-I9505-ORANGE Build/LRX22C) AppleWebKit/537.36 (KHTML, like Gecko) SamsungBrowser/4.0 Chrome/44.0.2403.133 Mobile Safari/537.36"
83.59.215.2 - - [12/Jul/2016:10:22:27 +0100] "GET /webServices/step2/step2RunController.php?permissions=255&messageType=getStep2Status&exptId=331&jType=0&content%5B0%5D=1&content%5B1%5D=10615&content%5B2%5D=4&content%5B3%5D=0 HTTP/1.1" 200 211 "http://imgame1.cf.ac.uk/s2_331_0" "Mozilla/5.0 (Linux; Android 5.0.1; SAMSUNG GT-I9505-ORANGE Build/LRX22C) AppleWebKit/537.36 (KHTML, like Gecko) SamsungBrowser/4.0 Chrome/44.0.2403.133 Mobile Safari/537.36"
83.59.215.2 - - [12/Jul/2016:10:23:52 +0100] "GET /webServices/step2/step2RunController.php?permissions=255&messageType=start&exptId=331&jType=0&content%5B0%5D=-1 HTTP/1.1" 200 154 "http://imgame1.cf.ac.uk/s2_331_0" "Mozilla/5.0 (Linux; Android 5.0.1; SAMSUNG GT-I9505-ORANGE Build/LRX22C) AppleWebKit/537.36 (KHTML, like Gecko) SamsungBrowser/4.0 Chrome/44.0.2403.133 Mobile Safari/537.36"
83.59.215.2 - - [12/Jul/2016:10:23:53 +0100] "GET /webServices/step2/step2RunController.php?permissions=255&messageType=getStep2Status&exptId=331&jType=0&content%5B0%5D=1&content%5B1%5D=10616&content%5B2%5D=5&content%5B3%5D=0 HTTP/1.1" 200 265 "http://imgame1.cf.ac.uk/s2_331_0" "Mozilla/5.0 (Linux; Android 5.0.1; SAMSUNG GT-I9505-ORANGE Build/LRX22C) AppleWebKit/537.36 (KHTML, like Gecko) SamsungBrowser/4.0 Chrome/44.0.2403.133 Mobile Safari/537.36"
213.4.119.210 - - [12/Jul/2016:10:24:39 +0100] "GET /webServices/step2/step2RunController.php?permissions=255&messageType=storeStep2reply&exptId=331&jType=0&content%5B0%5D=3&content%5B1%5D=Pasqual%2520Maragall%2520creo.%2520O%2520Carod%2520Rovira.%2520No%2520estoy%2520seguro.&content%5B2%5D=1&content%5B3%5D=10607&content%5B4%5D=0&content%5B5%5D=-1&content%5B6%5D= HTTP/1.1" 200 154 "http://imgame1.cf.ac.uk/s2_331_0" "Mozilla/5.0 (Macintosh; Intel Mac OS X 10_10_5) AppleWebKit/537.36 (KHTML, like Gecko) Chrome/51.0.2704.103 Safari/537.36"
31.4.178.35 - - [12/Jul/2016:10:24:50 +0100] "GET /s2_331_0 HTTP/1.1" 200 2496 "-" "Mozilla/5.0 (Linux; Android 6.0; P9000 Build/MRA58K) AppleWebKit/537.36 (KHTML, like Gecko) Chrome/51.0.2704.81 Mobile Safari/537.36"
31.4.178.35 - - [12/Jul/2016:10:24:50 +0100] "GET /jquery-themes/imgame.min.css HTTP/1.1" 200 30735 "http://imgame1.cf.ac.uk/s2_331_0" "Mozilla/5.0 (Linux; Android 6.0; P9000 Build/MRA58K) AppleWebKit/537.36 (KHTML, like Gecko) Chrome/51.0.2704.81 Mobile Safari/537.36"
31.4.178.35 - - [12/Jul/2016:10:24:50 +0100] "GET /jquery-mobile/jqmOverrides.css HTTP/1.1" 200 685 "http://imgame1.cf.ac.uk/s2_331_0" "Mozilla/5.0 (Linux; Android 6.0; P9000 Build/MRA58K) AppleWebKit/537.36 (KHTML, like Gecko) Chrome/51.0.2704.81 Mobile Safari/537.36"
31.4.178.35 - - [12/Jul/2016:10:24:50 +0100] "GET /jquery-mobile/jquery.mobile.overrides.js HTTP/1.1" 200 355 "http://imgame1.cf.ac.uk/s2_331_0" "Mozilla/5.0 (Linux; Android 6.0; P9000 Build/MRA58K) AppleWebKit/537.36 (KHTML, like Gecko) Chrome/51.0.2704.81 Mobile Safari/537.36"
31.4.178.35 - - [12/Jul/2016:10:24:50 +0100] "GET /jquery-mobile/page.modifiers.js HTTP/1.1" 200 527 "http://imgame1.cf.ac.uk/s2_331_0" "Mozilla/5.0 (Linux; Android 6.0; P9000 Build/MRA58K) AppleWebKit/537.36 (KHTML, like Gecko) Chrome/51.0.2704.81 Mobile Safari/537.36"
31.4.178.35 - - [12/Jul/2016:10:24:50 +0100] "GET /js/mobile/adminNavigate.js HTTP/1.1" 200 4547 "http://imgame1.cf.ac.uk/s2_331_0" "Mozilla/5.0 (Linux; Android 6.0; P9000 Build/MRA58K) AppleWebKit/537.36 (KHTML, like Gecko) Chrome/51.0.2704.81 Mobile Safari/537.36"
31.4.178.35 - - [12/Jul/2016:10:24:50 +0100] "GET /jquery-mobile/jquery.mobile.structure-1.4.5.min.css HTTP/1.1" 200 68712 "http://imgame1.cf.ac.uk/s2_331_0" "Mozilla/5.0 (Linux; Android 6.0; P9000 Build/MRA58K) AppleWebKit/537.36 (KHTML, like Gecko) Chrome/51.0.2704.81 Mobile Safari/537.36"
31.4.178.35 - - [12/Jul/2016:10:24:50 +0100] "GET /jquery/jquery-2.1.3.min.js HTTP/1.1" 200 84320 "http://imgame1.cf.ac.uk/s2_331_0" "Mozilla/5.0 (Linux; Android 6.0; P9000 Build/MRA58K) AppleWebKit/537.36 (KHTML, like Gecko) Chrome/51.0.2704.81 Mobile Safari/537.36"
31.4.178.35 - - [12/Jul/2016:10:24:50 +0100] "GET /jquery-themes/jquery.mobile.icons.min.css HTTP/1.1" 200 127053 "http://imgame1.cf.ac.uk/s2_331_0" "Mozilla/5.0 (Linux; Android 6.0; P9000 Build/MRA58K) AppleWebKit/537.36 (KHTML, like Gecko) Chrome/51.0.2704.81 Mobile Safari/537.36"
31.4.178.35 - - [12/Jul/2016:10:24:50 +0100] "GET /js/step2/step2RunController.js HTTP/1.1" 200 10302 "http://imgame1.cf.ac.uk/s2_331_0" "Mozilla/5.0 (Linux; Android 6.0; P9000 Build/MRA58K) AppleWebKit/537.36 (KHTML, like Gecko) Chrome/51.0.2704.81 Mobile Safari/537.36"
31.4.178.35 - - [12/Jul/2016:10:24:50 +0100] "GET /mobile-css/1024.css HTTP/1.1" 200 346 "http://imgame1.cf.ac.uk/s2_331_0" "Mozilla/5.0 (Linux; Android 6.0; P9000 Build/MRA58K) AppleWebKit/537.36 (KHTML, like Gecko) Chrome/51.0.2704.81 Mobile Safari/537.36"
31.4.178.35 - - [12/Jul/2016:10:24:50 +0100] "GET /jquery-mobile/jquery.mobile-1.4.5.min.js HTTP/1.1" 200 200143 "http://imgame1.cf.ac.uk/s2_331_0" "Mozilla/5.0 (Linux; Android 6.0; P9000 Build/MRA58K) AppleWebKit/537.36 (KHTML, like Gecko) Chrome/51.0.2704.81 Mobile Safari/537.36"
31.4.178.35 - - [12/Jul/2016:10:24:51 +0100] "GET /jquery-themes/images/ajax-loader.gif HTTP/1.1" 200 6242 "http://imgame1.cf.ac.uk/jquery-themes/imgame.min.css" "Mozilla/5.0 (Linux; Android 6.0; P9000 Build/MRA58K) AppleWebKit/537.36 (KHTML, like Gecko) Chrome/51.0.2704.81 Mobile Safari/537.36"
31.4.178.35 - - [12/Jul/2016:10:24:51 +0100] "GET /webServices/step2/step2RunController.php?permissions=255&messageType=step2Settings&exptId=331&jType=0&content%5B0%5D=-1 HTTP/1.1" 200 168 "http://imgame1.cf.ac.uk/s2_331_0" "Mozilla/5.0 (Linux; Android 6.0; P9000 Build/MRA58K) AppleWebKit/537.36 (KHTML, like Gecko) Chrome/51.0.2704.81 Mobile Safari/537.36"
31.4.178.35 - - [12/Jul/2016:10:24:52 +0100] "GET /favicon.ico HTTP/1.1" 200 1150 "http://imgame1.cf.ac.uk/s2_331_0" "Mozilla/5.0 (Linux; Android 6.0; P9000 Build/MRA58K) AppleWebKit/537.36 (KHTML, like Gecko) Chrome/51.0.2704.81 Mobile Safari/537.36"
31.4.178.35 - - [12/Jul/2016:10:24:51 +0100] "GET /webServices/step2/step2RunController.php?permissions=255&messageType=start&exptId=331&jType=0&content%5B0%5D=-1 HTTP/1.1" 200 154 "http://imgame1.cf.ac.uk/s2_331_0" "Mozilla/5.0 (Linux; Android 6.0; P9000 Build/MRA58K) AppleWebKit/537.36 (KHTML, like Gecko) Chrome/51.0.2704.81 Mobile Safari/537.36"
31.4.178.35 - - [12/Jul/2016:10:24:53 +0100] "GET /webServices/step2/step2RunController.php?permissions=255&messageType=getStep2Status&exptId=331&jType=0&content%5B0%5D=1&content%5B1%5D=10617&content%5B2%5D=6&content%5B3%5D=0 HTTP/1.1" 200 226 "http://imgame1.cf.ac.uk/s2_331_0" "Mozilla/5.0 (Linux; Android 6.0; P9000 Build/MRA58K) AppleWebKit/537.36 (KHTML, like Gecko) Chrome/51.0.2704.81 Mobile Safari/537.36"
31.4.178.35 - - [12/Jul/2016:10:26:57 +0100] "GET /s2_331_0 HTTP/1.1" 200 2496 "-" "Mozilla/5.0 (Linux; Android 6.0; P9000 Build/MRA58K) AppleWebKit/537.36 (KHTML, like Gecko) Chrome/51.0.2704.81 Mobile Safari/537.36"
31.4.178.35 - - [12/Jul/2016:10:26:58 +0100] "GET /webServices/step2/step2RunController.php?permissions=255&messageType=step2Settings&exptId=331&jType=0&content%5B0%5D=-1 HTTP/1.1" 200 168 "http://imgame1.cf.ac.uk/s2_331_0" "Mozilla/5.0 (Linux; Android 6.0; P9000 Build/MRA58K) AppleWebKit/537.36 (KHTML, like Gecko) Chrome/51.0.2704.81 Mobile Safari/537.36"
31.4.178.35 - - [12/Jul/2016:10:26:58 +0100] "GET /webServices/step2/step2RunController.php?permissions=255&messageType=start&exptId=331&jType=0&content%5B0%5D=-1 HTTP/1.1" 200 154 "http://imgame1.cf.ac.uk/s2_331_0" "Mozilla/5.0 (Linux; Android 6.0; P9000 Build/MRA58K) AppleWebKit/537.36 (KHTML, like Gecko) Chrome/51.0.2704.81 Mobile Safari/537.36"
31.4.178.35 - - [12/Jul/2016:10:26:59 +0100] "GET /webServices/step2/step2RunController.php?permissions=255&messageType=getStep2Status&exptId=331&jType=0&content%5B0%5D=1&content%5B1%5D=10618&content%5B2%5D=7&content%5B3%5D=0 HTTP/1.1" 200 217 "http://imgame1.cf.ac.uk/s2_331_0" "Mozilla/5.0 (Linux; Android 6.0; P9000 Build/MRA58K) AppleWebKit/537.36 (KHTML, like Gecko) Chrome/51.0.2704.81 Mobile Safari/537.36"
213.4.119.210 - - [12/Jul/2016:10:27:07 +0100] "GET /webServices/step2/step2RunController.php?permissions=255&messageType=storeStep2reply&exptId=331&jType=0&content%5B0%5D=4&content%5B1%5D=Es%2520un%2520dulce%252C%2520pero%2520en%2520mi%2520familia%2520nunca%2520hemos%2520sido%2520mucho%2520de%2520tradiciones.%2520No%2520sabr%25C3%25ADa%2520decir%2520en%2520qu%25C3%25A9%2520fecha%2520es%2520m%25C3%25A1s%2520t%25C3%25ADpico%2520consumirlos.&content%5B2%5D=1&content%5B3%5D=10607&content%5B4%5D=0&content%5B5%5D=-1&content%5B6%5D= HTTP/1.1" 200 75 "http://imgame1.cf.ac.uk/s2_331_0" "Mozilla/5.0 (Macintosh; Intel Mac OS X 10_10_5) AppleWebKit/537.36 (KHTML, like Gecko) Chrome/51.0.2704.103 Safari/537.36"
213.4.119.210 - - [12/Jul/2016:10:28:24 +0100] "GET /webServices/step2/step2RunController.php?permissions=255&messageType=start&exptId=331&jType=0&content%5B0%5D=-1 HTTP/1.1" 200 154 "http://imgame1.cf.ac.uk/s2_331_0" "Mozilla/5.0 (Macintosh; Intel Mac OS X 10_10_5) AppleWebKit/537.36 (KHTML, like Gecko) Chrome/51.0.2704.103 Safari/537.36"
213.4.119.210 - - [12/Jul/2016:10:28:25 +0100] "GET /webServices/step2/step2RunController.php?permissions=255&messageType=getStep2Status&exptId=331&jType=0&content%5B0%5D=1&content%5B1%5D=10619&content%5B2%5D=8&content%5B3%5D=0 HTTP/1.1" 200 297 "http://imgame1.cf.ac.uk/s2_331_0" "Mozilla/5.0 (Macintosh; Intel Mac OS X 10_10_5) AppleWebKit/537.36 (KHTML, like Gecko) Chrome/51.0.2704.103 Safari/537.36"
213.4.119.210 - - [12/Jul/2016:10:29:03 +0100] "GET /s2_331_0 HTTP/1.1" 200 2496 "-" "Mozilla/5.0 (Macintosh; Intel Mac OS X 10_10_5) AppleWebKit/537.36 (KHTML, like Gecko) Chrome/51.0.2704.103 Safari/537.36"
213.4.119.210 - - [12/Jul/2016:10:29:03 +0100] "GET /webServices/step2/step2RunController.php?permissions=255&messageType=step2Settings&exptId=331&jType=0&content%5B0%5D=-1 HTTP/1.1" 200 168 "http://imgame1.cf.ac.uk/s2_331_0" "Mozilla/5.0 (Macintosh; Intel Mac OS X 10_10_5) AppleWebKit/537.36 (KHTML, like Gecko) Chrome/51.0.2704.103 Safari/537.36"
213.4.119.210 - - [12/Jul/2016:10:29:03 +0100] "GET /webServices/step2/step2RunController.php?permissions=255&messageType=start&exptId=331&jType=0&content%5B0%5D=-1 HTTP/1.1" 200 154 "http://imgame1.cf.ac.uk/s2_331_0" "Mozilla/5.0 (Macintosh; Intel Mac OS X 10_10_5) AppleWebKit/537.36 (KHTML, like Gecko) Chrome/51.0.2704.103 Safari/537.36"
213.4.119.210 - - [12/Jul/2016:10:29:05 +0100] "GET /webServices/step2/step2RunController.php?permissions=255&messageType=getStep2Status&exptId=331&jType=0&content%5B0%5D=1&content%5B1%5D=10620&content%5B2%5D=9&content%5B3%5D=0 HTTP/1.1" 200 187 "http://imgame1.cf.ac.uk/s2_331_0" "Mozilla/5.0 (Macintosh; Intel Mac OS X 10_10_5) AppleWebKit/537.36 (KHTML, like Gecko) Chrome/51.0.2704.103 Safari/537.36"
95.22.67.219 - - [12/Jul/2016:10:29:42 +0100] "GET /s2_331_0 HTTP/1.1" 200 2496 "-" "Mozilla/5.0 (iPhone; CPU iPhone OS 9_3_2 like Mac OS X) AppleWebKit/601.1.46 (KHTML, like Gecko) Version/9.0 Mobile/13F69 Safari/601.1"
95.22.67.219 - - [12/Jul/2016:10:29:42 +0100] "GET /jquery-themes/imgame.min.css HTTP/1.1" 200 30735 "http://imgame1.cf.ac.uk/s2_331_0" "Mozilla/5.0 (iPhone; CPU iPhone OS 9_3_2 like Mac OS X) AppleWebKit/601.1.46 (KHTML, like Gecko) Version/9.0 Mobile/13F69 Safari/601.1"
95.22.67.219 - - [12/Jul/2016:10:29:43 +0100] "GET /mobile-css/1024.css HTTP/1.1" 200 346 "http://imgame1.cf.ac.uk/s2_331_0" "Mozilla/5.0 (iPhone; CPU iPhone OS 9_3_2 like Mac OS X) AppleWebKit/601.1.46 (KHTML, like Gecko) Version/9.0 Mobile/13F69 Safari/601.1"
95.22.67.219 - - [12/Jul/2016:10:29:43 +0100] "GET /jquery-mobile/jqmOverrides.css HTTP/1.1" 200 685 "http://imgame1.cf.ac.uk/s2_331_0" "Mozilla/5.0 (iPhone; CPU iPhone OS 9_3_2 like Mac OS X) AppleWebKit/601.1.46 (KHTML, like Gecko) Version/9.0 Mobile/13F69 Safari/601.1"
95.22.67.219 - - [12/Jul/2016:10:29:43 +0100] "GET /jquery-mobile/page.modifiers.js HTTP/1.1" 200 527 "http://imgame1.cf.ac.uk/s2_331_0" "Mozilla/5.0 (iPhone; CPU iPhone OS 9_3_2 like Mac OS X) AppleWebKit/601.1.46 (KHTML, like Gecko) Version/9.0 Mobile/13F69 Safari/601.1"
95.22.67.219 - - [12/Jul/2016:10:29:43 +0100] "GET /js/mobile/adminNavigate.js HTTP/1.1" 200 4547 "http://imgame1.cf.ac.uk/s2_331_0" "Mozilla/5.0 (iPhone; CPU iPhone OS 9_3_2 like Mac OS X) AppleWebKit/601.1.46 (KHTML, like Gecko) Version/9.0 Mobile/13F69 Safari/601.1"
95.22.67.219 - - [12/Jul/2016:10:29:43 +0100] "GET /jquery-mobile/jquery.mobile.structure-1.4.5.min.css HTTP/1.1" 200 68712 "http://imgame1.cf.ac.uk/s2_331_0" "Mozilla/5.0 (iPhone; CPU iPhone OS 9_3_2 like Mac OS X) AppleWebKit/601.1.46 (KHTML, like Gecko) Version/9.0 Mobile/13F69 Safari/601.1"
95.22.67.219 - - [12/Jul/2016:10:29:43 +0100] "GET /js/step2/step2RunController.js HTTP/1.1" 200 10302 "http://imgame1.cf.ac.uk/s2_331_0" "Mozilla/5.0 (iPhone; CPU iPhone OS 9_3_2 like Mac OS X) AppleWebKit/601.1.46 (KHTML, like Gecko) Version/9.0 Mobile/13F69 Safari/601.1"
95.22.67.219 - - [12/Jul/2016:10:29:43 +0100] "GET /jquery/jquery-2.1.3.min.js HTTP/1.1" 200 84320 "http://imgame1.cf.ac.uk/s2_331_0" "Mozilla/5.0 (iPhone; CPU iPhone OS 9_3_2 like Mac OS X) AppleWebKit/601.1.46 (KHTML, like Gecko) Version/9.0 Mobile/13F69 Safari/601.1"
95.22.67.219 - - [12/Jul/2016:10:29:43 +0100] "GET /jquery-themes/jquery.mobile.icons.min.css HTTP/1.1" 200 127053 "http://imgame1.cf.ac.uk/s2_331_0" "Mozilla/5.0 (iPhone; CPU iPhone OS 9_3_2 like Mac OS X) AppleWebKit/601.1.46 (KHTML, like Gecko) Version/9.0 Mobile/13F69 Safari/601.1"
95.22.67.219 - - [12/Jul/2016:10:29:43 +0100] "GET /jquery-mobile/jquery.mobile.overrides.js HTTP/1.1" 200 355 "http://imgame1.cf.ac.uk/s2_331_0" "Mozilla/5.0 (iPhone; CPU iPhone OS 9_3_2 like Mac OS X) AppleWebKit/601.1.46 (KHTML, like Gecko) Version/9.0 Mobile/13F69 Safari/601.1"
95.22.67.219 - - [12/Jul/2016:10:29:43 +0100] "GET /jquery-mobile/jquery.mobile-1.4.5.min.js HTTP/1.1" 200 200143 "http://imgame1.cf.ac.uk/s2_331_0" "Mozilla/5.0 (iPhone; CPU iPhone OS 9_3_2 like Mac OS X) AppleWebKit/601.1.46 (KHTML, like Gecko) Version/9.0 Mobile/13F69 Safari/601.1"
95.22.67.219 - - [12/Jul/2016:10:29:44 +0100] "GET /jquery-themes/images/ajax-loader.gif HTTP/1.1" 200 6242 "http://imgame1.cf.ac.uk/s2_331_0" "Mozilla/5.0 (iPhone; CPU iPhone OS 9_3_2 like Mac OS X) AppleWebKit/601.1.46 (KHTML, like Gecko) Version/9.0 Mobile/13F69 Safari/601.1"
95.22.67.219 - - [12/Jul/2016:10:29:44 +0100] "GET /webServices/step2/step2RunController.php?permissions=255&messageType=step2Settings&exptId=331&jType=0&content%5B0%5D=-1 HTTP/1.1" 200 168 "http://imgame1.cf.ac.uk/s2_331_0" "Mozilla/5.0 (iPhone; CPU iPhone OS 9_3_2 like Mac OS X) AppleWebKit/601.1.46 (KHTML, like Gecko) Version/9.0 Mobile/13F69 Safari/601.1"
95.22.67.219 - - [12/Jul/2016:10:29:44 +0100] "GET /webServices/step2/step2RunController.php?permissions=255&messageType=start&exptId=331&jType=0&content%5B0%5D=-1 HTTP/1.1" 200 154 "http://imgame1.cf.ac.uk/s2_331_0" "Mozilla/5.0 (iPhone; CPU iPhone OS 9_3_2 like Mac OS X) AppleWebKit/601.1.46 (KHTML, like Gecko) Version/9.0 Mobile/13F69 Safari/601.1"
95.22.67.219 - - [12/Jul/2016:10:29:45 +0100] "GET /webServices/step2/step2RunController.php?permissions=255&messageType=getStep2Status&exptId=331&jType=0&content%5B0%5D=1&content%5B1%5D=10621&content%5B2%5D=1&content%5B3%5D=0 HTTP/1.1" 200 427 "http://imgame1.cf.ac.uk/s2_331_0" "Mozilla/5.0 (iPhone; CPU iPhone OS 9_3_2 like Mac OS X) AppleWebKit/601.1.46 (KHTML, like Gecko) Version/9.0 Mobile/13F69 Safari/601.1"
31.4.178.35 - - [12/Jul/2016:10:29:50 +0100] "GET /webServices/step2/step2RunController.php?permissions=255&messageType=storeStep2reply&exptId=331&jType=0&content%5B0%5D=0&content%5B1%5D=El%2520de%2520libertad.%2520%2520Considero%2520que%2520el%2520principio%2520de%2520libertad%2520es%2520el%2520m%25C3%25A1s%2520b%25C3%25A1sico%2520de%2520todos%2520los%2520ciudadanos%2520independientemente%2520de%2520su%2520nacionalidad.%2520%2520&content%5B2%5D=1&content%5B3%5D=10618&content%5B4%5D=0&content%5B5%5D=-1&content%5B6%5D= HTTP/1.1" 200 180 "http://imgame1.cf.ac.uk/s2_331_0" "Mozilla/5.0 (Linux; Android 6.0; P9000 Build/MRA58K) AppleWebKit/537.36 (KHTML, like Gecko) Chrome/51.0.2704.81 Mobile Safari/537.36"
95.22.67.219 - - [12/Jul/2016:10:31:30 +0100] "GET /webServices/step2/step2RunController.php?permissions=255&messageType=storeStep2reply&exptId=331&jType=0&content%5B0%5D=0&content%5B1%5D=Mi%2520opini%25C3%25B3n%2520es%2520que%2520la%2520cultura%2520catalana%2520tiene%2520rasgos%2520de%2520la%2520francesa%2520y%2520de%2520la%2520europea%2520influenciada%2520por%2520el%2520acceso%2520al%2520mar%252C%2520y%2520todo%2520lo%2520que%2520esto%2520supone.&content%5B2%5D=1&content%5B3%5D=10621&content%5B4%5D=0&content%5B5%5D=-1&content%5B6%5D= HTTP/1.1" 200 316 "http://imgame1.cf.ac.uk/s2_331_0" "Mozilla/5.0 (iPhone; CPU iPhone OS 9_3_2 like Mac OS X) AppleWebKit/601.1.46 (KHTML, like Gecko) Version/9.0 Mobile/13F69 Safari/601.1"
31.4.178.35 - - [12/Jul/2016:10:31:47 +0100] "GET /webServices/step2/step2RunController.php?permissions=255&messageType=storeStep2reply&exptId=331&jType=0&content%5B0%5D=1&content%5B1%5D=Si.%2520%2520Los%2520ciudadanos%2520catalanes%2520est%25C3%25A1n%2520en%2520general%2520m%25C3%25A1s%2520implicados%2520en%2520la%2520pol%25C3%25ADtica%2520debido%2520a%2520la%2520discusi%25C3%25B3n%2520por%2520la%2520independencia%2520de%2520Catalunya.%2520%2520&content%5B2%5D=1&content%5B3%5D=10618&content%5B4%5D=0&content%5B5%5D=-1&content%5B6%5D= HTTP/1.1" 200 229 "http://imgame1.cf.ac.uk/s2_331_0" "Mozilla/5.0 (Linux; Android 6.0; P9000 Build/MRA58K) AppleWebKit/537.36 (KHTML, like Gecko) Chrome/51.0.2704.81 Mobile Safari/537.36"
95.22.67.219 - - [12/Jul/2016:10:32:04 +0100] "GET /s2_331_0 HTTP/1.1" 200 2496 "-" "Mozilla/5.0 (iPhone; CPU iPhone OS 9_3_2 like Mac OS X) AppleWebKit/601.1.46 (KHTML, like Gecko) Version/9.0 Mobile/13F69 Safari/601.1"
95.22.67.219 - - [12/Jul/2016:10:32:04 +0100] "GET /webServices/step2/step2RunController.php?permissions=255&messageType=step2Settings&exptId=331&jType=0&content%5B0%5D=-1 HTTP/1.1" 200 168 "http://imgame1.cf.ac.uk/s2_331_0" "Mozilla/5.0 (iPhone; CPU iPhone OS 9_3_2 like Mac OS X) AppleWebKit/601.1.46 (KHTML, like Gecko) Version/9.0 Mobile/13F69 Safari/601.1"
95.22.67.219 - - [12/Jul/2016:10:32:05 +0100] "GET /webServices/step2/step2RunController.php?permissions=255&messageType=start&exptId=331&jType=0&content%5B0%5D=-1 HTTP/1.1" 200 154 "http://imgame1.cf.ac.uk/s2_331_0" "Mozilla/5.0 (iPhone; CPU iPhone OS 9_3_2 like Mac OS X) AppleWebKit/601.1.46 (KHTML, like Gecko) Version/9.0 Mobile/13F69 Safari/601.1"
95.22.67.219 - - [12/Jul/2016:10:32:06 +0100] "GET /webServices/step2/step2RunController.php?permissions=255&messageType=getStep2Status&exptId=331&jType=0&content%5B0%5D=1&content%5B1%5D=10622&content%5B2%5D=2&content%5B3%5D=0 HTTP/1.1" 200 242 "http://imgame1.cf.ac.uk/s2_331_0" "Mozilla/5.0 (iPhone; CPU iPhone OS 9_3_2 like Mac OS X) AppleWebKit/601.1.46 (KHTML, like Gecko) Version/9.0 Mobile/13F69 Safari/601.1"
95.22.67.219 - - [12/Jul/2016:10:33:06 +0100] "GET /webServices/step2/step2RunController.php?permissions=255&messageType=storeStep2reply&exptId=331&jType=0&content%5B0%5D=0&content%5B1%5D=Nos%2520limita%2520a%2520la%2520hora%2520de%2520aprender%2520otras%2520lenguas%2520m%25C3%25A1s%2520relevantes%2520ya%2520que%2520el%2520espa%25C3%25B1ol%2520act%25C3%25BAa%2520como%2520segunda%2520lengua.%2520&content%5B2%5D=1&content%5B3%5D=10622&content%5B4%5D=0&content%5B5%5D=-1&content%5B6%5D= HTTP/1.1" 200 183 "http://imgame1.cf.ac.uk/s2_331_0" "Mozilla/5.0 (iPhone; CPU iPhone OS 9_3_2 like Mac OS X) AppleWebKit/601.1.46 (KHTML, like Gecko) Version/9.0 Mobile/13F69 Safari/601.1"
95.22.67.219 - - [12/Jul/2016:10:33:57 +0100] "GET /webServices/step2/step2RunController.php?permissions=255&messageType=storeStep2reply&exptId=331&jType=0&content%5B0%5D=1&content%5B1%5D=Principalmente%252C%2520a%2520la%2520situaci%25C3%25B3n%2520econ%25C3%25B3mica.%2520Aunque%2520tambi%25C3%25A9n%2520hay%2520un%2520reducto%2520independenrista%2520importante%2520en%2520Catalu%25C3%25B1a.%2520&content%5B2%5D=1&content%5B3%5D=10622&content%5B4%5D=0&content%5B5%5D=-1&content%5B6%5D= HTTP/1.1" 200 166 "http://imgame1.cf.ac.uk/s2_331_0" "Mozilla/5.0 (iPhone; CPU iPhone OS 9_3_2 like Mac OS X) AppleWebKit/601.1.46 (KHTML, like Gecko) Version/9.0 Mobile/13F69 Safari/601.1"
95.22.67.219 - - [12/Jul/2016:10:34:38 +0100] "GET /webServices/step2/step2RunController.php?permissions=255&messageType=storeStep2reply&exptId=331&jType=0&content%5B0%5D=2&content%5B1%5D=No%2520te%2520podr%25C3%25ADa%2520decir%2520porque%2520necesitar%25C3%25ADa%2520compararlo%2520con%2520gente%2520de%2520otras%2520regiones%2520de%2520Espa%25C3%25B1a.%2520&content%5B2%5D=1&content%5B3%5D=10622&content%5B4%5D=0&content%5B5%5D=-1&content%5B6%5D= HTTP/1.1" 200 142 "http://imgame1.cf.ac.uk/s2_331_0" "Mozilla/5.0 (iPhone; CPU iPhone OS 9_3_2 like Mac OS X) AppleWebKit/601.1.46 (KHTML, like Gecko) Version/9.0 Mobile/13F69 Safari/601.1"
31.4.178.35 - - [12/Jul/2016:10:34:49 +0100] "GET /webServices/step2/step2RunController.php?permissions=255&messageType=storeStep2reply&exptId=331&jType=0&content%5B0%5D=2&content%5B1%5D=Algunos%2520catalanes%2520pueden%2520haber%2520demostrado%2520una%2520actitud%2520m%25C3%25A1s%2520favorable%2520a%2520la%2520independencia%2520desde%2520las%2520duras%2520actitudes%2520del%2520partido%2520popular%2520en%2520estos%2520%25C3%25BAltimos%2520tiempos.%2520%2520&content%5B2%5D=1&content%5B3%5D=10618&content%5B4%5D=0&content%5B5%5D=-1&content%5B6%5D= HTTP/1.1" 200 189 "http://imgame1.cf.ac.uk/s2_331_0" "Mozilla/5.0 (Linux; Android 6.0; P9000 Build/MRA58K) AppleWebKit/537.36 (KHTML, like Gecko) Chrome/51.0.2704.81 Mobile Safari/537.36"
84.78.26.71 - - [12/Jul/2016:10:35:40 +0100] "GET /s2_331_0 HTTP/1.1" 200 2496 "-" "Mozilla/5.0 (Linux; Android 5.0.2; SM-A500FU Build/LRX22G) AppleWebKit/537.36 (KHTML, like Gecko) Chrome/50.0.2661.89 Mobile Safari/537.36"
84.78.26.71 - - [12/Jul/2016:10:35:40 +0100] "GET /jquery-mobile/jqmOverrides.css HTTP/1.1" 200 685 "http://imgame1.cf.ac.uk/s2_331_0" "Mozilla/5.0 (Linux; Android 5.0.2; SM-A500FU Build/LRX22G) AppleWebKit/537.36 (KHTML, like Gecko) Chrome/50.0.2661.89 Mobile Safari/537.36"
84.78.26.71 - - [12/Jul/2016:10:35:40 +0100] "GET /jquery-mobile/jquery.mobile.overrides.js HTTP/1.1" 200 355 "http://imgame1.cf.ac.uk/s2_331_0" "Mozilla/5.0 (Linux; Android 5.0.2; SM-A500FU Build/LRX22G) AppleWebKit/537.36 (KHTML, like Gecko) Chrome/50.0.2661.89 Mobile Safari/537.36"
84.78.26.71 - - [12/Jul/2016:10:35:40 +0100] "GET /jquery-themes/imgame.min.css HTTP/1.1" 200 30735 "http://imgame1.cf.ac.uk/s2_331_0" "Mozilla/5.0 (Linux; Android 5.0.2; SM-A500FU Build/LRX22G) AppleWebKit/537.36 (KHTML, like Gecko) Chrome/50.0.2661.89 Mobile Safari/537.36"
84.78.26.71 - - [12/Jul/2016:10:35:40 +0100] "GET /jquery-mobile/page.modifiers.js HTTP/1.1" 200 527 "http://imgame1.cf.ac.uk/s2_331_0" "Mozilla/5.0 (Linux; Android 5.0.2; SM-A500FU Build/LRX22G) AppleWebKit/537.36 (KHTML, like Gecko) Chrome/50.0.2661.89 Mobile Safari/537.36"
84.78.26.71 - - [12/Jul/2016:10:35:40 +0100] "GET /js/mobile/adminNavigate.js HTTP/1.1" 200 4547 "http://imgame1.cf.ac.uk/s2_331_0" "Mozilla/5.0 (Linux; Android 5.0.2; SM-A500FU Build/LRX22G) AppleWebKit/537.36 (KHTML, like Gecko) Chrome/50.0.2661.89 Mobile Safari/537.36"
84.78.26.71 - - [12/Jul/2016:10:35:40 +0100] "GET /jquery-mobile/jquery.mobile.structure-1.4.5.min.css HTTP/1.1" 200 68712 "http://imgame1.cf.ac.uk/s2_331_0" "Mozilla/5.0 (Linux; Android 5.0.2; SM-A500FU Build/LRX22G) AppleWebKit/537.36 (KHTML, like Gecko) Chrome/50.0.2661.89 Mobile Safari/537.36"
84.78.26.71 - - [12/Jul/2016:10:35:40 +0100] "GET /jquery/jquery-2.1.3.min.js HTTP/1.1" 200 84320 "http://imgame1.cf.ac.uk/s2_331_0" "Mozilla/5.0 (Linux; Android 5.0.2; SM-A500FU Build/LRX22G) AppleWebKit/537.36 (KHTML, like Gecko) Chrome/50.0.2661.89 Mobile Safari/537.36"
84.78.26.71 - - [12/Jul/2016:10:35:40 +0100] "GET /jquery-themes/jquery.mobile.icons.min.css HTTP/1.1" 200 127053 "http://imgame1.cf.ac.uk/s2_331_0" "Mozilla/5.0 (Linux; Android 5.0.2; SM-A500FU Build/LRX22G) AppleWebKit/537.36 (KHTML, like Gecko) Chrome/50.0.2661.89 Mobile Safari/537.36"
84.78.26.71 - - [12/Jul/2016:10:35:40 +0100] "GET /js/step2/step2RunController.js HTTP/1.1" 200 10302 "http://imgame1.cf.ac.uk/s2_331_0" "Mozilla/5.0 (Linux; Android 5.0.2; SM-A500FU Build/LRX22G) AppleWebKit/537.36 (KHTML, like Gecko) Chrome/50.0.2661.89 Mobile Safari/537.36"
84.78.26.71 - - [12/Jul/2016:10:35:41 +0100] "GET /mobile-css/1024.css HTTP/1.1" 200 346 "http://imgame1.cf.ac.uk/s2_331_0" "Mozilla/5.0 (Linux; Android 5.0.2; SM-A500FU Build/LRX22G) AppleWebKit/537.36 (KHTML, like Gecko) Chrome/50.0.2661.89 Mobile Safari/537.36"
84.78.26.71 - - [12/Jul/2016:10:35:40 +0100] "GET /jquery-mobile/jquery.mobile-1.4.5.min.js HTTP/1.1" 200 200143 "http://imgame1.cf.ac.uk/s2_331_0" "Mozilla/5.0 (Linux; Android 5.0.2; SM-A500FU Build/LRX22G) AppleWebKit/537.36 (KHTML, like Gecko) Chrome/50.0.2661.89 Mobile Safari/537.36"
84.78.26.71 - - [12/Jul/2016:10:35:42 +0100] "GET /jquery-themes/images/ajax-loader.gif HTTP/1.1" 200 6242 "http://imgame1.cf.ac.uk/jquery-themes/imgame.min.css" "Mozilla/5.0 (Linux; Android 5.0.2; SM-A500FU Build/LRX22G) AppleWebKit/537.36 (KHTML, like Gecko) Chrome/50.0.2661.89 Mobile Safari/537.36"
84.78.26.71 - - [12/Jul/2016:10:35:42 +0100] "GET /webServices/step2/step2RunController.php?permissions=255&messageType=step2Settings&exptId=331&jType=0&content%5B0%5D=-1 HTTP/1.1" 200 168 "http://imgame1.cf.ac.uk/s2_331_0" "Mozilla/5.0 (Linux; Android 5.0.2; SM-A500FU Build/LRX22G) AppleWebKit/537.36 (KHTML, like Gecko) Chrome/50.0.2661.89 Mobile Safari/537.36"
84.78.26.71 - - [12/Jul/2016:10:35:42 +0100] "GET /favicon.ico HTTP/1.1" 200 1150 "http://imgame1.cf.ac.uk/s2_331_0" "Mozilla/5.0 (Linux; Android 5.0.2; SM-A500FU Build/LRX22G) AppleWebKit/537.36 (KHTML, like Gecko) Chrome/50.0.2661.89 Mobile Safari/537.36"
84.78.26.71 - - [12/Jul/2016:10:35:42 +0100] "GET /webServices/step2/step2RunController.php?permissions=255&messageType=start&exptId=331&jType=0&content%5B0%5D=-1 HTTP/1.1" 200 154 "http://imgame1.cf.ac.uk/s2_331_0" "Mozilla/5.0 (Linux; Android 5.0.2; SM-A500FU Build/LRX22G) AppleWebKit/537.36 (KHTML, like Gecko) Chrome/50.0.2661.89 Mobile Safari/537.36"
95.22.67.219 - - [12/Jul/2016:10:35:43 +0100] "GET /webServices/step2/step2RunController.php?permissions=255&messageType=storeStep2reply&exptId=331&jType=0&content%5B0%5D=3&content%5B1%5D=Porque%2520hay%2520una%2520cultura%2520profundamente%2520arraigada%2520en%2520la%2520sociedad%2520espa%25C3%25B1ola%2520en%2520general%2520que%2520ensalza%2520todo%2520aquel%2520servicio%2520o%2520producto%2520que%2520no%2520cuesta%2520dinero.%2520&content%5B2%5D=1&content%5B3%5D=10622&content%5B4%5D=0&content%5B5%5D=-1&content%5B6%5D= HTTP/1.1" 200 159 "http://imgame1.cf.ac.uk/s2_331_0" "Mozilla/5.0 (iPhone; CPU iPhone OS 9_3_2 like Mac OS X) AppleWebKit/601.1.46 (KHTML, like Gecko) Version/9.0 Mobile/13F69 Safari/601.1"
84.78.26.71 - - [12/Jul/2016:10:35:43 +0100] "GET /webServices/step2/step2RunController.php?permissions=255&messageType=getStep2Status&exptId=331&jType=0&content%5B0%5D=1&content%5B1%5D=10623&content%5B2%5D=3&content%5B3%5D=0 HTTP/1.1" 200 193 "http://imgame1.cf.ac.uk/s2_331_0" "Mozilla/5.0 (Linux; Android 5.0.2; SM-A500FU Build/LRX22G) AppleWebKit/537.36 (KHTML, like Gecko) Chrome/50.0.2661.89 Mobile Safari/537.36"
95.22.67.219 - - [12/Jul/2016:10:36:03 +0100] "GET /webServices/step2/step2RunController.php?permissions=255&messageType=storeStep2reply&exptId=331&jType=0&content%5B0%5D=4&content%5B1%5D=No%2520lo%2520s%25C3%25A9.%2520No%2520vivo%2520en%2520Madrid%2520para%2520opinar%2520al%2520respecto.&content%5B2%5D=1&content%5B3%5D=10622&content%5B4%5D=0&content%5B5%5D=-1&content%5B6%5D= HTTP/1.1" 200 75 "http://imgame1.cf.ac.uk/s2_331_0" "Mozilla/5.0 (iPhone; CPU iPhone OS 9_3_2 like Mac OS X) AppleWebKit/601.1.46 (KHTML, like Gecko) Version/9.0 Mobile/13F69 Safari/601.1"
