218.106.182.122 - - [19/Jul/2016:11:50:08 +0100] "GET /jquery-mobile/jquery.mobile.structure-1.4.5.min.css HTTP/1.1" 200 68712 "http://imgame1.cf.ac.uk/" "Mozilla/5.0 (Windows NT 5.1) AppleWebKit/537.36 (KHTML, like Gecko) Chrome/37.0.2062.103 Safari/537.36"
218.106.182.122 - - [19/Jul/2016:11:50:08 +0100] "GET /jquery-validation/additional-methods.min.js HTTP/1.1" 200 16415 "http://imgame1.cf.ac.uk/" "Mozilla/5.0 (Windows NT 5.1) AppleWebKit/537.36 (KHTML, like Gecko) Chrome/37.0.2062.103 Safari/537.36"
218.106.182.122 - - [19/Jul/2016:11:50:08 +0100] "GET /jquery-validation/jquery.validate.min.js HTTP/1.1" 200 21584 "http://imgame1.cf.ac.uk/" "Mozilla/5.0 (Windows NT 5.1) AppleWebKit/537.36 (KHTML, like Gecko) Chrome/37.0.2062.103 Safari/537.36"
218.106.182.122 - - [19/Jul/2016:11:50:08 +0100] "GET /jquery/jquery-2.1.3.min.js HTTP/1.1" 200 84320 "http://imgame1.cf.ac.uk/" "Mozilla/5.0 (Windows NT 5.1) AppleWebKit/537.36 (KHTML, like Gecko) Chrome/37.0.2062.103 Safari/537.36"
218.106.182.122 - - [19/Jul/2016:11:50:09 +0100] "GET /js/global/loginRegister.js HTTP/1.1" 200 328 "http://imgame1.cf.ac.uk/" "Mozilla/5.0 (Windows NT 5.1) AppleWebKit/537.36 (KHTML, like Gecko) Chrome/37.0.2062.103 Safari/537.36"
218.106.182.122 - - [19/Jul/2016:11:50:08 +0100] "GET /jquery-mobile/jquery.mobile-1.4.5.min.js HTTP/1.1" 200 200143 "http://imgame1.cf.ac.uk/" "Mozilla/5.0 (Windows NT 5.1) AppleWebKit/537.36 (KHTML, like Gecko) Chrome/37.0.2062.103 Safari/537.36"
218.106.182.122 - - [19/Jul/2016:11:50:09 +0100] "GET /jquery-themes/images/ajax-loader.gif HTTP/1.1" 200 6242 "http://imgame1.cf.ac.uk/jquery-themes/imgame.min.css" "Mozilla/5.0 (Windows NT 5.1) AppleWebKit/537.36 (KHTML, like Gecko) Chrome/37.0.2062.103 Safari/537.36"
218.106.182.122 - - [19/Jul/2016:11:50:09 +0100] "GET /favicon.ico HTTP/1.1" 200 1150 "-" "Mozilla/5.0 (Windows NT 5.1) AppleWebKit/537.36 (KHTML, like Gecko) Chrome/37.0.2062.103 Safari/537.36"
::1 - - [19/Jul/2016:11:50:11 +0100] "OPTIONS * HTTP/1.0" 200 - "-" "Apache (internal dummy connection)"
::1 - - [19/Jul/2016:11:50:12 +0100] "OPTIONS * HTTP/1.0" 200 - "-" "Apache (internal dummy connection)"
::1 - - [19/Jul/2016:11:50:13 +0100] "OPTIONS * HTTP/1.0" 200 - "-" "Apache (internal dummy connection)"
::1 - - [19/Jul/2016:11:50:14 +0100] "OPTIONS * HTTP/1.0" 200 - "-" "Apache (internal dummy connection)"
::1 - - [19/Jul/2016:11:50:15 +0100] "OPTIONS * HTTP/1.0" 200 - "-" "Apache (internal dummy connection)"
::1 - - [19/Jul/2016:11:50:16 +0100] "OPTIONS * HTTP/1.0" 200 - "-" "Apache (internal dummy connection)"
::1 - - [19/Jul/2016:11:50:17 +0100] "OPTIONS * HTTP/1.0" 200 - "-" "Apache (internal dummy connection)"
::1 - - [19/Jul/2016:11:50:18 +0100] "OPTIONS * HTTP/1.0" 200 - "-" "Apache (internal dummy connection)"
::1 - - [19/Jul/2016:11:50:19 +0100] "OPTIONS * HTTP/1.0" 200 - "-" "Apache (internal dummy connection)"
::1 - - [19/Jul/2016:11:50:20 +0100] "OPTIONS * HTTP/1.0" 200 - "-" "Apache (internal dummy connection)"
::1 - - [19/Jul/2016:11:50:21 +0100] "OPTIONS * HTTP/1.0" 200 - "-" "Apache (internal dummy connection)"
218.106.182.6 - - [19/Jul/2016:11:50:21 +0100] "POST /index.php HTTP/1.1" 200 12629 "http://imgame1.cf.ac.uk/" "Mozilla/5.0 (Windows NT 5.1) AppleWebKit/537.36 (KHTML, like Gecko) Chrome/37.0.2062.103 Safari/537.36"
10.239.32.89 - - [19/Jul/2016:11:50:21 +0100] "POST /index.php HTTP/1.1" 200 12628 "-" "-"
218.106.182.6 - - [19/Jul/2016:11:50:22 +0100] "GET /css/481-1023.css HTTP/1.1" 200 1716 "http://imgame1.cf.ac.uk/index.php" "Mozilla/5.0 (Windows NT 5.1) AppleWebKit/537.36 (KHTML, like Gecko) Chrome/37.0.2062.103 Safari/537.36"
218.106.182.6 - - [19/Jul/2016:11:50:22 +0100] "GET /css/480.css HTTP/1.1" 200 1750 "http://imgame1.cf.ac.uk/index.php" "Mozilla/5.0 (Windows NT 5.1) AppleWebKit/537.36 (KHTML, like Gecko) Chrome/37.0.2062.103 Safari/537.36"
218.106.182.6 - - [19/Jul/2016:11:50:22 +0100] "GET /css/0-479.css HTTP/1.1" 200 1290 "http://imgame1.cf.ac.uk/index.php" "Mozilla/5.0 (Windows NT 5.1) AppleWebKit/537.36 (KHTML, like Gecko) Chrome/37.0.2062.103 Safari/537.36"
218.106.182.6 - - [19/Jul/2016:11:50:22 +0100] "GET /css/1024.css HTTP/1.1" 200 1308 "http://imgame1.cf.ac.uk/index.php" "Mozilla/5.0 (Windows NT 5.1) AppleWebKit/537.36 (KHTML, like Gecko) Chrome/37.0.2062.103 Safari/537.36"
218.106.182.6 - - [19/Jul/2016:11:50:22 +0100] "GET /jquery-ui-1.11.1/jquery-ui.min.css HTTP/1.1" 200 30163 "http://imgame1.cf.ac.uk/index.php" "Mozilla/5.0 (Windows NT 5.1) AppleWebKit/537.36 (KHTML, like Gecko) Chrome/37.0.2062.103 Safari/537.36"
::1 - - [19/Jul/2016:11:50:22 +0100] "OPTIONS * HTTP/1.0" 200 - "-" "Apache (internal dummy connection)"
218.106.182.6 - - [19/Jul/2016:11:50:22 +0100] "GET /js/wsockets/igrtwebsocket.js HTTP/1.1" 200 1076 "http://imgame1.cf.ac.uk/index.php" "Mozilla/5.0 (Windows NT 5.1) AppleWebKit/537.36 (KHTML, like Gecko) Chrome/37.0.2062.103 Safari/537.36"
218.106.182.6 - - [19/Jul/2016:11:50:22 +0100] "GET /css/basic.css HTTP/1.1" 200 56434 "http://imgame1.cf.ac.uk/index.php" "Mozilla/5.0 (Windows NT 5.1) AppleWebKit/537.36 (KHTML, like Gecko) Chrome/37.0.2062.103 Safari/537.36"
218.106.182.6 - - [19/Jul/2016:11:50:22 +0100] "GET /js/wsockets/step1expt_ws.js HTTP/1.1" 200 72368 "http://imgame1.cf.ac.uk/index.php" "Mozilla/5.0 (Windows NT 5.1) AppleWebKit/537.36 (KHTML, like Gecko) Chrome/37.0.2062.103 Safari/537.36"
::1 - - [19/Jul/2016:11:50:23 +0100] "OPTIONS * HTTP/1.0" 200 - "-" "Apache (internal dummy connection)"
::1 - - [19/Jul/2016:11:50:24 +0100] "OPTIONS * HTTP/1.0" 200 - "-" "Apache (internal dummy connection)"
218.106.182.53 - - [19/Jul/2016:11:50:25 +0100] "POST /index.php HTTP/1.1" 200 12629 "http://imgame1.cf.ac.uk/" "Mozilla/4.0 (compatible; MSIE 8.0; Windows NT 5.1; Trident/4.0; .NET CLR 2.0.50727; .NET CLR 3.0.04506.648; .NET CLR 3.5.21022; .NET CLR 3.0.4506.2152; .NET CLR 3.5.30729; InfoPath.3)"
10.239.32.89 - - [19/Jul/2016:11:50:25 +0100] "POST /index.php HTTP/1.1" 200 12628 "-" "-"
::1 - - [19/Jul/2016:11:50:25 +0100] "OPTIONS * HTTP/1.0" 200 - "-" "Apache (internal dummy connection)"
218.106.182.53 - - [19/Jul/2016:11:50:25 +0100] "GET /css/basic.css HTTP/1.1" 200 56434 "http://imgame1.cf.ac.uk/index.php" "Mozilla/4.0 (compatible; MSIE 8.0; Windows NT 5.1; Trident/4.0; .NET CLR 2.0.50727; .NET CLR 3.0.04506.648; .NET CLR 3.5.21022; .NET CLR 3.0.4506.2152; .NET CLR 3.5.30729; InfoPath.3)"
218.106.182.53 - - [19/Jul/2016:11:50:26 +0100] "GET /css/481-1023.css HTTP/1.1" 200 1716 "http://imgame1.cf.ac.uk/index.php" "Mozilla/4.0 (compatible; MSIE 8.0; Windows NT 5.1; Trident/4.0; .NET CLR 2.0.50727; .NET CLR 3.0.04506.648; .NET CLR 3.5.21022; .NET CLR 3.0.4506.2152; .NET CLR 3.5.30729; InfoPath.3)"
218.106.182.53 - - [19/Jul/2016:11:50:26 +0100] "GET /css/0-479.css HTTP/1.1" 200 1290 "http://imgame1.cf.ac.uk/index.php" "Mozilla/4.0 (compatible; MSIE 8.0; Windows NT 5.1; Trident/4.0; .NET CLR 2.0.50727; .NET CLR 3.0.04506.648; .NET CLR 3.5.21022; .NET CLR 3.0.4506.2152; .NET CLR 3.5.30729; InfoPath.3)"
218.106.182.53 - - [19/Jul/2016:11:50:26 +0100] "GET /css/480.css HTTP/1.1" 200 1750 "http://imgame1.cf.ac.uk/index.php" "Mozilla/4.0 (compatible; MSIE 8.0; Windows NT 5.1; Trident/4.0; .NET CLR 2.0.50727; .NET CLR 3.0.04506.648; .NET CLR 3.5.21022; .NET CLR 3.0.4506.2152; .NET CLR 3.5.30729; InfoPath.3)"
218.106.182.53 - - [19/Jul/2016:11:50:26 +0100] "GET /css/1024.css HTTP/1.1" 200 1308 "http://imgame1.cf.ac.uk/index.php" "Mozilla/4.0 (compatible; MSIE 8.0; Windows NT 5.1; Trident/4.0; .NET CLR 2.0.50727; .NET CLR 3.0.04506.648; .NET CLR 3.5.21022; .NET CLR 3.0.4506.2152; .NET CLR 3.5.30729; InfoPath.3)"
218.106.182.53 - - [19/Jul/2016:11:50:26 +0100] "GET /css/basic.css HTTP/1.1" 200 56434 "http://imgame1.cf.ac.uk/index.php" "Mozilla/4.0 (compatible; MSIE 8.0; Windows NT 5.1; Trident/4.0; .NET CLR 2.0.50727; .NET CLR 3.0.04506.648; .NET CLR 3.5.21022; .NET CLR 3.0.4506.2152; .NET CLR 3.5.30729; InfoPath.3)"
::1 - - [19/Jul/2016:11:50:26 +0100] "OPTIONS * HTTP/1.0" 200 - "-" "Apache (internal dummy connection)"
218.106.182.53 - - [19/Jul/2016:11:50:26 +0100] "GET /jquery-ui-1.11.1/jquery-ui.min.css HTTP/1.1" 200 30163 "http://imgame1.cf.ac.uk/index.php" "Mozilla/4.0 (compatible; MSIE 8.0; Windows NT 5.1; Trident/4.0; .NET CLR 2.0.50727; .NET CLR 3.0.04506.648; .NET CLR 3.5.21022; .NET CLR 3.0.4506.2152; .NET CLR 3.5.30729; InfoPath.3)"
218.106.182.176 - - [19/Jul/2016:11:50:26 +0100] "POST /index.php HTTP/1.1" 200 4084 "http://imgame1.cf.ac.uk/" "Mozilla/5.0 (Windows NT 5.1) AppleWebKit/537.36 (KHTML, like Gecko) Chrome/37.0.2062.103 Safari/537.36"
10.239.32.89 - - [19/Jul/2016:11:50:26 +0100] "POST /index.php HTTP/1.1" 200 4083 "-" "-"
218.106.182.6 - - [19/Jul/2016:11:50:22 +0100] "GET /jquery-ui-1.11.1/jquery-ui.min.js HTTP/1.1" 200 238314 "http://imgame1.cf.ac.uk/index.php" "Mozilla/5.0 (Windows NT 5.1) AppleWebKit/537.36 (KHTML, like Gecko) Chrome/37.0.2062.103 Safari/537.36"
218.106.182.53 - - [19/Jul/2016:11:50:27 +0100] "GET /css/ie.css HTTP/1.1" 200 1244 "http://imgame1.cf.ac.uk/index.php" "Mozilla/4.0 (compatible; MSIE 8.0; Windows NT 5.1; Trident/4.0; .NET CLR 2.0.50727; .NET CLR 3.0.04506.648; .NET CLR 3.5.21022; .NET CLR 3.0.4506.2152; .NET CLR 3.5.30729; InfoPath.3)"
218.106.182.53 - - [19/Jul/2016:11:50:27 +0100] "GET /js/wsockets/igrtwebsocket.js HTTP/1.1" 200 1076 "http://imgame1.cf.ac.uk/index.php" "Mozilla/4.0 (compatible; MSIE 8.0; Windows NT 5.1; Trident/4.0; .NET CLR 2.0.50727; .NET CLR 3.0.04506.648; .NET CLR 3.5.21022; .NET CLR 3.0.4506.2152; .NET CLR 3.5.30729; InfoPath.3)"
218.106.182.6 - - [19/Jul/2016:11:50:27 +0100] "GET /jquery-ui-1.11.1/images/ui-icons_222222_256x240.png HTTP/1.1" 200 7006 "http://imgame1.cf.ac.uk/jquery-ui-1.11.1/jquery-ui.min.css" "Mozilla/5.0 (Windows NT 5.1) AppleWebKit/537.36 (KHTML, like Gecko) Chrome/37.0.2062.103 Safari/537.36"
218.106.182.6 - - [19/Jul/2016:11:50:27 +0100] "GET /images/tabNumberOne.gif HTTP/1.1" 200 402 "http://imgame1.cf.ac.uk/css/basic.css" "Mozilla/5.0 (Windows NT 5.1) AppleWebKit/537.36 (KHTML, like Gecko) Chrome/37.0.2062.103 Safari/537.36"
218.106.182.6 - - [19/Jul/2016:11:50:27 +0100] "GET /images/tabStatusYourTurn.png HTTP/1.1" 200 324 "http://imgame1.cf.ac.uk/css/basic.css" "Mozilla/5.0 (Windows NT 5.1) AppleWebKit/537.36 (KHTML, like Gecko) Chrome/37.0.2062.103 Safari/537.36"
218.106.182.6 - - [19/Jul/2016:11:50:27 +0100] "GET /images/tabNumberTwo.gif HTTP/1.1" 200 691 "http://imgame1.cf.ac.uk/css/basic.css" "Mozilla/5.0 (Windows NT 5.1) AppleWebKit/537.36 (KHTML, like Gecko) Chrome/37.0.2062.103 Safari/537.36"
218.106.182.6 - - [19/Jul/2016:11:50:27 +0100] "GET /images/tabStatusWaiting.png HTTP/1.1" 200 330 "http://imgame1.cf.ac.uk/css/basic.css" "Mozilla/5.0 (Windows NT 5.1) AppleWebKit/537.36 (KHTML, like Gecko) Chrome/37.0.2062.103 Safari/537.36"
218.106.182.6 - - [19/Jul/2016:11:50:27 +0100] "GET /images/tabNumberThree.gif HTTP/1.1" 200 689 "http://imgame1.cf.ac.uk/css/basic.css" "Mozilla/5.0 (Windows NT 5.1) AppleWebKit/537.36 (KHTML, like Gecko) Chrome/37.0.2062.103 Safari/537.36"
218.106.182.53 - - [19/Jul/2016:11:50:27 +0100] "GET /jquery-ui-1.11.1/images/ui-icons_222222_256x240.png HTTP/1.1" 200 7006 "http://imgame1.cf.ac.uk/index.php" "Mozilla/4.0 (compatible; MSIE 8.0; Windows NT 5.1; Trident/4.0; .NET CLR 2.0.50727; .NET CLR 3.0.04506.648; .NET CLR 3.5.21022; .NET CLR 3.0.4506.2152; .NET CLR 3.5.30729; InfoPath.3)"
218.106.182.53 - - [19/Jul/2016:11:50:27 +0100] "GET /images/tabNumberOne.gif HTTP/1.1" 200 402 "http://imgame1.cf.ac.uk/index.php" "Mozilla/4.0 (compatible; MSIE 8.0; Windows NT 5.1; Trident/4.0; .NET CLR 2.0.50727; .NET CLR 3.0.04506.648; .NET CLR 3.5.21022; .NET CLR 3.0.4506.2152; .NET CLR 3.5.30729; InfoPath.3)"
218.106.182.53 - - [19/Jul/2016:11:50:27 +0100] "GET /images/tabNumberTwo.gif HTTP/1.1" 200 691 "http://imgame1.cf.ac.uk/index.php" "Mozilla/4.0 (compatible; MSIE 8.0; Windows NT 5.1; Trident/4.0; .NET CLR 2.0.50727; .NET CLR 3.0.04506.648; .NET CLR 3.5.21022; .NET CLR 3.0.4506.2152; .NET CLR 3.5.30729; InfoPath.3)"
::1 - - [19/Jul/2016:11:50:27 +0100] "OPTIONS * HTTP/1.0" 200 - "-" "Apache (internal dummy connection)"
218.106.182.53 - - [19/Jul/2016:11:50:27 +0100] "GET /images/tabStatusWaiting.png HTTP/1.1" 200 330 "http://imgame1.cf.ac.uk/index.php" "Mozilla/4.0 (compatible; MSIE 8.0; Windows NT 5.1; Trident/4.0; .NET CLR 2.0.50727; .NET CLR 3.0.04506.648; .NET CLR 3.5.21022; .NET CLR 3.0.4506.2152; .NET CLR 3.5.30729; InfoPath.3)"
218.106.182.53 - - [19/Jul/2016:11:50:27 +0100] "GET /images/tabNumberThree.gif HTTP/1.1" 200 689 "http://imgame1.cf.ac.uk/index.php" "Mozilla/4.0 (compatible; MSIE 8.0; Windows NT 5.1; Trident/4.0; .NET CLR 2.0.50727; .NET CLR 3.0.04506.648; .NET CLR 3.5.21022; .NET CLR 3.0.4506.2152; .NET CLR 3.5.30729; InfoPath.3)"
218.106.182.53 - - [19/Jul/2016:11:50:27 +0100] "GET /images/tabStatusYourTurn.png HTTP/1.1" 200 324 "http://imgame1.cf.ac.uk/index.php" "Mozilla/4.0 (compatible; MSIE 8.0; Windows NT 5.1; Trident/4.0; .NET CLR 2.0.50727; .NET CLR 3.0.04506.648; .NET CLR 3.5.21022; .NET CLR 3.0.4506.2152; .NET CLR 3.5.30729; InfoPath.3)"
218.106.182.6 - - [19/Jul/2016:11:50:27 +0100] "POST /webServices/step1/getStep1Parameters.php HTTP/1.1" 200 424 "http://imgame1.cf.ac.uk/index.php" "Mozilla/5.0 (Windows NT 5.1) AppleWebKit/537.36 (KHTML, like Gecko) Chrome/37.0.2062.103 Safari/537.36"
218.106.182.53 - - [19/Jul/2016:11:50:27 +0100] "GET /js/wsockets/step1expt_ws.js HTTP/1.1" 200 72368 "http://imgame1.cf.ac.uk/index.php" "Mozilla/4.0 (compatible; MSIE 8.0; Windows NT 5.1; Trident/4.0; .NET CLR 2.0.50727; .NET CLR 3.0.04506.648; .NET CLR 3.5.21022; .NET CLR 3.0.4506.2152; .NET CLR 3.5.30729; InfoPath.3)"
::1 - - [19/Jul/2016:11:50:28 +0100] "OPTIONS * HTTP/1.0" 200 - "-" "Apache (internal dummy connection)"
::1 - - [19/Jul/2016:11:50:29 +0100] "OPTIONS * HTTP/1.0" 200 - "-" "Apache (internal dummy connection)"
218.106.182.53 - - [19/Jul/2016:11:50:27 +0100] "GET /jquery-ui-1.11.1/jquery-ui.min.js HTTP/1.1" 200 238314 "http://imgame1.cf.ac.uk/index.php" "Mozilla/4.0 (compatible; MSIE 8.0; Windows NT 5.1; Trident/4.0; .NET CLR 2.0.50727; .NET CLR 3.0.04506.648; .NET CLR 3.5.21022; .NET CLR 3.0.4506.2152; .NET CLR 3.5.30729; InfoPath.3)"
218.106.182.53 - - [19/Jul/2016:11:50:30 +0100] "GET /images/loading.gif HTTP/1.1" 200 4782 "http://imgame1.cf.ac.uk/index.php" "Mozilla/4.0 (compatible; MSIE 8.0; Windows NT 5.1; Trident/4.0; .NET CLR 2.0.50727; .NET CLR 3.0.04506.648; .NET CLR 3.5.21022; .NET CLR 3.0.4506.2152; .NET CLR 3.5.30729; InfoPath.3)"
218.106.182.53 - - [19/Jul/2016:11:50:30 +0100] "GET /images/previousQuestionsJudge.gif HTTP/1.1" 200 979 "http://imgame1.cf.ac.uk/index.php" "Mozilla/4.0 (compatible; MSIE 8.0; Windows NT 5.1; Trident/4.0; .NET CLR 2.0.50727; .NET CLR 3.0.04506.648; .NET CLR 3.5.21022; .NET CLR 3.0.4506.2152; .NET CLR 3.5.30729; InfoPath.3)"
218.106.182.53 - - [19/Jul/2016:11:50:30 +0100] "GET /images/previousQuestionsNonPretender.gif HTTP/1.1" 200 1002 "http://imgame1.cf.ac.uk/index.php" "Mozilla/4.0 (compatible; MSIE 8.0; Windows NT 5.1; Trident/4.0; .NET CLR 2.0.50727; .NET CLR 3.0.04506.648; .NET CLR 3.5.21022; .NET CLR 3.0.4506.2152; .NET CLR 3.5.30729; InfoPath.3)"
218.106.182.53 - - [19/Jul/2016:11:50:30 +0100] "GET /images/previousQuestionsPretender.gif HTTP/1.1" 200 1000 "http://imgame1.cf.ac.uk/index.php" "Mozilla/4.0 (compatible; MSIE 8.0; Windows NT 5.1; Trident/4.0; .NET CLR 2.0.50727; .NET CLR 3.0.04506.648; .NET CLR 3.5.21022; .NET CLR 3.0.4506.2152; .NET CLR 3.5.30729; InfoPath.3)"
::1 - - [19/Jul/2016:11:50:30 +0100] "OPTIONS * HTTP/1.0" 200 - "-" "Apache (internal dummy connection)"
::1 - - [19/Jul/2016:11:50:31 +0100] "OPTIONS * HTTP/1.0" 200 - "-" "Apache (internal dummy connection)"
::1 - - [19/Jul/2016:11:50:32 +0100] "OPTIONS * HTTP/1.0" 200 - "-" "Apache (internal dummy connection)"
::1 - - [19/Jul/2016:11:50:33 +0100] "OPTIONS * HTTP/1.0" 200 - "-" "Apache (internal dummy connection)"
::1 - - [19/Jul/2016:11:50:34 +0100] "OPTIONS * HTTP/1.0" 200 - "-" "Apache (internal dummy connection)"
::1 - - [19/Jul/2016:11:50:35 +0100] "OPTIONS * HTTP/1.0" 200 - "-" "Apache (internal dummy connection)"
::1 - - [19/Jul/2016:11:50:36 +0100] "OPTIONS * HTTP/1.0" 200 - "-" "Apache (internal dummy connection)"
218.106.182.181 - - [19/Jul/2016:11:50:37 +0100] "POST /index.php HTTP/1.1" 200 12629 "http://imgame1.cf.ac.uk/" "Mozilla/5.0 (Windows NT 5.1) AppleWebKit/537.36 (KHTML, like Gecko) Chrome/37.0.2062.103 Safari/537.36"
10.239.32.89 - - [19/Jul/2016:11:50:37 +0100] "POST /index.php HTTP/1.1" 200 12628 "-" "-"
218.106.182.122 - - [19/Jul/2016:11:50:37 +0100] "POST /index.php HTTP/1.1" 200 4084 "http://imgame1.cf.ac.uk/" "Mozilla/5.0 (Windows NT 5.1) AppleWebKit/537.36 (KHTML, like Gecko) Chrome/37.0.2062.103 Safari/537.36"
10.239.32.89 - - [19/Jul/2016:11:50:37 +0100] "POST /index.php HTTP/1.1" 200 4083 "-" "-"
218.106.182.181 - - [19/Jul/2016:11:50:38 +0100] "GET /css/1024.css HTTP/1.1" 200 1308 "http://imgame1.cf.ac.uk/index.php" "Mozilla/5.0 (Windows NT 5.1) AppleWebKit/537.36 (KHTML, like Gecko) Chrome/37.0.2062.103 Safari/537.36"
218.106.182.181 - - [19/Jul/2016:11:50:38 +0100] "GET /css/0-479.css HTTP/1.1" 200 1290 "http://imgame1.cf.ac.uk/index.php" "Mozilla/5.0 (Windows NT 5.1) AppleWebKit/537.36 (KHTML, like Gecko) Chrome/37.0.2062.103 Safari/537.36"
218.106.182.181 - - [19/Jul/2016:11:50:38 +0100] "GET /css/480.css HTTP/1.1" 200 1750 "http://imgame1.cf.ac.uk/index.php" "Mozilla/5.0 (Windows NT 5.1) AppleWebKit/537.36 (KHTML, like Gecko) Chrome/37.0.2062.103 Safari/537.36"
218.106.182.181 - - [19/Jul/2016:11:50:38 +0100] "GET /css/481-1023.css HTTP/1.1" 200 1716 "http://imgame1.cf.ac.uk/index.php" "Mozilla/5.0 (Windows NT 5.1) AppleWebKit/537.36 (KHTML, like Gecko) Chrome/37.0.2062.103 Safari/537.36"
218.106.182.181 - - [19/Jul/2016:11:50:38 +0100] "GET /jquery-ui-1.11.1/jquery-ui.min.css HTTP/1.1" 200 30163 "http://imgame1.cf.ac.uk/index.php" "Mozilla/5.0 (Windows NT 5.1) AppleWebKit/537.36 (KHTML, like Gecko) Chrome/37.0.2062.103 Safari/537.36"
218.106.182.181 - - [19/Jul/2016:11:50:38 +0100] "GET /css/basic.css HTTP/1.1" 200 56434 "http://imgame1.cf.ac.uk/index.php" "Mozilla/5.0 (Windows NT 5.1) AppleWebKit/537.36 (KHTML, like Gecko) Chrome/37.0.2062.103 Safari/537.36"
218.106.182.181 - - [19/Jul/2016:11:50:39 +0100] "GET /js/wsockets/igrtwebsocket.js HTTP/1.1" 200 1076 "http://imgame1.cf.ac.uk/index.php" "Mozilla/5.0 (Windows NT 5.1) AppleWebKit/537.36 (KHTML, like Gecko) Chrome/37.0.2062.103 Safari/537.36"
218.106.182.176 - - [19/Jul/2016:11:50:41 +0100] "GET / HTTP/1.1" 200 4027 "-" "Mozilla/5.0 (Windows NT 5.1) AppleWebKit/537.36 (KHTML, like Gecko) Chrome/37.0.2062.103 Safari/537.36"
218.106.182.181 - - [19/Jul/2016:11:50:39 +0100] "GET /js/wsockets/step1expt_ws.js HTTP/1.1" 200 72368 "http://imgame1.cf.ac.uk/index.php" "Mozilla/5.0 (Windows NT 5.1) AppleWebKit/537.36 (KHTML, like Gecko) Chrome/37.0.2062.103 Safari/537.36"
218.106.182.181 - - [19/Jul/2016:11:50:39 +0100] "GET /jquery-ui-1.11.1/jquery-ui.min.js HTTP/1.1" 200 238314 "http://imgame1.cf.ac.uk/index.php" "Mozilla/5.0 (Windows NT 5.1) AppleWebKit/537.36 (KHTML, like Gecko) Chrome/37.0.2062.103 Safari/537.36"
218.106.182.181 - - [19/Jul/2016:11:50:42 +0100] "GET /jquery-ui-1.11.1/images/ui-icons_222222_256x240.png HTTP/1.1" 200 7006 "http://imgame1.cf.ac.uk/jquery-ui-1.11.1/jquery-ui.min.css" "Mozilla/5.0 (Windows NT 5.1) AppleWebKit/537.36 (KHTML, like Gecko) Chrome/37.0.2062.103 Safari/537.36"
218.106.182.181 - - [19/Jul/2016:11:50:42 +0100] "GET /images/tabNumberOne.gif HTTP/1.1" 200 402 "http://imgame1.cf.ac.uk/css/basic.css" "Mozilla/5.0 (Windows NT 5.1) AppleWebKit/537.36 (KHTML, like Gecko) Chrome/37.0.2062.103 Safari/537.36"
218.106.182.181 - - [19/Jul/2016:11:50:42 +0100] "GET /images/tabStatusYourTurn.png HTTP/1.1" 200 324 "http://imgame1.cf.ac.uk/css/basic.css" "Mozilla/5.0 (Windows NT 5.1) AppleWebKit/537.36 (KHTML, like Gecko) Chrome/37.0.2062.103 Safari/537.36"
218.106.182.181 - - [19/Jul/2016:11:50:42 +0100] "GET /images/tabNumberTwo.gif HTTP/1.1" 200 691 "http://imgame1.cf.ac.uk/css/basic.css" "Mozilla/5.0 (Windows NT 5.1) AppleWebKit/537.36 (KHTML, like Gecko) Chrome/37.0.2062.103 Safari/537.36"
218.106.182.181 - - [19/Jul/2016:11:50:42 +0100] "GET /images/tabStatusWaiting.png HTTP/1.1" 200 330 "http://imgame1.cf.ac.uk/css/basic.css" "Mozilla/5.0 (Windows NT 5.1) AppleWebKit/537.36 (KHTML, like Gecko) Chrome/37.0.2062.103 Safari/537.36"
218.106.182.181 - - [19/Jul/2016:11:50:42 +0100] "GET /images/tabNumberThree.gif HTTP/1.1" 200 689 "http://imgame1.cf.ac.uk/css/basic.css" "Mozilla/5.0 (Windows NT 5.1) AppleWebKit/537.36 (KHTML, like Gecko) Chrome/37.0.2062.103 Safari/537.36"
218.106.182.181 - - [19/Jul/2016:11:50:43 +0100] "POST /webServices/step1/getStep1Parameters.php HTTP/1.1" 200 424 "http://imgame1.cf.ac.uk/index.php" "Mozilla/5.0 (Windows NT 5.1) AppleWebKit/537.36 (KHTML, like Gecko) Chrome/37.0.2062.103 Safari/537.36"
218.106.182.64 - - [19/Jul/2016:11:50:46 +0100] "GET / HTTP/1.1" 200 4027 "-" "Mozilla/5.0 (Windows NT 5.1) AppleWebKit/537.36 (KHTML, like Gecko) Chrome/37.0.2062.103 Safari/537.36"
218.106.182.64 - - [19/Jul/2016:11:50:46 +0100] "GET /jquery-themes/imgame.min.css HTTP/1.1" 200 30735 "http://imgame1.cf.ac.uk/" "Mozilla/5.0 (Windows NT 5.1) AppleWebKit/537.36 (KHTML, like Gecko) Chrome/37.0.2062.103 Safari/537.36"
218.106.182.64 - - [19/Jul/2016:11:50:46 +0100] "GET /jquery-mobile/jquery.mobile.overrides.js HTTP/1.1" 200 355 "http://imgame1.cf.ac.uk/" "Mozilla/5.0 (Windows NT 5.1) AppleWebKit/537.36 (KHTML, like Gecko) Chrome/37.0.2062.103 Safari/537.36"
218.106.182.64 - - [19/Jul/2016:11:50:46 +0100] "GET /jquery-mobile/page.modifiers.js HTTP/1.1" 200 527 "http://imgame1.cf.ac.uk/" "Mozilla/5.0 (Windows NT 5.1) AppleWebKit/537.36 (KHTML, like Gecko) Chrome/37.0.2062.103 Safari/537.36"
218.106.182.64 - - [19/Jul/2016:11:50:46 +0100] "GET /jquery-validation/additional-methods.min.js HTTP/1.1" 200 16415 "http://imgame1.cf.ac.uk/" "Mozilla/5.0 (Windows NT 5.1) AppleWebKit/537.36 (KHTML, like Gecko) Chrome/37.0.2062.103 Safari/537.36"
218.106.182.64 - - [19/Jul/2016:11:50:46 +0100] "GET /jquery-mobile/jquery.mobile.icons-1.4.5.min.css HTTP/1.1" 200 127053 "http://imgame1.cf.ac.uk/" "Mozilla/5.0 (Windows NT 5.1) AppleWebKit/537.36 (KHTML, like Gecko) Chrome/37.0.2062.103 Safari/537.36"
218.106.182.64 - - [19/Jul/2016:11:50:46 +0100] "GET /jquery-mobile/jquery.mobile.structure-1.4.5.min.css HTTP/1.1" 200 68712 "http://imgame1.cf.ac.uk/" "Mozilla/5.0 (Windows NT 5.1) AppleWebKit/537.36 (KHTML, like Gecko) Chrome/37.0.2062.103 Safari/537.36"
218.106.182.64 - - [19/Jul/2016:11:50:46 +0100] "GET /jquery-validation/jquery.validate.min.js HTTP/1.1" 200 21584 "http://imgame1.cf.ac.uk/" "Mozilla/5.0 (Windows NT 5.1) AppleWebKit/537.36 (KHTML, like Gecko) Chrome/37.0.2062.103 Safari/537.36"
218.106.182.64 - - [19/Jul/2016:11:50:47 +0100] "GET /js/global/loginRegister.js HTTP/1.1" 200 328 "http://imgame1.cf.ac.uk/" "Mozilla/5.0 (Windows NT 5.1) AppleWebKit/537.36 (KHTML, like Gecko) Chrome/37.0.2062.103 Safari/537.36"
218.106.182.64 - - [19/Jul/2016:11:50:46 +0100] "GET /jquery/jquery-2.1.3.min.js HTTP/1.1" 200 84320 "http://imgame1.cf.ac.uk/" "Mozilla/5.0 (Windows NT 5.1) AppleWebKit/537.36 (KHTML, like Gecko) Chrome/37.0.2062.103 Safari/537.36"
218.106.182.64 - - [19/Jul/2016:11:50:47 +0100] "GET /mobile-css/1024.css HTTP/1.1" 200 346 "http://imgame1.cf.ac.uk/" "Mozilla/5.0 (Windows NT 5.1) AppleWebKit/537.36 (KHTML, like Gecko) Chrome/37.0.2062.103 Safari/537.36"
218.106.182.64 - - [19/Jul/2016:11:50:46 +0100] "GET /jquery-mobile/jquery.mobile-1.4.5.min.js HTTP/1.1" 200 200143 "http://imgame1.cf.ac.uk/" "Mozilla/5.0 (Windows NT 5.1) AppleWebKit/537.36 (KHTML, like Gecko) Chrome/37.0.2062.103 Safari/537.36"
218.106.182.64 - - [19/Jul/2016:11:50:47 +0100] "GET /jquery-themes/images/ajax-loader.gif HTTP/1.1" 200 6242 "http://imgame1.cf.ac.uk/jquery-themes/imgame.min.css" "Mozilla/5.0 (Windows NT 5.1) AppleWebKit/537.36 (KHTML, like Gecko) Chrome/37.0.2062.103 Safari/537.36"
218.106.182.64 - - [19/Jul/2016:11:50:48 +0100] "GET /favicon.ico HTTP/1.1" 200 1150 "-" "Mozilla/5.0 (Windows NT 5.1) AppleWebKit/537.36 (KHTML, like Gecko) Chrome/37.0.2062.103 Safari/537.36"
::1 - - [19/Jul/2016:11:50:57 +0100] "OPTIONS * HTTP/1.0" 200 - "-" "Apache (internal dummy connection)"
::1 - - [19/Jul/2016:11:51:00 +0100] "OPTIONS * HTTP/1.0" 200 - "-" "Apache (internal dummy connection)"
::1 - - [19/Jul/2016:11:51:01 +0100] "OPTIONS * HTTP/1.0" 200 - "-" "Apache (internal dummy connection)"
218.106.182.117 - - [19/Jul/2016:11:51:01 +0100] "GET / HTTP/1.1" 200 4027 "-" "Mozilla/5.0 (Windows NT 5.1) AppleWebKit/537.36 (KHTML, like Gecko) Chrome/37.0.2062.103 Safari/537.36"
218.106.182.117 - - [19/Jul/2016:11:51:02 +0100] "GET /jquery-mobile/jquery.mobile.overrides.js HTTP/1.1" 200 355 "http://imgame1.cf.ac.uk/" "Mozilla/5.0 (Windows NT 5.1) AppleWebKit/537.36 (KHTML, like Gecko) Chrome/37.0.2062.103 Safari/537.36"
218.106.182.117 - - [19/Jul/2016:11:51:01 +0100] "GET /jquery-themes/imgame.min.css HTTP/1.1" 200 30735 "http://imgame1.cf.ac.uk/" "Mozilla/5.0 (Windows NT 5.1) AppleWebKit/537.36 (KHTML, like Gecko) Chrome/37.0.2062.103 Safari/537.36"
218.106.182.117 - - [19/Jul/2016:11:51:02 +0100] "GET /jquery-mobile/page.modifiers.js HTTP/1.1" 200 527 "http://imgame1.cf.ac.uk/" "Mozilla/5.0 (Windows NT 5.1) AppleWebKit/537.36 (KHTML, like Gecko) Chrome/37.0.2062.103 Safari/537.36"
218.106.182.117 - - [19/Jul/2016:11:51:02 +0100] "GET /jquery-validation/jquery.validate.min.js HTTP/1.1" 200 21584 "http://imgame1.cf.ac.uk/" "Mozilla/5.0 (Windows NT 5.1) AppleWebKit/537.36 (KHTML, like Gecko) Chrome/37.0.2062.103 Safari/537.36"
218.106.182.117 - - [19/Jul/2016:11:51:02 +0100] "GET /jquery-mobile/jquery.mobile.structure-1.4.5.min.css HTTP/1.1" 200 68712 "http://imgame1.cf.ac.uk/" "Mozilla/5.0 (Windows NT 5.1) AppleWebKit/537.36 (KHTML, like Gecko) Chrome/37.0.2062.103 Safari/537.36"
218.106.182.117 - - [19/Jul/2016:11:51:02 +0100] "GET /jquery-validation/additional-methods.min.js HTTP/1.1" 200 16415 "http://imgame1.cf.ac.uk/" "Mozilla/5.0 (Windows NT 5.1) AppleWebKit/537.36 (KHTML, like Gecko) Chrome/37.0.2062.103 Safari/537.36"
218.106.182.117 - - [19/Jul/2016:11:51:01 +0100] "GET /jquery-mobile/jquery.mobile.icons-1.4.5.min.css HTTP/1.1" 200 127053 "http://imgame1.cf.ac.uk/" "Mozilla/5.0 (Windows NT 5.1) AppleWebKit/537.36 (KHTML, like Gecko) Chrome/37.0.2062.103 Safari/537.36"
218.106.182.117 - - [19/Jul/2016:11:51:02 +0100] "GET /jquery/jquery-2.1.3.min.js HTTP/1.1" 200 84320 "http://imgame1.cf.ac.uk/" "Mozilla/5.0 (Windows NT 5.1) AppleWebKit/537.36 (KHTML, like Gecko) Chrome/37.0.2062.103 Safari/537.36"
218.106.182.117 - - [19/Jul/2016:11:51:02 +0100] "GET /js/global/loginRegister.js HTTP/1.1" 200 328 "http://imgame1.cf.ac.uk/" "Mozilla/5.0 (Windows NT 5.1) AppleWebKit/537.36 (KHTML, like Gecko) Chrome/37.0.2062.103 Safari/537.36"
218.106.182.181 - - [19/Jul/2016:11:51:02 +0100] "GET /images/previousQuestionsNonPretender.gif HTTP/1.1" 200 1002 "http://imgame1.cf.ac.uk/css/basic.css" "Mozilla/5.0 (Windows NT 5.1) AppleWebKit/537.36 (KHTML, like Gecko) Chrome/37.0.2062.103 Safari/537.36"
218.106.182.117 - - [19/Jul/2016:11:51:02 +0100] "GET /mobile-css/1024.css HTTP/1.1" 200 346 "http://imgame1.cf.ac.uk/" "Mozilla/5.0 (Windows NT 5.1) AppleWebKit/537.36 (KHTML, like Gecko) Chrome/37.0.2062.103 Safari/537.36"
218.106.182.117 - - [19/Jul/2016:11:51:02 +0100] "GET /jquery-mobile/jquery.mobile-1.4.5.min.js HTTP/1.1" 200 200143 "http://imgame1.cf.ac.uk/" "Mozilla/5.0 (Windows NT 5.1) AppleWebKit/537.36 (KHTML, like Gecko) Chrome/37.0.2062.103 Safari/537.36"
218.106.182.117 - - [19/Jul/2016:11:51:04 +0100] "GET /jquery-themes/images/ajax-loader.gif HTTP/1.1" 200 6242 "http://imgame1.cf.ac.uk/jquery-themes/imgame.min.css" "Mozilla/5.0 (Windows NT 5.1) AppleWebKit/537.36 (KHTML, like Gecko) Chrome/37.0.2062.103 Safari/537.36"
::1 - - [19/Jul/2016:11:51:04 +0100] "OPTIONS * HTTP/1.0" 200 - "-" "Apache (internal dummy connection)"
218.106.182.117 - - [19/Jul/2016:11:51:04 +0100] "GET /favicon.ico HTTP/1.1" 200 1150 "-" "Mozilla/5.0 (Windows NT 5.1) AppleWebKit/537.36 (KHTML, like Gecko) Chrome/37.0.2062.103 Safari/537.36"
218.106.182.63 - - [19/Jul/2016:11:51:05 +0100] "POST /index.php HTTP/1.1" 200 4084 "http://imgame1.cf.ac.uk/" "Mozilla/5.0 (Windows NT 5.1) AppleWebKit/537.36 (KHTML, like Gecko) Chrome/37.0.2062.103 Safari/537.36"
10.239.32.89 - - [19/Jul/2016:11:51:05 +0100] "POST /index.php HTTP/1.1" 200 4083 "-" "-"
::1 - - [19/Jul/2016:11:51:05 +0100] "OPTIONS * HTTP/1.0" 200 - "-" "Apache (internal dummy connection)"
218.106.182.181 - - [19/Jul/2016:11:51:05 +0100] "GET /images/previousQuestionsPretender.gif HTTP/1.1" 200 1000 "http://imgame1.cf.ac.uk/css/basic.css" "Mozilla/5.0 (Windows NT 5.1) AppleWebKit/537.36 (KHTML, like Gecko) Chrome/37.0.2062.103 Safari/537.36"
218.106.182.122 - - [19/Jul/2016:11:51:14 +0100] "POST /index.php HTTP/1.1" 200 4084 "http://imgame1.cf.ac.uk/index.php" "Mozilla/5.0 (Windows NT 5.1) AppleWebKit/537.36 (KHTML, like Gecko) Chrome/37.0.2062.103 Safari/537.36"
10.239.32.89 - - [19/Jul/2016:11:51:14 +0100] "POST /index.php HTTP/1.1" 200 4083 "-" "-"
::1 - - [19/Jul/2016:11:51:19 +0100] "OPTIONS * HTTP/1.0" 200 - "-" "Apache (internal dummy connection)"
::1 - - [19/Jul/2016:11:51:20 +0100] "OPTIONS * HTTP/1.0" 200 - "-" "Apache (internal dummy connection)"
218.106.182.64 - - [19/Jul/2016:11:51:21 +0100] "POST /index.php HTTP/1.1" 200 12629 "http://imgame1.cf.ac.uk/" "Mozilla/5.0 (Windows NT 5.1) AppleWebKit/537.36 (KHTML, like Gecko) Chrome/37.0.2062.103 Safari/537.36"
10.239.32.89 - - [19/Jul/2016:11:51:21 +0100] "POST /index.php HTTP/1.1" 200 12628 "-" "-"
::1 - - [19/Jul/2016:11:51:21 +0100] "OPTIONS * HTTP/1.0" 200 - "-" "Apache (internal dummy connection)"
218.106.182.64 - - [19/Jul/2016:11:51:21 +0100] "GET /css/481-1023.css HTTP/1.1" 200 1716 "http://imgame1.cf.ac.uk/index.php" "Mozilla/5.0 (Windows NT 5.1) AppleWebKit/537.36 (KHTML, like Gecko) Chrome/37.0.2062.103 Safari/537.36"
218.106.182.64 - - [19/Jul/2016:11:51:21 +0100] "GET /js/wsockets/igrtwebsocket.js HTTP/1.1" 200 1076 "http://imgame1.cf.ac.uk/index.php" "Mozilla/5.0 (Windows NT 5.1) AppleWebKit/537.36 (KHTML, like Gecko) Chrome/37.0.2062.103 Safari/537.36"
218.106.182.64 - - [19/Jul/2016:11:51:21 +0100] "GET /css/0-479.css HTTP/1.1" 200 1290 "http://imgame1.cf.ac.uk/index.php" "Mozilla/5.0 (Windows NT 5.1) AppleWebKit/537.36 (KHTML, like Gecko) Chrome/37.0.2062.103 Safari/537.36"
218.106.182.64 - - [19/Jul/2016:11:51:21 +0100] "GET /jquery-ui-1.11.1/jquery-ui.min.css HTTP/1.1" 200 30163 "http://imgame1.cf.ac.uk/index.php" "Mozilla/5.0 (Windows NT 5.1) AppleWebKit/537.36 (KHTML, like Gecko) Chrome/37.0.2062.103 Safari/537.36"
218.106.182.64 - - [19/Jul/2016:11:51:21 +0100] "GET /css/480.css HTTP/1.1" 200 1750 "http://imgame1.cf.ac.uk/index.php" "Mozilla/5.0 (Windows NT 5.1) AppleWebKit/537.36 (KHTML, like Gecko) Chrome/37.0.2062.103 Safari/537.36"
218.106.182.64 - - [19/Jul/2016:11:51:21 +0100] "GET /css/basic.css HTTP/1.1" 200 56434 "http://imgame1.cf.ac.uk/index.php" "Mozilla/5.0 (Windows NT 5.1) AppleWebKit/537.36 (KHTML, like Gecko) Chrome/37.0.2062.103 Safari/537.36"
218.106.182.64 - - [19/Jul/2016:11:51:22 +0100] "GET /css/1024.css HTTP/1.1" 200 1308 "http://imgame1.cf.ac.uk/index.php" "Mozilla/5.0 (Windows NT 5.1) AppleWebKit/537.36 (KHTML, like Gecko) Chrome/37.0.2062.103 Safari/537.36"
218.106.182.64 - - [19/Jul/2016:11:51:21 +0100] "GET /js/wsockets/step1expt_ws.js HTTP/1.1" 200 72368 "http://imgame1.cf.ac.uk/index.php" "Mozilla/5.0 (Windows NT 5.1) AppleWebKit/537.36 (KHTML, like Gecko) Chrome/37.0.2062.103 Safari/537.36"
218.106.182.64 - - [19/Jul/2016:11:51:21 +0100] "GET /jquery-ui-1.11.1/jquery-ui.min.js HTTP/1.1" 200 238314 "http://imgame1.cf.ac.uk/index.php" "Mozilla/5.0 (Windows NT 5.1) AppleWebKit/537.36 (KHTML, like Gecko) Chrome/37.0.2062.103 Safari/537.36"
218.106.182.64 - - [19/Jul/2016:11:51:24 +0100] "GET /jquery-ui-1.11.1/images/ui-icons_222222_256x240.png HTTP/1.1" 200 7006 "http://imgame1.cf.ac.uk/jquery-ui-1.11.1/jquery-ui.min.css" "Mozilla/5.0 (Windows NT 5.1) AppleWebKit/537.36 (KHTML, like Gecko) Chrome/37.0.2062.103 Safari/537.36"
218.106.182.64 - - [19/Jul/2016:11:51:24 +0100] "GET /images/tabNumberOne.gif HTTP/1.1" 200 402 "http://imgame1.cf.ac.uk/css/basic.css" "Mozilla/5.0 (Windows NT 5.1) AppleWebKit/537.36 (KHTML, like Gecko) Chrome/37.0.2062.103 Safari/537.36"
218.106.182.64 - - [19/Jul/2016:11:51:24 +0100] "GET /images/tabStatusYourTurn.png HTTP/1.1" 200 324 "http://imgame1.cf.ac.uk/css/basic.css" "Mozilla/5.0 (Windows NT 5.1) AppleWebKit/537.36 (KHTML, like Gecko) Chrome/37.0.2062.103 Safari/537.36"
218.106.182.64 - - [19/Jul/2016:11:51:24 +0100] "GET /images/tabNumberTwo.gif HTTP/1.1" 200 691 "http://imgame1.cf.ac.uk/css/basic.css" "Mozilla/5.0 (Windows NT 5.1) AppleWebKit/537.36 (KHTML, like Gecko) Chrome/37.0.2062.103 Safari/537.36"
218.106.182.64 - - [19/Jul/2016:11:51:24 +0100] "GET /images/tabStatusWaiting.png HTTP/1.1" 200 330 "http://imgame1.cf.ac.uk/css/basic.css" "Mozilla/5.0 (Windows NT 5.1) AppleWebKit/537.36 (KHTML, like Gecko) Chrome/37.0.2062.103 Safari/537.36"
218.106.182.64 - - [19/Jul/2016:11:51:24 +0100] "GET /images/tabNumberThree.gif HTTP/1.1" 200 689 "http://imgame1.cf.ac.uk/css/basic.css" "Mozilla/5.0 (Windows NT 5.1) AppleWebKit/537.36 (KHTML, like Gecko) Chrome/37.0.2062.103 Safari/537.36"
218.106.182.64 - - [19/Jul/2016:11:51:24 +0100] "POST /webServices/step1/getStep1Parameters.php HTTP/1.1" 200 424 "http://imgame1.cf.ac.uk/index.php" "Mozilla/5.0 (Windows NT 5.1) AppleWebKit/537.36 (KHTML, like Gecko) Chrome/37.0.2062.103 Safari/537.36"
218.107.132.198 - - [19/Jul/2016:11:51:36 +0100] "POST /index.php HTTP/1.1" 200 4084 "http://imgame1.cf.ac.uk/" "Mozilla/5.0 (Windows NT 5.1) AppleWebKit/537.36 (KHTML, like Gecko) Chrome/37.0.2062.103 Safari/537.36"
10.239.32.89 - - [19/Jul/2016:11:51:36 +0100] "POST /index.php HTTP/1.1" 200 4083 "-" "-"
::1 - - [19/Jul/2016:11:51:42 +0100] "OPTIONS * HTTP/1.0" 200 - "-" "Apache (internal dummy connection)"
218.106.182.6 - - [19/Jul/2016:11:51:48 +0100] "POST /index.php HTTP/1.1" 200 12629 "http://imgame1.cf.ac.uk/" "Mozilla/5.0 (Windows NT 5.1) AppleWebKit/537.36 (KHTML, like Gecko) Chrome/37.0.2062.103 Safari/537.36"
10.239.32.89 - - [19/Jul/2016:11:51:48 +0100] "POST /index.php HTTP/1.1" 200 12628 "-" "-"
218.106.182.6 - - [19/Jul/2016:11:51:49 +0100] "POST /webServices/step1/getStep1Parameters.php HTTP/1.1" 200 424 "http://imgame1.cf.ac.uk/index.php" "Mozilla/5.0 (Windows NT 5.1) AppleWebKit/537.36 (KHTML, like Gecko) Chrome/37.0.2062.103 Safari/537.36"
::1 - - [19/Jul/2016:11:51:52 +0100] "OPTIONS * HTTP/1.0" 200 - "-" "Apache (internal dummy connection)"
::1 - - [19/Jul/2016:11:51:54 +0100] "OPTIONS * HTTP/1.0" 200 - "-" "Apache (internal dummy connection)"
::1 - - [19/Jul/2016:11:52:02 +0100] "OPTIONS * HTTP/1.0" 200 - "-" "Apache (internal dummy connection)"
218.107.132.198 - - [19/Jul/2016:11:52:05 +0100] "POST /index.php HTTP/1.1" 200 12629 "http://imgame1.cf.ac.uk/index.php" "Mozilla/5.0 (Windows NT 5.1) AppleWebKit/537.36 (KHTML, like Gecko) Chrome/37.0.2062.103 Safari/537.36"
10.239.32.89 - - [19/Jul/2016:11:52:05 +0100] "POST /index.php HTTP/1.1" 200 12628 "-" "-"
218.107.132.198 - - [19/Jul/2016:11:52:06 +0100] "GET /css/0-479.css HTTP/1.1" 200 1290 "http://imgame1.cf.ac.uk/index.php" "Mozilla/5.0 (Windows NT 5.1) AppleWebKit/537.36 (KHTML, like Gecko) Chrome/37.0.2062.103 Safari/537.36"
218.107.132.198 - - [19/Jul/2016:11:52:06 +0100] "GET /css/481-1023.css HTTP/1.1" 200 1716 "http://imgame1.cf.ac.uk/index.php" "Mozilla/5.0 (Windows NT 5.1) AppleWebKit/537.36 (KHTML, like Gecko) Chrome/37.0.2062.103 Safari/537.36"
218.107.132.198 - - [19/Jul/2016:11:52:06 +0100] "GET /js/wsockets/igrtwebsocket.js HTTP/1.1" 200 1076 "http://imgame1.cf.ac.uk/index.php" "Mozilla/5.0 (Windows NT 5.1) AppleWebKit/537.36 (KHTML, like Gecko) Chrome/37.0.2062.103 Safari/537.36"
218.107.132.198 - - [19/Jul/2016:11:52:06 +0100] "GET /css/480.css HTTP/1.1" 200 1750 "http://imgame1.cf.ac.uk/index.php" "Mozilla/5.0 (Windows NT 5.1) AppleWebKit/537.36 (KHTML, like Gecko) Chrome/37.0.2062.103 Safari/537.36"
218.107.132.198 - - [19/Jul/2016:11:52:06 +0100] "GET /jquery-ui-1.11.1/jquery-ui.min.css HTTP/1.1" 200 30163 "http://imgame1.cf.ac.uk/index.php" "Mozilla/5.0 (Windows NT 5.1) AppleWebKit/537.36 (KHTML, like Gecko) Chrome/37.0.2062.103 Safari/537.36"
218.107.132.198 - - [19/Jul/2016:11:52:06 +0100] "GET /css/1024.css HTTP/1.1" 200 1308 "http://imgame1.cf.ac.uk/index.php" "Mozilla/5.0 (Windows NT 5.1) AppleWebKit/537.36 (KHTML, like Gecko) Chrome/37.0.2062.103 Safari/537.36"
218.107.132.198 - - [19/Jul/2016:11:52:06 +0100] "GET /css/basic.css HTTP/1.1" 200 56434 "http://imgame1.cf.ac.uk/index.php" "Mozilla/5.0 (Windows NT 5.1) AppleWebKit/537.36 (KHTML, like Gecko) Chrome/37.0.2062.103 Safari/537.36"
218.107.132.198 - - [19/Jul/2016:11:52:06 +0100] "GET /js/wsockets/step1expt_ws.js HTTP/1.1" 200 72368 "http://imgame1.cf.ac.uk/index.php" "Mozilla/5.0 (Windows NT 5.1) AppleWebKit/537.36 (KHTML, like Gecko) Chrome/37.0.2062.103 Safari/537.36"
218.107.132.198 - - [19/Jul/2016:11:52:06 +0100] "GET /jquery-ui-1.11.1/jquery-ui.min.js HTTP/1.1" 200 238314 "http://imgame1.cf.ac.uk/index.php" "Mozilla/5.0 (Windows NT 5.1) AppleWebKit/537.36 (KHTML, like Gecko) Chrome/37.0.2062.103 Safari/537.36"
218.107.132.198 - - [19/Jul/2016:11:52:08 +0100] "GET /jquery-ui-1.11.1/images/ui-icons_222222_256x240.png HTTP/1.1" 200 7006 "http://imgame1.cf.ac.uk/jquery-ui-1.11.1/jquery-ui.min.css" "Mozilla/5.0 (Windows NT 5.1) AppleWebKit/537.36 (KHTML, like Gecko) Chrome/37.0.2062.103 Safari/537.36"
218.107.132.198 - - [19/Jul/2016:11:52:08 +0100] "GET /images/tabNumberOne.gif HTTP/1.1" 200 402 "http://imgame1.cf.ac.uk/css/basic.css" "Mozilla/5.0 (Windows NT 5.1) AppleWebKit/537.36 (KHTML, like Gecko) Chrome/37.0.2062.103 Safari/537.36"
218.107.132.198 - - [19/Jul/2016:11:52:08 +0100] "GET /images/tabStatusYourTurn.png HTTP/1.1" 200 324 "http://imgame1.cf.ac.uk/css/basic.css" "Mozilla/5.0 (Windows NT 5.1) AppleWebKit/537.36 (KHTML, like Gecko) Chrome/37.0.2062.103 Safari/537.36"
218.107.132.198 - - [19/Jul/2016:11:52:08 +0100] "GET /images/tabNumberTwo.gif HTTP/1.1" 200 691 "http://imgame1.cf.ac.uk/css/basic.css" "Mozilla/5.0 (Windows NT 5.1) AppleWebKit/537.36 (KHTML, like Gecko) Chrome/37.0.2062.103 Safari/537.36"
218.107.132.198 - - [19/Jul/2016:11:52:08 +0100] "GET /images/tabNumberThree.gif HTTP/1.1" 200 689 "http://imgame1.cf.ac.uk/css/basic.css" "Mozilla/5.0 (Windows NT 5.1) AppleWebKit/537.36 (KHTML, like Gecko) Chrome/37.0.2062.103 Safari/537.36"
218.107.132.198 - - [19/Jul/2016:11:52:08 +0100] "GET /images/tabStatusWaiting.png HTTP/1.1" 200 330 "http://imgame1.cf.ac.uk/css/basic.css" "Mozilla/5.0 (Windows NT 5.1) AppleWebKit/537.36 (KHTML, like Gecko) Chrome/37.0.2062.103 Safari/537.36"
218.107.132.198 - - [19/Jul/2016:11:52:08 +0100] "POST /webServices/step1/getStep1Parameters.php HTTP/1.1" 200 424 "http://imgame1.cf.ac.uk/index.php" "Mozilla/5.0 (Windows NT 5.1) AppleWebKit/537.36 (KHTML, like Gecko) Chrome/37.0.2062.103 Safari/537.36"
218.106.182.122 - - [19/Jul/2016:11:52:12 +0100] "POST /index.php HTTP/1.1" 200 12629 "http://imgame1.cf.ac.uk/index.php" "Mozilla/5.0 (Windows NT 5.1) AppleWebKit/537.36 (KHTML, like Gecko) Chrome/37.0.2062.103 Safari/537.36"
10.239.32.89 - - [19/Jul/2016:11:52:13 +0100] "POST /index.php HTTP/1.1" 200 12628 "-" "-"
218.106.182.122 - - [19/Jul/2016:11:52:13 +0100] "GET /css/1024.css HTTP/1.1" 200 1308 "http://imgame1.cf.ac.uk/index.php" "Mozilla/5.0 (Windows NT 5.1) AppleWebKit/537.36 (KHTML, like Gecko) Chrome/37.0.2062.103 Safari/537.36"
218.106.182.122 - - [19/Jul/2016:11:52:13 +0100] "GET /css/basic.css HTTP/1.1" 200 56434 "http://imgame1.cf.ac.uk/index.php" "Mozilla/5.0 (Windows NT 5.1) AppleWebKit/537.36 (KHTML, like Gecko) Chrome/37.0.2062.103 Safari/537.36"
218.106.182.122 - - [19/Jul/2016:11:52:13 +0100] "GET /js/wsockets/igrtwebsocket.js HTTP/1.1" 200 1076 "http://imgame1.cf.ac.uk/index.php" "Mozilla/5.0 (Windows NT 5.1) AppleWebKit/537.36 (KHTML, like Gecko) Chrome/37.0.2062.103 Safari/537.36"
218.106.182.122 - - [19/Jul/2016:11:52:13 +0100] "GET /css/0-479.css HTTP/1.1" 200 1290 "http://imgame1.cf.ac.uk/index.php" "Mozilla/5.0 (Windows NT 5.1) AppleWebKit/537.36 (KHTML, like Gecko) Chrome/37.0.2062.103 Safari/537.36"
218.106.182.122 - - [19/Jul/2016:11:52:13 +0100] "GET /jquery-ui-1.11.1/jquery-ui.min.css HTTP/1.1" 200 30163 "http://imgame1.cf.ac.uk/index.php" "Mozilla/5.0 (Windows NT 5.1) AppleWebKit/537.36 (KHTML, like Gecko) Chrome/37.0.2062.103 Safari/537.36"
218.106.182.122 - - [19/Jul/2016:11:52:13 +0100] "GET /css/480.css HTTP/1.1" 200 1750 "http://imgame1.cf.ac.uk/index.php" "Mozilla/5.0 (Windows NT 5.1) AppleWebKit/537.36 (KHTML, like Gecko) Chrome/37.0.2062.103 Safari/537.36"
218.106.182.122 - - [19/Jul/2016:11:52:13 +0100] "GET /css/481-1023.css HTTP/1.1" 200 1716 "http://imgame1.cf.ac.uk/index.php" "Mozilla/5.0 (Windows NT 5.1) AppleWebKit/537.36 (KHTML, like Gecko) Chrome/37.0.2062.103 Safari/537.36"
218.106.182.122 - - [19/Jul/2016:11:52:13 +0100] "GET /js/wsockets/step1expt_ws.js HTTP/1.1" 200 72368 "http://imgame1.cf.ac.uk/index.php" "Mozilla/5.0 (Windows NT 5.1) AppleWebKit/537.36 (KHTML, like Gecko) Chrome/37.0.2062.103 Safari/537.36"
218.106.182.122 - - [19/Jul/2016:11:52:13 +0100] "GET /jquery-ui-1.11.1/jquery-ui.min.js HTTP/1.1" 200 238314 "http://imgame1.cf.ac.uk/index.php" "Mozilla/5.0 (Windows NT 5.1) AppleWebKit/537.36 (KHTML, like Gecko) Chrome/37.0.2062.103 Safari/537.36"
218.106.182.168 - - [19/Jul/2016:11:52:18 +0100] "POST /index.php HTTP/1.1" 200 4084 "http://imgame1.cf.ac.uk/" "Mozilla/5.0 (Windows NT 5.1) AppleWebKit/537.36 (KHTML, like Gecko) Chrome/37.0.2062.103 Safari/537.36"
10.239.32.89 - - [19/Jul/2016:11:52:18 +0100] "POST /index.php HTTP/1.1" 200 4083 "-" "-"
218.107.132.233 - - [19/Jul/2016:11:52:18 +0100] "GET / HTTP/1.1" 200 4027 "-" "Mozilla/5.0 (Windows NT 5.1) AppleWebKit/537.36 (KHTML, like Gecko) Chrome/37.0.2062.103 Safari/537.36"
218.107.132.233 - - [19/Jul/2016:11:52:18 +0100] "GET /jquery-themes/imgame.min.css HTTP/1.1" 200 30735 "http://imgame1.cf.ac.uk/" "Mozilla/5.0 (Windows NT 5.1) AppleWebKit/537.36 (KHTML, like Gecko) Chrome/37.0.2062.103 Safari/537.36"
218.107.132.233 - - [19/Jul/2016:11:52:19 +0100] "GET /jquery-mobile/jquery.mobile.overrides.js HTTP/1.1" 200 355 "http://imgame1.cf.ac.uk/" "Mozilla/5.0 (Windows NT 5.1) AppleWebKit/537.36 (KHTML, like Gecko) Chrome/37.0.2062.103 Safari/537.36"
218.107.132.233 - - [19/Jul/2016:11:52:19 +0100] "GET /jquery-mobile/page.modifiers.js HTTP/1.1" 200 527 "http://imgame1.cf.ac.uk/" "Mozilla/5.0 (Windows NT 5.1) AppleWebKit/537.36 (KHTML, like Gecko) Chrome/37.0.2062.103 Safari/537.36"
218.106.182.122 - - [19/Jul/2016:11:52:19 +0100] "GET /jquery-ui-1.11.1/images/ui-icons_222222_256x240.png HTTP/1.1" 200 7006 "http://imgame1.cf.ac.uk/jquery-ui-1.11.1/jquery-ui.min.css" "Mozilla/5.0 (Windows NT 5.1) AppleWebKit/537.36 (KHTML, like Gecko) Chrome/37.0.2062.103 Safari/537.36"
218.106.182.122 - - [19/Jul/2016:11:52:19 +0100] "GET /images/tabNumberOne.gif HTTP/1.1" 200 402 "http://imgame1.cf.ac.uk/css/basic.css" "Mozilla/5.0 (Windows NT 5.1) AppleWebKit/537.36 (KHTML, like Gecko) Chrome/37.0.2062.103 Safari/537.36"
218.106.182.122 - - [19/Jul/2016:11:52:19 +0100] "GET /images/tabStatusYourTurn.png HTTP/1.1" 200 324 "http://imgame1.cf.ac.uk/css/basic.css" "Mozilla/5.0 (Windows NT 5.1) AppleWebKit/537.36 (KHTML, like Gecko) Chrome/37.0.2062.103 Safari/537.36"
218.106.182.122 - - [19/Jul/2016:11:52:19 +0100] "GET /images/tabNumberTwo.gif HTTP/1.1" 200 691 "http://imgame1.cf.ac.uk/css/basic.css" "Mozilla/5.0 (Windows NT 5.1) AppleWebKit/537.36 (KHTML, like Gecko) Chrome/37.0.2062.103 Safari/537.36"
218.106.182.122 - - [19/Jul/2016:11:52:19 +0100] "GET /images/tabStatusWaiting.png HTTP/1.1" 200 330 "http://imgame1.cf.ac.uk/css/basic.css" "Mozilla/5.0 (Windows NT 5.1) AppleWebKit/537.36 (KHTML, like Gecko) Chrome/37.0.2062.103 Safari/537.36"
218.107.132.233 - - [19/Jul/2016:11:52:19 +0100] "GET /jquery-validation/additional-methods.min.js HTTP/1.1" 200 16415 "http://imgame1.cf.ac.uk/" "Mozilla/5.0 (Windows NT 5.1) AppleWebKit/537.36 (KHTML, like Gecko) Chrome/37.0.2062.103 Safari/537.36"
218.107.132.233 - - [19/Jul/2016:11:52:18 +0100] "GET /jquery-mobile/jquery.mobile.icons-1.4.5.min.css HTTP/1.1" 200 127053 "http://imgame1.cf.ac.uk/" "Mozilla/5.0 (Windows NT 5.1) AppleWebKit/537.36 (KHTML, like Gecko) Chrome/37.0.2062.103 Safari/537.36"
218.107.132.233 - - [19/Jul/2016:11:52:19 +0100] "GET /jquery-mobile/jquery.mobile.structure-1.4.5.min.css HTTP/1.1" 200 68712 "http://imgame1.cf.ac.uk/" "Mozilla/5.0 (Windows NT 5.1) AppleWebKit/537.36 (KHTML, like Gecko) Chrome/37.0.2062.103 Safari/537.36"
218.107.132.233 - - [19/Jul/2016:11:52:19 +0100] "GET /jquery-validation/jquery.validate.min.js HTTP/1.1" 200 21584 "http://imgame1.cf.ac.uk/" "Mozilla/5.0 (Windows NT 5.1) AppleWebKit/537.36 (KHTML, like Gecko) Chrome/37.0.2062.103 Safari/537.36"
218.107.132.233 - - [19/Jul/2016:11:52:19 +0100] "GET /jquery/jquery-2.1.3.min.js HTTP/1.1" 200 84320 "http://imgame1.cf.ac.uk/" "Mozilla/5.0 (Windows NT 5.1) AppleWebKit/537.36 (KHTML, like Gecko) Chrome/37.0.2062.103 Safari/537.36"
218.106.182.122 - - [19/Jul/2016:11:52:19 +0100] "GET /images/tabNumberThree.gif HTTP/1.1" 200 689 "http://imgame1.cf.ac.uk/css/basic.css" "Mozilla/5.0 (Windows NT 5.1) AppleWebKit/537.36 (KHTML, like Gecko) Chrome/37.0.2062.103 Safari/537.36"
218.107.132.233 - - [19/Jul/2016:11:52:19 +0100] "GET /js/global/loginRegister.js HTTP/1.1" 200 328 "http://imgame1.cf.ac.uk/" "Mozilla/5.0 (Windows NT 5.1) AppleWebKit/537.36 (KHTML, like Gecko) Chrome/37.0.2062.103 Safari/537.36"
218.107.132.233 - - [19/Jul/2016:11:52:19 +0100] "GET /mobile-css/1024.css HTTP/1.1" 200 346 "http://imgame1.cf.ac.uk/" "Mozilla/5.0 (Windows NT 5.1) AppleWebKit/537.36 (KHTML, like Gecko) Chrome/37.0.2062.103 Safari/537.36"
218.107.132.233 - - [19/Jul/2016:11:52:19 +0100] "GET /jquery-mobile/jquery.mobile-1.4.5.min.js HTTP/1.1" 200 200143 "http://imgame1.cf.ac.uk/" "Mozilla/5.0 (Windows NT 5.1) AppleWebKit/537.36 (KHTML, like Gecko) Chrome/37.0.2062.103 Safari/537.36"
218.107.132.233 - - [19/Jul/2016:11:52:21 +0100] "GET /jquery-themes/images/ajax-loader.gif HTTP/1.1" 200 6242 "http://imgame1.cf.ac.uk/jquery-themes/imgame.min.css" "Mozilla/5.0 (Windows NT 5.1) AppleWebKit/537.36 (KHTML, like Gecko) Chrome/37.0.2062.103 Safari/537.36"
218.107.132.233 - - [19/Jul/2016:11:52:21 +0100] "GET /favicon.ico HTTP/1.1" 200 1150 "-" "Mozilla/5.0 (Windows NT 5.1) AppleWebKit/537.36 (KHTML, like Gecko) Chrome/37.0.2062.103 Safari/537.36"
218.106.182.176 - - [19/Jul/2016:11:52:26 +0100] "POST /index.php HTTP/1.1" 200 12629 "http://imgame1.cf.ac.uk/" "Mozilla/5.0 (Windows NT 5.1) AppleWebKit/537.36 (KHTML, like Gecko) Chrome/37.0.2062.103 Safari/537.36"
10.239.32.89 - - [19/Jul/2016:11:52:26 +0100] "POST /index.php HTTP/1.1" 200 12628 "-" "-"
218.106.182.176 - - [19/Jul/2016:11:52:26 +0100] "GET /css/1024.css HTTP/1.1" 200 1308 "http://imgame1.cf.ac.uk/index.php" "Mozilla/5.0 (Windows NT 5.1) AppleWebKit/537.36 (KHTML, like Gecko) Chrome/37.0.2062.103 Safari/537.36"
218.106.182.176 - - [19/Jul/2016:11:52:26 +0100] "GET /css/basic.css HTTP/1.1" 200 56434 "http://imgame1.cf.ac.uk/index.php" "Mozilla/5.0 (Windows NT 5.1) AppleWebKit/537.36 (KHTML, like Gecko) Chrome/37.0.2062.103 Safari/537.36"
218.106.182.176 - - [19/Jul/2016:11:52:26 +0100] "GET /js/wsockets/igrtwebsocket.js HTTP/1.1" 200 1076 "http://imgame1.cf.ac.uk/index.php" "Mozilla/5.0 (Windows NT 5.1) AppleWebKit/537.36 (KHTML, like Gecko) Chrome/37.0.2062.103 Safari/537.36"
218.106.182.176 - - [19/Jul/2016:11:52:26 +0100] "GET /css/0-479.css HTTP/1.1" 200 1290 "http://imgame1.cf.ac.uk/index.php" "Mozilla/5.0 (Windows NT 5.1) AppleWebKit/537.36 (KHTML, like Gecko) Chrome/37.0.2062.103 Safari/537.36"
218.106.182.176 - - [19/Jul/2016:11:52:26 +0100] "GET /jquery-ui-1.11.1/jquery-ui.min.css HTTP/1.1" 200 30163 "http://imgame1.cf.ac.uk/index.php" "Mozilla/5.0 (Windows NT 5.1) AppleWebKit/537.36 (KHTML, like Gecko) Chrome/37.0.2062.103 Safari/537.36"
218.106.182.176 - - [19/Jul/2016:11:52:26 +0100] "GET /css/480.css HTTP/1.1" 200 1750 "http://imgame1.cf.ac.uk/index.php" "Mozilla/5.0 (Windows NT 5.1) AppleWebKit/537.36 (KHTML, like Gecko) Chrome/37.0.2062.103 Safari/537.36"
218.106.182.176 - - [19/Jul/2016:11:52:26 +0100] "GET /css/481-1023.css HTTP/1.1" 200 1716 "http://imgame1.cf.ac.uk/index.php" "Mozilla/5.0 (Windows NT 5.1) AppleWebKit/537.36 (KHTML, like Gecko) Chrome/37.0.2062.103 Safari/537.36"
218.106.182.176 - - [19/Jul/2016:11:52:26 +0100] "GET /js/wsockets/step1expt_ws.js HTTP/1.1" 200 72368 "http://imgame1.cf.ac.uk/index.php" "Mozilla/5.0 (Windows NT 5.1) AppleWebKit/537.36 (KHTML, like Gecko) Chrome/37.0.2062.103 Safari/537.36"
218.106.182.176 - - [19/Jul/2016:11:52:26 +0100] "GET /jquery-ui-1.11.1/jquery-ui.min.js HTTP/1.1" 200 238314 "http://imgame1.cf.ac.uk/index.php" "Mozilla/5.0 (Windows NT 5.1) AppleWebKit/537.36 (KHTML, like Gecko) Chrome/37.0.2062.103 Safari/537.36"
218.106.182.176 - - [19/Jul/2016:11:52:28 +0100] "GET /jquery-ui-1.11.1/images/ui-icons_222222_256x240.png HTTP/1.1" 200 7006 "http://imgame1.cf.ac.uk/jquery-ui-1.11.1/jquery-ui.min.css" "Mozilla/5.0 (Windows NT 5.1) AppleWebKit/537.36 (KHTML, like Gecko) Chrome/37.0.2062.103 Safari/537.36"
218.106.182.176 - - [19/Jul/2016:11:52:28 +0100] "GET /images/tabNumberOne.gif HTTP/1.1" 200 402 "http://imgame1.cf.ac.uk/css/basic.css" "Mozilla/5.0 (Windows NT 5.1) AppleWebKit/537.36 (KHTML, like Gecko) Chrome/37.0.2062.103 Safari/537.36"
